
==========================================================================
floorplan final report_tns
--------------------------------------------------------------------------
tns max -20908.03

==========================================================================
floorplan final report_wns
--------------------------------------------------------------------------
wns max -80.84

==========================================================================
floorplan final report_worst_slack
--------------------------------------------------------------------------
worst slack max -80.84

==========================================================================
floorplan final report_clock_min_period
--------------------------------------------------------------------------
clk period_min = 580.84 fmax = 1721.65

==========================================================================
floorplan final report_checks -path_delay min
--------------------------------------------------------------------------
Startpoint: dqnr_doe$_DFFE_PP_ (rising edge-triggered flip-flop clocked by clk)
Endpoint: rle.ddstrb$_DFF_P_ (rising edge-triggered flip-flop clocked by clk)
Path Group: clk
Path Type: min

Fanout     Cap    Slew   Delay    Time   Description
-----------------------------------------------------------------------------
                  0.00    0.00    0.00   clock clk (rise edge)
                          0.00    0.00   clock network delay (ideal)
                  0.00    0.00    0.00 ^ dqnr_doe$_DFFE_PP_/CLK (DFFHQNx1_ASAP7_75t_SL)
     1    0.57   10.71   23.52   23.52 ^ dqnr_doe$_DFFE_PP_/QN (DFFHQNx1_ASAP7_75t_SL)
                                         _004206_ (net)
                 10.71    0.00   23.52 ^ _067338_/A (INVx1_ASAP7_75t_SL)
     2    1.03    7.55    4.71   28.22 v _067338_/Y (INVx1_ASAP7_75t_SL)
                                         dc_diff_doe (net)
                  7.55    0.00   28.22 v rle.ddstrb$_DFF_P_/D (DFFHQNx1_ASAP7_75t_SL)
                                 28.22   data arrival time

                  0.00    0.00    0.00   clock clk (rise edge)
                          0.00    0.00   clock network delay (ideal)
                          0.00    0.00   clock reconvergence pessimism
                                  0.00 ^ rle.ddstrb$_DFF_P_/CLK (DFFHQNx1_ASAP7_75t_SL)
                          6.84    6.84   library hold time
                                  6.84   data required time
-----------------------------------------------------------------------------
                                  6.84   data required time
                                -28.22   data arrival time
-----------------------------------------------------------------------------
                                 21.38   slack (MET)



==========================================================================
floorplan final report_checks -path_delay max
--------------------------------------------------------------------------
Startpoint: fdct_zigzag.dct_mod.ddin[8]$_DFFE_PN0P_
            (rising edge-triggered flip-flop clocked by clk)
Endpoint: fdct_zigzag.dct_mod.dct_block_4.dct_unit_4.macu.mult_res[16]$_DFFE_PP_
          (rising edge-triggered flip-flop clocked by clk)
Path Group: clk
Path Type: max

Fanout     Cap    Slew   Delay    Time   Description
-----------------------------------------------------------------------------
                  0.00    0.00    0.00   clock clk (rise edge)
                          0.00    0.00   clock network delay (ideal)
                  0.00    0.00    0.00 ^ fdct_zigzag.dct_mod.ddin[8]$_DFFE_PN0P_/CLK (DFFASRHQNx1_ASAP7_75t_SL)
    30   69.19  342.54  173.45  173.45 ^ fdct_zigzag.dct_mod.ddin[8]$_DFFE_PN0P_/QN (DFFASRHQNx1_ASAP7_75t_SL)
                                         _004262_ (net)
                342.54    0.00  173.45 ^ _061205_/A (BUFx2_ASAP7_75t_SL)
     5    5.69   26.51   22.92  196.37 ^ _061205_/Y (BUFx2_ASAP7_75t_SL)
                                         _029984_ (net)
                 26.51    0.00  196.37 ^ _061206_/A (INVx3_ASAP7_75t_SL)
     6    6.17   15.32    8.34  204.71 v _061206_/Y (INVx3_ASAP7_75t_SL)
                                         _029985_ (net)
                 15.32    0.00  204.71 v _061232_/A (BUFx6f_ASAP7_75t_SL)
    10   10.92   11.46   14.16  218.87 v _061232_/Y (BUFx6f_ASAP7_75t_SL)
                                         _029998_ (net)
                 11.46    0.00  218.87 v _061233_/A (BUFx6f_ASAP7_75t_SL)
    10    7.29    8.75   12.05  230.92 v _061233_/Y (BUFx6f_ASAP7_75t_SL)
                                         _029999_ (net)
                  8.75    0.00  230.92 v _064034_/A2 (AO21x1_ASAP7_75t_SL)
     2    2.22   12.84   13.86  244.78 v _064034_/Y (AO21x1_ASAP7_75t_SL)
                                         _021020_ (net)
                 12.84    0.00  244.78 v _110870_/B (HAxp5_ASAP7_75t_SL)
     5   11.25   99.12   95.24  340.02 v _110870_/SN (HAxp5_ASAP7_75t_SL)
                                         _058787_ (net)
                 99.12    0.00  340.02 v _107765_/A (FAx1_ASAP7_75t_SL)
     1    0.74   44.05   29.98  370.01 v _107765_/SN (FAx1_ASAP7_75t_SL)
                                         _021056_ (net)
                 44.05    0.00  370.01 v _101632_/A (INVx1_ASAP7_75t_SL)
     1    2.32   22.64   13.81  383.82 ^ _101632_/Y (INVx1_ASAP7_75t_SL)
                                         _011622_ (net)
                 22.64    0.00  383.82 ^ _107767_/A (FAx1_ASAP7_75t_SL)
     1    0.74   26.17   21.12  404.94 v _107767_/SN (FAx1_ASAP7_75t_SL)
                                         _021058_ (net)
                 26.17    0.00  404.94 v _101639_/A (INVx1_ASAP7_75t_SL)
     1    2.32   18.07   11.26  416.20 ^ _101639_/Y (INVx1_ASAP7_75t_SL)
                                         _011625_ (net)
                 18.07    0.00  416.20 ^ _107768_/A (FAx1_ASAP7_75t_SL)
     1    1.20   29.44   24.60  440.81 v _107768_/SN (FAx1_ASAP7_75t_SL)
                                         _060673_ (net)
                 29.44    0.00  440.81 v _110878_/A (HAxp5_ASAP7_75t_SL)
     4    4.78   45.82   50.55  491.36 v _110878_/SN (HAxp5_ASAP7_75t_SL)
                                         _021060_ (net)
                 45.82    0.00  491.36 v _083602_/B (NOR2x1_ASAP7_75t_SL)
     2    1.37   19.67   10.34  501.70 ^ _083602_/Y (NOR2x1_ASAP7_75t_SL)
                                         _043712_ (net)
                 19.67    0.00  501.70 ^ _083603_/C (AND3x1_ASAP7_75t_SL)
     1    0.68    8.11   12.31  514.01 ^ _083603_/Y (AND3x1_ASAP7_75t_SL)
                                         _043713_ (net)
                  8.11    0.00  514.01 ^ _083607_/A1 (AO21x1_ASAP7_75t_SL)
     2    1.81   11.90   11.61  525.62 ^ _083607_/Y (AO21x1_ASAP7_75t_SL)
                                         _043717_ (net)
                 11.90    0.00  525.62 ^ _083621_/A1 (AO21x2_ASAP7_75t_SL)
     3    3.08   11.38   13.58  539.20 ^ _083621_/Y (AO21x2_ASAP7_75t_SL)
                                         _043729_ (net)
                 11.38    0.00  539.20 ^ _083635_/A1 (AO21x1_ASAP7_75t_SL)
     1    1.13    8.96   10.18  549.38 ^ _083635_/Y (AO21x1_ASAP7_75t_SL)
                                         _043741_ (net)
                  8.96    0.00  549.38 ^ _083636_/B (XNOR2x2_ASAP7_75t_SL)
     1    0.68    7.84   17.16  566.54 v _083636_/Y (XNOR2x2_ASAP7_75t_SL)
                                         _043742_ (net)
                  7.84    0.00  566.54 v _083638_/A1 (AO21x1_ASAP7_75t_SL)
     1    0.69    6.59   10.96  577.50 v _083638_/Y (AO21x1_ASAP7_75t_SL)
                                         _027229_ (net)
                  6.59    0.00  577.50 v fdct_zigzag.dct_mod.dct_block_4.dct_unit_4.macu.mult_res[16]$_DFFE_PP_/D (DFFHQNx1_ASAP7_75t_SL)
                                577.50   data arrival time

                  0.00  500.00  500.00   clock clk (rise edge)
                          0.00  500.00   clock network delay (ideal)
                          0.00  500.00   clock reconvergence pessimism
                                500.00 ^ fdct_zigzag.dct_mod.dct_block_4.dct_unit_4.macu.mult_res[16]$_DFFE_PP_/CLK (DFFHQNx1_ASAP7_75t_SL)
                         -3.33  496.67   library setup time
                                496.67   data required time
-----------------------------------------------------------------------------
                                496.67   data required time
                               -577.50   data arrival time
-----------------------------------------------------------------------------
                                -80.84   slack (VIOLATED)



==========================================================================
floorplan final report_checks -unconstrained
--------------------------------------------------------------------------
Startpoint: fdct_zigzag.dct_mod.ddin[8]$_DFFE_PN0P_
            (rising edge-triggered flip-flop clocked by clk)
Endpoint: fdct_zigzag.dct_mod.dct_block_4.dct_unit_4.macu.mult_res[16]$_DFFE_PP_
          (rising edge-triggered flip-flop clocked by clk)
Path Group: clk
Path Type: max

Fanout     Cap    Slew   Delay    Time   Description
-----------------------------------------------------------------------------
                  0.00    0.00    0.00   clock clk (rise edge)
                          0.00    0.00   clock network delay (ideal)
                  0.00    0.00    0.00 ^ fdct_zigzag.dct_mod.ddin[8]$_DFFE_PN0P_/CLK (DFFASRHQNx1_ASAP7_75t_SL)
    30   69.19  342.54  173.45  173.45 ^ fdct_zigzag.dct_mod.ddin[8]$_DFFE_PN0P_/QN (DFFASRHQNx1_ASAP7_75t_SL)
                                         _004262_ (net)
                342.54    0.00  173.45 ^ _061205_/A (BUFx2_ASAP7_75t_SL)
     5    5.69   26.51   22.92  196.37 ^ _061205_/Y (BUFx2_ASAP7_75t_SL)
                                         _029984_ (net)
                 26.51    0.00  196.37 ^ _061206_/A (INVx3_ASAP7_75t_SL)
     6    6.17   15.32    8.34  204.71 v _061206_/Y (INVx3_ASAP7_75t_SL)
                                         _029985_ (net)
                 15.32    0.00  204.71 v _061232_/A (BUFx6f_ASAP7_75t_SL)
    10   10.92   11.46   14.16  218.87 v _061232_/Y (BUFx6f_ASAP7_75t_SL)
                                         _029998_ (net)
                 11.46    0.00  218.87 v _061233_/A (BUFx6f_ASAP7_75t_SL)
    10    7.29    8.75   12.05  230.92 v _061233_/Y (BUFx6f_ASAP7_75t_SL)
                                         _029999_ (net)
                  8.75    0.00  230.92 v _064034_/A2 (AO21x1_ASAP7_75t_SL)
     2    2.22   12.84   13.86  244.78 v _064034_/Y (AO21x1_ASAP7_75t_SL)
                                         _021020_ (net)
                 12.84    0.00  244.78 v _110870_/B (HAxp5_ASAP7_75t_SL)
     5   11.25   99.12   95.24  340.02 v _110870_/SN (HAxp5_ASAP7_75t_SL)
                                         _058787_ (net)
                 99.12    0.00  340.02 v _107765_/A (FAx1_ASAP7_75t_SL)
     1    0.74   44.05   29.98  370.01 v _107765_/SN (FAx1_ASAP7_75t_SL)
                                         _021056_ (net)
                 44.05    0.00  370.01 v _101632_/A (INVx1_ASAP7_75t_SL)
     1    2.32   22.64   13.81  383.82 ^ _101632_/Y (INVx1_ASAP7_75t_SL)
                                         _011622_ (net)
                 22.64    0.00  383.82 ^ _107767_/A (FAx1_ASAP7_75t_SL)
     1    0.74   26.17   21.12  404.94 v _107767_/SN (FAx1_ASAP7_75t_SL)
                                         _021058_ (net)
                 26.17    0.00  404.94 v _101639_/A (INVx1_ASAP7_75t_SL)
     1    2.32   18.07   11.26  416.20 ^ _101639_/Y (INVx1_ASAP7_75t_SL)
                                         _011625_ (net)
                 18.07    0.00  416.20 ^ _107768_/A (FAx1_ASAP7_75t_SL)
     1    1.20   29.44   24.60  440.81 v _107768_/SN (FAx1_ASAP7_75t_SL)
                                         _060673_ (net)
                 29.44    0.00  440.81 v _110878_/A (HAxp5_ASAP7_75t_SL)
     4    4.78   45.82   50.55  491.36 v _110878_/SN (HAxp5_ASAP7_75t_SL)
                                         _021060_ (net)
                 45.82    0.00  491.36 v _083602_/B (NOR2x1_ASAP7_75t_SL)
     2    1.37   19.67   10.34  501.70 ^ _083602_/Y (NOR2x1_ASAP7_75t_SL)
                                         _043712_ (net)
                 19.67    0.00  501.70 ^ _083603_/C (AND3x1_ASAP7_75t_SL)
     1    0.68    8.11   12.31  514.01 ^ _083603_/Y (AND3x1_ASAP7_75t_SL)
                                         _043713_ (net)
                  8.11    0.00  514.01 ^ _083607_/A1 (AO21x1_ASAP7_75t_SL)
     2    1.81   11.90   11.61  525.62 ^ _083607_/Y (AO21x1_ASAP7_75t_SL)
                                         _043717_ (net)
                 11.90    0.00  525.62 ^ _083621_/A1 (AO21x2_ASAP7_75t_SL)
     3    3.08   11.38   13.58  539.20 ^ _083621_/Y (AO21x2_ASAP7_75t_SL)
                                         _043729_ (net)
                 11.38    0.00  539.20 ^ _083635_/A1 (AO21x1_ASAP7_75t_SL)
     1    1.13    8.96   10.18  549.38 ^ _083635_/Y (AO21x1_ASAP7_75t_SL)
                                         _043741_ (net)
                  8.96    0.00  549.38 ^ _083636_/B (XNOR2x2_ASAP7_75t_SL)
     1    0.68    7.84   17.16  566.54 v _083636_/Y (XNOR2x2_ASAP7_75t_SL)
                                         _043742_ (net)
                  7.84    0.00  566.54 v _083638_/A1 (AO21x1_ASAP7_75t_SL)
     1    0.69    6.59   10.96  577.50 v _083638_/Y (AO21x1_ASAP7_75t_SL)
                                         _027229_ (net)
                  6.59    0.00  577.50 v fdct_zigzag.dct_mod.dct_block_4.dct_unit_4.macu.mult_res[16]$_DFFE_PP_/D (DFFHQNx1_ASAP7_75t_SL)
                                577.50   data arrival time

                  0.00  500.00  500.00   clock clk (rise edge)
                          0.00  500.00   clock network delay (ideal)
                          0.00  500.00   clock reconvergence pessimism
                                500.00 ^ fdct_zigzag.dct_mod.dct_block_4.dct_unit_4.macu.mult_res[16]$_DFFE_PP_/CLK (DFFHQNx1_ASAP7_75t_SL)
                         -3.33  496.67   library setup time
                                496.67   data required time
-----------------------------------------------------------------------------
                                496.67   data required time
                               -577.50   data arrival time
-----------------------------------------------------------------------------
                                -80.84   slack (VIOLATED)



==========================================================================
floorplan final report_power
--------------------------------------------------------------------------
Group                  Internal  Switching    Leakage      Total
                          Power      Power      Power      Power (Watts)
----------------------------------------------------------------
Sequential             2.86e-02   3.58e-03   6.30e-05   3.22e-02  17.1%
Combinational          8.69e-02   6.91e-02   2.14e-04   1.56e-01  82.9%
Clock                  0.00e+00   0.00e+00   0.00e+00   0.00e+00   0.0%
Macro                  0.00e+00   0.00e+00   0.00e+00   0.00e+00   0.0%
Pad                    0.00e+00   0.00e+00   0.00e+00   0.00e+00   0.0%
----------------------------------------------------------------
Total                  1.16e-01   7.26e-02   2.77e-04   1.88e-01 100.0%
                          61.3%      38.6%       0.1%
