
==========================================================================
global place report_tns
--------------------------------------------------------------------------
tns max -5.62

==========================================================================
global place report_wns
--------------------------------------------------------------------------
wns max -5.62

==========================================================================
global place report_worst_slack
--------------------------------------------------------------------------
worst slack max -5.62

==========================================================================
global place report_clock_min_period
--------------------------------------------------------------------------
clk period_min = 505.62 fmax = 1977.78

==========================================================================
global place report_checks -path_delay min
--------------------------------------------------------------------------
Startpoint: dqnr_doe$_DFFE_PP_ (rising edge-triggered flip-flop clocked by clk)
Endpoint: rle.ddstrb$_DFF_P_ (rising edge-triggered flip-flop clocked by clk)
Path Group: clk
Path Type: min

Fanout     Cap    Slew   Delay    Time   Description
-----------------------------------------------------------------------------
                  0.00    0.00    0.00   clock clk (rise edge)
                          0.00    0.00   clock network delay (ideal)
                  0.00    0.00    0.00 ^ dqnr_doe$_DFFE_PP_/CLK (DFFHQNx1_ASAP7_75t_SL)
     1    0.63   10.77   23.68   23.68 ^ dqnr_doe$_DFFE_PP_/QN (DFFHQNx1_ASAP7_75t_SL)
                                         _004206_ (net)
                 10.77    0.02   23.70 ^ _067338_/A (INVx1_ASAP7_75t_SL)
     2    1.22    8.21    5.15   28.86 v _067338_/Y (INVx1_ASAP7_75t_SL)
                                         dc_diff_doe (net)
                  8.21    0.06   28.91 v rle.ddstrb$_DFF_P_/D (DFFHQNx1_ASAP7_75t_SL)
                                 28.91   data arrival time

                  0.00    0.00    0.00   clock clk (rise edge)
                          0.00    0.00   clock network delay (ideal)
                          0.00    0.00   clock reconvergence pessimism
                                  0.00 ^ rle.ddstrb$_DFF_P_/CLK (DFFHQNx1_ASAP7_75t_SL)
                          6.87    6.87   library hold time
                                  6.87   data required time
-----------------------------------------------------------------------------
                                  6.87   data required time
                                -28.91   data arrival time
-----------------------------------------------------------------------------
                                 22.04   slack (MET)



==========================================================================
global place report_checks -path_delay max
--------------------------------------------------------------------------
Startpoint: fdct_zigzag.dct_mod.ddin[1]$_DFFE_PN0P_
            (rising edge-triggered flip-flop clocked by clk)
Endpoint: fdct_zigzag.dct_mod.dct_block_0.dct_unit_5.macu.mult_res[18]$_DFFE_PP_
          (rising edge-triggered flip-flop clocked by clk)
Path Group: clk
Path Type: max

Fanout     Cap    Slew   Delay    Time   Description
-----------------------------------------------------------------------------
                  0.00    0.00    0.00   clock clk (rise edge)
                          0.00    0.00   clock network delay (ideal)
                  0.00    0.00    0.00 ^ fdct_zigzag.dct_mod.ddin[1]$_DFFE_PN0P_/CLK (DFFASRHQNx1_ASAP7_75t_SL)
     2    2.47   20.26   31.32   31.32 ^ fdct_zigzag.dct_mod.ddin[1]$_DFFE_PN0P_/QN (DFFASRHQNx1_ASAP7_75t_SL)
                                         _020198_ (net)
                 20.27    0.12   31.45 ^ place4578/A (BUFx6f_ASAP7_75t_SL)
     4   10.30   12.93   12.41   43.86 ^ place4578/Y (BUFx6f_ASAP7_75t_SL)
                                         net4577 (net)
                 17.40    3.86   47.71 ^ place4575/A (BUFx6f_ASAP7_75t_SL)
    23   37.31   32.60   12.50   60.21 ^ place4575/Y (BUFx6f_ASAP7_75t_SL)
                                         net4574 (net)
                108.67   33.57   93.78 ^ place4574/A (BUFx3_ASAP7_75t_SL)
    16   22.10   43.38   28.91  122.69 ^ place4574/Y (BUFx3_ASAP7_75t_SL)
                                         net4573 (net)
                 43.62    1.87  124.56 ^ _063008_/B (NOR2x1_ASAP7_75t_SL)
     3    3.72   38.33   15.61  140.17 v _063008_/Y (NOR2x1_ASAP7_75t_SL)
                                         _018270_ (net)
                 38.33    0.15  140.33 v _110686_/B (HAxp5_ASAP7_75t_SL)
     2    3.50   48.12   42.18  182.51 v _110686_/SN (HAxp5_ASAP7_75t_SL)
                                         _010591_ (net)
                 48.12    0.18  182.69 v _069172_/A (INVx1_ASAP7_75t_SL)
     4    7.57   47.11   27.49  210.17 ^ _069172_/Y (INVx1_ASAP7_75t_SL)
                                         _010606_ (net)
                 47.12    0.44  210.61 ^ _107349_/CI (FAx1_ASAP7_75t_SL)
     4    6.37   93.40   75.80  286.41 v _107349_/SN (FAx1_ASAP7_75t_SL)
                                         _010632_ (net)
                 93.41    0.27  286.68 v _102111_/A (INVx1_ASAP7_75t_SL)
     2    3.77   40.25   24.04  310.72 ^ _102111_/Y (INVx1_ASAP7_75t_SL)
                                         _010629_ (net)
                 40.25    0.14  310.85 ^ _107357_/CI (FAx1_ASAP7_75t_SL)
     1    2.64   42.15   42.58  353.43 v _107357_/SN (FAx1_ASAP7_75t_SL)
                                         _058568_ (net)
                 42.16    0.14  353.57 v _107358_/B (FAx1_ASAP7_75t_SL)
     1    1.33   41.36   21.45  375.02 ^ _107358_/CON (FAx1_ASAP7_75t_SL)
                                         _060518_ (net)
     1    1.16   38.07    9.69  384.71 v _107358_/SN (FAx1_ASAP7_75t_SL)
                                         _060517_ (net)
                 38.07    0.04  384.75 v _110696_/B (HAxp5_ASAP7_75t_SL)
     4    4.03   54.73   46.32  431.08 v _110696_/SN (HAxp5_ASAP7_75t_SL)
                                         _020399_ (net)
                 54.73    0.11  431.18 v _071284_/A (NOR2x1_ASAP7_75t_SL)
     2    2.06   22.68   10.28  441.46 ^ _071284_/Y (NOR2x1_ASAP7_75t_SL)
                                         _032837_ (net)
                 22.68    0.04  441.51 ^ _071287_/B1 (AO221x1_ASAP7_75t_SL)
     1    1.16   10.74   16.66  458.17 ^ _071287_/Y (AO221x1_ASAP7_75t_SL)
                                         _032840_ (net)
                 10.74    0.05  458.22 ^ _071288_/B (AO31x2_ASAP7_75t_SL)
     1    1.19    7.83   14.72  472.93 ^ _071288_/Y (AO31x2_ASAP7_75t_SL)
                                         _032841_ (net)
                  7.83    0.04  472.98 ^ _071289_/B (XNOR2x2_ASAP7_75t_SL)
     1    1.29    7.53   17.86  490.83 v _071289_/Y (XNOR2x2_ASAP7_75t_SL)
                                         _032842_ (net)
                  7.53    0.05  490.88 v _071291_/A2 (OAI21x1_ASAP7_75t_SL)
     1    0.73   41.36    5.81  496.69 ^ _071291_/Y (OAI21x1_ASAP7_75t_SL)
                                         _025784_ (net)
                 41.36    0.02  496.71 ^ fdct_zigzag.dct_mod.dct_block_0.dct_unit_5.macu.mult_res[18]$_DFFE_PP_/D (DFFHQNx1_ASAP7_75t_SL)
                                496.71   data arrival time

                  0.00  500.00  500.00   clock clk (rise edge)
                          0.00  500.00   clock network delay (ideal)
                          0.00  500.00   clock reconvergence pessimism
                                500.00 ^ fdct_zigzag.dct_mod.dct_block_0.dct_unit_5.macu.mult_res[18]$_DFFE_PP_/CLK (DFFHQNx1_ASAP7_75t_SL)
                         -8.91  491.09   library setup time
                                491.09   data required time
-----------------------------------------------------------------------------
                                491.09   data required time
                               -496.71   data arrival time
-----------------------------------------------------------------------------
                                 -5.62   slack (VIOLATED)



==========================================================================
global place report_checks -unconstrained
--------------------------------------------------------------------------
Startpoint: fdct_zigzag.dct_mod.ddin[1]$_DFFE_PN0P_
            (rising edge-triggered flip-flop clocked by clk)
Endpoint: fdct_zigzag.dct_mod.dct_block_0.dct_unit_5.macu.mult_res[18]$_DFFE_PP_
          (rising edge-triggered flip-flop clocked by clk)
Path Group: clk
Path Type: max

Fanout     Cap    Slew   Delay    Time   Description
-----------------------------------------------------------------------------
                  0.00    0.00    0.00   clock clk (rise edge)
                          0.00    0.00   clock network delay (ideal)
                  0.00    0.00    0.00 ^ fdct_zigzag.dct_mod.ddin[1]$_DFFE_PN0P_/CLK (DFFASRHQNx1_ASAP7_75t_SL)
     2    2.47   20.26   31.32   31.32 ^ fdct_zigzag.dct_mod.ddin[1]$_DFFE_PN0P_/QN (DFFASRHQNx1_ASAP7_75t_SL)
                                         _020198_ (net)
                 20.27    0.12   31.45 ^ place4578/A (BUFx6f_ASAP7_75t_SL)
     4   10.30   12.93   12.41   43.86 ^ place4578/Y (BUFx6f_ASAP7_75t_SL)
                                         net4577 (net)
                 17.40    3.86   47.71 ^ place4575/A (BUFx6f_ASAP7_75t_SL)
    23   37.31   32.60   12.50   60.21 ^ place4575/Y (BUFx6f_ASAP7_75t_SL)
                                         net4574 (net)
                108.67   33.57   93.78 ^ place4574/A (BUFx3_ASAP7_75t_SL)
    16   22.10   43.38   28.91  122.69 ^ place4574/Y (BUFx3_ASAP7_75t_SL)
                                         net4573 (net)
                 43.62    1.87  124.56 ^ _063008_/B (NOR2x1_ASAP7_75t_SL)
     3    3.72   38.33   15.61  140.17 v _063008_/Y (NOR2x1_ASAP7_75t_SL)
                                         _018270_ (net)
                 38.33    0.15  140.33 v _110686_/B (HAxp5_ASAP7_75t_SL)
     2    3.50   48.12   42.18  182.51 v _110686_/SN (HAxp5_ASAP7_75t_SL)
                                         _010591_ (net)
                 48.12    0.18  182.69 v _069172_/A (INVx1_ASAP7_75t_SL)
     4    7.57   47.11   27.49  210.17 ^ _069172_/Y (INVx1_ASAP7_75t_SL)
                                         _010606_ (net)
                 47.12    0.44  210.61 ^ _107349_/CI (FAx1_ASAP7_75t_SL)
     4    6.37   93.40   75.80  286.41 v _107349_/SN (FAx1_ASAP7_75t_SL)
                                         _010632_ (net)
                 93.41    0.27  286.68 v _102111_/A (INVx1_ASAP7_75t_SL)
     2    3.77   40.25   24.04  310.72 ^ _102111_/Y (INVx1_ASAP7_75t_SL)
                                         _010629_ (net)
                 40.25    0.14  310.85 ^ _107357_/CI (FAx1_ASAP7_75t_SL)
     1    2.64   42.15   42.58  353.43 v _107357_/SN (FAx1_ASAP7_75t_SL)
                                         _058568_ (net)
                 42.16    0.14  353.57 v _107358_/B (FAx1_ASAP7_75t_SL)
     1    1.33   41.36   21.45  375.02 ^ _107358_/CON (FAx1_ASAP7_75t_SL)
                                         _060518_ (net)
     1    1.16   38.07    9.69  384.71 v _107358_/SN (FAx1_ASAP7_75t_SL)
                                         _060517_ (net)
                 38.07    0.04  384.75 v _110696_/B (HAxp5_ASAP7_75t_SL)
     4    4.03   54.73   46.32  431.08 v _110696_/SN (HAxp5_ASAP7_75t_SL)
                                         _020399_ (net)
                 54.73    0.11  431.18 v _071284_/A (NOR2x1_ASAP7_75t_SL)
     2    2.06   22.68   10.28  441.46 ^ _071284_/Y (NOR2x1_ASAP7_75t_SL)
                                         _032837_ (net)
                 22.68    0.04  441.51 ^ _071287_/B1 (AO221x1_ASAP7_75t_SL)
     1    1.16   10.74   16.66  458.17 ^ _071287_/Y (AO221x1_ASAP7_75t_SL)
                                         _032840_ (net)
                 10.74    0.05  458.22 ^ _071288_/B (AO31x2_ASAP7_75t_SL)
     1    1.19    7.83   14.72  472.93 ^ _071288_/Y (AO31x2_ASAP7_75t_SL)
                                         _032841_ (net)
                  7.83    0.04  472.98 ^ _071289_/B (XNOR2x2_ASAP7_75t_SL)
     1    1.29    7.53   17.86  490.83 v _071289_/Y (XNOR2x2_ASAP7_75t_SL)
                                         _032842_ (net)
                  7.53    0.05  490.88 v _071291_/A2 (OAI21x1_ASAP7_75t_SL)
     1    0.73   41.36    5.81  496.69 ^ _071291_/Y (OAI21x1_ASAP7_75t_SL)
                                         _025784_ (net)
                 41.36    0.02  496.71 ^ fdct_zigzag.dct_mod.dct_block_0.dct_unit_5.macu.mult_res[18]$_DFFE_PP_/D (DFFHQNx1_ASAP7_75t_SL)
                                496.71   data arrival time

                  0.00  500.00  500.00   clock clk (rise edge)
                          0.00  500.00   clock network delay (ideal)
                          0.00  500.00   clock reconvergence pessimism
                                500.00 ^ fdct_zigzag.dct_mod.dct_block_0.dct_unit_5.macu.mult_res[18]$_DFFE_PP_/CLK (DFFHQNx1_ASAP7_75t_SL)
                         -8.91  491.09   library setup time
                                491.09   data required time
-----------------------------------------------------------------------------
                                491.09   data required time
                               -496.71   data arrival time
-----------------------------------------------------------------------------
                                 -5.62   slack (VIOLATED)



==========================================================================
global place report_power
--------------------------------------------------------------------------
Group                  Internal  Switching    Leakage      Total
                          Power      Power      Power      Power (Watts)
----------------------------------------------------------------
Sequential             2.88e-02   4.88e-03   6.30e-05   3.38e-02  16.2%
Combinational          9.55e-02   7.88e-02   2.08e-04   1.75e-01  83.8%
Clock                  0.00e+00   0.00e+00   0.00e+00   0.00e+00   0.0%
Macro                  0.00e+00   0.00e+00   0.00e+00   0.00e+00   0.0%
Pad                    0.00e+00   0.00e+00   0.00e+00   0.00e+00   0.0%
----------------------------------------------------------------
Total                  1.24e-01   8.37e-02   2.71e-04   2.08e-01 100.0%
                          59.7%      40.2%       0.1%
