
==========================================================================
cts final report_tns
--------------------------------------------------------------------------
tns max 0.00

==========================================================================
cts final report_wns
--------------------------------------------------------------------------
wns max 0.00

==========================================================================
cts final report_worst_slack
--------------------------------------------------------------------------
worst slack max 0.87

==========================================================================
cts final report_clock_min_period
--------------------------------------------------------------------------
clk period_min = 499.13 fmax = 2003.48

==========================================================================
cts final report_clock_skew
--------------------------------------------------------------------------
Clock clk
 154.77 source latency fdct_zigzag.dct_mod.ddin[8]$_DFFE_PN0P_/CLK ^
-130.38 target latency fdct_zigzag.dct_mod.dct_block_5.dct_unit_4.macu.mult_res[18]$_DFFE_PP_/CLK ^
  -2.15 CRPR
--------------
  22.24 setup skew


==========================================================================
cts final report_checks -path_delay min
--------------------------------------------------------------------------
Startpoint: qnr.dep[6]$_DFFE_PN0P_
            (rising edge-triggered flip-flop clocked by clk)
Endpoint: qnr.dep[7]$_DFFE_PN0P_
          (rising edge-triggered flip-flop clocked by clk)
Path Group: clk
Path Type: min

Fanout     Cap    Slew   Delay    Time   Description
-----------------------------------------------------------------------------
                          0.00    0.00   clock clk (rise edge)
                          0.00    0.00   clock source latency
     1   16.04    0.00    0.00    0.00 ^ clk (in)
                                         clk (net)
                 99.03   31.24   31.24 ^ clkbuf_0_clk/A (BUFx24_ASAP7_75t_SL)
     4   26.93   19.36   23.71   54.95 ^ clkbuf_0_clk/Y (BUFx24_ASAP7_75t_SL)
                                         clknet_0_clk (net)
                 40.79   11.31   66.26 ^ clkbuf_2_3_0_clk/A (BUFx24_ASAP7_75t_SL)
     4   17.13   14.29   19.64   85.90 ^ clkbuf_2_3_0_clk/Y (BUFx24_ASAP7_75t_SL)
                                         clknet_2_3_0_clk (net)
                 20.11    4.75   90.65 ^ clkbuf_4_14__f_clk/A (BUFx24_ASAP7_75t_SL)
    13   45.58   23.83   20.47  111.13 ^ clkbuf_4_14__f_clk/Y (BUFx24_ASAP7_75t_SL)
                                         clknet_4_14__leaf_clk (net)
                 28.76    5.55  116.68 ^ clkbuf_leaf_96_clk/A (BUFx24_ASAP7_75t_SL)
    23   14.94   13.38   18.41  135.09 ^ clkbuf_leaf_96_clk/Y (BUFx24_ASAP7_75t_SL)
                                         clknet_leaf_96_clk (net)
                 13.66    0.97  136.06 ^ qnr.dep[6]$_DFFE_PN0P_/CLK (DFFASRHQNx1_ASAP7_75t_SL)
     1    0.64   11.52   28.15  164.22 ^ qnr.dep[6]$_DFFE_PN0P_/QN (DFFASRHQNx1_ASAP7_75t_SL)
                                         _000630_ (net)
                 11.52    0.02  164.24 ^ _096898_/A (INVx1_ASAP7_75t_SL)
     2    1.08    7.83    4.86  169.10 v _096898_/Y (INVx1_ASAP7_75t_SL)
                                         _054936_ (net)
                  7.83    0.03  169.14 v _096902_/A2 (AO21x1_ASAP7_75t_SL)
     1    0.67    5.58   10.26  179.40 v _096902_/Y (AO21x1_ASAP7_75t_SL)
                                         _029296_ (net)
                  5.58    0.02  179.42 v qnr.dep[7]$_DFFE_PN0P_/D (DFFASRHQNx1_ASAP7_75t_SL)
                                179.42   data arrival time

                          0.00    0.00   clock clk (rise edge)
                          0.00    0.00   clock source latency
     1   16.58    0.00    0.00    0.00 ^ clk (in)
                                         clk (net)
                104.84   33.07   33.07 ^ clkbuf_0_clk/A (BUFx24_ASAP7_75t_SL)
     4   29.09   19.97   24.02   57.10 ^ clkbuf_0_clk/Y (BUFx24_ASAP7_75t_SL)
                                         clknet_0_clk (net)
                 52.85   15.43   72.53 ^ clkbuf_2_2_0_clk/A (BUFx24_ASAP7_75t_SL)
     4   19.53   15.61   20.69   93.22 ^ clkbuf_2_2_0_clk/Y (BUFx24_ASAP7_75t_SL)
                                         clknet_2_2_0_clk (net)
                 22.84    5.50   98.72 ^ clkbuf_4_11__f_clk/A (BUFx24_ASAP7_75t_SL)
    15   62.48   29.53   21.97  120.69 ^ clkbuf_4_11__f_clk/Y (BUFx24_ASAP7_75t_SL)
                                         clknet_4_11__leaf_clk (net)
                 49.50   13.09  133.78 ^ clkbuf_leaf_124_clk/A (BUFx24_ASAP7_75t_SL)
    21   18.02   15.84   21.03  154.81 ^ clkbuf_leaf_124_clk/Y (BUFx24_ASAP7_75t_SL)
                                         clknet_leaf_124_clk (net)
                 15.86    0.36  155.17 ^ qnr.dep[7]$_DFFE_PN0P_/CLK (DFFASRHQNx1_ASAP7_75t_SL)
                         -2.15  153.02   clock reconvergence pessimism
                          9.23  162.25   library hold time
                                162.25   data required time
-----------------------------------------------------------------------------
                                162.25   data required time
                               -179.42   data arrival time
-----------------------------------------------------------------------------
                                 17.17   slack (MET)



==========================================================================
cts final report_checks -path_delay max
--------------------------------------------------------------------------
Startpoint: fdct_zigzag.dct_mod.ddin[1]$_DFFE_PN0P_
            (rising edge-triggered flip-flop clocked by clk)
Endpoint: fdct_zigzag.dct_mod.dct_block_6.dct_unit_3.macu.mult_res[18]$_DFFE_PP_
          (rising edge-triggered flip-flop clocked by clk)
Path Group: clk
Path Type: max

Fanout     Cap    Slew   Delay    Time   Description
-----------------------------------------------------------------------------
                          0.00    0.00   clock clk (rise edge)
                          0.00    0.00   clock source latency
     1   16.58    0.00    0.00    0.00 ^ clk (in)
                                         clk (net)
                104.84   33.07   33.07 ^ clkbuf_0_clk/A (BUFx24_ASAP7_75t_SL)
     4   29.09   19.97   24.02   57.10 ^ clkbuf_0_clk/Y (BUFx24_ASAP7_75t_SL)
                                         clknet_0_clk (net)
                 46.24   13.04   70.14 ^ clkbuf_2_1_0_clk/A (BUFx24_ASAP7_75t_SL)
     4   19.30   15.04   20.16   90.29 ^ clkbuf_2_1_0_clk/Y (BUFx24_ASAP7_75t_SL)
                                         clknet_2_1_0_clk (net)
                 20.48    4.51   94.80 ^ clkbuf_4_6__f_clk/A (BUFx24_ASAP7_75t_SL)
    12   43.23   23.22   19.81  114.61 ^ clkbuf_4_6__f_clk/Y (BUFx24_ASAP7_75t_SL)
                                         clknet_4_6__leaf_clk (net)
                 31.77    7.32  121.93 ^ clkbuf_leaf_22_clk/A (BUFx24_ASAP7_75t_SL)
    20   14.92   13.63   18.86  140.78 ^ clkbuf_leaf_22_clk/Y (BUFx24_ASAP7_75t_SL)
                                         clknet_leaf_22_clk (net)
                 13.65    0.38  141.17 ^ fdct_zigzag.dct_mod.ddin[1]$_DFFE_PN0P_/CLK (DFFASRHQNx1_ASAP7_75t_SL)
     2    2.53   20.55   33.73  174.90 ^ fdct_zigzag.dct_mod.ddin[1]$_DFFE_PN0P_/QN (DFFASRHQNx1_ASAP7_75t_SL)
                                         _020198_ (net)
                 20.56    0.13  175.02 ^ place4578/A (BUFx6f_ASAP7_75t_SL)
     4   10.34   12.96   12.46  187.48 ^ place4578/Y (BUFx6f_ASAP7_75t_SL)
                                         net4577 (net)
                 13.31    1.19  188.67 ^ place4570/A (BUFx6f_ASAP7_75t_SL)
    18   36.54   35.51   14.36  203.04 ^ place4570/Y (BUFx6f_ASAP7_75t_SL)
                                         net4569 (net)
                 81.30   24.52  227.56 ^ place4565/A (BUFx6f_ASAP7_75t_SL)
    32   45.75   47.61   23.43  250.98 ^ place4565/Y (BUFx6f_ASAP7_75t_SL)
                                         net4564 (net)
                 59.09   11.85  262.83 ^ _063809_/B (NOR2x1_ASAP7_75t_SL)
     2    2.46   27.23   13.30  276.13 v _063809_/Y (NOR2x1_ASAP7_75t_SL)
                                         _020089_ (net)
                 27.23    0.07  276.21 v _110610_/B (HAxp5_ASAP7_75t_SL)
     2    3.42   46.49   39.37  315.58 v _110610_/SN (HAxp5_ASAP7_75t_SL)
                                         _010222_ (net)
                 46.49    0.08  315.66 v _069146_/A (INVx1_ASAP7_75t_SL)
     4    8.11   49.23   28.38  344.04 ^ _069146_/Y (INVx1_ASAP7_75t_SL)
                                         _010238_ (net)
                 49.23    0.31  344.35 ^ _107201_/A (FAx1_ASAP7_75t_SL)
     4    6.40   93.64   72.70  417.06 v _107201_/SN (FAx1_ASAP7_75t_SL)
                                         _010280_ (net)
                 93.65    0.30  417.36 v _102263_/A (INVx1_ASAP7_75t_SL)
     2    3.80   40.50   24.18  441.54 ^ _102263_/Y (INVx1_ASAP7_75t_SL)
                                         _010278_ (net)
                 40.50    0.15  441.69 ^ _107209_/CI (FAx1_ASAP7_75t_SL)
     1    2.73   43.44   43.44  485.13 v _107209_/SN (FAx1_ASAP7_75t_SL)
                                         _058476_ (net)
                 43.44    0.19  485.32 v _107210_/B (FAx1_ASAP7_75t_SL)
     1    1.34   41.36   21.73  507.05 ^ _107210_/CON (FAx1_ASAP7_75t_SL)
                                         _060459_ (net)
     1    1.17   38.12    9.75  516.80 v _107210_/SN (FAx1_ASAP7_75t_SL)
                                         _060458_ (net)
                 38.12    0.04  516.84 v _110618_/B (HAxp5_ASAP7_75t_SL)
     4    4.09   55.40   46.74  563.58 v _110618_/SN (HAxp5_ASAP7_75t_SL)
                                         _020147_ (net)
                 55.40    0.12  563.70 v _089357_/A (NOR2x1_ASAP7_75t_SL)
     2    2.21   23.45   10.71  574.41 ^ _089357_/Y (NOR2x1_ASAP7_75t_SL)
                                         _048781_ (net)
                 23.45    0.10  574.51 ^ _089360_/B1 (AO221x1_ASAP7_75t_SL)
     1    1.13   10.62   16.68  591.19 ^ _089360_/Y (AO221x1_ASAP7_75t_SL)
                                         _048784_ (net)
                 10.62    0.04  591.23 ^ _089361_/B (AO31x2_ASAP7_75t_SL)
     1    1.19    7.82   14.69  605.92 ^ _089361_/Y (AO31x2_ASAP7_75t_SL)
                                         _048785_ (net)
                  7.82    0.04  605.96 ^ _089362_/B (XNOR2x2_ASAP7_75t_SL)
     1    1.26    7.49   17.83  623.79 v _089362_/Y (XNOR2x2_ASAP7_75t_SL)
                                         _048786_ (net)
                  7.49    0.05  623.83 v _089364_/A2 (OAI21x1_ASAP7_75t_SL)
     1    0.75   39.20    5.84  629.68 ^ _089364_/Y (OAI21x1_ASAP7_75t_SL)
                                         _027911_ (net)
                 39.20    0.03  629.70 ^ fdct_zigzag.dct_mod.dct_block_6.dct_unit_3.macu.mult_res[18]$_DFFE_PP_/D (DFFHQNx1_ASAP7_75t_SL)
                                629.70   data arrival time

                        500.00  500.00   clock clk (rise edge)
                          0.00  500.00   clock source latency
     1   16.04    0.00    0.00  500.00 ^ clk (in)
                                         clk (net)
                 99.03   31.24  531.24 ^ clkbuf_0_clk/A (BUFx24_ASAP7_75t_SL)
     4   26.93   19.36   23.71  554.95 ^ clkbuf_0_clk/Y (BUFx24_ASAP7_75t_SL)
                                         clknet_0_clk (net)
                 42.44   11.90  566.85 ^ clkbuf_2_1_0_clk/A (BUFx24_ASAP7_75t_SL)
     4   17.15   14.32   19.73  586.58 ^ clkbuf_2_1_0_clk/Y (BUFx24_ASAP7_75t_SL)
                                         clknet_2_1_0_clk (net)
                 18.66    3.96  590.55 ^ clkbuf_4_6__f_clk/A (BUFx24_ASAP7_75t_SL)
    12   36.77   20.64   18.99  609.54 ^ clkbuf_4_6__f_clk/Y (BUFx24_ASAP7_75t_SL)
                                         clknet_4_6__leaf_clk (net)
                 22.42    2.99  612.53 ^ clkbuf_leaf_59_clk/A (BUFx24_ASAP7_75t_SL)
    21   12.80   12.25   17.38  629.91 ^ clkbuf_leaf_59_clk/Y (BUFx24_ASAP7_75t_SL)
                                         clknet_leaf_59_clk (net)
                 12.59    1.17  631.07 ^ fdct_zigzag.dct_mod.dct_block_6.dct_unit_3.macu.mult_res[18]$_DFFE_PP_/CLK (DFFHQNx1_ASAP7_75t_SL)
                          5.07  636.15   clock reconvergence pessimism
                         -5.57  630.57   library setup time
                                630.57   data required time
-----------------------------------------------------------------------------
                                630.57   data required time
                               -629.70   data arrival time
-----------------------------------------------------------------------------
                                  0.87   slack (MET)



==========================================================================
cts final report_checks -unconstrained
--------------------------------------------------------------------------
Startpoint: fdct_zigzag.dct_mod.ddin[1]$_DFFE_PN0P_
            (rising edge-triggered flip-flop clocked by clk)
Endpoint: fdct_zigzag.dct_mod.dct_block_6.dct_unit_3.macu.mult_res[18]$_DFFE_PP_
          (rising edge-triggered flip-flop clocked by clk)
Path Group: clk
Path Type: max

Fanout     Cap    Slew   Delay    Time   Description
-----------------------------------------------------------------------------
                          0.00    0.00   clock clk (rise edge)
                          0.00    0.00   clock source latency
     1   16.58    0.00    0.00    0.00 ^ clk (in)
                                         clk (net)
                104.84   33.07   33.07 ^ clkbuf_0_clk/A (BUFx24_ASAP7_75t_SL)
     4   29.09   19.97   24.02   57.10 ^ clkbuf_0_clk/Y (BUFx24_ASAP7_75t_SL)
                                         clknet_0_clk (net)
                 46.24   13.04   70.14 ^ clkbuf_2_1_0_clk/A (BUFx24_ASAP7_75t_SL)
     4   19.30   15.04   20.16   90.29 ^ clkbuf_2_1_0_clk/Y (BUFx24_ASAP7_75t_SL)
                                         clknet_2_1_0_clk (net)
                 20.48    4.51   94.80 ^ clkbuf_4_6__f_clk/A (BUFx24_ASAP7_75t_SL)
    12   43.23   23.22   19.81  114.61 ^ clkbuf_4_6__f_clk/Y (BUFx24_ASAP7_75t_SL)
                                         clknet_4_6__leaf_clk (net)
                 31.77    7.32  121.93 ^ clkbuf_leaf_22_clk/A (BUFx24_ASAP7_75t_SL)
    20   14.92   13.63   18.86  140.78 ^ clkbuf_leaf_22_clk/Y (BUFx24_ASAP7_75t_SL)
                                         clknet_leaf_22_clk (net)
                 13.65    0.38  141.17 ^ fdct_zigzag.dct_mod.ddin[1]$_DFFE_PN0P_/CLK (DFFASRHQNx1_ASAP7_75t_SL)
     2    2.53   20.55   33.73  174.90 ^ fdct_zigzag.dct_mod.ddin[1]$_DFFE_PN0P_/QN (DFFASRHQNx1_ASAP7_75t_SL)
                                         _020198_ (net)
                 20.56    0.13  175.02 ^ place4578/A (BUFx6f_ASAP7_75t_SL)
     4   10.34   12.96   12.46  187.48 ^ place4578/Y (BUFx6f_ASAP7_75t_SL)
                                         net4577 (net)
                 13.31    1.19  188.67 ^ place4570/A (BUFx6f_ASAP7_75t_SL)
    18   36.54   35.51   14.36  203.04 ^ place4570/Y (BUFx6f_ASAP7_75t_SL)
                                         net4569 (net)
                 81.30   24.52  227.56 ^ place4565/A (BUFx6f_ASAP7_75t_SL)
    32   45.75   47.61   23.43  250.98 ^ place4565/Y (BUFx6f_ASAP7_75t_SL)
                                         net4564 (net)
                 59.09   11.85  262.83 ^ _063809_/B (NOR2x1_ASAP7_75t_SL)
     2    2.46   27.23   13.30  276.13 v _063809_/Y (NOR2x1_ASAP7_75t_SL)
                                         _020089_ (net)
                 27.23    0.07  276.21 v _110610_/B (HAxp5_ASAP7_75t_SL)
     2    3.42   46.49   39.37  315.58 v _110610_/SN (HAxp5_ASAP7_75t_SL)
                                         _010222_ (net)
                 46.49    0.08  315.66 v _069146_/A (INVx1_ASAP7_75t_SL)
     4    8.11   49.23   28.38  344.04 ^ _069146_/Y (INVx1_ASAP7_75t_SL)
                                         _010238_ (net)
                 49.23    0.31  344.35 ^ _107201_/A (FAx1_ASAP7_75t_SL)
     4    6.40   93.64   72.70  417.06 v _107201_/SN (FAx1_ASAP7_75t_SL)
                                         _010280_ (net)
                 93.65    0.30  417.36 v _102263_/A (INVx1_ASAP7_75t_SL)
     2    3.80   40.50   24.18  441.54 ^ _102263_/Y (INVx1_ASAP7_75t_SL)
                                         _010278_ (net)
                 40.50    0.15  441.69 ^ _107209_/CI (FAx1_ASAP7_75t_SL)
     1    2.73   43.44   43.44  485.13 v _107209_/SN (FAx1_ASAP7_75t_SL)
                                         _058476_ (net)
                 43.44    0.19  485.32 v _107210_/B (FAx1_ASAP7_75t_SL)
     1    1.34   41.36   21.73  507.05 ^ _107210_/CON (FAx1_ASAP7_75t_SL)
                                         _060459_ (net)
     1    1.17   38.12    9.75  516.80 v _107210_/SN (FAx1_ASAP7_75t_SL)
                                         _060458_ (net)
                 38.12    0.04  516.84 v _110618_/B (HAxp5_ASAP7_75t_SL)
     4    4.09   55.40   46.74  563.58 v _110618_/SN (HAxp5_ASAP7_75t_SL)
                                         _020147_ (net)
                 55.40    0.12  563.70 v _089357_/A (NOR2x1_ASAP7_75t_SL)
     2    2.21   23.45   10.71  574.41 ^ _089357_/Y (NOR2x1_ASAP7_75t_SL)
                                         _048781_ (net)
                 23.45    0.10  574.51 ^ _089360_/B1 (AO221x1_ASAP7_75t_SL)
     1    1.13   10.62   16.68  591.19 ^ _089360_/Y (AO221x1_ASAP7_75t_SL)
                                         _048784_ (net)
                 10.62    0.04  591.23 ^ _089361_/B (AO31x2_ASAP7_75t_SL)
     1    1.19    7.82   14.69  605.92 ^ _089361_/Y (AO31x2_ASAP7_75t_SL)
                                         _048785_ (net)
                  7.82    0.04  605.96 ^ _089362_/B (XNOR2x2_ASAP7_75t_SL)
     1    1.26    7.49   17.83  623.79 v _089362_/Y (XNOR2x2_ASAP7_75t_SL)
                                         _048786_ (net)
                  7.49    0.05  623.83 v _089364_/A2 (OAI21x1_ASAP7_75t_SL)
     1    0.75   39.20    5.84  629.68 ^ _089364_/Y (OAI21x1_ASAP7_75t_SL)
                                         _027911_ (net)
                 39.20    0.03  629.70 ^ fdct_zigzag.dct_mod.dct_block_6.dct_unit_3.macu.mult_res[18]$_DFFE_PP_/D (DFFHQNx1_ASAP7_75t_SL)
                                629.70   data arrival time

                        500.00  500.00   clock clk (rise edge)
                          0.00  500.00   clock source latency
     1   16.04    0.00    0.00  500.00 ^ clk (in)
                                         clk (net)
                 99.03   31.24  531.24 ^ clkbuf_0_clk/A (BUFx24_ASAP7_75t_SL)
     4   26.93   19.36   23.71  554.95 ^ clkbuf_0_clk/Y (BUFx24_ASAP7_75t_SL)
                                         clknet_0_clk (net)
                 42.44   11.90  566.85 ^ clkbuf_2_1_0_clk/A (BUFx24_ASAP7_75t_SL)
     4   17.15   14.32   19.73  586.58 ^ clkbuf_2_1_0_clk/Y (BUFx24_ASAP7_75t_SL)
                                         clknet_2_1_0_clk (net)
                 18.66    3.96  590.55 ^ clkbuf_4_6__f_clk/A (BUFx24_ASAP7_75t_SL)
    12   36.77   20.64   18.99  609.54 ^ clkbuf_4_6__f_clk/Y (BUFx24_ASAP7_75t_SL)
                                         clknet_4_6__leaf_clk (net)
                 22.42    2.99  612.53 ^ clkbuf_leaf_59_clk/A (BUFx24_ASAP7_75t_SL)
    21   12.80   12.25   17.38  629.91 ^ clkbuf_leaf_59_clk/Y (BUFx24_ASAP7_75t_SL)
                                         clknet_leaf_59_clk (net)
                 12.59    1.17  631.07 ^ fdct_zigzag.dct_mod.dct_block_6.dct_unit_3.macu.mult_res[18]$_DFFE_PP_/CLK (DFFHQNx1_ASAP7_75t_SL)
                          5.07  636.15   clock reconvergence pessimism
                         -5.57  630.57   library setup time
                                630.57   data required time
-----------------------------------------------------------------------------
                                630.57   data required time
                               -629.70   data arrival time
-----------------------------------------------------------------------------
                                  0.87   slack (MET)



==========================================================================
cts final report_check_types -max_slew -max_cap -max_fanout -violators
--------------------------------------------------------------------------

==========================================================================
cts final max_slew_check_slack
--------------------------------------------------------------------------
107.23654174804688

==========================================================================
cts final max_slew_check_limit
--------------------------------------------------------------------------
320.0

==========================================================================
cts final max_slew_check_slack_limit
--------------------------------------------------------------------------
0.3351

==========================================================================
cts final max_fanout_check_slack
--------------------------------------------------------------------------
1.0000000150474662e+30

==========================================================================
cts final max_fanout_check_limit
--------------------------------------------------------------------------
1.0000000150474662e+30

==========================================================================
cts final max_capacitance_check_slack
--------------------------------------------------------------------------
6.883656978607178

==========================================================================
cts final max_capacitance_check_limit
--------------------------------------------------------------------------
23.040000915527344

==========================================================================
cts final max_capacitance_check_slack_limit
--------------------------------------------------------------------------
0.2988

==========================================================================
cts final max_slew_violation_count
--------------------------------------------------------------------------
max slew violation count 0

==========================================================================
cts final max_fanout_violation_count
--------------------------------------------------------------------------
max fanout violation count 0

==========================================================================
cts final max_cap_violation_count
--------------------------------------------------------------------------
max cap violation count 0

==========================================================================
cts final setup_violation_count
--------------------------------------------------------------------------
setup violation count 0

==========================================================================
cts final hold_violation_count
--------------------------------------------------------------------------
hold violation count 0

==========================================================================
cts final report_checks -path_delay max reg to reg
--------------------------------------------------------------------------
Startpoint: fdct_zigzag.dct_mod.ddin[1]$_DFFE_PN0P_
            (rising edge-triggered flip-flop clocked by clk)
Endpoint: fdct_zigzag.dct_mod.dct_block_6.dct_unit_3.macu.mult_res[18]$_DFFE_PP_
          (rising edge-triggered flip-flop clocked by clk)
Path Group: clk
Path Type: max

  Delay    Time   Description
---------------------------------------------------------
   0.00    0.00   clock clk (rise edge)
   0.00    0.00   clock source latency
   0.00    0.00 ^ clk (in)
  57.10   57.10 ^ clkbuf_0_clk/Y (BUFx24_ASAP7_75t_SL)
  33.20   90.29 ^ clkbuf_2_1_0_clk/Y (BUFx24_ASAP7_75t_SL)
  24.32  114.61 ^ clkbuf_4_6__f_clk/Y (BUFx24_ASAP7_75t_SL)
  26.17  140.78 ^ clkbuf_leaf_22_clk/Y (BUFx24_ASAP7_75t_SL)
   0.38  141.17 ^ fdct_zigzag.dct_mod.ddin[1]$_DFFE_PN0P_/CLK (DFFASRHQNx1_ASAP7_75t_SL)
  33.73  174.90 ^ fdct_zigzag.dct_mod.ddin[1]$_DFFE_PN0P_/QN (DFFASRHQNx1_ASAP7_75t_SL)
  12.59  187.48 ^ place4578/Y (BUFx6f_ASAP7_75t_SL)
  15.55  203.04 ^ place4570/Y (BUFx6f_ASAP7_75t_SL)
  47.95  250.98 ^ place4565/Y (BUFx6f_ASAP7_75t_SL)
  25.15  276.13 v _063809_/Y (NOR2x1_ASAP7_75t_SL)
  39.45  315.58 v _110610_/SN (HAxp5_ASAP7_75t_SL)
  28.47  344.04 ^ _069146_/Y (INVx1_ASAP7_75t_SL)
  73.01  417.06 v _107201_/SN (FAx1_ASAP7_75t_SL)
  24.48  441.54 ^ _102263_/Y (INVx1_ASAP7_75t_SL)
  43.59  485.13 v _107209_/SN (FAx1_ASAP7_75t_SL)
  21.92  507.05 ^ _107210_/CON (FAx1_ASAP7_75t_SL)
   9.75  516.80 v _107210_/SN (FAx1_ASAP7_75t_SL)
  46.78  563.58 v _110618_/SN (HAxp5_ASAP7_75t_SL)
  10.83  574.41 ^ _089357_/Y (NOR2x1_ASAP7_75t_SL)
  16.78  591.19 ^ _089360_/Y (AO221x1_ASAP7_75t_SL)
  14.73  605.92 ^ _089361_/Y (AO31x2_ASAP7_75t_SL)
  17.87  623.79 v _089362_/Y (XNOR2x2_ASAP7_75t_SL)
   5.89  629.68 ^ _089364_/Y (OAI21x1_ASAP7_75t_SL)
   0.03  629.70 ^ fdct_zigzag.dct_mod.dct_block_6.dct_unit_3.macu.mult_res[18]$_DFFE_PP_/D (DFFHQNx1_ASAP7_75t_SL)
         629.70   data arrival time

 500.00  500.00   clock clk (rise edge)
   0.00  500.00   clock source latency
   0.00  500.00 ^ clk (in)
  54.95  554.95 ^ clkbuf_0_clk/Y (BUFx24_ASAP7_75t_SL)
  31.63  586.58 ^ clkbuf_2_1_0_clk/Y (BUFx24_ASAP7_75t_SL)
  22.95  609.54 ^ clkbuf_4_6__f_clk/Y (BUFx24_ASAP7_75t_SL)
  20.37  629.91 ^ clkbuf_leaf_59_clk/Y (BUFx24_ASAP7_75t_SL)
   1.17  631.07 ^ fdct_zigzag.dct_mod.dct_block_6.dct_unit_3.macu.mult_res[18]$_DFFE_PP_/CLK (DFFHQNx1_ASAP7_75t_SL)
   5.07  636.15   clock reconvergence pessimism
  -5.57  630.57   library setup time
         630.57   data required time
---------------------------------------------------------
         630.57   data required time
        -629.70   data arrival time
---------------------------------------------------------
           0.87   slack (MET)



==========================================================================
cts final report_checks -path_delay min reg to reg
--------------------------------------------------------------------------
Startpoint: qnr.dep[6]$_DFFE_PN0P_
            (rising edge-triggered flip-flop clocked by clk)
Endpoint: qnr.dep[7]$_DFFE_PN0P_
          (rising edge-triggered flip-flop clocked by clk)
Path Group: clk
Path Type: min

  Delay    Time   Description
---------------------------------------------------------
   0.00    0.00   clock clk (rise edge)
   0.00    0.00   clock source latency
   0.00    0.00 ^ clk (in)
  54.95   54.95 ^ clkbuf_0_clk/Y (BUFx24_ASAP7_75t_SL)
  30.95   85.90 ^ clkbuf_2_3_0_clk/Y (BUFx24_ASAP7_75t_SL)
  25.23  111.13 ^ clkbuf_4_14__f_clk/Y (BUFx24_ASAP7_75t_SL)
  23.96  135.09 ^ clkbuf_leaf_96_clk/Y (BUFx24_ASAP7_75t_SL)
   0.97  136.06 ^ qnr.dep[6]$_DFFE_PN0P_/CLK (DFFASRHQNx1_ASAP7_75t_SL)
  28.15  164.22 ^ qnr.dep[6]$_DFFE_PN0P_/QN (DFFASRHQNx1_ASAP7_75t_SL)
   4.89  169.10 v _096898_/Y (INVx1_ASAP7_75t_SL)
  10.29  179.40 v _096902_/Y (AO21x1_ASAP7_75t_SL)
   0.02  179.42 v qnr.dep[7]$_DFFE_PN0P_/D (DFFASRHQNx1_ASAP7_75t_SL)
         179.42   data arrival time

   0.00    0.00   clock clk (rise edge)
   0.00    0.00   clock source latency
   0.00    0.00 ^ clk (in)
  57.10   57.10 ^ clkbuf_0_clk/Y (BUFx24_ASAP7_75t_SL)
  36.12   93.22 ^ clkbuf_2_2_0_clk/Y (BUFx24_ASAP7_75t_SL)
  27.47  120.69 ^ clkbuf_4_11__f_clk/Y (BUFx24_ASAP7_75t_SL)
  34.12  154.81 ^ clkbuf_leaf_124_clk/Y (BUFx24_ASAP7_75t_SL)
   0.36  155.17 ^ qnr.dep[7]$_DFFE_PN0P_/CLK (DFFASRHQNx1_ASAP7_75t_SL)
  -2.15  153.02   clock reconvergence pessimism
   9.23  162.25   library hold time
         162.25   data required time
---------------------------------------------------------
         162.25   data required time
        -179.42   data arrival time
---------------------------------------------------------
          17.17   slack (MET)



==========================================================================
cts final critical path target clock latency max path
--------------------------------------------------------------------------
0

==========================================================================
cts final critical path target clock latency min path
--------------------------------------------------------------------------
0

==========================================================================
cts final critical path source clock latency min path
--------------------------------------------------------------------------
0

==========================================================================
cts final critical path delay
--------------------------------------------------------------------------
629.7045

==========================================================================
cts final critical path slack
--------------------------------------------------------------------------
0.8684

==========================================================================
cts final slack div critical path delay
--------------------------------------------------------------------------
0.137906

==========================================================================
cts final report_power
--------------------------------------------------------------------------
Group                  Internal  Switching    Leakage      Total
                          Power      Power      Power      Power (Watts)
----------------------------------------------------------------
Sequential             3.01e-02   4.97e-03   6.30e-05   3.52e-02  15.3%
Combinational          9.57e-02   8.02e-02   2.08e-04   1.76e-01  76.8%
Clock                  1.26e-02   5.48e-03   1.23e-05   1.80e-02   7.9%
Macro                  0.00e+00   0.00e+00   0.00e+00   0.00e+00   0.0%
Pad                    0.00e+00   0.00e+00   0.00e+00   0.00e+00   0.0%
----------------------------------------------------------------
Total                  1.38e-01   9.06e-02   2.83e-04   2.29e-01 100.0%
                          60.4%      39.5%       0.1%
