
==========================================================================
cts final report_tns
--------------------------------------------------------------------------
tns max -300.22

==========================================================================
cts final report_wns
--------------------------------------------------------------------------
wns max -40.86

==========================================================================
cts final report_worst_slack
--------------------------------------------------------------------------
worst slack max -40.86

==========================================================================
cts final report_clock_min_period
--------------------------------------------------------------------------
core_clock period_min = 350.86 fmax = 2850.12

==========================================================================
cts final report_clock_skew
--------------------------------------------------------------------------
Clock core_clock
  43.14 source latency dpath.b_reg.out[1]$_DFFE_PP_/CLK ^
 -40.71 target latency dpath.b_reg.out[15]$_DFFE_PP_/CLK ^
  -0.60 CRPR
--------------
   1.83 setup skew


==========================================================================
cts final report_checks -path_delay min
--------------------------------------------------------------------------
Startpoint: reset (input port clocked by core_clock)
Endpoint: ctrl.state.out[2]$_DFF_P_
          (rising edge-triggered flip-flop clocked by core_clock)
Path Group: core_clock
Path Type: min

Fanout     Cap    Slew   Delay    Time   Description
-----------------------------------------------------------------------------
                          0.00    0.00   clock core_clock (rise edge)
                          0.00    0.00   clock network delay (propagated)
                         62.00   62.00 ^ input external delay
     1    0.93    0.00    0.00   62.00 ^ reset (in)
                                         reset (net)
                  0.18    0.06   62.06 ^ input34/A (BUFx2_ASAP7_75t_R)
     3    1.97    9.12   12.16   74.22 ^ input34/Y (BUFx2_ASAP7_75t_R)
                                         net34 (net)
                  9.13    0.09   74.30 ^ _326_/A (NOR2x1_ASAP7_75t_R)
     1    0.74    6.59    8.97   83.28 v _326_/Y (NOR2x1_ASAP7_75t_R)
                                         _002_ (net)
                  6.59    0.04   83.32 v ctrl.state.out[2]$_DFF_P_/D (DFFHQNx1_ASAP7_75t_R)
                                 83.32   data arrival time

                          0.00    0.00   clock core_clock (rise edge)
                          0.00    0.00   clock source latency
     1    2.30    0.00    0.00    0.00 ^ clk (in)
                                         clk (net)
                  2.02    0.64    0.64 ^ clkbuf_0_clk/A (BUFx4_ASAP7_75t_R)
     4    3.70   11.08   17.66   18.30 ^ clkbuf_0_clk/Y (BUFx4_ASAP7_75t_R)
                                         clknet_0_clk (net)
                 11.12    0.34   18.65 ^ clkbuf_2_0__f_clk/A (BUFx4_ASAP7_75t_R)
    10    7.68   17.33   23.85   42.50 ^ clkbuf_2_0__f_clk/Y (BUFx4_ASAP7_75t_R)
                                         clknet_2_0__leaf_clk (net)
                 17.39    0.57   43.06 ^ ctrl.state.out[2]$_DFF_P_/CLK (DFFHQNx1_ASAP7_75t_R)
                          0.00   43.06   clock reconvergence pessimism
                         12.86   55.92   library hold time
                                 55.92   data required time
-----------------------------------------------------------------------------
                                 55.92   data required time
                                -83.32   data arrival time
-----------------------------------------------------------------------------
                                 27.40   slack (MET)



==========================================================================
cts final report_checks -path_delay max
--------------------------------------------------------------------------
Startpoint: dpath.a_reg.out[11]$_DFFE_PP_
            (rising edge-triggered flip-flop clocked by core_clock)
Endpoint: resp_msg[15] (output port clocked by core_clock)
Path Group: core_clock
Path Type: max

Fanout     Cap    Slew   Delay    Time   Description
-----------------------------------------------------------------------------
                          0.00    0.00   clock core_clock (rise edge)
                          0.00    0.00   clock source latency
     1    2.30    0.00    0.00    0.00 ^ clk (in)
                                         clk (net)
                  2.02    0.64    0.64 ^ clkbuf_0_clk/A (BUFx4_ASAP7_75t_R)
     4    3.70   11.08   17.66   18.30 ^ clkbuf_0_clk/Y (BUFx4_ASAP7_75t_R)
                                         clknet_0_clk (net)
                 11.11    0.31   18.61 ^ clkbuf_2_2__f_clk/A (BUFx4_ASAP7_75t_R)
    10    7.58   16.99   23.84   42.45 ^ clkbuf_2_2__f_clk/Y (BUFx4_ASAP7_75t_R)
                                         clknet_2_2__leaf_clk (net)
                 17.01    0.31   42.76 ^ dpath.a_reg.out[11]$_DFFE_PP_/CLK (DFFHQNx1_ASAP7_75t_R)
     2    2.23   22.23   43.36   86.13 ^ dpath.a_reg.out[11]$_DFFE_PP_/QN (DFFHQNx1_ASAP7_75t_R)
                                         _017_ (net)
                 22.23    0.13   86.25 ^ _420_/A (INVx1_ASAP7_75t_R)
     2    2.01   15.49   12.16   98.41 v _420_/Y (INVx1_ASAP7_75t_R)
                                         dpath.a_lt_b$in0[11] (net)
                 15.49    0.15   98.55 v _537_/A (HAxp5_ASAP7_75t_R)
     5    3.92   50.57   29.20  127.76 ^ _537_/CON (HAxp5_ASAP7_75t_R)
                                         _037_ (net)
     4    3.34   69.01   29.71  157.47 v _537_/SN (HAxp5_ASAP7_75t_R)
                                         _038_ (net)
                 69.02    0.24  157.71 v place112/A (BUFx3_ASAP7_75t_R)
     2    1.43    8.06   26.12  183.83 v place112/Y (BUFx3_ASAP7_75t_R)
                                         net112 (net)
                  8.07    0.06  183.89 v _384_/A1 (AO21x1_ASAP7_75t_R)
     2    1.98   14.23   18.71  202.60 v _384_/Y (AO21x1_ASAP7_75t_R)
                                         _185_ (net)
                 14.23    0.09  202.69 v _401_/A2 (AO21x1_ASAP7_75t_R)
     1    1.23    9.73   17.50  220.19 v _401_/Y (AO21x1_ASAP7_75t_R)
                                         _200_ (net)
                  9.73    0.06  220.25 v _402_/A2 (AOI21x1_ASAP7_75t_R)
     1    0.69   24.73    8.63  228.88 ^ _402_/Y (AOI21x1_ASAP7_75t_R)
                                         _201_ (net)
                 24.73    0.03  228.91 ^ _405_/A1 (AO21x1_ASAP7_75t_R)
     1    1.12   10.32   16.39  245.30 ^ _405_/Y (AO21x1_ASAP7_75t_R)
                                         _204_ (net)
                 10.32    0.05  245.35 ^ _406_/B (XNOR2x2_ASAP7_75t_R)
     2    1.73   11.75   30.52  275.88 v _406_/Y (XNOR2x2_ASAP7_75t_R)
                                         net43 (net)
                 11.75    0.11  275.99 v output43/A (BUFx3_ASAP7_75t_R)
     1    0.14    3.87   12.87  288.86 v output43/Y (BUFx3_ASAP7_75t_R)
                                         resp_msg[15] (net)
                  3.87    0.00  288.86 v resp_msg[15] (out)
                                288.86   data arrival time

                        310.00  310.00   clock core_clock (rise edge)
                          0.00  310.00   clock network delay (propagated)
                          0.00  310.00   clock reconvergence pessimism
                        -62.00  248.00   output external delay
                                248.00   data required time
-----------------------------------------------------------------------------
                                248.00   data required time
                               -288.86   data arrival time
-----------------------------------------------------------------------------
                                -40.86   slack (VIOLATED)



==========================================================================
cts final report_checks -unconstrained
--------------------------------------------------------------------------
Startpoint: dpath.a_reg.out[11]$_DFFE_PP_
            (rising edge-triggered flip-flop clocked by core_clock)
Endpoint: resp_msg[15] (output port clocked by core_clock)
Path Group: core_clock
Path Type: max

Fanout     Cap    Slew   Delay    Time   Description
-----------------------------------------------------------------------------
                          0.00    0.00   clock core_clock (rise edge)
                          0.00    0.00   clock source latency
     1    2.30    0.00    0.00    0.00 ^ clk (in)
                                         clk (net)
                  2.02    0.64    0.64 ^ clkbuf_0_clk/A (BUFx4_ASAP7_75t_R)
     4    3.70   11.08   17.66   18.30 ^ clkbuf_0_clk/Y (BUFx4_ASAP7_75t_R)
                                         clknet_0_clk (net)
                 11.11    0.31   18.61 ^ clkbuf_2_2__f_clk/A (BUFx4_ASAP7_75t_R)
    10    7.58   16.99   23.84   42.45 ^ clkbuf_2_2__f_clk/Y (BUFx4_ASAP7_75t_R)
                                         clknet_2_2__leaf_clk (net)
                 17.01    0.31   42.76 ^ dpath.a_reg.out[11]$_DFFE_PP_/CLK (DFFHQNx1_ASAP7_75t_R)
     2    2.23   22.23   43.36   86.13 ^ dpath.a_reg.out[11]$_DFFE_PP_/QN (DFFHQNx1_ASAP7_75t_R)
                                         _017_ (net)
                 22.23    0.13   86.25 ^ _420_/A (INVx1_ASAP7_75t_R)
     2    2.01   15.49   12.16   98.41 v _420_/Y (INVx1_ASAP7_75t_R)
                                         dpath.a_lt_b$in0[11] (net)
                 15.49    0.15   98.55 v _537_/A (HAxp5_ASAP7_75t_R)
     5    3.92   50.57   29.20  127.76 ^ _537_/CON (HAxp5_ASAP7_75t_R)
                                         _037_ (net)
     4    3.34   69.01   29.71  157.47 v _537_/SN (HAxp5_ASAP7_75t_R)
                                         _038_ (net)
                 69.02    0.24  157.71 v place112/A (BUFx3_ASAP7_75t_R)
     2    1.43    8.06   26.12  183.83 v place112/Y (BUFx3_ASAP7_75t_R)
                                         net112 (net)
                  8.07    0.06  183.89 v _384_/A1 (AO21x1_ASAP7_75t_R)
     2    1.98   14.23   18.71  202.60 v _384_/Y (AO21x1_ASAP7_75t_R)
                                         _185_ (net)
                 14.23    0.09  202.69 v _401_/A2 (AO21x1_ASAP7_75t_R)
     1    1.23    9.73   17.50  220.19 v _401_/Y (AO21x1_ASAP7_75t_R)
                                         _200_ (net)
                  9.73    0.06  220.25 v _402_/A2 (AOI21x1_ASAP7_75t_R)
     1    0.69   24.73    8.63  228.88 ^ _402_/Y (AOI21x1_ASAP7_75t_R)
                                         _201_ (net)
                 24.73    0.03  228.91 ^ _405_/A1 (AO21x1_ASAP7_75t_R)
     1    1.12   10.32   16.39  245.30 ^ _405_/Y (AO21x1_ASAP7_75t_R)
                                         _204_ (net)
                 10.32    0.05  245.35 ^ _406_/B (XNOR2x2_ASAP7_75t_R)
     2    1.73   11.75   30.52  275.88 v _406_/Y (XNOR2x2_ASAP7_75t_R)
                                         net43 (net)
                 11.75    0.11  275.99 v output43/A (BUFx3_ASAP7_75t_R)
     1    0.14    3.87   12.87  288.86 v output43/Y (BUFx3_ASAP7_75t_R)
                                         resp_msg[15] (net)
                  3.87    0.00  288.86 v resp_msg[15] (out)
                                288.86   data arrival time

                        310.00  310.00   clock core_clock (rise edge)
                          0.00  310.00   clock network delay (propagated)
                          0.00  310.00   clock reconvergence pessimism
                        -62.00  248.00   output external delay
                                248.00   data required time
-----------------------------------------------------------------------------
                                248.00   data required time
                               -288.86   data arrival time
-----------------------------------------------------------------------------
                                -40.86   slack (VIOLATED)



==========================================================================
cts final report_check_types -max_slew -max_cap -max_fanout -violators
--------------------------------------------------------------------------

==========================================================================
cts final max_slew_check_slack
--------------------------------------------------------------------------
215.5379180908203

==========================================================================
cts final max_slew_check_limit
--------------------------------------------------------------------------
320.0

==========================================================================
cts final max_slew_check_slack_limit
--------------------------------------------------------------------------
0.6736

==========================================================================
cts final max_fanout_check_slack
--------------------------------------------------------------------------
1.0000000150474662e+30

==========================================================================
cts final max_fanout_check_limit
--------------------------------------------------------------------------
1.0000000150474662e+30

==========================================================================
cts final max_capacitance_check_slack
--------------------------------------------------------------------------
12.809582710266113

==========================================================================
cts final max_capacitance_check_limit
--------------------------------------------------------------------------
23.040000915527344

==========================================================================
cts final max_capacitance_check_slack_limit
--------------------------------------------------------------------------
0.5560

==========================================================================
cts final max_slew_violation_count
--------------------------------------------------------------------------
max slew violation count 0

==========================================================================
cts final max_fanout_violation_count
--------------------------------------------------------------------------
max fanout violation count 0

==========================================================================
cts final max_cap_violation_count
--------------------------------------------------------------------------
max cap violation count 0

==========================================================================
cts final setup_violation_count
--------------------------------------------------------------------------
setup violation count 12

==========================================================================
cts final hold_violation_count
--------------------------------------------------------------------------
hold violation count 0

==========================================================================
cts final report_checks -path_delay max reg to reg
--------------------------------------------------------------------------
Startpoint: dpath.a_reg.out[11]$_DFFE_PP_
            (rising edge-triggered flip-flop clocked by core_clock)
Endpoint: dpath.a_reg.out[7]$_DFFE_PP_
          (rising edge-triggered flip-flop clocked by core_clock)
Path Group: core_clock
Path Type: max

  Delay    Time   Description
---------------------------------------------------------
   0.00    0.00   clock core_clock (rise edge)
   0.00    0.00   clock source latency
   0.00    0.00 ^ clk (in)
  18.30   18.30 ^ clkbuf_0_clk/Y (BUFx4_ASAP7_75t_R)
  24.15   42.45 ^ clkbuf_2_2__f_clk/Y (BUFx4_ASAP7_75t_R)
   0.31   42.76 ^ dpath.a_reg.out[11]$_DFFE_PP_/CLK (DFFHQNx1_ASAP7_75t_R)
  43.36   86.13 ^ dpath.a_reg.out[11]$_DFFE_PP_/QN (DFFHQNx1_ASAP7_75t_R)
  12.28   98.41 v _420_/Y (INVx1_ASAP7_75t_R)
  29.35  127.76 ^ _537_/CON (HAxp5_ASAP7_75t_R)
  29.71  157.47 v _537_/SN (HAxp5_ASAP7_75t_R)
  27.59  185.06 v place113/Y (BUFx3_ASAP7_75t_R)
   6.16  191.22 ^ _296_/Y (INVx2_ASAP7_75t_R)
  26.88  218.10 ^ _302_/Y (AND5x2_ASAP7_75t_R)
  13.92  232.02 ^ rebuffer145/Y (BUFx3_ASAP7_75t_R)
  27.71  259.73 ^ _313_/Y (AO211x2_ASAP7_75t_R)
  28.29  288.02 v _424_/Y (AOI21x1_ASAP7_75t_R)
  26.31  314.33 v place102/Y (BUFx3_ASAP7_75t_R)
  22.21  336.53 v _493_/Y (AO221x1_ASAP7_75t_R)
  12.81  349.34 v _494_/Y (OA21x2_ASAP7_75t_R)
   0.03  349.37 v dpath.a_reg.out[7]$_DFFE_PP_/D (DFFHQNx1_ASAP7_75t_R)
         349.37   data arrival time

 310.00  310.00   clock core_clock (rise edge)
   0.00  310.00   clock source latency
   0.00  310.00 ^ clk (in)
  17.71  327.71 ^ clkbuf_0_clk/Y (BUFx4_ASAP7_75t_R)
  22.83  350.54 ^ clkbuf_2_1__f_clk/Y (BUFx4_ASAP7_75t_R)
   0.65  351.19 ^ dpath.a_reg.out[7]$_DFFE_PP_/CLK (DFFHQNx1_ASAP7_75t_R)
   0.60  351.78   clock reconvergence pessimism
   0.66  352.45   library setup time
         352.45   data required time
---------------------------------------------------------
         352.45   data required time
        -349.37   data arrival time
---------------------------------------------------------
           3.08   slack (MET)



==========================================================================
cts final report_checks -path_delay min reg to reg
--------------------------------------------------------------------------
Startpoint: dpath.a_reg.out[13]$_DFFE_PP_
            (rising edge-triggered flip-flop clocked by core_clock)
Endpoint: dpath.a_reg.out[13]$_DFFE_PP_
          (rising edge-triggered flip-flop clocked by core_clock)
Path Group: core_clock
Path Type: min

  Delay    Time   Description
---------------------------------------------------------
   0.00    0.00   clock core_clock (rise edge)
   0.00    0.00   clock source latency
   0.00    0.00 ^ clk (in)
  17.71   17.71 ^ clkbuf_0_clk/Y (BUFx4_ASAP7_75t_R)
  22.77   40.48 ^ clkbuf_2_3__f_clk/Y (BUFx4_ASAP7_75t_R)
   0.39   40.87 ^ dpath.a_reg.out[13]$_DFFE_PP_/CLK (DFFHQNx1_ASAP7_75t_R)
  40.77   81.65 ^ dpath.a_reg.out[13]$_DFFE_PP_/QN (DFFHQNx1_ASAP7_75t_R)
   7.44   89.08 v _456_/Y (AOI22x1_ASAP7_75t_R)
   0.02   89.11 v dpath.a_reg.out[13]$_DFFE_PP_/D (DFFHQNx1_ASAP7_75t_R)
          89.11   data arrival time

   0.00    0.00   clock core_clock (rise edge)
   0.00    0.00   clock source latency
   0.00    0.00 ^ clk (in)
  18.30   18.30 ^ clkbuf_0_clk/Y (BUFx4_ASAP7_75t_R)
  23.92   42.23 ^ clkbuf_2_3__f_clk/Y (BUFx4_ASAP7_75t_R)
   0.46   42.69 ^ dpath.a_reg.out[13]$_DFFE_PP_/CLK (DFFHQNx1_ASAP7_75t_R)
  -1.81   40.87   clock reconvergence pessimism
  12.48   53.36   library hold time
          53.36   data required time
---------------------------------------------------------
          53.36   data required time
         -89.11   data arrival time
---------------------------------------------------------
          35.75   slack (MET)



==========================================================================
cts final critical path target clock latency max path
--------------------------------------------------------------------------
40.9432

==========================================================================
cts final critical path target clock latency min path
--------------------------------------------------------------------------
43.0612

==========================================================================
cts final critical path source clock latency min path
--------------------------------------------------------------------------
0.0000

==========================================================================
cts final critical path delay
--------------------------------------------------------------------------
288.8622

==========================================================================
cts final critical path slack
--------------------------------------------------------------------------
-40.8622

==========================================================================
cts final slack div critical path delay
--------------------------------------------------------------------------
-14.145915

==========================================================================
cts final report_power
--------------------------------------------------------------------------
Group                  Internal  Switching    Leakage      Total
                          Power      Power      Power      Power (Watts)
----------------------------------------------------------------
Sequential             2.03e-04   1.73e-05   5.26e-09   2.20e-04  24.6%
Combinational          3.09e-04   2.35e-04   2.48e-08   5.43e-04  60.6%
Clock                  6.86e-05   6.49e-05   6.96e-10   1.33e-04  14.9%
Macro                  0.00e+00   0.00e+00   0.00e+00   0.00e+00   0.0%
Pad                    0.00e+00   0.00e+00   0.00e+00   0.00e+00   0.0%
----------------------------------------------------------------
Total                  5.80e-04   3.17e-04   3.08e-08   8.97e-04 100.0%
                          64.7%      35.3%       0.0%
