
==========================================================================
resizer report_tns
--------------------------------------------------------------------------
tns max -9299.19

==========================================================================
resizer report_wns
--------------------------------------------------------------------------
wns max -262.76

==========================================================================
resizer report_worst_slack
--------------------------------------------------------------------------
worst slack max -262.76

==========================================================================
resizer report_clock_min_period
--------------------------------------------------------------------------
core_clock period_min = 762.76 fmax = 1311.03

==========================================================================
resizer report_checks -path_delay min
--------------------------------------------------------------------------
Startpoint: rst (input port clocked by core_clock)
Endpoint: z[24]$_DFFE_PP0P_ (removal check against rising-edge clock core_clock)
Path Group: asynchronous
Path Type: min

Fanout     Cap    Slew   Delay    Time   Description
-----------------------------------------------------------------------------
                  0.00    0.00    0.00   clock core_clock (rise edge)
                          0.00    0.00   clock network delay (ideal)
                        100.00  100.00 v input external delay
     1    0.69    0.00    0.00  100.00 v rst (in)
                                         rst (net)
                  0.09    0.03  100.03 v input256/A (BUFx2_ASAP7_75t_R)
     1    1.50    7.08   11.86  111.89 v input256/Y (BUFx2_ASAP7_75t_R)
                                         net255 (net)
                  7.08    0.05  111.94 v _5544_/A (INVx3_ASAP7_75t_R)
    38   34.05   76.20   30.76  142.70 ^ _5544_/Y (INVx3_ASAP7_75t_R)
                                         _2441_ (net)
                 76.21    0.91  143.61 ^ z[24]$_DFFE_PP0P_/RESETN (DFFASRHQNx1_ASAP7_75t_R)
                                143.61   data arrival time

                  0.00    0.00    0.00   clock core_clock (rise edge)
                          0.00    0.00   clock network delay (ideal)
                          0.00    0.00   clock reconvergence pessimism
                                  0.00 ^ z[24]$_DFFE_PP0P_/CLK (DFFASRHQNx1_ASAP7_75t_R)
                         24.73   24.73   library removal time
                                 24.73   data required time
-----------------------------------------------------------------------------
                                 24.73   data required time
                               -143.61   data arrival time
-----------------------------------------------------------------------------
                                118.88   slack (MET)


Startpoint: z[30]$_DFFE_PP0P_
            (rising edge-triggered flip-flop clocked by core_clock)
Endpoint: z[30]$_DFFE_PP0P_
          (rising edge-triggered flip-flop clocked by core_clock)
Path Group: core_clock
Path Type: min

Fanout     Cap    Slew   Delay    Time   Description
-----------------------------------------------------------------------------
                  0.00    0.00    0.00   clock core_clock (rise edge)
                          0.00    0.00   clock network delay (ideal)
                  0.00    0.00    0.00 ^ z[30]$_DFFE_PP0P_/CLK (DFFASRHQNx1_ASAP7_75t_R)
     2    1.56   19.07   39.43   39.43 ^ z[30]$_DFFE_PP0P_/QN (DFFASRHQNx1_ASAP7_75t_R)
                                         _0041_ (net)
                 19.07    0.04   39.48 ^ _6280_/A1 (OAI21x1_ASAP7_75t_R)
     1    0.73    6.96    7.48   46.95 v _6280_/Y (OAI21x1_ASAP7_75t_R)
                                         _2586_ (net)
                  6.96    0.04   46.99 v z[30]$_DFFE_PP0P_/D (DFFASRHQNx1_ASAP7_75t_R)
                                 46.99   data arrival time

                  0.00    0.00    0.00   clock core_clock (rise edge)
                          0.00    0.00   clock network delay (ideal)
                          0.00    0.00   clock reconvergence pessimism
                                  0.00 ^ z[30]$_DFFE_PP0P_/CLK (DFFASRHQNx1_ASAP7_75t_R)
                          9.19    9.19   library hold time
                                  9.19   data required time
-----------------------------------------------------------------------------
                                  9.19   data required time
                                -46.99   data arrival time
-----------------------------------------------------------------------------
                                 37.80   slack (MET)



==========================================================================
resizer report_checks -path_delay max
--------------------------------------------------------------------------
Startpoint: rst (input port clocked by core_clock)
Endpoint: b_mantissa[1]$_DFFE_PP0P_
          (recovery check against rising-edge clock core_clock)
Path Group: asynchronous
Path Type: max

Fanout     Cap    Slew   Delay    Time   Description
-----------------------------------------------------------------------------
                  0.00    0.00    0.00   clock core_clock (rise edge)
                          0.00    0.00   clock network delay (ideal)
                        100.00  100.00 v input external delay
     1    0.83    0.00    0.00  100.00 v rst (in)
                                         rst (net)
                  0.11    0.04  100.04 v input256/A (BUFx2_ASAP7_75t_R)
     1    1.99    8.40   12.62  112.65 v input256/Y (BUFx2_ASAP7_75t_R)
                                         net255 (net)
                  8.41    0.07  112.72 v _5544_/A (INVx3_ASAP7_75t_R)
    38   38.32   85.67   34.55  147.27 ^ _5544_/Y (INVx3_ASAP7_75t_R)
                                         _2441_ (net)
                 86.27    4.21  151.48 ^ place1313/A (BUFx6f_ASAP7_75t_R)
    65   69.37   85.42   39.19  190.67 ^ place1313/Y (BUFx6f_ASAP7_75t_R)
                                         net1312 (net)
                 85.63    2.60  193.27 ^ place1312/A (BUFx3_ASAP7_75t_R)
    25   26.27   60.78   45.70  238.97 ^ place1312/Y (BUFx3_ASAP7_75t_R)
                                         net1311 (net)
                 62.70    5.85  244.82 ^ b_mantissa[1]$_DFFE_PP0P_/RESETN (DFFASRHQNx1_ASAP7_75t_R)
                                244.82   data arrival time

                  0.00  500.00  500.00   clock core_clock (rise edge)
                          0.00  500.00   clock network delay (ideal)
                          0.00  500.00   clock reconvergence pessimism
                                500.00 ^ b_mantissa[1]$_DFFE_PP0P_/CLK (DFFASRHQNx1_ASAP7_75t_R)
                         14.45  514.45   library recovery time
                                514.45   data required time
-----------------------------------------------------------------------------
                                514.45   data required time
                               -244.82   data arrival time
-----------------------------------------------------------------------------
                                269.63   slack (MET)


Startpoint: b_mantissa[6]$_DFFE_PP0P_
            (rising edge-triggered flip-flop clocked by core_clock)
Endpoint: product[37]$_DFFE_PP0N_
          (rising edge-triggered flip-flop clocked by core_clock)
Path Group: core_clock
Path Type: max

Fanout     Cap    Slew   Delay    Time   Description
-----------------------------------------------------------------------------
                  0.00    0.00    0.00   clock core_clock (rise edge)
                          0.00    0.00   clock network delay (ideal)
                  0.00    0.00    0.00 ^ b_mantissa[6]$_DFFE_PP0P_/CLK (DFFASRHQNx1_ASAP7_75t_R)
     1    1.35   17.59   38.49   38.49 ^ b_mantissa[6]$_DFFE_PP0P_/QN (DFFASRHQNx1_ASAP7_75t_R)
                                         _0120_ (net)
                 17.59    0.04   38.53 ^ place1158/A (BUFx6f_ASAP7_75t_R)
     3    6.55   10.76   16.27   54.80 ^ place1158/Y (BUFx6f_ASAP7_75t_R)
                                         net1157 (net)
                 12.06    1.96   56.75 ^ place1157/A (BUFx6f_ASAP7_75t_R)
     5    6.74   10.64   15.13   71.89 ^ place1157/Y (BUFx6f_ASAP7_75t_R)
                                         net1156 (net)
                 10.69    0.43   72.32 ^ place1154/A (BUFx3_ASAP7_75t_R)
    10   13.94   32.64   24.46   96.78 ^ place1154/Y (BUFx3_ASAP7_75t_R)
                                         net1153 (net)
                 32.71    0.94   97.72 ^ _5084_/A (NOR2x1_ASAP7_75t_R)
     1    2.03   20.81   19.47  117.20 v _5084_/Y (NOR2x1_ASAP7_75t_R)
                                         _0517_ (net)
                 20.81    0.07  117.26 v _8274_/A (FAx1_ASAP7_75t_R)
     1    2.72   66.87   65.03  182.30 v _8274_/SN (FAx1_ASAP7_75t_R)
                                         _4478_ (net)
                 66.87    0.32  182.61 v _8275_/B (FAx1_ASAP7_75t_R)
     1    1.01   30.78   52.08  234.69 v _8275_/SN (FAx1_ASAP7_75t_R)
                                         _1668_ (net)
                 30.78    0.07  234.77 v _8000_/A (INVx1_ASAP7_75t_R)
     1    1.70   17.97   14.56  249.33 ^ _8000_/Y (INVx1_ASAP7_75t_R)
                                         _0521_ (net)
                 17.97    0.07  249.41 ^ _8279_/CI (FAx1_ASAP7_75t_R)
     1    0.78   30.80   33.44  282.84 ^ _8279_/SN (FAx1_ASAP7_75t_R)
                                         _1670_ (net)
                 30.80    0.03  282.88 ^ _8023_/A (INVx1_ASAP7_75t_R)
     1    2.23   18.40   14.40  297.28 v _8023_/Y (INVx1_ASAP7_75t_R)
                                         _0531_ (net)
                 18.40    0.08  297.36 v _8280_/B (FAx1_ASAP7_75t_R)
     1    0.98   37.27   22.97  320.33 ^ _8280_/CON (FAx1_ASAP7_75t_R)
                                         _1706_ (net)
     1    0.72   25.90   15.57  335.90 v _8280_/SN (FAx1_ASAP7_75t_R)
                                         _1672_ (net)
                 25.90    0.02  335.92 v _8045_/A (INVx1_ASAP7_75t_R)
     1    2.03   18.66   14.71  350.63 ^ _8045_/Y (INVx1_ASAP7_75t_R)
                                         _0533_ (net)
                 18.66    0.07  350.70 ^ _8281_/A (FAx1_ASAP7_75t_R)
     1    0.73   25.76   35.40  386.10 v _8281_/SN (FAx1_ASAP7_75t_R)
                                         _1674_ (net)
                 25.76    0.03  386.12 v _8049_/A (INVx1_ASAP7_75t_R)
     1    1.67   16.52   13.41  399.53 ^ _8049_/Y (INVx1_ASAP7_75t_R)
                                         _0535_ (net)
                 16.52    0.06  399.59 ^ _8283_/CI (FAx1_ASAP7_75t_R)
     1    0.73   22.72   33.93  433.51 v _8283_/SN (FAx1_ASAP7_75t_R)
                                         _1679_ (net)
                 22.72    0.02  433.54 v _8066_/A (INVx1_ASAP7_75t_R)
     1    1.65   15.70   12.74  446.28 ^ _8066_/Y (INVx1_ASAP7_75t_R)
                                         _0539_ (net)
                 15.70    0.06  446.34 ^ _8284_/CI (FAx1_ASAP7_75t_R)
     1    1.27   34.04   41.71  488.05 v _8284_/SN (FAx1_ASAP7_75t_R)
                                         _4747_ (net)
                 34.04    0.09  488.13 v _8699_/B (HAxp5_ASAP7_75t_R)
     4    6.12  122.97   97.94  586.08 v _8699_/SN (HAxp5_ASAP7_75t_R)
                                         _1682_ (net)
                122.99    0.98  587.06 v _6930_/B (NOR2x1_ASAP7_75t_R)
     3    1.97   39.60   29.76  616.82 ^ _6930_/Y (NOR2x1_ASAP7_75t_R)
                                         _3921_ (net)
                 39.60    0.04  616.87 ^ _6931_/B (AND2x2_ASAP7_75t_R)
     3    2.42   13.81   27.38  644.25 ^ _6931_/Y (AND2x2_ASAP7_75t_R)
                                         _3922_ (net)
                 13.81    0.09  644.34 ^ _6932_/B (AND2x2_ASAP7_75t_R)
     2    1.77   10.86   19.84  664.18 ^ _6932_/Y (AND2x2_ASAP7_75t_R)
                                         _3923_ (net)
                 10.86    0.12  664.30 ^ _6936_/A2 (AO21x1_ASAP7_75t_R)
     2    1.92   14.89   17.57  681.86 ^ _6936_/Y (AO21x1_ASAP7_75t_R)
                                         _3927_ (net)
                 14.90    0.08  681.94 ^ _7027_/A1 (AO21x1_ASAP7_75t_R)
     2    2.23   16.72   18.34  700.28 ^ _7027_/Y (AO21x1_ASAP7_75t_R)
                                         _4010_ (net)
                 16.72    0.20  700.48 ^ _7127_/A1 (AO21x1_ASAP7_75t_R)
     1    0.93    9.03   14.83  715.31 ^ _7127_/Y (AO21x1_ASAP7_75t_R)
                                         _4101_ (net)
                  9.03    0.03  715.34 ^ _7129_/A (XOR2x2_ASAP7_75t_R)
     1    1.26    9.65   19.49  734.83 ^ _7129_/Y (XOR2x2_ASAP7_75t_R)
                                         _4103_ (net)
                  9.66    0.14  734.97 ^ _7131_/A1 (AO21x1_ASAP7_75t_R)
     1    0.64    9.36   12.87  747.84 ^ _7131_/Y (AO21x1_ASAP7_75t_R)
                                         _2541_ (net)
                  9.36    0.02  747.86 ^ product[37]$_DFFE_PP0N_/D (DFFASRHQNx1_ASAP7_75t_R)
                                747.86   data arrival time

                  0.00  500.00  500.00   clock core_clock (rise edge)
                          0.00  500.00   clock network delay (ideal)
                          0.00  500.00   clock reconvergence pessimism
                                500.00 ^ product[37]$_DFFE_PP0N_/CLK (DFFASRHQNx1_ASAP7_75t_R)
                        -14.90  485.10   library setup time
                                485.10   data required time
-----------------------------------------------------------------------------
                                485.10   data required time
                               -747.86   data arrival time
-----------------------------------------------------------------------------
                               -262.76   slack (VIOLATED)



==========================================================================
resizer report_checks -unconstrained
--------------------------------------------------------------------------
Startpoint: rst (input port clocked by core_clock)
Endpoint: b_mantissa[1]$_DFFE_PP0P_
          (recovery check against rising-edge clock core_clock)
Path Group: asynchronous
Path Type: max

Fanout     Cap    Slew   Delay    Time   Description
-----------------------------------------------------------------------------
                  0.00    0.00    0.00   clock core_clock (rise edge)
                          0.00    0.00   clock network delay (ideal)
                        100.00  100.00 v input external delay
     1    0.83    0.00    0.00  100.00 v rst (in)
                                         rst (net)
                  0.11    0.04  100.04 v input256/A (BUFx2_ASAP7_75t_R)
     1    1.99    8.40   12.62  112.65 v input256/Y (BUFx2_ASAP7_75t_R)
                                         net255 (net)
                  8.41    0.07  112.72 v _5544_/A (INVx3_ASAP7_75t_R)
    38   38.32   85.67   34.55  147.27 ^ _5544_/Y (INVx3_ASAP7_75t_R)
                                         _2441_ (net)
                 86.27    4.21  151.48 ^ place1313/A (BUFx6f_ASAP7_75t_R)
    65   69.37   85.42   39.19  190.67 ^ place1313/Y (BUFx6f_ASAP7_75t_R)
                                         net1312 (net)
                 85.63    2.60  193.27 ^ place1312/A (BUFx3_ASAP7_75t_R)
    25   26.27   60.78   45.70  238.97 ^ place1312/Y (BUFx3_ASAP7_75t_R)
                                         net1311 (net)
                 62.70    5.85  244.82 ^ b_mantissa[1]$_DFFE_PP0P_/RESETN (DFFASRHQNx1_ASAP7_75t_R)
                                244.82   data arrival time

                  0.00  500.00  500.00   clock core_clock (rise edge)
                          0.00  500.00   clock network delay (ideal)
                          0.00  500.00   clock reconvergence pessimism
                                500.00 ^ b_mantissa[1]$_DFFE_PP0P_/CLK (DFFASRHQNx1_ASAP7_75t_R)
                         14.45  514.45   library recovery time
                                514.45   data required time
-----------------------------------------------------------------------------
                                514.45   data required time
                               -244.82   data arrival time
-----------------------------------------------------------------------------
                                269.63   slack (MET)


Startpoint: b_mantissa[6]$_DFFE_PP0P_
            (rising edge-triggered flip-flop clocked by core_clock)
Endpoint: product[37]$_DFFE_PP0N_
          (rising edge-triggered flip-flop clocked by core_clock)
Path Group: core_clock
Path Type: max

Fanout     Cap    Slew   Delay    Time   Description
-----------------------------------------------------------------------------
                  0.00    0.00    0.00   clock core_clock (rise edge)
                          0.00    0.00   clock network delay (ideal)
                  0.00    0.00    0.00 ^ b_mantissa[6]$_DFFE_PP0P_/CLK (DFFASRHQNx1_ASAP7_75t_R)
     1    1.35   17.59   38.49   38.49 ^ b_mantissa[6]$_DFFE_PP0P_/QN (DFFASRHQNx1_ASAP7_75t_R)
                                         _0120_ (net)
                 17.59    0.04   38.53 ^ place1158/A (BUFx6f_ASAP7_75t_R)
     3    6.55   10.76   16.27   54.80 ^ place1158/Y (BUFx6f_ASAP7_75t_R)
                                         net1157 (net)
                 12.06    1.96   56.75 ^ place1157/A (BUFx6f_ASAP7_75t_R)
     5    6.74   10.64   15.13   71.89 ^ place1157/Y (BUFx6f_ASAP7_75t_R)
                                         net1156 (net)
                 10.69    0.43   72.32 ^ place1154/A (BUFx3_ASAP7_75t_R)
    10   13.94   32.64   24.46   96.78 ^ place1154/Y (BUFx3_ASAP7_75t_R)
                                         net1153 (net)
                 32.71    0.94   97.72 ^ _5084_/A (NOR2x1_ASAP7_75t_R)
     1    2.03   20.81   19.47  117.20 v _5084_/Y (NOR2x1_ASAP7_75t_R)
                                         _0517_ (net)
                 20.81    0.07  117.26 v _8274_/A (FAx1_ASAP7_75t_R)
     1    2.72   66.87   65.03  182.30 v _8274_/SN (FAx1_ASAP7_75t_R)
                                         _4478_ (net)
                 66.87    0.32  182.61 v _8275_/B (FAx1_ASAP7_75t_R)
     1    1.01   30.78   52.08  234.69 v _8275_/SN (FAx1_ASAP7_75t_R)
                                         _1668_ (net)
                 30.78    0.07  234.77 v _8000_/A (INVx1_ASAP7_75t_R)
     1    1.70   17.97   14.56  249.33 ^ _8000_/Y (INVx1_ASAP7_75t_R)
                                         _0521_ (net)
                 17.97    0.07  249.41 ^ _8279_/CI (FAx1_ASAP7_75t_R)
     1    0.78   30.80   33.44  282.84 ^ _8279_/SN (FAx1_ASAP7_75t_R)
                                         _1670_ (net)
                 30.80    0.03  282.88 ^ _8023_/A (INVx1_ASAP7_75t_R)
     1    2.23   18.40   14.40  297.28 v _8023_/Y (INVx1_ASAP7_75t_R)
                                         _0531_ (net)
                 18.40    0.08  297.36 v _8280_/B (FAx1_ASAP7_75t_R)
     1    0.98   37.27   22.97  320.33 ^ _8280_/CON (FAx1_ASAP7_75t_R)
                                         _1706_ (net)
     1    0.72   25.90   15.57  335.90 v _8280_/SN (FAx1_ASAP7_75t_R)
                                         _1672_ (net)
                 25.90    0.02  335.92 v _8045_/A (INVx1_ASAP7_75t_R)
     1    2.03   18.66   14.71  350.63 ^ _8045_/Y (INVx1_ASAP7_75t_R)
                                         _0533_ (net)
                 18.66    0.07  350.70 ^ _8281_/A (FAx1_ASAP7_75t_R)
     1    0.73   25.76   35.40  386.10 v _8281_/SN (FAx1_ASAP7_75t_R)
                                         _1674_ (net)
                 25.76    0.03  386.12 v _8049_/A (INVx1_ASAP7_75t_R)
     1    1.67   16.52   13.41  399.53 ^ _8049_/Y (INVx1_ASAP7_75t_R)
                                         _0535_ (net)
                 16.52    0.06  399.59 ^ _8283_/CI (FAx1_ASAP7_75t_R)
     1    0.73   22.72   33.93  433.51 v _8283_/SN (FAx1_ASAP7_75t_R)
                                         _1679_ (net)
                 22.72    0.02  433.54 v _8066_/A (INVx1_ASAP7_75t_R)
     1    1.65   15.70   12.74  446.28 ^ _8066_/Y (INVx1_ASAP7_75t_R)
                                         _0539_ (net)
                 15.70    0.06  446.34 ^ _8284_/CI (FAx1_ASAP7_75t_R)
     1    1.27   34.04   41.71  488.05 v _8284_/SN (FAx1_ASAP7_75t_R)
                                         _4747_ (net)
                 34.04    0.09  488.13 v _8699_/B (HAxp5_ASAP7_75t_R)
     4    6.12  122.97   97.94  586.08 v _8699_/SN (HAxp5_ASAP7_75t_R)
                                         _1682_ (net)
                122.99    0.98  587.06 v _6930_/B (NOR2x1_ASAP7_75t_R)
     3    1.97   39.60   29.76  616.82 ^ _6930_/Y (NOR2x1_ASAP7_75t_R)
                                         _3921_ (net)
                 39.60    0.04  616.87 ^ _6931_/B (AND2x2_ASAP7_75t_R)
     3    2.42   13.81   27.38  644.25 ^ _6931_/Y (AND2x2_ASAP7_75t_R)
                                         _3922_ (net)
                 13.81    0.09  644.34 ^ _6932_/B (AND2x2_ASAP7_75t_R)
     2    1.77   10.86   19.84  664.18 ^ _6932_/Y (AND2x2_ASAP7_75t_R)
                                         _3923_ (net)
                 10.86    0.12  664.30 ^ _6936_/A2 (AO21x1_ASAP7_75t_R)
     2    1.92   14.89   17.57  681.86 ^ _6936_/Y (AO21x1_ASAP7_75t_R)
                                         _3927_ (net)
                 14.90    0.08  681.94 ^ _7027_/A1 (AO21x1_ASAP7_75t_R)
     2    2.23   16.72   18.34  700.28 ^ _7027_/Y (AO21x1_ASAP7_75t_R)
                                         _4010_ (net)
                 16.72    0.20  700.48 ^ _7127_/A1 (AO21x1_ASAP7_75t_R)
     1    0.93    9.03   14.83  715.31 ^ _7127_/Y (AO21x1_ASAP7_75t_R)
                                         _4101_ (net)
                  9.03    0.03  715.34 ^ _7129_/A (XOR2x2_ASAP7_75t_R)
     1    1.26    9.65   19.49  734.83 ^ _7129_/Y (XOR2x2_ASAP7_75t_R)
                                         _4103_ (net)
                  9.66    0.14  734.97 ^ _7131_/A1 (AO21x1_ASAP7_75t_R)
     1    0.64    9.36   12.87  747.84 ^ _7131_/Y (AO21x1_ASAP7_75t_R)
                                         _2541_ (net)
                  9.36    0.02  747.86 ^ product[37]$_DFFE_PP0N_/D (DFFASRHQNx1_ASAP7_75t_R)
                                747.86   data arrival time

                  0.00  500.00  500.00   clock core_clock (rise edge)
                          0.00  500.00   clock network delay (ideal)
                          0.00  500.00   clock reconvergence pessimism
                                500.00 ^ product[37]$_DFFE_PP0N_/CLK (DFFASRHQNx1_ASAP7_75t_R)
                        -14.90  485.10   library setup time
                                485.10   data required time
-----------------------------------------------------------------------------
                                485.10   data required time
                               -747.86   data arrival time
-----------------------------------------------------------------------------
                               -262.76   slack (VIOLATED)



==========================================================================
resizer report_check_types -max_slew -max_cap -max_fanout -violators
--------------------------------------------------------------------------

==========================================================================
resizer max_slew_check_slack
--------------------------------------------------------------------------
154.3422088623047

==========================================================================
resizer max_slew_check_limit
--------------------------------------------------------------------------
320.0

==========================================================================
resizer max_slew_check_slack_limit
--------------------------------------------------------------------------
0.4823

==========================================================================
resizer max_fanout_check_slack
--------------------------------------------------------------------------
1.0000000150474662e+30

==========================================================================
resizer max_fanout_check_limit
--------------------------------------------------------------------------
1.0000000150474662e+30

==========================================================================
resizer max_capacitance_check_slack
--------------------------------------------------------------------------
11.340422630310059

==========================================================================
resizer max_capacitance_check_limit
--------------------------------------------------------------------------
23.040000915527344

==========================================================================
resizer max_capacitance_check_slack_limit
--------------------------------------------------------------------------
0.4922

==========================================================================
resizer max_slew_violation_count
--------------------------------------------------------------------------
max slew violation count 0

==========================================================================
resizer max_fanout_violation_count
--------------------------------------------------------------------------
max fanout violation count 0

==========================================================================
resizer max_cap_violation_count
--------------------------------------------------------------------------
max cap violation count 0

==========================================================================
resizer setup_violation_count
--------------------------------------------------------------------------
setup violation count 41

==========================================================================
resizer hold_violation_count
--------------------------------------------------------------------------
hold violation count 0

==========================================================================
resizer report_checks -path_delay max reg to reg
--------------------------------------------------------------------------
Startpoint: b_mantissa[6]$_DFFE_PP0P_
            (rising edge-triggered flip-flop clocked by core_clock)
Endpoint: product[37]$_DFFE_PP0N_
          (rising edge-triggered flip-flop clocked by core_clock)
Path Group: core_clock
Path Type: max

  Delay    Time   Description
---------------------------------------------------------
   0.00    0.00   clock core_clock (rise edge)
   0.00    0.00   clock network delay (ideal)
   0.00    0.00 ^ b_mantissa[6]$_DFFE_PP0P_/CLK (DFFASRHQNx1_ASAP7_75t_R)
  38.49   38.49 ^ b_mantissa[6]$_DFFE_PP0P_/QN (DFFASRHQNx1_ASAP7_75t_R)
  16.31   54.80 ^ place1158/Y (BUFx6f_ASAP7_75t_R)
  17.09   71.89 ^ place1157/Y (BUFx6f_ASAP7_75t_R)
  24.90   96.78 ^ place1154/Y (BUFx3_ASAP7_75t_R)
  20.41  117.20 v _5084_/Y (NOR2x1_ASAP7_75t_R)
  65.10  182.30 v _8274_/SN (FAx1_ASAP7_75t_R)
  52.40  234.69 v _8275_/SN (FAx1_ASAP7_75t_R)
  14.64  249.33 ^ _8000_/Y (INVx1_ASAP7_75t_R)
  33.51  282.84 ^ _8279_/SN (FAx1_ASAP7_75t_R)
  14.44  297.28 v _8023_/Y (INVx1_ASAP7_75t_R)
  23.05  320.33 ^ _8280_/CON (FAx1_ASAP7_75t_R)
  15.57  335.90 v _8280_/SN (FAx1_ASAP7_75t_R)
  14.73  350.63 ^ _8045_/Y (INVx1_ASAP7_75t_R)
  35.47  386.10 v _8281_/SN (FAx1_ASAP7_75t_R)
  13.43  399.53 ^ _8049_/Y (INVx1_ASAP7_75t_R)
  33.99  433.51 v _8283_/SN (FAx1_ASAP7_75t_R)
  12.77  446.28 ^ _8066_/Y (INVx1_ASAP7_75t_R)
  41.76  488.05 v _8284_/SN (FAx1_ASAP7_75t_R)
  98.03  586.08 v _8699_/SN (HAxp5_ASAP7_75t_R)
  30.75  616.82 ^ _6930_/Y (NOR2x1_ASAP7_75t_R)
  27.42  644.25 ^ _6931_/Y (AND2x2_ASAP7_75t_R)
  19.93  664.18 ^ _6932_/Y (AND2x2_ASAP7_75t_R)
  17.68  681.86 ^ _6936_/Y (AO21x1_ASAP7_75t_R)
  18.42  700.28 ^ _7027_/Y (AO21x1_ASAP7_75t_R)
  15.03  715.31 ^ _7127_/Y (AO21x1_ASAP7_75t_R)
  19.52  734.83 ^ _7129_/Y (XOR2x2_ASAP7_75t_R)
  13.01  747.84 ^ _7131_/Y (AO21x1_ASAP7_75t_R)
   0.02  747.86 ^ product[37]$_DFFE_PP0N_/D (DFFASRHQNx1_ASAP7_75t_R)
         747.86   data arrival time

 500.00  500.00   clock core_clock (rise edge)
   0.00  500.00   clock network delay (ideal)
   0.00  500.00   clock reconvergence pessimism
         500.00 ^ product[37]$_DFFE_PP0N_/CLK (DFFASRHQNx1_ASAP7_75t_R)
 -14.90  485.10   library setup time
         485.10   data required time
---------------------------------------------------------
         485.10   data required time
        -747.86   data arrival time
---------------------------------------------------------
        -262.76   slack (VIOLATED)



==========================================================================
resizer report_checks -path_delay min reg to reg
--------------------------------------------------------------------------
Startpoint: z[30]$_DFFE_PP0P_
            (rising edge-triggered flip-flop clocked by core_clock)
Endpoint: z[30]$_DFFE_PP0P_
          (rising edge-triggered flip-flop clocked by core_clock)
Path Group: core_clock
Path Type: min

  Delay    Time   Description
---------------------------------------------------------
   0.00    0.00   clock core_clock (rise edge)
   0.00    0.00   clock network delay (ideal)
   0.00    0.00 ^ z[30]$_DFFE_PP0P_/CLK (DFFASRHQNx1_ASAP7_75t_R)
  39.43   39.43 ^ z[30]$_DFFE_PP0P_/QN (DFFASRHQNx1_ASAP7_75t_R)
   7.52   46.95 v _6280_/Y (OAI21x1_ASAP7_75t_R)
   0.04   46.99 v z[30]$_DFFE_PP0P_/D (DFFASRHQNx1_ASAP7_75t_R)
          46.99   data arrival time

   0.00    0.00   clock core_clock (rise edge)
   0.00    0.00   clock network delay (ideal)
   0.00    0.00   clock reconvergence pessimism
           0.00 ^ z[30]$_DFFE_PP0P_/CLK (DFFASRHQNx1_ASAP7_75t_R)
   9.19    9.19   library hold time
           9.19   data required time
---------------------------------------------------------
           9.19   data required time
         -46.99   data arrival time
---------------------------------------------------------
          37.80   slack (MET)



==========================================================================
resizer critical path target clock latency max path
--------------------------------------------------------------------------
0.0000

==========================================================================
resizer critical path target clock latency min path
--------------------------------------------------------------------------
0.0000

==========================================================================
resizer critical path source clock latency min path
--------------------------------------------------------------------------
0.0000

==========================================================================
resizer critical path delay
--------------------------------------------------------------------------
747.8578

==========================================================================
resizer critical path slack
--------------------------------------------------------------------------
-262.7610

==========================================================================
resizer slack div critical path delay
--------------------------------------------------------------------------
-35.135155

==========================================================================
resizer report_power
--------------------------------------------------------------------------
Group                  Internal  Switching    Leakage      Total
                          Power      Power      Power      Power (Watts)
----------------------------------------------------------------
Sequential             6.86e-04   1.90e-04   1.55e-08   8.76e-04   5.8%
Combinational          6.51e-03   7.60e-03   3.12e-07   1.41e-02  94.2%
Clock                  0.00e+00   0.00e+00   0.00e+00   0.00e+00   0.0%
Macro                  0.00e+00   0.00e+00   0.00e+00   0.00e+00   0.0%
Pad                    0.00e+00   0.00e+00   0.00e+00   0.00e+00   0.0%
----------------------------------------------------------------
Total                  7.20e-03   7.79e-03   3.28e-07   1.50e-02 100.0%
                          48.0%      52.0%       0.0%
