
==========================================================================
finish report_tns
--------------------------------------------------------------------------
tns max -7918.03

==========================================================================
finish report_wns
--------------------------------------------------------------------------
wns max -221.66

==========================================================================
finish report_worst_slack
--------------------------------------------------------------------------
worst slack max -221.66

==========================================================================
finish report_clock_min_period
--------------------------------------------------------------------------
core_clock period_min = 721.66 fmax = 1385.70

==========================================================================
finish report_clock_skew
--------------------------------------------------------------------------
Clock core_clock
  68.37 source latency a_mantissa[0]$_DFFE_PP0P_/CLK ^
 -56.59 target latency product[42]$_DFFE_PP0N_/CLK ^
  -2.79 CRPR
--------------
   8.99 setup skew


==========================================================================
finish report_checks -path_delay min
--------------------------------------------------------------------------
Startpoint: rst (input port clocked by core_clock)
Endpoint: z[24]$_DFFE_PP0P_ (removal check against rising-edge clock core_clock)
Path Group: asynchronous
Path Type: min

Fanout     Cap    Slew   Delay    Time   Description
-----------------------------------------------------------------------------
                          0.00    0.00   clock core_clock (rise edge)
                          0.00    0.00   clock network delay (propagated)
                        100.00  100.00 v input external delay
     1    0.57    0.00    0.00  100.00 v rst (in)
                                         rst (net)
                  0.09    0.03  100.03 v input256/A (BUFx2_ASAP7_75t_R)
     1    1.52    7.15   11.89  111.92 v input256/Y (BUFx2_ASAP7_75t_R)
                                         net255 (net)
                  7.15    0.07  111.99 v _5544_/A (INVx3_ASAP7_75t_R)
    38   32.45   74.88   24.11  136.10 ^ _5544_/Y (INVx3_ASAP7_75t_R)
                                         _2441_ (net)
                 74.97    1.79  137.89 ^ z[24]$_DFFE_PP0P_/RESETN (DFFASRHQNx1_ASAP7_75t_R)
                                137.89   data arrival time

                          0.00    0.00   clock core_clock (rise edge)
                          0.00    0.00   clock source latency
     1    3.62    0.00    0.00    0.00 ^ clk (in)
                                         clk (net)
                  3.43    1.08    1.08 ^ clkbuf_0_clk/A (BUFx8_ASAP7_75t_R)
    16   50.38   50.43   29.15   30.23 ^ clkbuf_0_clk/Y (BUFx8_ASAP7_75t_R)
                                         clknet_0_clk (net)
                 56.14    8.89   39.12 ^ clkbuf_4_5_0_clk/A (BUFx16f_ASAP7_75t_R)
    20   13.42   12.65   25.50   64.61 ^ clkbuf_4_5_0_clk/Y (BUFx16f_ASAP7_75t_R)
                                         clknet_4_5_0_clk (net)
                 13.95    2.11   66.73 ^ z[24]$_DFFE_PP0P_/CLK (DFFASRHQNx1_ASAP7_75t_R)
                          0.00   66.73   clock reconvergence pessimism
                         27.72   94.45   library removal time
                                 94.45   data required time
-----------------------------------------------------------------------------
                                 94.45   data required time
                               -137.89   data arrival time
-----------------------------------------------------------------------------
                                 43.44   slack (MET)


Startpoint: z[28]$_DFFE_PP0P_
            (rising edge-triggered flip-flop clocked by core_clock)
Endpoint: z[28]$_DFFE_PP0P_
          (rising edge-triggered flip-flop clocked by core_clock)
Path Group: core_clock
Path Type: min

Fanout     Cap    Slew   Delay    Time   Description
-----------------------------------------------------------------------------
                          0.00    0.00   clock core_clock (rise edge)
                          0.00    0.00   clock source latency
     1    3.41    0.00    0.00    0.00 ^ clk (in)
                                         clk (net)
                  3.14    0.99    0.99 ^ clkbuf_0_clk/A (BUFx8_ASAP7_75t_R)
    16   39.83   41.40   26.45   27.44 ^ clkbuf_0_clk/Y (BUFx8_ASAP7_75t_R)
                                         clknet_0_clk (net)
                 45.71    7.02   34.46 ^ clkbuf_4_5_0_clk/A (BUFx16f_ASAP7_75t_R)
    20   11.01   11.00   23.62   58.08 ^ clkbuf_4_5_0_clk/Y (BUFx16f_ASAP7_75t_R)
                                         clknet_4_5_0_clk (net)
                 11.33    0.96   59.04 ^ z[28]$_DFFE_PP0P_/CLK (DFFASRHQNx1_ASAP7_75t_R)
     2    1.62   19.58   43.05  102.09 ^ z[28]$_DFFE_PP0P_/QN (DFFASRHQNx1_ASAP7_75t_R)
                                         _0044_ (net)
                 19.59    0.16  102.25 ^ _6264_/A1 (OAI21x1_ASAP7_75t_R)
     1    0.60    6.53    7.20  109.45 v _6264_/Y (OAI21x1_ASAP7_75t_R)
                                         _2583_ (net)
                  6.53    0.05  109.50 v z[28]$_DFFE_PP0P_/D (DFFASRHQNx1_ASAP7_75t_R)
                                109.50   data arrival time

                          0.00    0.00   clock core_clock (rise edge)
                          0.00    0.00   clock source latency
     1    3.62    0.00    0.00    0.00 ^ clk (in)
                                         clk (net)
                  3.43    1.08    1.08 ^ clkbuf_0_clk/A (BUFx8_ASAP7_75t_R)
    16   50.38   50.43   29.15   30.23 ^ clkbuf_0_clk/Y (BUFx8_ASAP7_75t_R)
                                         clknet_0_clk (net)
                 56.14    8.89   39.12 ^ clkbuf_4_5_0_clk/A (BUFx16f_ASAP7_75t_R)
    20   13.42   12.65   25.50   64.61 ^ clkbuf_4_5_0_clk/Y (BUFx16f_ASAP7_75t_R)
                                         clknet_4_5_0_clk (net)
                 13.06    1.17   65.79 ^ z[28]$_DFFE_PP0P_/CLK (DFFASRHQNx1_ASAP7_75t_R)
                         -6.75   59.04   clock reconvergence pessimism
                         12.49   71.52   library hold time
                                 71.52   data required time
-----------------------------------------------------------------------------
                                 71.52   data required time
                               -109.50   data arrival time
-----------------------------------------------------------------------------
                                 37.97   slack (MET)



==========================================================================
finish report_checks -path_delay max
--------------------------------------------------------------------------
Startpoint: rst (input port clocked by core_clock)
Endpoint: b_mantissa[2]$_DFFE_PP0P_
          (recovery check against rising-edge clock core_clock)
Path Group: asynchronous
Path Type: max

Fanout     Cap    Slew   Delay    Time   Description
-----------------------------------------------------------------------------
                          0.00    0.00   clock core_clock (rise edge)
                          0.00    0.00   clock network delay (propagated)
                        100.00  100.00 v input external delay
     1    0.71    0.00    0.00  100.00 v rst (in)
                                         rst (net)
                  0.12    0.04  100.04 v input256/A (BUFx2_ASAP7_75t_R)
     1    2.02    8.49   12.64  112.68 v input256/Y (BUFx2_ASAP7_75t_R)
                                         net255 (net)
                  8.49    0.09  112.77 v _5544_/A (INVx3_ASAP7_75t_R)
    38   36.72   84.62   27.16  139.93 ^ _5544_/Y (INVx3_ASAP7_75t_R)
                                         _2441_ (net)
                 87.86    9.07  149.00 ^ place1313/A (BUFx6f_ASAP7_75t_R)
    65   65.51   77.80   30.66  179.65 ^ place1313/Y (BUFx6f_ASAP7_75t_R)
                                         net1312 (net)
                114.63   26.53  206.18 ^ place1312/A (BUFx3_ASAP7_75t_R)
    25   25.50   60.72   45.56  251.74 ^ place1312/Y (BUFx3_ASAP7_75t_R)
                                         net1311 (net)
                 67.24   10.48  262.22 ^ b_mantissa[2]$_DFFE_PP0P_/RESETN (DFFASRHQNx1_ASAP7_75t_R)
                                262.22   data arrival time

                        500.00  500.00   clock core_clock (rise edge)
                          0.00  500.00   clock source latency
     1    3.41    0.00    0.00  500.00 ^ clk (in)
                                         clk (net)
                  3.14    0.99  500.99 ^ clkbuf_0_clk/A (BUFx8_ASAP7_75t_R)
    16   39.83   41.40   26.45  527.44 ^ clkbuf_0_clk/Y (BUFx8_ASAP7_75t_R)
                                         clknet_0_clk (net)
                 44.32    5.86  533.30 ^ clkbuf_4_11_0_clk/A (BUFx16f_ASAP7_75t_R)
     6   10.46   10.52   23.45  556.75 ^ clkbuf_4_11_0_clk/Y (BUFx16f_ASAP7_75t_R)
                                         clknet_4_11_0_clk (net)
                 10.74    0.80  557.55 ^ b_mantissa[2]$_DFFE_PP0P_/CLK (DFFASRHQNx1_ASAP7_75t_R)
                          0.00  557.55   clock reconvergence pessimism
                         19.00  576.55   library recovery time
                                576.55   data required time
-----------------------------------------------------------------------------
                                576.55   data required time
                               -262.22   data arrival time
-----------------------------------------------------------------------------
                                314.33   slack (MET)


Startpoint: b_mantissa[7]$_DFFE_PP0P_
            (rising edge-triggered flip-flop clocked by core_clock)
Endpoint: product[36]$_DFFE_PP0N_
          (rising edge-triggered flip-flop clocked by core_clock)
Path Group: core_clock
Path Type: max

Fanout     Cap    Slew   Delay    Time   Description
-----------------------------------------------------------------------------
                          0.00    0.00   clock core_clock (rise edge)
                          0.00    0.00   clock source latency
     1    3.62    0.00    0.00    0.00 ^ clk (in)
                                         clk (net)
                  3.43    1.08    1.08 ^ clkbuf_0_clk/A (BUFx8_ASAP7_75t_R)
    16   50.38   50.43   29.15   30.23 ^ clkbuf_0_clk/Y (BUFx8_ASAP7_75t_R)
                                         clknet_0_clk (net)
                 56.05    8.82   39.05 ^ clkbuf_4_0_0_clk/A (BUFx16f_ASAP7_75t_R)
    20   13.51   12.93   24.93   63.98 ^ clkbuf_4_0_0_clk/Y (BUFx16f_ASAP7_75t_R)
                                         clknet_4_0_0_clk (net)
                 16.97    3.70   67.68 ^ b_mantissa[7]$_DFFE_PP0P_/CLK (DFFASRHQNx1_ASAP7_75t_R)
     1    1.35   18.39   43.42  111.10 v b_mantissa[7]$_DFFE_PP0P_/QN (DFFASRHQNx1_ASAP7_75t_R)
                                         _0119_ (net)
                 18.39    0.05  111.15 v place1151/A (BUFx6f_ASAP7_75t_R)
    11   18.04   21.22   19.11  130.27 v place1151/Y (BUFx6f_ASAP7_75t_R)
                                         net1150 (net)
                 40.76   11.59  141.85 v rebuffer1392/A (BUFx6f_ASAP7_75t_R)
     1    1.19    5.77   19.94  161.79 v rebuffer1392/Y (BUFx6f_ASAP7_75t_R)
                                         net1391 (net)
                  5.77    0.11  161.90 v _5012_/A (NOR2x1_ASAP7_75t_R)
     1    2.05   17.85   12.25  174.15 ^ _5012_/Y (NOR2x1_ASAP7_75t_R)
                                         _0413_ (net)
                 17.86    0.13  174.28 ^ _8230_/A (FAx1_ASAP7_75t_R)
     1    2.36   58.92   59.15  233.43 v _8230_/SN (FAx1_ASAP7_75t_R)
                                         _4447_ (net)
                 58.92    0.19  233.62 v _8231_/B (FAx1_ASAP7_75t_R)
     1    0.71   38.28   31.73  265.35 ^ _8231_/CON (FAx1_ASAP7_75t_R)
                                         _1619_ (net)
                 38.28    0.04  265.39 ^ _8057_/A (INVx1_ASAP7_75t_R)
     1    2.40   21.11   16.28  281.68 v _8057_/Y (INVx1_ASAP7_75t_R)
                                         _0415_ (net)
                 21.12    0.29  281.96 v _8248_/B (FAx1_ASAP7_75t_R)
     1    0.85   30.57   22.92  304.89 ^ _8248_/CON (FAx1_ASAP7_75t_R)
                                         _1644_ (net)
     1    0.81   23.82   14.81  319.69 v _8248_/SN (FAx1_ASAP7_75t_R)
                                         _1622_ (net)
                 23.83    0.06  319.76 v _8058_/A (INVx1_ASAP7_75t_R)
     1    2.29   19.55   15.04  334.80 ^ _8058_/Y (INVx1_ASAP7_75t_R)
                                         _0456_ (net)
                 19.55    0.17  334.97 ^ _8249_/B (FAx1_ASAP7_75t_R)
     1    0.79   25.03   35.62  370.59 v _8249_/SN (FAx1_ASAP7_75t_R)
                                         _4462_ (net)
                 25.03    0.07  370.66 v place948/A (BUFx3_ASAP7_75t_R)
     1    2.03    7.40   18.66  389.32 v place948/Y (BUFx3_ASAP7_75t_R)
                                         net947 (net)
                  7.41    0.12  389.44 v _8250_/A (FAx1_ASAP7_75t_R)
     1    2.39   48.41   27.28  416.71 ^ _8250_/CON (FAx1_ASAP7_75t_R)
                                         _4475_ (net)
     1    1.73   44.92   23.10  439.81 v _8250_/SN (FAx1_ASAP7_75t_R)
                                         _4465_ (net)
                 44.92    0.20  440.01 v _8252_/CI (FAx1_ASAP7_75t_R)
     1    0.82   29.13   43.32  483.33 v _8252_/SN (FAx1_ASAP7_75t_R)
                                         _1628_ (net)
                 29.13    0.10  483.43 v _8090_/A (INVx1_ASAP7_75t_R)
     1    1.70   17.68   14.18  497.61 ^ _8090_/Y (INVx1_ASAP7_75t_R)
                                         _0463_ (net)
                 17.69    0.18  497.79 ^ _8253_/CI (FAx1_ASAP7_75t_R)
     1    1.45   26.77   19.64  517.43 v _8253_/CON (FAx1_ASAP7_75t_R)
                                         _4741_ (net)
     1    0.78   30.63   16.38  533.82 ^ _8253_/SN (FAx1_ASAP7_75t_R)
                                         _4737_ (net)
                 30.63    0.10  533.91 ^ place926/A (BUFx3_ASAP7_75t_R)
     1    1.52    7.30   17.73  551.64 ^ place926/Y (BUFx3_ASAP7_75t_R)
                                         net925 (net)
                  7.38    0.38  552.02 ^ _8691_/A (HAxp5_ASAP7_75t_R)
     2    3.66   50.43   23.89  575.92 v _8691_/CON (HAxp5_ASAP7_75t_R)
                                         _1630_ (net)
     1    1.31   30.09   19.95  595.87 ^ _8691_/SN (HAxp5_ASAP7_75t_R)
                                         _1631_ (net)
                 30.09    0.22  596.09 ^ place902/A (BUFx3_ASAP7_75t_R)
     4    7.09   18.64   22.94  619.04 ^ place902/Y (BUFx3_ASAP7_75t_R)
                                         net901 (net)
                 18.76    0.84  619.88 ^ _6919_/B (NOR2x2_ASAP7_75t_R)
     3    3.51   16.48   13.41  633.29 v _6919_/Y (NOR2x2_ASAP7_75t_R)
                                         _3911_ (net)
                 16.51    0.39  633.68 v _6920_/B (AND2x2_ASAP7_75t_R)
     3    2.27   10.59   21.28  654.96 v _6920_/Y (AND2x2_ASAP7_75t_R)
                                         _3912_ (net)
                 10.59    0.09  655.05 v _6924_/A2 (AO21x1_ASAP7_75t_R)
     2    1.42   10.58   17.13  672.18 v _6924_/Y (AO21x1_ASAP7_75t_R)
                                         _3916_ (net)
                 10.58    0.05  672.23 v _6925_/B (AO21x1_ASAP7_75t_R)
     2    1.77   12.42   19.22  691.45 v _6925_/Y (AO21x1_ASAP7_75t_R)
                                         _3917_ (net)
                 12.43    0.16  691.61 v _7016_/A2 (AO21x1_ASAP7_75t_R)
     2    1.92   13.23   18.80  710.41 v _7016_/Y (AO21x1_ASAP7_75t_R)
                                         _4000_ (net)
                 13.26    0.30  710.71 v _7116_/A2 (AO21x1_ASAP7_75t_R)
     1    1.43   10.70   17.77  728.48 v _7116_/Y (AO21x1_ASAP7_75t_R)
                                         _4091_ (net)
                 10.72    0.22  728.70 v _7118_/A (XOR2x2_ASAP7_75t_R)
     1    0.76    7.99   27.42  756.12 ^ _7118_/Y (XOR2x2_ASAP7_75t_R)
                                         _4093_ (net)
                  8.00    0.07  756.19 ^ _7120_/A1 (AO21x1_ASAP7_75t_R)
     1    0.64    9.75   12.57  768.76 ^ _7120_/Y (AO21x1_ASAP7_75t_R)
                                         _2540_ (net)
                  9.75    0.05  768.80 ^ product[36]$_DFFE_PP0N_/D (DFFASRHQNx1_ASAP7_75t_R)
                                768.80   data arrival time

                        500.00  500.00   clock core_clock (rise edge)
                          0.00  500.00   clock source latency
     1    3.41    0.00    0.00  500.00 ^ clk (in)
                                         clk (net)
                  3.14    0.99  500.99 ^ clkbuf_0_clk/A (BUFx8_ASAP7_75t_R)
    16   39.83   41.40   26.45  527.44 ^ clkbuf_0_clk/Y (BUFx8_ASAP7_75t_R)
                                         clknet_0_clk (net)
                 44.14    5.70  533.14 ^ clkbuf_4_12_0_clk/A (BUFx16f_ASAP7_75t_R)
    12    9.99   10.40   23.18  556.32 ^ clkbuf_4_12_0_clk/Y (BUFx16f_ASAP7_75t_R)
                                         clknet_4_12_0_clk (net)
                 10.43    0.27  556.59 ^ product[36]$_DFFE_PP0N_/CLK (DFFASRHQNx1_ASAP7_75t_R)
                          2.79  559.39   clock reconvergence pessimism
                        -12.24  547.15   library setup time
                                547.15   data required time
-----------------------------------------------------------------------------
                                547.15   data required time
                               -768.80   data arrival time
-----------------------------------------------------------------------------
                               -221.66   slack (VIOLATED)



==========================================================================
finish report_checks -unconstrained
--------------------------------------------------------------------------
Startpoint: rst (input port clocked by core_clock)
Endpoint: b_mantissa[2]$_DFFE_PP0P_
          (recovery check against rising-edge clock core_clock)
Path Group: asynchronous
Path Type: max

Fanout     Cap    Slew   Delay    Time   Description
-----------------------------------------------------------------------------
                          0.00    0.00   clock core_clock (rise edge)
                          0.00    0.00   clock network delay (propagated)
                        100.00  100.00 v input external delay
     1    0.71    0.00    0.00  100.00 v rst (in)
                                         rst (net)
                  0.12    0.04  100.04 v input256/A (BUFx2_ASAP7_75t_R)
     1    2.02    8.49   12.64  112.68 v input256/Y (BUFx2_ASAP7_75t_R)
                                         net255 (net)
                  8.49    0.09  112.77 v _5544_/A (INVx3_ASAP7_75t_R)
    38   36.72   84.62   27.16  139.93 ^ _5544_/Y (INVx3_ASAP7_75t_R)
                                         _2441_ (net)
                 87.86    9.07  149.00 ^ place1313/A (BUFx6f_ASAP7_75t_R)
    65   65.51   77.80   30.66  179.65 ^ place1313/Y (BUFx6f_ASAP7_75t_R)
                                         net1312 (net)
                114.63   26.53  206.18 ^ place1312/A (BUFx3_ASAP7_75t_R)
    25   25.50   60.72   45.56  251.74 ^ place1312/Y (BUFx3_ASAP7_75t_R)
                                         net1311 (net)
                 67.24   10.48  262.22 ^ b_mantissa[2]$_DFFE_PP0P_/RESETN (DFFASRHQNx1_ASAP7_75t_R)
                                262.22   data arrival time

                        500.00  500.00   clock core_clock (rise edge)
                          0.00  500.00   clock source latency
     1    3.41    0.00    0.00  500.00 ^ clk (in)
                                         clk (net)
                  3.14    0.99  500.99 ^ clkbuf_0_clk/A (BUFx8_ASAP7_75t_R)
    16   39.83   41.40   26.45  527.44 ^ clkbuf_0_clk/Y (BUFx8_ASAP7_75t_R)
                                         clknet_0_clk (net)
                 44.32    5.86  533.30 ^ clkbuf_4_11_0_clk/A (BUFx16f_ASAP7_75t_R)
     6   10.46   10.52   23.45  556.75 ^ clkbuf_4_11_0_clk/Y (BUFx16f_ASAP7_75t_R)
                                         clknet_4_11_0_clk (net)
                 10.74    0.80  557.55 ^ b_mantissa[2]$_DFFE_PP0P_/CLK (DFFASRHQNx1_ASAP7_75t_R)
                          0.00  557.55   clock reconvergence pessimism
                         19.00  576.55   library recovery time
                                576.55   data required time
-----------------------------------------------------------------------------
                                576.55   data required time
                               -262.22   data arrival time
-----------------------------------------------------------------------------
                                314.33   slack (MET)


Startpoint: b_mantissa[7]$_DFFE_PP0P_
            (rising edge-triggered flip-flop clocked by core_clock)
Endpoint: product[36]$_DFFE_PP0N_
          (rising edge-triggered flip-flop clocked by core_clock)
Path Group: core_clock
Path Type: max

Fanout     Cap    Slew   Delay    Time   Description
-----------------------------------------------------------------------------
                          0.00    0.00   clock core_clock (rise edge)
                          0.00    0.00   clock source latency
     1    3.62    0.00    0.00    0.00 ^ clk (in)
                                         clk (net)
                  3.43    1.08    1.08 ^ clkbuf_0_clk/A (BUFx8_ASAP7_75t_R)
    16   50.38   50.43   29.15   30.23 ^ clkbuf_0_clk/Y (BUFx8_ASAP7_75t_R)
                                         clknet_0_clk (net)
                 56.05    8.82   39.05 ^ clkbuf_4_0_0_clk/A (BUFx16f_ASAP7_75t_R)
    20   13.51   12.93   24.93   63.98 ^ clkbuf_4_0_0_clk/Y (BUFx16f_ASAP7_75t_R)
                                         clknet_4_0_0_clk (net)
                 16.97    3.70   67.68 ^ b_mantissa[7]$_DFFE_PP0P_/CLK (DFFASRHQNx1_ASAP7_75t_R)
     1    1.35   18.39   43.42  111.10 v b_mantissa[7]$_DFFE_PP0P_/QN (DFFASRHQNx1_ASAP7_75t_R)
                                         _0119_ (net)
                 18.39    0.05  111.15 v place1151/A (BUFx6f_ASAP7_75t_R)
    11   18.04   21.22   19.11  130.27 v place1151/Y (BUFx6f_ASAP7_75t_R)
                                         net1150 (net)
                 40.76   11.59  141.85 v rebuffer1392/A (BUFx6f_ASAP7_75t_R)
     1    1.19    5.77   19.94  161.79 v rebuffer1392/Y (BUFx6f_ASAP7_75t_R)
                                         net1391 (net)
                  5.77    0.11  161.90 v _5012_/A (NOR2x1_ASAP7_75t_R)
     1    2.05   17.85   12.25  174.15 ^ _5012_/Y (NOR2x1_ASAP7_75t_R)
                                         _0413_ (net)
                 17.86    0.13  174.28 ^ _8230_/A (FAx1_ASAP7_75t_R)
     1    2.36   58.92   59.15  233.43 v _8230_/SN (FAx1_ASAP7_75t_R)
                                         _4447_ (net)
                 58.92    0.19  233.62 v _8231_/B (FAx1_ASAP7_75t_R)
     1    0.71   38.28   31.73  265.35 ^ _8231_/CON (FAx1_ASAP7_75t_R)
                                         _1619_ (net)
                 38.28    0.04  265.39 ^ _8057_/A (INVx1_ASAP7_75t_R)
     1    2.40   21.11   16.28  281.68 v _8057_/Y (INVx1_ASAP7_75t_R)
                                         _0415_ (net)
                 21.12    0.29  281.96 v _8248_/B (FAx1_ASAP7_75t_R)
     1    0.85   30.57   22.92  304.89 ^ _8248_/CON (FAx1_ASAP7_75t_R)
                                         _1644_ (net)
     1    0.81   23.82   14.81  319.69 v _8248_/SN (FAx1_ASAP7_75t_R)
                                         _1622_ (net)
                 23.83    0.06  319.76 v _8058_/A (INVx1_ASAP7_75t_R)
     1    2.29   19.55   15.04  334.80 ^ _8058_/Y (INVx1_ASAP7_75t_R)
                                         _0456_ (net)
                 19.55    0.17  334.97 ^ _8249_/B (FAx1_ASAP7_75t_R)
     1    0.79   25.03   35.62  370.59 v _8249_/SN (FAx1_ASAP7_75t_R)
                                         _4462_ (net)
                 25.03    0.07  370.66 v place948/A (BUFx3_ASAP7_75t_R)
     1    2.03    7.40   18.66  389.32 v place948/Y (BUFx3_ASAP7_75t_R)
                                         net947 (net)
                  7.41    0.12  389.44 v _8250_/A (FAx1_ASAP7_75t_R)
     1    2.39   48.41   27.28  416.71 ^ _8250_/CON (FAx1_ASAP7_75t_R)
                                         _4475_ (net)
     1    1.73   44.92   23.10  439.81 v _8250_/SN (FAx1_ASAP7_75t_R)
                                         _4465_ (net)
                 44.92    0.20  440.01 v _8252_/CI (FAx1_ASAP7_75t_R)
     1    0.82   29.13   43.32  483.33 v _8252_/SN (FAx1_ASAP7_75t_R)
                                         _1628_ (net)
                 29.13    0.10  483.43 v _8090_/A (INVx1_ASAP7_75t_R)
     1    1.70   17.68   14.18  497.61 ^ _8090_/Y (INVx1_ASAP7_75t_R)
                                         _0463_ (net)
                 17.69    0.18  497.79 ^ _8253_/CI (FAx1_ASAP7_75t_R)
     1    1.45   26.77   19.64  517.43 v _8253_/CON (FAx1_ASAP7_75t_R)
                                         _4741_ (net)
     1    0.78   30.63   16.38  533.82 ^ _8253_/SN (FAx1_ASAP7_75t_R)
                                         _4737_ (net)
                 30.63    0.10  533.91 ^ place926/A (BUFx3_ASAP7_75t_R)
     1    1.52    7.30   17.73  551.64 ^ place926/Y (BUFx3_ASAP7_75t_R)
                                         net925 (net)
                  7.38    0.38  552.02 ^ _8691_/A (HAxp5_ASAP7_75t_R)
     2    3.66   50.43   23.89  575.92 v _8691_/CON (HAxp5_ASAP7_75t_R)
                                         _1630_ (net)
     1    1.31   30.09   19.95  595.87 ^ _8691_/SN (HAxp5_ASAP7_75t_R)
                                         _1631_ (net)
                 30.09    0.22  596.09 ^ place902/A (BUFx3_ASAP7_75t_R)
     4    7.09   18.64   22.94  619.04 ^ place902/Y (BUFx3_ASAP7_75t_R)
                                         net901 (net)
                 18.76    0.84  619.88 ^ _6919_/B (NOR2x2_ASAP7_75t_R)
     3    3.51   16.48   13.41  633.29 v _6919_/Y (NOR2x2_ASAP7_75t_R)
                                         _3911_ (net)
                 16.51    0.39  633.68 v _6920_/B (AND2x2_ASAP7_75t_R)
     3    2.27   10.59   21.28  654.96 v _6920_/Y (AND2x2_ASAP7_75t_R)
                                         _3912_ (net)
                 10.59    0.09  655.05 v _6924_/A2 (AO21x1_ASAP7_75t_R)
     2    1.42   10.58   17.13  672.18 v _6924_/Y (AO21x1_ASAP7_75t_R)
                                         _3916_ (net)
                 10.58    0.05  672.23 v _6925_/B (AO21x1_ASAP7_75t_R)
     2    1.77   12.42   19.22  691.45 v _6925_/Y (AO21x1_ASAP7_75t_R)
                                         _3917_ (net)
                 12.43    0.16  691.61 v _7016_/A2 (AO21x1_ASAP7_75t_R)
     2    1.92   13.23   18.80  710.41 v _7016_/Y (AO21x1_ASAP7_75t_R)
                                         _4000_ (net)
                 13.26    0.30  710.71 v _7116_/A2 (AO21x1_ASAP7_75t_R)
     1    1.43   10.70   17.77  728.48 v _7116_/Y (AO21x1_ASAP7_75t_R)
                                         _4091_ (net)
                 10.72    0.22  728.70 v _7118_/A (XOR2x2_ASAP7_75t_R)
     1    0.76    7.99   27.42  756.12 ^ _7118_/Y (XOR2x2_ASAP7_75t_R)
                                         _4093_ (net)
                  8.00    0.07  756.19 ^ _7120_/A1 (AO21x1_ASAP7_75t_R)
     1    0.64    9.75   12.57  768.76 ^ _7120_/Y (AO21x1_ASAP7_75t_R)
                                         _2540_ (net)
                  9.75    0.05  768.80 ^ product[36]$_DFFE_PP0N_/D (DFFASRHQNx1_ASAP7_75t_R)
                                768.80   data arrival time

                        500.00  500.00   clock core_clock (rise edge)
                          0.00  500.00   clock source latency
     1    3.41    0.00    0.00  500.00 ^ clk (in)
                                         clk (net)
                  3.14    0.99  500.99 ^ clkbuf_0_clk/A (BUFx8_ASAP7_75t_R)
    16   39.83   41.40   26.45  527.44 ^ clkbuf_0_clk/Y (BUFx8_ASAP7_75t_R)
                                         clknet_0_clk (net)
                 44.14    5.70  533.14 ^ clkbuf_4_12_0_clk/A (BUFx16f_ASAP7_75t_R)
    12    9.99   10.40   23.18  556.32 ^ clkbuf_4_12_0_clk/Y (BUFx16f_ASAP7_75t_R)
                                         clknet_4_12_0_clk (net)
                 10.43    0.27  556.59 ^ product[36]$_DFFE_PP0N_/CLK (DFFASRHQNx1_ASAP7_75t_R)
                          2.79  559.39   clock reconvergence pessimism
                        -12.24  547.15   library setup time
                                547.15   data required time
-----------------------------------------------------------------------------
                                547.15   data required time
                               -768.80   data arrival time
-----------------------------------------------------------------------------
                               -221.66   slack (VIOLATED)



==========================================================================
finish report_check_types -max_slew -max_cap -max_fanout -violators
--------------------------------------------------------------------------

==========================================================================
finish max_slew_check_slack
--------------------------------------------------------------------------
121.83336639404297

==========================================================================
finish max_slew_check_limit
--------------------------------------------------------------------------
320.0

==========================================================================
finish max_slew_check_slack_limit
--------------------------------------------------------------------------
0.3807

==========================================================================
finish max_fanout_check_slack
--------------------------------------------------------------------------
1.0000000150474662e+30

==========================================================================
finish max_fanout_check_limit
--------------------------------------------------------------------------
1.0000000150474662e+30

==========================================================================
finish max_capacitance_check_slack
--------------------------------------------------------------------------
11.560124397277832

==========================================================================
finish max_capacitance_check_limit
--------------------------------------------------------------------------
23.040000915527344

==========================================================================
finish max_capacitance_check_slack_limit
--------------------------------------------------------------------------
0.5017

==========================================================================
finish max_slew_violation_count
--------------------------------------------------------------------------
max slew violation count 0

==========================================================================
finish max_fanout_violation_count
--------------------------------------------------------------------------
max fanout violation count 0

==========================================================================
finish max_cap_violation_count
--------------------------------------------------------------------------
max cap violation count 0

==========================================================================
finish setup_violation_count
--------------------------------------------------------------------------
setup violation count 42

==========================================================================
finish hold_violation_count
--------------------------------------------------------------------------
hold violation count 0

==========================================================================
finish report_checks -path_delay max reg to reg
--------------------------------------------------------------------------
Startpoint: b_mantissa[7]$_DFFE_PP0P_
            (rising edge-triggered flip-flop clocked by core_clock)
Endpoint: product[36]$_DFFE_PP0N_
          (rising edge-triggered flip-flop clocked by core_clock)
Path Group: core_clock
Path Type: max

  Delay    Time   Description
---------------------------------------------------------
   0.00    0.00   clock core_clock (rise edge)
   0.00    0.00   clock source latency
   0.00    0.00 ^ clk (in)
  30.23   30.23 ^ clkbuf_0_clk/Y (BUFx8_ASAP7_75t_R)
  33.75   63.98 ^ clkbuf_4_0_0_clk/Y (BUFx16f_ASAP7_75t_R)
   3.70   67.68 ^ b_mantissa[7]$_DFFE_PP0P_/CLK (DFFASRHQNx1_ASAP7_75t_R)
  43.42  111.10 v b_mantissa[7]$_DFFE_PP0P_/QN (DFFASRHQNx1_ASAP7_75t_R)
  19.17  130.27 v place1151/Y (BUFx6f_ASAP7_75t_R)
  31.53  161.79 v rebuffer1392/Y (BUFx6f_ASAP7_75t_R)
  12.35  174.15 ^ _5012_/Y (NOR2x1_ASAP7_75t_R)
  59.28  233.43 v _8230_/SN (FAx1_ASAP7_75t_R)
  31.92  265.35 ^ _8231_/CON (FAx1_ASAP7_75t_R)
  16.32  281.68 v _8057_/Y (INVx1_ASAP7_75t_R)
  23.21  304.89 ^ _8248_/CON (FAx1_ASAP7_75t_R)
  14.81  319.69 v _8248_/SN (FAx1_ASAP7_75t_R)
  15.10  334.80 ^ _8058_/Y (INVx1_ASAP7_75t_R)
  35.79  370.59 v _8249_/SN (FAx1_ASAP7_75t_R)
  18.73  389.32 v place948/Y (BUFx3_ASAP7_75t_R)
  27.40  416.71 ^ _8250_/CON (FAx1_ASAP7_75t_R)
  23.10  439.81 v _8250_/SN (FAx1_ASAP7_75t_R)
  43.52  483.33 v _8252_/SN (FAx1_ASAP7_75t_R)
  14.28  497.61 ^ _8090_/Y (INVx1_ASAP7_75t_R)
  19.82  517.43 v _8253_/CON (FAx1_ASAP7_75t_R)
  16.38  533.82 ^ _8253_/SN (FAx1_ASAP7_75t_R)
  17.82  551.64 ^ place926/Y (BUFx3_ASAP7_75t_R)
  24.28  575.92 v _8691_/CON (HAxp5_ASAP7_75t_R)
  19.95  595.87 ^ _8691_/SN (HAxp5_ASAP7_75t_R)
  23.17  619.04 ^ place902/Y (BUFx3_ASAP7_75t_R)
  14.25  633.29 v _6919_/Y (NOR2x2_ASAP7_75t_R)
  21.67  654.96 v _6920_/Y (AND2x2_ASAP7_75t_R)
  17.22  672.18 v _6924_/Y (AO21x1_ASAP7_75t_R)
  19.27  691.45 v _6925_/Y (AO21x1_ASAP7_75t_R)
  18.96  710.41 v _7016_/Y (AO21x1_ASAP7_75t_R)
  18.07  728.48 v _7116_/Y (AO21x1_ASAP7_75t_R)
  27.64  756.12 ^ _7118_/Y (XOR2x2_ASAP7_75t_R)
  12.63  768.76 ^ _7120_/Y (AO21x1_ASAP7_75t_R)
   0.05  768.80 ^ product[36]$_DFFE_PP0N_/D (DFFASRHQNx1_ASAP7_75t_R)
         768.80   data arrival time

 500.00  500.00   clock core_clock (rise edge)
   0.00  500.00   clock source latency
   0.00  500.00 ^ clk (in)
  27.44  527.44 ^ clkbuf_0_clk/Y (BUFx8_ASAP7_75t_R)
  28.88  556.32 ^ clkbuf_4_12_0_clk/Y (BUFx16f_ASAP7_75t_R)
   0.27  556.59 ^ product[36]$_DFFE_PP0N_/CLK (DFFASRHQNx1_ASAP7_75t_R)
   2.79  559.39   clock reconvergence pessimism
 -12.24  547.15   library setup time
         547.15   data required time
---------------------------------------------------------
         547.15   data required time
        -768.80   data arrival time
---------------------------------------------------------
        -221.66   slack (VIOLATED)



==========================================================================
finish report_checks -path_delay min reg to reg
--------------------------------------------------------------------------
Startpoint: z[28]$_DFFE_PP0P_
            (rising edge-triggered flip-flop clocked by core_clock)
Endpoint: z[28]$_DFFE_PP0P_
          (rising edge-triggered flip-flop clocked by core_clock)
Path Group: core_clock
Path Type: min

  Delay    Time   Description
---------------------------------------------------------
   0.00    0.00   clock core_clock (rise edge)
   0.00    0.00   clock source latency
   0.00    0.00 ^ clk (in)
  27.44   27.44 ^ clkbuf_0_clk/Y (BUFx8_ASAP7_75t_R)
  30.64   58.08 ^ clkbuf_4_5_0_clk/Y (BUFx16f_ASAP7_75t_R)
   0.96   59.04 ^ z[28]$_DFFE_PP0P_/CLK (DFFASRHQNx1_ASAP7_75t_R)
  43.05  102.09 ^ z[28]$_DFFE_PP0P_/QN (DFFASRHQNx1_ASAP7_75t_R)
   7.36  109.45 v _6264_/Y (OAI21x1_ASAP7_75t_R)
   0.05  109.50 v z[28]$_DFFE_PP0P_/D (DFFASRHQNx1_ASAP7_75t_R)
         109.50   data arrival time

   0.00    0.00   clock core_clock (rise edge)
   0.00    0.00   clock source latency
   0.00    0.00 ^ clk (in)
  30.23   30.23 ^ clkbuf_0_clk/Y (BUFx8_ASAP7_75t_R)
  34.38   64.61 ^ clkbuf_4_5_0_clk/Y (BUFx16f_ASAP7_75t_R)
   1.17   65.79 ^ z[28]$_DFFE_PP0P_/CLK (DFFASRHQNx1_ASAP7_75t_R)
  -6.75   59.04   clock reconvergence pessimism
  12.49   71.52   library hold time
          71.52   data required time
---------------------------------------------------------
          71.52   data required time
        -109.50   data arrival time
---------------------------------------------------------
          37.97   slack (MET)



==========================================================================
finish critical path target clock latency max path
--------------------------------------------------------------------------
57.5541

==========================================================================
finish critical path target clock latency min path
--------------------------------------------------------------------------
66.7276

==========================================================================
finish critical path source clock latency min path
--------------------------------------------------------------------------
0.0000

==========================================================================
finish critical path delay
--------------------------------------------------------------------------
768.8047

==========================================================================
finish critical path slack
--------------------------------------------------------------------------
-221.6560

==========================================================================
finish slack div critical path delay
--------------------------------------------------------------------------
-28.831249

==========================================================================
finish report_power
--------------------------------------------------------------------------
Group                  Internal  Switching    Leakage      Total
                          Power      Power      Power      Power (Watts)
----------------------------------------------------------------
Sequential             6.74e-04   1.89e-04   1.55e-08   8.63e-04   4.5%
Combinational          8.81e-03   9.07e-03   3.33e-07   1.79e-02  92.2%
Clock                  3.41e-04   3.05e-04   7.00e-09   6.46e-04   3.3%
Macro                  0.00e+00   0.00e+00   0.00e+00   0.00e+00   0.0%
Pad                    0.00e+00   0.00e+00   0.00e+00   0.00e+00   0.0%
----------------------------------------------------------------
Total                  9.82e-03   9.57e-03   3.56e-07   1.94e-02 100.0%
                          50.7%      49.3%       0.0%
