
==========================================================================
cts final report_tns
--------------------------------------------------------------------------
tns max 0.00

==========================================================================
cts final report_wns
--------------------------------------------------------------------------
wns max 0.00

==========================================================================
cts final report_worst_slack
--------------------------------------------------------------------------
worst slack max 165.43

==========================================================================
cts final report_clock_min_period
--------------------------------------------------------------------------
core_clock period_min = 334.57 fmax = 2988.93

==========================================================================
cts final report_clock_skew
--------------------------------------------------------------------------
Clock core_clock
  44.65 source latency res_valid$_SDFFE_PP0P_/CLK ^
 -41.94 target latency NEG_DIVISOR[1]$_DFFE_PP_/CLK ^
  -0.61 CRPR
--------------
   2.09 setup skew


==========================================================================
cts final report_checks -path_delay min
--------------------------------------------------------------------------
Startpoint: NEG_DIVISOR[3]$_DFFE_PP_
            (rising edge-triggered flip-flop clocked by core_clock)
Endpoint: NEG_DIVISOR[3]$_DFFE_PP_
          (rising edge-triggered flip-flop clocked by core_clock)
Path Group: core_clock
Path Type: min

Fanout     Cap    Slew   Delay    Time   Description
-----------------------------------------------------------------------------
                          0.00    0.00   clock core_clock (rise edge)
                          0.00    0.00   clock source latency
     1    2.46    0.00    0.00    0.00 ^ clk (in)
                                         clk (net)
                  2.37    0.75    0.75 ^ clkbuf_0_clk/A (BUFx4_ASAP7_75t_R)
     4    3.59   10.90   17.67   18.41 ^ clkbuf_0_clk/Y (BUFx4_ASAP7_75t_R)
                                         clknet_0_clk (net)
                 10.93    0.27   18.69 ^ clkbuf_2_1__f_clk/A (BUFx4_ASAP7_75t_R)
     7    7.48   16.80   23.74   42.43 ^ clkbuf_2_1__f_clk/Y (BUFx4_ASAP7_75t_R)
                                         clknet_2_1__leaf_clk (net)
                 16.83    0.38   42.81 ^ NEG_DIVISOR[3]$_DFFE_PP_/CLK (DFFHQNx1_ASAP7_75t_R)
     1    0.53   11.06   36.18   78.99 ^ NEG_DIVISOR[3]$_DFFE_PP_/QN (DFFHQNx1_ASAP7_75t_R)
                                         _025_ (net)
                 11.06    0.02   79.01 ^ _324_/A (INVx1_ASAP7_75t_R)
     2    1.71   11.23    8.79   87.80 v _324_/Y (INVx1_ASAP7_75t_R)
                                         NEG_DIVISOR[3] (net)
                 11.24    0.06   87.86 v _354_/A1 (OA21x2_ASAP7_75t_R)
     1    0.60    4.33   16.88  104.74 v _354_/Y (OA21x2_ASAP7_75t_R)
                                         _068_ (net)
                  4.33    0.02  104.76 v NEG_DIVISOR[3]$_DFFE_PP_/D (DFFHQNx1_ASAP7_75t_R)
                                104.76   data arrival time

                          0.00    0.00   clock core_clock (rise edge)
                          0.00    0.00   clock source latency
     1    2.60    0.00    0.00    0.00 ^ clk (in)
                                         clk (net)
                  2.60    0.82    0.82 ^ clkbuf_0_clk/A (BUFx4_ASAP7_75t_R)
     4    4.14   11.87   18.21   19.03 ^ clkbuf_0_clk/Y (BUFx4_ASAP7_75t_R)
                                         clknet_0_clk (net)
                 11.90    0.32   19.35 ^ clkbuf_2_1__f_clk/A (BUFx4_ASAP7_75t_R)
     7    8.75   18.85   25.00   44.35 ^ clkbuf_2_1__f_clk/Y (BUFx4_ASAP7_75t_R)
                                         clknet_2_1__leaf_clk (net)
                 18.88    0.45   44.80 ^ NEG_DIVISOR[3]$_DFFE_PP_/CLK (DFFHQNx1_ASAP7_75t_R)
                         -1.99   42.81   clock reconvergence pessimism
                         13.42   56.23   library hold time
                                 56.23   data required time
-----------------------------------------------------------------------------
                                 56.23   data required time
                               -104.76   data arrival time
-----------------------------------------------------------------------------
                                 48.53   slack (MET)



==========================================================================
cts final report_checks -path_delay max
--------------------------------------------------------------------------
Startpoint: sign (input port clocked by core_clock)
Endpoint: result[5] (output port clocked by core_clock)
Path Group: core_clock
Path Type: max

Fanout     Cap    Slew   Delay    Time   Description
-----------------------------------------------------------------------------
                          0.00    0.00   clock core_clock (rise edge)
                          0.00    0.00   clock network delay (propagated)
                        100.00  100.00 v input external delay
     1    0.79    0.00    0.00  100.00 v sign (in)
                                         sign (net)
                  0.10    0.03  100.03 v input20/A (BUFx2_ASAP7_75t_R)
    16   14.98   42.76   27.93  127.96 v input20/Y (BUFx2_ASAP7_75t_R)
                                         net20 (net)
                 43.03    1.94  129.90 v _565_/A (NAND2x1_ASAP7_75t_R)
     7    7.69   63.35   44.06  173.96 ^ _565_/Y (NAND2x1_ASAP7_75t_R)
                                         _292_ (net)
                 63.37    0.68  174.65 ^ _579_/A (NOR2x1_ASAP7_75t_R)
     1    1.04   21.09   20.91  195.55 v _579_/Y (NOR2x1_ASAP7_75t_R)
                                         _302_ (net)
                 21.09    0.05  195.60 v _580_/B (XNOR2x2_ASAP7_75t_R)
     1    0.73    8.36   26.97  222.57 ^ _580_/Y (XNOR2x2_ASAP7_75t_R)
                                         net33 (net)
                  8.36    0.04  222.61 ^ output33/A (BUFx2_ASAP7_75t_R)
     1    0.24    4.24   11.95  234.56 ^ output33/Y (BUFx2_ASAP7_75t_R)
                                         result[5] (net)
                  4.24    0.01  234.57 ^ result[5] (out)
                                234.57   data arrival time

                        500.00  500.00   clock core_clock (rise edge)
                          0.00  500.00   clock network delay (propagated)
                          0.00  500.00   clock reconvergence pessimism
                       -100.00  400.00   output external delay
                                400.00   data required time
-----------------------------------------------------------------------------
                                400.00   data required time
                               -234.57   data arrival time
-----------------------------------------------------------------------------
                                165.43   slack (MET)



==========================================================================
cts final report_checks -unconstrained
--------------------------------------------------------------------------
Startpoint: sign (input port clocked by core_clock)
Endpoint: result[5] (output port clocked by core_clock)
Path Group: core_clock
Path Type: max

Fanout     Cap    Slew   Delay    Time   Description
-----------------------------------------------------------------------------
                          0.00    0.00   clock core_clock (rise edge)
                          0.00    0.00   clock network delay (propagated)
                        100.00  100.00 v input external delay
     1    0.79    0.00    0.00  100.00 v sign (in)
                                         sign (net)
                  0.10    0.03  100.03 v input20/A (BUFx2_ASAP7_75t_R)
    16   14.98   42.76   27.93  127.96 v input20/Y (BUFx2_ASAP7_75t_R)
                                         net20 (net)
                 43.03    1.94  129.90 v _565_/A (NAND2x1_ASAP7_75t_R)
     7    7.69   63.35   44.06  173.96 ^ _565_/Y (NAND2x1_ASAP7_75t_R)
                                         _292_ (net)
                 63.37    0.68  174.65 ^ _579_/A (NOR2x1_ASAP7_75t_R)
     1    1.04   21.09   20.91  195.55 v _579_/Y (NOR2x1_ASAP7_75t_R)
                                         _302_ (net)
                 21.09    0.05  195.60 v _580_/B (XNOR2x2_ASAP7_75t_R)
     1    0.73    8.36   26.97  222.57 ^ _580_/Y (XNOR2x2_ASAP7_75t_R)
                                         net33 (net)
                  8.36    0.04  222.61 ^ output33/A (BUFx2_ASAP7_75t_R)
     1    0.24    4.24   11.95  234.56 ^ output33/Y (BUFx2_ASAP7_75t_R)
                                         result[5] (net)
                  4.24    0.01  234.57 ^ result[5] (out)
                                234.57   data arrival time

                        500.00  500.00   clock core_clock (rise edge)
                          0.00  500.00   clock network delay (propagated)
                          0.00  500.00   clock reconvergence pessimism
                       -100.00  400.00   output external delay
                                400.00   data required time
-----------------------------------------------------------------------------
                                400.00   data required time
                               -234.57   data arrival time
-----------------------------------------------------------------------------
                                165.43   slack (MET)



==========================================================================
cts final report_check_types -max_slew -max_cap -max_fanout -violators
--------------------------------------------------------------------------

==========================================================================
cts final max_slew_check_slack
--------------------------------------------------------------------------
188.1135711669922

==========================================================================
cts final max_slew_check_limit
--------------------------------------------------------------------------
320.0

==========================================================================
cts final max_slew_check_slack_limit
--------------------------------------------------------------------------
0.5879

==========================================================================
cts final max_fanout_check_slack
--------------------------------------------------------------------------
1.0000000150474662e+30

==========================================================================
cts final max_fanout_check_limit
--------------------------------------------------------------------------
1.0000000150474662e+30

==========================================================================
cts final max_capacitance_check_slack
--------------------------------------------------------------------------
19.05096435546875

==========================================================================
cts final max_capacitance_check_limit
--------------------------------------------------------------------------
23.040000915527344

==========================================================================
cts final max_capacitance_check_slack_limit
--------------------------------------------------------------------------
0.8269

==========================================================================
cts final max_slew_violation_count
--------------------------------------------------------------------------
max slew violation count 0

==========================================================================
cts final max_fanout_violation_count
--------------------------------------------------------------------------
max fanout violation count 0

==========================================================================
cts final max_cap_violation_count
--------------------------------------------------------------------------
max cap violation count 0

==========================================================================
cts final setup_violation_count
--------------------------------------------------------------------------
setup violation count 0

==========================================================================
cts final hold_violation_count
--------------------------------------------------------------------------
hold violation count 0

==========================================================================
cts final report_checks -path_delay max reg to reg
--------------------------------------------------------------------------
Startpoint: SR[13]$_SDFFE_PP0P_
            (rising edge-triggered flip-flop clocked by core_clock)
Endpoint: SR[9]$_SDFFE_PP0P_
          (rising edge-triggered flip-flop clocked by core_clock)
Path Group: core_clock
Path Type: max

  Delay    Time   Description
---------------------------------------------------------
   0.00    0.00   clock core_clock (rise edge)
   0.00    0.00   clock source latency
   0.00    0.00 ^ clk (in)
  19.03   19.03 ^ clkbuf_0_clk/Y (BUFx4_ASAP7_75t_R)
  25.35   44.38 ^ clkbuf_2_3__f_clk/Y (BUFx4_ASAP7_75t_R)
   0.31   44.69 ^ SR[13]$_SDFFE_PP0P_/CLK (DFFHQNx1_ASAP7_75t_R)
  49.26   93.95 ^ SR[13]$_SDFFE_PP0P_/QN (DFFHQNx1_ASAP7_75t_R)
  19.83  113.78 v _316_/Y (INVx1_ASAP7_75t_R)
  62.80  176.58 v _592_/SN (HAxp5_ASAP7_75t_R)
  44.65  221.23 v _385_/Y (OR4x1_ASAP7_75t_R)
  36.77  258.00 v _386_/Y (OR3x2_ASAP7_75t_R)
  26.71  284.71 v _398_/Y (AND2x4_ASAP7_75t_R)
  26.31  311.02 v _519_/Y (OR3x1_ASAP7_75t_R)
  14.70  325.72 v _520_/Y (AO21x1_ASAP7_75t_R)
  26.99  352.71 v _521_/Y (OA211x2_ASAP7_75t_R)
   0.05  352.76 v SR[9]$_SDFFE_PP0P_/D (DFFHQNx1_ASAP7_75t_R)
         352.76   data arrival time

 500.00  500.00   clock core_clock (rise edge)
   0.00  500.00   clock source latency
   0.00  500.00 ^ clk (in)
  18.41  518.41 ^ clkbuf_0_clk/Y (BUFx4_ASAP7_75t_R)
  23.94  542.36 ^ clkbuf_2_2__f_clk/Y (BUFx4_ASAP7_75t_R)
   0.20  542.56 ^ SR[9]$_SDFFE_PP0P_/CLK (DFFHQNx1_ASAP7_75t_R)
   0.61  543.17   clock reconvergence pessimism
   1.43  544.60   library setup time
         544.60   data required time
---------------------------------------------------------
         544.60   data required time
        -352.76   data arrival time
---------------------------------------------------------
         191.84   slack (MET)



==========================================================================
cts final report_checks -path_delay min reg to reg
--------------------------------------------------------------------------
Startpoint: NEG_DIVISOR[3]$_DFFE_PP_
            (rising edge-triggered flip-flop clocked by core_clock)
Endpoint: NEG_DIVISOR[3]$_DFFE_PP_
          (rising edge-triggered flip-flop clocked by core_clock)
Path Group: core_clock
Path Type: min

  Delay    Time   Description
---------------------------------------------------------
   0.00    0.00   clock core_clock (rise edge)
   0.00    0.00   clock source latency
   0.00    0.00 ^ clk (in)
  18.41   18.41 ^ clkbuf_0_clk/Y (BUFx4_ASAP7_75t_R)
  24.01   42.43 ^ clkbuf_2_1__f_clk/Y (BUFx4_ASAP7_75t_R)
   0.38   42.81 ^ NEG_DIVISOR[3]$_DFFE_PP_/CLK (DFFHQNx1_ASAP7_75t_R)
  36.18   78.99 ^ NEG_DIVISOR[3]$_DFFE_PP_/QN (DFFHQNx1_ASAP7_75t_R)
   8.81   87.80 v _324_/Y (INVx1_ASAP7_75t_R)
  16.94  104.74 v _354_/Y (OA21x2_ASAP7_75t_R)
   0.02  104.76 v NEG_DIVISOR[3]$_DFFE_PP_/D (DFFHQNx1_ASAP7_75t_R)
         104.76   data arrival time

   0.00    0.00   clock core_clock (rise edge)
   0.00    0.00   clock source latency
   0.00    0.00 ^ clk (in)
  19.03   19.03 ^ clkbuf_0_clk/Y (BUFx4_ASAP7_75t_R)
  25.32   44.35 ^ clkbuf_2_1__f_clk/Y (BUFx4_ASAP7_75t_R)
   0.45   44.80 ^ NEG_DIVISOR[3]$_DFFE_PP_/CLK (DFFHQNx1_ASAP7_75t_R)
  -1.99   42.81   clock reconvergence pessimism
  13.42   56.23   library hold time
          56.23   data required time
---------------------------------------------------------
          56.23   data required time
        -104.76   data arrival time
---------------------------------------------------------
          48.53   slack (MET)



==========================================================================
cts final critical path target clock latency max path
--------------------------------------------------------------------------
41.9398

==========================================================================
cts final critical path target clock latency min path
--------------------------------------------------------------------------
44.4473

==========================================================================
cts final critical path source clock latency min path
--------------------------------------------------------------------------
0.0000

==========================================================================
cts final critical path delay
--------------------------------------------------------------------------
234.5679

==========================================================================
cts final critical path slack
--------------------------------------------------------------------------
165.4321

==========================================================================
cts final slack div critical path delay
--------------------------------------------------------------------------
70.526317

==========================================================================
cts final report_power
--------------------------------------------------------------------------
Group                  Internal  Switching    Leakage      Total
                          Power      Power      Power      Power (Watts)
----------------------------------------------------------------
Sequential             1.13e-04   1.03e-05   5.20e-09   1.24e-04  33.6%
Combinational          6.26e-05   5.99e-05   2.79e-08   1.23e-04  33.3%
Clock                  7.73e-05   4.49e-05   1.29e-09   1.22e-04  33.2%
Macro                  0.00e+00   0.00e+00   0.00e+00   0.00e+00   0.0%
Pad                    0.00e+00   0.00e+00   0.00e+00   0.00e+00   0.0%
----------------------------------------------------------------
Total                  2.53e-04   1.15e-04   3.44e-08   3.69e-04 100.0%
                          68.8%      31.2%       0.0%
