
==========================================================================
global route report_tns
--------------------------------------------------------------------------
tns max 0.00

==========================================================================
global route report_wns
--------------------------------------------------------------------------
wns max 0.00

==========================================================================
global route report_worst_slack
--------------------------------------------------------------------------
worst slack max 160.01

==========================================================================
global route report_clock_min_period
--------------------------------------------------------------------------
core_clock period_min = 339.99 fmax = 2941.24

==========================================================================
global route report_clock_skew
--------------------------------------------------------------------------
Clock core_clock
  45.93 source latency res_valid$_SDFFE_PP0P_/CLK ^
 -42.75 target latency NEG_DIVISOR[7]$_DFFE_PP_/CLK ^
  -0.53 CRPR
--------------
   2.65 setup skew


==========================================================================
global route report_checks -path_delay min
--------------------------------------------------------------------------
Startpoint: NEG_DIVISOR[2]$_DFFE_PP_
            (rising edge-triggered flip-flop clocked by core_clock)
Endpoint: NEG_DIVISOR[2]$_DFFE_PP_
          (rising edge-triggered flip-flop clocked by core_clock)
Path Group: core_clock
Path Type: min

Fanout     Cap    Slew   Delay    Time   Description
-----------------------------------------------------------------------------
                          0.00    0.00   clock core_clock (rise edge)
                          0.00    0.00   clock source latency
     1    3.00    0.00    0.00    0.00 ^ clk (in)
                                         clk (net)
                  1.18    0.37    0.37 ^ clkbuf_0_clk/A (BUFx4_ASAP7_75t_R)
     4    4.36   12.30   17.93   18.30 ^ clkbuf_0_clk/Y (BUFx4_ASAP7_75t_R)
                                         clknet_0_clk (net)
                 12.36    0.47   18.77 ^ clkbuf_2_1__f_clk/A (BUFx4_ASAP7_75t_R)
     7    7.52   17.09   24.11   42.87 ^ clkbuf_2_1__f_clk/Y (BUFx4_ASAP7_75t_R)
                                         clknet_2_1__leaf_clk (net)
                 17.17    0.66   43.53 ^ NEG_DIVISOR[2]$_DFFE_PP_/CLK (DFFHQNx1_ASAP7_75t_R)
     1    0.56   11.25   36.40   79.94 ^ NEG_DIVISOR[2]$_DFFE_PP_/QN (DFFHQNx1_ASAP7_75t_R)
                                         _026_ (net)
                 11.25    0.02   79.96 ^ _325_/A (INVx1_ASAP7_75t_R)
     2    1.95   12.52    9.40   89.36 v _325_/Y (INVx1_ASAP7_75t_R)
                                         NEG_DIVISOR[2] (net)
                 12.52    0.11   89.47 v _349_/A1 (OA21x2_ASAP7_75t_R)
     1    0.73    4.63   17.38  106.85 v _349_/Y (OA21x2_ASAP7_75t_R)
                                         _067_ (net)
                  4.63    0.05  106.90 v NEG_DIVISOR[2]$_DFFE_PP_/D (DFFHQNx1_ASAP7_75t_R)
                                106.90   data arrival time

                          0.00    0.00   clock core_clock (rise edge)
                          0.00    0.00   clock source latency
     1    3.13    0.00    0.00    0.00 ^ clk (in)
                                         clk (net)
                  1.28    0.40    0.40 ^ clkbuf_0_clk/A (BUFx4_ASAP7_75t_R)
     4    4.91   13.21   18.42   18.82 ^ clkbuf_0_clk/Y (BUFx4_ASAP7_75t_R)
                                         clknet_0_clk (net)
                 13.28    0.54   19.36 ^ clkbuf_2_1__f_clk/A (BUFx4_ASAP7_75t_R)
     7    8.79   19.17   25.33   44.70 ^ clkbuf_2_1__f_clk/Y (BUFx4_ASAP7_75t_R)
                                         clknet_2_1__leaf_clk (net)
                 19.27    0.76   45.46 ^ NEG_DIVISOR[2]$_DFFE_PP_/CLK (DFFHQNx1_ASAP7_75t_R)
                         -1.93   43.53   clock reconvergence pessimism
                         13.49   57.02   library hold time
                                 57.02   data required time
-----------------------------------------------------------------------------
                                 57.02   data required time
                               -106.90   data arrival time
-----------------------------------------------------------------------------
                                 49.88   slack (MET)



==========================================================================
global route report_checks -path_delay max
--------------------------------------------------------------------------
Startpoint: sign (input port clocked by core_clock)
Endpoint: result[5] (output port clocked by core_clock)
Path Group: core_clock
Path Type: max

Fanout     Cap    Slew   Delay    Time   Description
-----------------------------------------------------------------------------
                          0.00    0.00   clock core_clock (rise edge)
                          0.00    0.00   clock network delay (propagated)
                        100.00  100.00 v input external delay
     1    0.96    0.00    0.00  100.00 v sign (in)
                                         sign (net)
                  0.16    0.05  100.05 v input20/A (BUFx2_ASAP7_75t_R)
    16   15.70   45.26   28.28  128.33 v input20/Y (BUFx2_ASAP7_75t_R)
                                         net20 (net)
                 45.76    2.71  131.04 v _565_/A (NAND2x1_ASAP7_75t_R)
     7    8.02   66.45   45.90  176.94 ^ _565_/Y (NAND2x1_ASAP7_75t_R)
                                         _292_ (net)
                 66.51    1.10  178.04 ^ _579_/A (NOR2x1_ASAP7_75t_R)
     1    1.20   22.70   22.22  200.26 v _579_/Y (NOR2x1_ASAP7_75t_R)
                                         _302_ (net)
                 22.70    0.15  200.41 v _580_/B (XNOR2x2_ASAP7_75t_R)
     1    0.78    8.53   27.40  227.81 ^ _580_/Y (XNOR2x2_ASAP7_75t_R)
                                         net33 (net)
                  8.54    0.08  227.89 ^ output33/A (BUFx2_ASAP7_75t_R)
     1    0.29    4.35   12.08  239.97 ^ output33/Y (BUFx2_ASAP7_75t_R)
                                         result[5] (net)
                  4.35    0.02  239.99 ^ result[5] (out)
                                239.99   data arrival time

                        500.00  500.00   clock core_clock (rise edge)
                          0.00  500.00   clock network delay (propagated)
                          0.00  500.00   clock reconvergence pessimism
                       -100.00  400.00   output external delay
                                400.00   data required time
-----------------------------------------------------------------------------
                                400.00   data required time
                               -239.99   data arrival time
-----------------------------------------------------------------------------
                                160.01   slack (MET)



==========================================================================
global route report_checks -unconstrained
--------------------------------------------------------------------------
Startpoint: sign (input port clocked by core_clock)
Endpoint: result[5] (output port clocked by core_clock)
Path Group: core_clock
Path Type: max

Fanout     Cap    Slew   Delay    Time   Description
-----------------------------------------------------------------------------
                          0.00    0.00   clock core_clock (rise edge)
                          0.00    0.00   clock network delay (propagated)
                        100.00  100.00 v input external delay
     1    0.96    0.00    0.00  100.00 v sign (in)
                                         sign (net)
                  0.16    0.05  100.05 v input20/A (BUFx2_ASAP7_75t_R)
    16   15.70   45.26   28.28  128.33 v input20/Y (BUFx2_ASAP7_75t_R)
                                         net20 (net)
                 45.76    2.71  131.04 v _565_/A (NAND2x1_ASAP7_75t_R)
     7    8.02   66.45   45.90  176.94 ^ _565_/Y (NAND2x1_ASAP7_75t_R)
                                         _292_ (net)
                 66.51    1.10  178.04 ^ _579_/A (NOR2x1_ASAP7_75t_R)
     1    1.20   22.70   22.22  200.26 v _579_/Y (NOR2x1_ASAP7_75t_R)
                                         _302_ (net)
                 22.70    0.15  200.41 v _580_/B (XNOR2x2_ASAP7_75t_R)
     1    0.78    8.53   27.40  227.81 ^ _580_/Y (XNOR2x2_ASAP7_75t_R)
                                         net33 (net)
                  8.54    0.08  227.89 ^ output33/A (BUFx2_ASAP7_75t_R)
     1    0.29    4.35   12.08  239.97 ^ output33/Y (BUFx2_ASAP7_75t_R)
                                         result[5] (net)
                  4.35    0.02  239.99 ^ result[5] (out)
                                239.99   data arrival time

                        500.00  500.00   clock core_clock (rise edge)
                          0.00  500.00   clock network delay (propagated)
                          0.00  500.00   clock reconvergence pessimism
                       -100.00  400.00   output external delay
                                400.00   data required time
-----------------------------------------------------------------------------
                                400.00   data required time
                               -239.99   data arrival time
-----------------------------------------------------------------------------
                                160.01   slack (MET)



==========================================================================
global route report_check_types -max_slew -max_cap -max_fanout -violators
--------------------------------------------------------------------------

==========================================================================
global route max_slew_check_slack
--------------------------------------------------------------------------
182.0723114013672

==========================================================================
global route max_slew_check_limit
--------------------------------------------------------------------------
320.0

==========================================================================
global route max_slew_check_slack_limit
--------------------------------------------------------------------------
0.5690

==========================================================================
global route max_fanout_check_slack
--------------------------------------------------------------------------
1.0000000150474662e+30

==========================================================================
global route max_fanout_check_limit
--------------------------------------------------------------------------
1.0000000150474662e+30

==========================================================================
global route max_capacitance_check_slack
--------------------------------------------------------------------------
18.652891159057617

==========================================================================
global route max_capacitance_check_limit
--------------------------------------------------------------------------
23.040000915527344

==========================================================================
global route max_capacitance_check_slack_limit
--------------------------------------------------------------------------
0.8096

==========================================================================
global route max_slew_violation_count
--------------------------------------------------------------------------
max slew violation count 0

==========================================================================
global route max_fanout_violation_count
--------------------------------------------------------------------------
max fanout violation count 0

==========================================================================
global route max_cap_violation_count
--------------------------------------------------------------------------
max cap violation count 0

==========================================================================
global route setup_violation_count
--------------------------------------------------------------------------
setup violation count 0

==========================================================================
global route hold_violation_count
--------------------------------------------------------------------------
hold violation count 0

==========================================================================
global route report_checks -path_delay max reg to reg
--------------------------------------------------------------------------
Startpoint: SR[13]$_SDFFE_PP0P_
            (rising edge-triggered flip-flop clocked by core_clock)
Endpoint: SR[9]$_SDFFE_PP0P_
          (rising edge-triggered flip-flop clocked by core_clock)
Path Group: core_clock
Path Type: max

  Delay    Time   Description
---------------------------------------------------------
   0.00    0.00   clock core_clock (rise edge)
   0.00    0.00   clock source latency
   0.00    0.00 ^ clk (in)
  18.82   18.82 ^ clkbuf_0_clk/Y (BUFx4_ASAP7_75t_R)
  26.39   45.21 ^ clkbuf_2_3__f_clk/Y (BUFx4_ASAP7_75t_R)
   0.76   45.97 ^ SR[13]$_SDFFE_PP0P_/CLK (DFFHQNx1_ASAP7_75t_R)
  50.53   96.50 ^ SR[13]$_SDFFE_PP0P_/QN (DFFHQNx1_ASAP7_75t_R)
  20.81  117.32 v _316_/Y (INVx1_ASAP7_75t_R)
  68.00  185.32 v _592_/SN (HAxp5_ASAP7_75t_R)
  46.63  231.95 v _385_/Y (OR4x1_ASAP7_75t_R)
  37.37  269.32 v _386_/Y (OR3x2_ASAP7_75t_R)
  26.86  296.18 v _398_/Y (AND2x4_ASAP7_75t_R)
  28.86  325.04 v _519_/Y (OR3x1_ASAP7_75t_R)
  15.10  340.14 v _520_/Y (AO21x1_ASAP7_75t_R)
  27.07  367.21 v _521_/Y (OA211x2_ASAP7_75t_R)
   0.09  367.30 v SR[9]$_SDFFE_PP0P_/D (DFFHQNx1_ASAP7_75t_R)
         367.30   data arrival time

 500.00  500.00   clock core_clock (rise edge)
   0.00  500.00   clock source latency
   0.00  500.00 ^ clk (in)
  18.30  518.30 ^ clkbuf_0_clk/Y (BUFx4_ASAP7_75t_R)
  24.65  542.95 ^ clkbuf_2_2__f_clk/Y (BUFx4_ASAP7_75t_R)
   0.69  543.63 ^ SR[9]$_SDFFE_PP0P_/CLK (DFFHQNx1_ASAP7_75t_R)
   0.53  544.16   clock reconvergence pessimism
   1.72  545.88   library setup time
         545.88   data required time
---------------------------------------------------------
         545.88   data required time
        -367.30   data arrival time
---------------------------------------------------------
         178.58   slack (MET)



==========================================================================
global route report_checks -path_delay min reg to reg
--------------------------------------------------------------------------
Startpoint: NEG_DIVISOR[2]$_DFFE_PP_
            (rising edge-triggered flip-flop clocked by core_clock)
Endpoint: NEG_DIVISOR[2]$_DFFE_PP_
          (rising edge-triggered flip-flop clocked by core_clock)
Path Group: core_clock
Path Type: min

  Delay    Time   Description
---------------------------------------------------------
   0.00    0.00   clock core_clock (rise edge)
   0.00    0.00   clock source latency
   0.00    0.00 ^ clk (in)
  18.30   18.30 ^ clkbuf_0_clk/Y (BUFx4_ASAP7_75t_R)
  24.58   42.87 ^ clkbuf_2_1__f_clk/Y (BUFx4_ASAP7_75t_R)
   0.66   43.53 ^ NEG_DIVISOR[2]$_DFFE_PP_/CLK (DFFHQNx1_ASAP7_75t_R)
  36.40   79.94 ^ NEG_DIVISOR[2]$_DFFE_PP_/QN (DFFHQNx1_ASAP7_75t_R)
   9.43   89.36 v _325_/Y (INVx1_ASAP7_75t_R)
  17.48  106.85 v _349_/Y (OA21x2_ASAP7_75t_R)
   0.05  106.90 v NEG_DIVISOR[2]$_DFFE_PP_/D (DFFHQNx1_ASAP7_75t_R)
         106.90   data arrival time

   0.00    0.00   clock core_clock (rise edge)
   0.00    0.00   clock source latency
   0.00    0.00 ^ clk (in)
  18.82   18.82 ^ clkbuf_0_clk/Y (BUFx4_ASAP7_75t_R)
  25.87   44.70 ^ clkbuf_2_1__f_clk/Y (BUFx4_ASAP7_75t_R)
   0.76   45.46 ^ NEG_DIVISOR[2]$_DFFE_PP_/CLK (DFFHQNx1_ASAP7_75t_R)
  -1.93   43.53   clock reconvergence pessimism
  13.49   57.02   library hold time
          57.02   data required time
---------------------------------------------------------
          57.02   data required time
        -106.90   data arrival time
---------------------------------------------------------
          49.88   slack (MET)



==========================================================================
global route critical path target clock latency max path
--------------------------------------------------------------------------
42.8142

==========================================================================
global route critical path target clock latency min path
--------------------------------------------------------------------------
45.3886

==========================================================================
global route critical path source clock latency min path
--------------------------------------------------------------------------
0.0000

==========================================================================
global route critical path delay
--------------------------------------------------------------------------
239.9932

==========================================================================
global route critical path slack
--------------------------------------------------------------------------
160.0068

==========================================================================
global route slack div critical path delay
--------------------------------------------------------------------------
66.671389

==========================================================================
global route report_power
--------------------------------------------------------------------------
Group                  Internal  Switching    Leakage      Total
                          Power      Power      Power      Power (Watts)
----------------------------------------------------------------
Sequential             1.13e-04   1.10e-05   5.20e-09   1.24e-04  33.0%
Combinational          6.27e-05   6.50e-05   2.79e-08   1.28e-04  33.9%
Clock                  7.73e-05   4.78e-05   1.29e-09   1.25e-04  33.2%
Macro                  0.00e+00   0.00e+00   0.00e+00   0.00e+00   0.0%
Pad                    0.00e+00   0.00e+00   0.00e+00   0.00e+00   0.0%
----------------------------------------------------------------
Total                  2.53e-04   1.24e-04   3.44e-08   3.77e-04 100.0%
                          67.2%      32.8%       0.0%
