
==========================================================================
cts final report_tns
--------------------------------------------------------------------------
tns max 0.00

==========================================================================
cts final report_wns
--------------------------------------------------------------------------
wns max 0.00

==========================================================================
cts final report_worst_slack
--------------------------------------------------------------------------
worst slack max 57.30

==========================================================================
cts final report_clock_min_period
--------------------------------------------------------------------------
virtual_clock period_min = 442.70 fmax = 2258.86

==========================================================================
cts final report_clock_skew
--------------------------------------------------------------------------
Clock virtual_clock
No launch/capture paths found.


==========================================================================
cts final report_checks -path_delay min
--------------------------------------------------------------------------
Startpoint: B[0] (input port clocked by virtual_clock)
Endpoint: result[0] (output port clocked by virtual_clock)
Path Group: virtual_clock
Path Type: min

Fanout     Cap    Slew   Delay    Time   Description
-----------------------------------------------------------------------------
                  0.00    0.00    0.00   clock virtual_clock (rise edge)
                          0.00    0.00   clock network delay (ideal)
                        100.00  100.00 ^ input external delay
     1    0.73    0.00    0.00  100.00 ^ B[0] (in)
                                         B[0] (net)
                  0.10    0.03  100.03 ^ input65/A (BUFx2_ASAP7_75t_L)
     1    0.85    5.19    8.98  109.01 ^ input65/Y (BUFx2_ASAP7_75t_L)
                                         net65 (net)
                  5.19    0.03  109.04 ^ _1808_/B (HAxp5_ASAP7_75t_L)
     1    0.58    8.54    6.00  115.04 v _1808_/SN (HAxp5_ASAP7_75t_L)
                                         net130 (net)
                  8.54    0.03  115.06 v output130/A (BUFx2_ASAP7_75t_L)
     1    0.24    3.86   10.65  125.71 v output130/Y (BUFx2_ASAP7_75t_L)
                                         result[0] (net)
                  3.86    0.01  125.72 v result[0] (out)
                                125.72   data arrival time

                  0.00    0.00    0.00   clock virtual_clock (rise edge)
                          0.00    0.00   clock network delay (ideal)
                          0.00    0.00   clock reconvergence pessimism
                       -100.00 -100.00   output external delay
                               -100.00   data required time
-----------------------------------------------------------------------------
                               -100.00   data required time
                               -125.72   data arrival time
-----------------------------------------------------------------------------
                                225.72   slack (MET)



==========================================================================
cts final report_checks -path_delay max
--------------------------------------------------------------------------
Startpoint: B[32] (input port clocked by virtual_clock)
Endpoint: result[51] (output port clocked by virtual_clock)
Path Group: virtual_clock
Path Type: max

Fanout     Cap    Slew   Delay    Time   Description
-----------------------------------------------------------------------------
                  0.00    0.00    0.00   clock virtual_clock (rise edge)
                          0.00    0.00   clock network delay (ideal)
                        100.00  100.00 ^ input external delay
     1    0.95    0.00    0.00  100.00 ^ B[32] (in)
                                         B[32] (net)
                  0.16    0.05  100.05 ^ input90/A (BUFx2_ASAP7_75t_L)
     1    0.92    5.38    9.09  109.14 ^ input90/Y (BUFx2_ASAP7_75t_L)
                                         net90 (net)
                  5.38    0.05  109.20 ^ _1099_/A (INVx1_ASAP7_75t_L)
     1    2.44   12.93    7.47  116.66 v _1099_/Y (INVx1_ASAP7_75t_L)
                                         _0094_ (net)
                 12.99    0.50  117.16 v _1776_/B (HAxp5_ASAP7_75t_L)
     5    9.35  135.88   91.39  208.54 v _1776_/SN (HAxp5_ASAP7_75t_L)
                                         _0096_ (net)
                135.90    0.94  209.48 v _1024_/B (NOR2x2_ASAP7_75t_L)
     4    7.73   48.00   30.09  239.57 ^ _1024_/Y (NOR2x2_ASAP7_75t_L)
                                         _0456_ (net)
                 48.00    0.27  239.83 ^ _1025_/B (NAND2x2_ASAP7_75t_L)
     3    5.44   22.93   12.58  252.42 v _1025_/Y (NAND2x2_ASAP7_75t_L)
                                         _0457_ (net)
                 22.98    0.60  253.02 v _1391_/B (NOR2x1_ASAP7_75t_L)
     3    3.47   24.11   15.30  268.32 ^ _1391_/Y (NOR2x1_ASAP7_75t_L)
                                         _0731_ (net)
                 24.11    0.18  268.50 ^ _1392_/B (AND2x2_ASAP7_75t_L)
     2    2.58   10.93   17.04  285.54 ^ _1392_/Y (AND2x2_ASAP7_75t_L)
                                         _0732_ (net)
                 10.94    0.11  285.66 ^ _1559_/A (NAND2x1_ASAP7_75t_L)
     1    1.34    9.30    6.23  291.89 v _1559_/Y (NAND2x1_ASAP7_75t_L)
                                         _0881_ (net)
                  9.30    0.05  291.93 v _1560_/B (AOI21x1_ASAP7_75t_L)
     1    1.37   13.74    8.97  300.91 ^ _1560_/Y (AOI21x1_ASAP7_75t_L)
                                         _0882_ (net)
                 13.74    0.09  301.00 ^ _1565_/A (NOR2x1_ASAP7_75t_L)
     1    1.85   14.17   10.34  311.34 v _1565_/Y (NOR2x1_ASAP7_75t_L)
                                         _0887_ (net)
                 14.18    0.25  311.59 v _1566_/A (XOR2x2_ASAP7_75t_L)
     1    0.92    6.71   20.84  332.43 ^ _1566_/Y (XOR2x2_ASAP7_75t_L)
                                         net176 (net)
                  6.72    0.07  332.50 ^ output176/A (BUFx2_ASAP7_75t_L)
     1    0.57    4.65   10.16  342.66 ^ output176/Y (BUFx2_ASAP7_75t_L)
                                         result[51] (net)
                  4.65    0.04  342.70 ^ result[51] (out)
                                342.70   data arrival time

                  0.00  500.00  500.00   clock virtual_clock (rise edge)
                          0.00  500.00   clock network delay (ideal)
                          0.00  500.00   clock reconvergence pessimism
                       -100.00  400.00   output external delay
                                400.00   data required time
-----------------------------------------------------------------------------
                                400.00   data required time
                               -342.70   data arrival time
-----------------------------------------------------------------------------
                                 57.30   slack (MET)



==========================================================================
cts final report_checks -unconstrained
--------------------------------------------------------------------------
Startpoint: B[32] (input port clocked by virtual_clock)
Endpoint: result[51] (output port clocked by virtual_clock)
Path Group: virtual_clock
Path Type: max

Fanout     Cap    Slew   Delay    Time   Description
-----------------------------------------------------------------------------
                  0.00    0.00    0.00   clock virtual_clock (rise edge)
                          0.00    0.00   clock network delay (ideal)
                        100.00  100.00 ^ input external delay
     1    0.95    0.00    0.00  100.00 ^ B[32] (in)
                                         B[32] (net)
                  0.16    0.05  100.05 ^ input90/A (BUFx2_ASAP7_75t_L)
     1    0.92    5.38    9.09  109.14 ^ input90/Y (BUFx2_ASAP7_75t_L)
                                         net90 (net)
                  5.38    0.05  109.20 ^ _1099_/A (INVx1_ASAP7_75t_L)
     1    2.44   12.93    7.47  116.66 v _1099_/Y (INVx1_ASAP7_75t_L)
                                         _0094_ (net)
                 12.99    0.50  117.16 v _1776_/B (HAxp5_ASAP7_75t_L)
     5    9.35  135.88   91.39  208.54 v _1776_/SN (HAxp5_ASAP7_75t_L)
                                         _0096_ (net)
                135.90    0.94  209.48 v _1024_/B (NOR2x2_ASAP7_75t_L)
     4    7.73   48.00   30.09  239.57 ^ _1024_/Y (NOR2x2_ASAP7_75t_L)
                                         _0456_ (net)
                 48.00    0.27  239.83 ^ _1025_/B (NAND2x2_ASAP7_75t_L)
     3    5.44   22.93   12.58  252.42 v _1025_/Y (NAND2x2_ASAP7_75t_L)
                                         _0457_ (net)
                 22.98    0.60  253.02 v _1391_/B (NOR2x1_ASAP7_75t_L)
     3    3.47   24.11   15.30  268.32 ^ _1391_/Y (NOR2x1_ASAP7_75t_L)
                                         _0731_ (net)
                 24.11    0.18  268.50 ^ _1392_/B (AND2x2_ASAP7_75t_L)
     2    2.58   10.93   17.04  285.54 ^ _1392_/Y (AND2x2_ASAP7_75t_L)
                                         _0732_ (net)
                 10.94    0.11  285.66 ^ _1559_/A (NAND2x1_ASAP7_75t_L)
     1    1.34    9.30    6.23  291.89 v _1559_/Y (NAND2x1_ASAP7_75t_L)
                                         _0881_ (net)
                  9.30    0.05  291.93 v _1560_/B (AOI21x1_ASAP7_75t_L)
     1    1.37   13.74    8.97  300.91 ^ _1560_/Y (AOI21x1_ASAP7_75t_L)
                                         _0882_ (net)
                 13.74    0.09  301.00 ^ _1565_/A (NOR2x1_ASAP7_75t_L)
     1    1.85   14.17   10.34  311.34 v _1565_/Y (NOR2x1_ASAP7_75t_L)
                                         _0887_ (net)
                 14.18    0.25  311.59 v _1566_/A (XOR2x2_ASAP7_75t_L)
     1    0.92    6.71   20.84  332.43 ^ _1566_/Y (XOR2x2_ASAP7_75t_L)
                                         net176 (net)
                  6.72    0.07  332.50 ^ output176/A (BUFx2_ASAP7_75t_L)
     1    0.57    4.65   10.16  342.66 ^ output176/Y (BUFx2_ASAP7_75t_L)
                                         result[51] (net)
                  4.65    0.04  342.70 ^ result[51] (out)
                                342.70   data arrival time

                  0.00  500.00  500.00   clock virtual_clock (rise edge)
                          0.00  500.00   clock network delay (ideal)
                          0.00  500.00   clock reconvergence pessimism
                       -100.00  400.00   output external delay
                                400.00   data required time
-----------------------------------------------------------------------------
                                400.00   data required time
                               -342.70   data arrival time
-----------------------------------------------------------------------------
                                 57.30   slack (MET)



==========================================================================
cts final report_check_types -max_slew -max_cap -max_fanout -violators
--------------------------------------------------------------------------

==========================================================================
cts final max_slew_check_slack
--------------------------------------------------------------------------
168.57957458496094

==========================================================================
cts final max_slew_check_limit
--------------------------------------------------------------------------
320.0

==========================================================================
cts final max_slew_check_slack_limit
--------------------------------------------------------------------------
0.5268

==========================================================================
cts final max_fanout_check_slack
--------------------------------------------------------------------------
1.0000000150474662e+30

==========================================================================
cts final max_fanout_check_limit
--------------------------------------------------------------------------
1.0000000150474662e+30

==========================================================================
cts final max_capacitance_check_slack
--------------------------------------------------------------------------
12.744580268859863

==========================================================================
cts final max_capacitance_check_limit
--------------------------------------------------------------------------
23.040000915527344

==========================================================================
cts final max_capacitance_check_slack_limit
--------------------------------------------------------------------------
0.5532

==========================================================================
cts final max_slew_violation_count
--------------------------------------------------------------------------
max slew violation count 0

==========================================================================
cts final max_fanout_violation_count
--------------------------------------------------------------------------
max fanout violation count 0

==========================================================================
cts final max_cap_violation_count
--------------------------------------------------------------------------
max cap violation count 0

==========================================================================
cts final setup_violation_count
--------------------------------------------------------------------------
setup violation count 0

==========================================================================
cts final hold_violation_count
--------------------------------------------------------------------------
hold violation count 0

==========================================================================
cts final critical path delay
--------------------------------------------------------------------------
342.7005

==========================================================================
cts final critical path slack
--------------------------------------------------------------------------
57.2995

==========================================================================
cts final slack div critical path delay
--------------------------------------------------------------------------
16.719993

==========================================================================
cts final report_power
--------------------------------------------------------------------------
Group                  Internal  Switching    Leakage      Total
                          Power      Power      Power      Power (Watts)
----------------------------------------------------------------
Sequential             0.00e+00   0.00e+00   0.00e+00   0.00e+00   0.0%
Combinational          2.34e-04   2.91e-04   3.90e-07   5.25e-04 100.0%
Clock                  0.00e+00   0.00e+00   0.00e+00   0.00e+00   0.0%
Macro                  0.00e+00   0.00e+00   0.00e+00   0.00e+00   0.0%
Pad                    0.00e+00   0.00e+00   0.00e+00   0.00e+00   0.0%
----------------------------------------------------------------
Total                  2.34e-04   2.91e-04   3.90e-07   5.25e-04 100.0%
                          44.5%      55.5%       0.1%
