
==========================================================================
finish report_tns
--------------------------------------------------------------------------
tns max 0.00

==========================================================================
finish report_wns
--------------------------------------------------------------------------
wns max 0.00

==========================================================================
finish report_worst_slack
--------------------------------------------------------------------------
worst slack max 58.96

==========================================================================
finish report_clock_min_period
--------------------------------------------------------------------------
virtual_clock period_min = 441.04 fmax = 2267.34

==========================================================================
finish report_clock_skew
--------------------------------------------------------------------------
Clock virtual_clock
No launch/capture paths found.


==========================================================================
finish report_checks -path_delay min
--------------------------------------------------------------------------
Startpoint: B[0] (input port clocked by virtual_clock)
Endpoint: result[0] (output port clocked by virtual_clock)
Path Group: virtual_clock
Path Type: min

Fanout     Cap    Slew   Delay    Time   Description
-----------------------------------------------------------------------------
                  0.00    0.00    0.00   clock virtual_clock (rise edge)
                          0.00    0.00   clock network delay (ideal)
                        100.00  100.00 ^ input external delay
     1    0.64    0.00    0.00  100.00 ^ B[0] (in)
                                         B[0] (net)
                  0.10    0.03  100.03 ^ input65/A (BUFx2_ASAP7_75t_L)
     1    0.82    5.13    8.93  108.96 ^ input65/Y (BUFx2_ASAP7_75t_L)
                                         net65 (net)
                  5.13    0.06  109.02 ^ _1808_/B (HAxp5_ASAP7_75t_L)
     1    0.56    8.32    5.88  114.91 v _1808_/SN (HAxp5_ASAP7_75t_L)
                                         net130 (net)
                  8.32    0.03  114.94 v output130/A (BUFx2_ASAP7_75t_L)
     1    0.13    3.63   10.45  125.38 v output130/Y (BUFx2_ASAP7_75t_L)
                                         result[0] (net)
                  3.63    0.01  125.39 v result[0] (out)
                                125.39   data arrival time

                  0.00    0.00    0.00   clock virtual_clock (rise edge)
                          0.00    0.00   clock network delay (ideal)
                          0.00    0.00   clock reconvergence pessimism
                       -100.00 -100.00   output external delay
                               -100.00   data required time
-----------------------------------------------------------------------------
                               -100.00   data required time
                               -125.39   data arrival time
-----------------------------------------------------------------------------
                                225.39   slack (MET)



==========================================================================
finish report_checks -path_delay max
--------------------------------------------------------------------------
Startpoint: B[32] (input port clocked by virtual_clock)
Endpoint: result[53] (output port clocked by virtual_clock)
Path Group: virtual_clock
Path Type: max

Fanout     Cap    Slew   Delay    Time   Description
-----------------------------------------------------------------------------
                  0.00    0.00    0.00   clock virtual_clock (rise edge)
                          0.00    0.00   clock network delay (ideal)
                        100.00  100.00 ^ input external delay
     1    0.83    0.00    0.00  100.00 ^ B[32] (in)
                                         B[32] (net)
                  0.17    0.05  100.05 ^ input90/A (BUFx2_ASAP7_75t_L)
     1    0.91    5.38    9.07  109.12 ^ input90/Y (BUFx2_ASAP7_75t_L)
                                         net90 (net)
                  5.39    0.11  109.24 ^ _1099_/A (INVx1_ASAP7_75t_L)
     1    2.58   13.68    7.64  116.88 v _1099_/Y (INVx1_ASAP7_75t_L)
                                         _0094_ (net)
                 13.78    0.68  117.56 v _1776_/B (HAxp5_ASAP7_75t_L)
     5    9.19  134.18   89.43  206.98 v _1776_/SN (HAxp5_ASAP7_75t_L)
                                         _0096_ (net)
                134.22    1.26  208.25 v _1024_/B (NOR2x2_ASAP7_75t_L)
     4    7.53   47.23   29.44  237.69 ^ _1024_/Y (NOR2x2_ASAP7_75t_L)
                                         _0456_ (net)
                 47.26    0.66  238.35 ^ _1371_/B (NAND2x2_ASAP7_75t_L)
     3    4.84   21.52   11.71  250.05 v _1371_/Y (NAND2x2_ASAP7_75t_L)
                                         _0713_ (net)
                 21.54    0.37  250.42 v _1407_/A (NOR2x2_ASAP7_75t_L)
     4    5.73   22.45   12.64  263.06 ^ _1407_/Y (NOR2x2_ASAP7_75t_L)
                                         _0745_ (net)
                 22.60    1.00  264.06 ^ _1409_/B (NAND2x1_ASAP7_75t_L)
     2    1.96   14.57    8.89  272.94 v _1409_/Y (NAND2x1_ASAP7_75t_L)
                                         _0747_ (net)
                 14.57    0.11  273.05 v _1589_/A (OR2x2_ASAP7_75t_L)
     1    1.37    7.35   14.89  287.95 v _1589_/Y (OR2x2_ASAP7_75t_L)
                                         _0195_ (net)
                  7.36    0.11  288.06 v _1590_/B (AOI21x1_ASAP7_75t_L)
     1    1.29   14.58    8.28  296.34 ^ _1590_/Y (AOI21x1_ASAP7_75t_L)
                                         _0196_ (net)
                 14.59    0.12  296.46 ^ _1591_/B (NOR2x1_ASAP7_75t_L)
     1    3.86   23.38   13.43  309.89 v _1591_/Y (NOR2x1_ASAP7_75t_L)
                                         _0197_ (net)
                 23.49    0.94  310.83 v _1592_/A (XOR2x1_ASAP7_75t_L)
     1    0.90   21.69   16.25  327.07 v _1592_/Y (XOR2x1_ASAP7_75t_L)
                                         net178 (net)
                 21.69    0.09  327.16 v output178/A (BUFx2_ASAP7_75t_L)
     1    0.35    4.83   13.86  341.02 v output178/Y (BUFx2_ASAP7_75t_L)
                                         result[53] (net)
                  4.83    0.02  341.04 v result[53] (out)
                                341.04   data arrival time

                  0.00  500.00  500.00   clock virtual_clock (rise edge)
                          0.00  500.00   clock network delay (ideal)
                          0.00  500.00   clock reconvergence pessimism
                       -100.00  400.00   output external delay
                                400.00   data required time
-----------------------------------------------------------------------------
                                400.00   data required time
                               -341.04   data arrival time
-----------------------------------------------------------------------------
                                 58.96   slack (MET)



==========================================================================
finish report_checks -unconstrained
--------------------------------------------------------------------------
Startpoint: B[32] (input port clocked by virtual_clock)
Endpoint: result[53] (output port clocked by virtual_clock)
Path Group: virtual_clock
Path Type: max

Fanout     Cap    Slew   Delay    Time   Description
-----------------------------------------------------------------------------
                  0.00    0.00    0.00   clock virtual_clock (rise edge)
                          0.00    0.00   clock network delay (ideal)
                        100.00  100.00 ^ input external delay
     1    0.83    0.00    0.00  100.00 ^ B[32] (in)
                                         B[32] (net)
                  0.17    0.05  100.05 ^ input90/A (BUFx2_ASAP7_75t_L)
     1    0.91    5.38    9.07  109.12 ^ input90/Y (BUFx2_ASAP7_75t_L)
                                         net90 (net)
                  5.39    0.11  109.24 ^ _1099_/A (INVx1_ASAP7_75t_L)
     1    2.58   13.68    7.64  116.88 v _1099_/Y (INVx1_ASAP7_75t_L)
                                         _0094_ (net)
                 13.78    0.68  117.56 v _1776_/B (HAxp5_ASAP7_75t_L)
     5    9.19  134.18   89.43  206.98 v _1776_/SN (HAxp5_ASAP7_75t_L)
                                         _0096_ (net)
                134.22    1.26  208.25 v _1024_/B (NOR2x2_ASAP7_75t_L)
     4    7.53   47.23   29.44  237.69 ^ _1024_/Y (NOR2x2_ASAP7_75t_L)
                                         _0456_ (net)
                 47.26    0.66  238.35 ^ _1371_/B (NAND2x2_ASAP7_75t_L)
     3    4.84   21.52   11.71  250.05 v _1371_/Y (NAND2x2_ASAP7_75t_L)
                                         _0713_ (net)
                 21.54    0.37  250.42 v _1407_/A (NOR2x2_ASAP7_75t_L)
     4    5.73   22.45   12.64  263.06 ^ _1407_/Y (NOR2x2_ASAP7_75t_L)
                                         _0745_ (net)
                 22.60    1.00  264.06 ^ _1409_/B (NAND2x1_ASAP7_75t_L)
     2    1.96   14.57    8.89  272.94 v _1409_/Y (NAND2x1_ASAP7_75t_L)
                                         _0747_ (net)
                 14.57    0.11  273.05 v _1589_/A (OR2x2_ASAP7_75t_L)
     1    1.37    7.35   14.89  287.95 v _1589_/Y (OR2x2_ASAP7_75t_L)
                                         _0195_ (net)
                  7.36    0.11  288.06 v _1590_/B (AOI21x1_ASAP7_75t_L)
     1    1.29   14.58    8.28  296.34 ^ _1590_/Y (AOI21x1_ASAP7_75t_L)
                                         _0196_ (net)
                 14.59    0.12  296.46 ^ _1591_/B (NOR2x1_ASAP7_75t_L)
     1    3.86   23.38   13.43  309.89 v _1591_/Y (NOR2x1_ASAP7_75t_L)
                                         _0197_ (net)
                 23.49    0.94  310.83 v _1592_/A (XOR2x1_ASAP7_75t_L)
     1    0.90   21.69   16.25  327.07 v _1592_/Y (XOR2x1_ASAP7_75t_L)
                                         net178 (net)
                 21.69    0.09  327.16 v output178/A (BUFx2_ASAP7_75t_L)
     1    0.35    4.83   13.86  341.02 v output178/Y (BUFx2_ASAP7_75t_L)
                                         result[53] (net)
                  4.83    0.02  341.04 v result[53] (out)
                                341.04   data arrival time

                  0.00  500.00  500.00   clock virtual_clock (rise edge)
                          0.00  500.00   clock network delay (ideal)
                          0.00  500.00   clock reconvergence pessimism
                       -100.00  400.00   output external delay
                                400.00   data required time
-----------------------------------------------------------------------------
                                400.00   data required time
                               -341.04   data arrival time
-----------------------------------------------------------------------------
                                 58.96   slack (MET)



==========================================================================
finish report_check_types -max_slew -max_cap -max_fanout -violators
--------------------------------------------------------------------------

==========================================================================
finish max_slew_check_slack
--------------------------------------------------------------------------
175.25367736816406

==========================================================================
finish max_slew_check_limit
--------------------------------------------------------------------------
320.0

==========================================================================
finish max_slew_check_slack_limit
--------------------------------------------------------------------------
0.5477

==========================================================================
finish max_fanout_check_slack
--------------------------------------------------------------------------
1.0000000150474662e+30

==========================================================================
finish max_fanout_check_limit
--------------------------------------------------------------------------
1.0000000150474662e+30

==========================================================================
finish max_capacitance_check_slack
--------------------------------------------------------------------------
13.26191234588623

==========================================================================
finish max_capacitance_check_limit
--------------------------------------------------------------------------
23.040000915527344

==========================================================================
finish max_capacitance_check_slack_limit
--------------------------------------------------------------------------
0.5756

==========================================================================
finish max_slew_violation_count
--------------------------------------------------------------------------
max slew violation count 0

==========================================================================
finish max_fanout_violation_count
--------------------------------------------------------------------------
max fanout violation count 0

==========================================================================
finish max_cap_violation_count
--------------------------------------------------------------------------
max cap violation count 0

==========================================================================
finish setup_violation_count
--------------------------------------------------------------------------
setup violation count 0

==========================================================================
finish hold_violation_count
--------------------------------------------------------------------------
hold violation count 0

==========================================================================
finish critical path delay
--------------------------------------------------------------------------
341.0446

==========================================================================
finish critical path slack
--------------------------------------------------------------------------
58.9553

==========================================================================
finish slack div critical path delay
--------------------------------------------------------------------------
17.286683

==========================================================================
finish report_power
--------------------------------------------------------------------------
Group                  Internal  Switching    Leakage      Total
                          Power      Power      Power      Power (Watts)
----------------------------------------------------------------
Sequential             0.00e+00   0.00e+00   0.00e+00   0.00e+00   0.0%
Combinational          2.33e-04   2.80e-04   3.90e-07   5.13e-04 100.0%
Clock                  0.00e+00   0.00e+00   0.00e+00   0.00e+00   0.0%
Macro                  0.00e+00   0.00e+00   0.00e+00   0.00e+00   0.0%
Pad                    0.00e+00   0.00e+00   0.00e+00   0.00e+00   0.0%
----------------------------------------------------------------
Total                  2.33e-04   2.80e-04   3.90e-07   5.13e-04 100.0%
                          45.4%      54.5%       0.1%
