
==========================================================================
cts final report_tns
--------------------------------------------------------------------------
tns max 0.00

==========================================================================
cts final report_wns
--------------------------------------------------------------------------
wns max 0.00

==========================================================================
cts final report_worst_slack
--------------------------------------------------------------------------
worst slack max 21.40

==========================================================================
cts final report_clock_min_period
--------------------------------------------------------------------------
core_clock period_min = 298.60 fmax = 3349.01

==========================================================================
cts final report_clock_skew
--------------------------------------------------------------------------
Clock core_clock
  29.96 source latency dpath.a_reg.out[3]$_DFFE_PP_/CLK ^
 -27.79 target latency dpath.b_reg.out[10]$_DFFE_PP_/CLK ^
  -0.52 CRPR
--------------
   1.65 setup skew


==========================================================================
cts final report_checks -path_delay min
--------------------------------------------------------------------------
Startpoint: dpath.b_reg.out[0]$_DFFE_PP_
            (rising edge-triggered flip-flop clocked by core_clock)
Endpoint: dpath.b_reg.out[0]$_DFFE_PP_
          (rising edge-triggered flip-flop clocked by core_clock)
Path Group: core_clock
Path Type: min

Fanout     Cap    Slew   Delay    Time   Description
-----------------------------------------------------------------------------
                          0.00    0.00   clock core_clock (rise edge)
                          0.00    0.00   clock source latency
     1    1.68    0.00    0.00    0.00 ^ clk (in)
                                         clk (net)
                  1.07    0.34    0.34 ^ clkbuf_0_clk/A (BUFx2_ASAP7_75t_SL)
     4    3.07   10.21   11.07   11.41 ^ clkbuf_0_clk/Y (BUFx2_ASAP7_75t_SL)
                                         clknet_0_clk (net)
                 10.23    0.22   11.63 ^ clkbuf_2_2__f_clk/A (BUFx2_ASAP7_75t_SL)
    10    6.31   18.20   16.18   27.81 ^ clkbuf_2_2__f_clk/Y (BUFx2_ASAP7_75t_SL)
                                         clknet_2_2__leaf_clk (net)
                 18.21    0.20   28.01 ^ dpath.b_reg.out[0]$_DFFE_PP_/CLK (DFFHQNx1_ASAP7_75t_SL)
     2    1.73   15.78   29.50   57.51 ^ dpath.b_reg.out[0]$_DFFE_PP_/QN (DFFHQNx1_ASAP7_75t_SL)
                                         _004_ (net)
                 15.78    0.08   57.58 ^ _699_/A1 (AOI21x1_ASAP7_75t_SL)
     1    0.72    4.67    5.87   63.45 v _699_/Y (AOI21x1_ASAP7_75t_SL)
                                         _087_ (net)
                  4.67    0.03   63.48 v dpath.b_reg.out[0]$_DFFE_PP_/D (DFFHQNx1_ASAP7_75t_SL)
                                 63.48   data arrival time

                          0.00    0.00   clock core_clock (rise edge)
                          0.00    0.00   clock source latency
     1    1.79    0.00    0.00    0.00 ^ clk (in)
                                         clk (net)
                  1.17    0.37    0.37 ^ clkbuf_0_clk/A (BUFx2_ASAP7_75t_SL)
     4    3.50   11.30   11.55   11.92 ^ clkbuf_0_clk/Y (BUFx2_ASAP7_75t_SL)
                                         clknet_0_clk (net)
                 11.31    0.26   12.18 ^ clkbuf_2_2__f_clk/A (BUFx2_ASAP7_75t_SL)
    10    7.25   20.58   17.28   29.46 ^ clkbuf_2_2__f_clk/Y (BUFx2_ASAP7_75t_SL)
                                         clknet_2_2__leaf_clk (net)
                 20.59    0.23   29.69 ^ dpath.b_reg.out[0]$_DFFE_PP_/CLK (DFFHQNx1_ASAP7_75t_SL)
                         -1.68   28.01   clock reconvergence pessimism
                          8.26   36.26   library hold time
                                 36.26   data required time
-----------------------------------------------------------------------------
                                 36.26   data required time
                                -63.48   data arrival time
-----------------------------------------------------------------------------
                                 27.22   slack (MET)



==========================================================================
cts final report_checks -path_delay max
--------------------------------------------------------------------------
Startpoint: dpath.a_reg.out[9]$_DFFE_PP_
            (rising edge-triggered flip-flop clocked by core_clock)
Endpoint: resp_msg[15] (output port clocked by core_clock)
Path Group: core_clock
Path Type: max

Fanout     Cap    Slew   Delay    Time   Description
-----------------------------------------------------------------------------
                          0.00    0.00   clock core_clock (rise edge)
                          0.00    0.00   clock source latency
     1    1.79    0.00    0.00    0.00 ^ clk (in)
                                         clk (net)
                  1.17    0.37    0.37 ^ clkbuf_0_clk/A (BUFx2_ASAP7_75t_SL)
     4    3.50   11.30   11.55   11.92 ^ clkbuf_0_clk/Y (BUFx2_ASAP7_75t_SL)
                                         clknet_0_clk (net)
                 11.31    0.22   12.15 ^ clkbuf_2_1__f_clk/A (BUFx2_ASAP7_75t_SL)
    10    7.25   20.58   17.28   29.43 ^ clkbuf_2_1__f_clk/Y (BUFx2_ASAP7_75t_SL)
                                         clknet_2_1__leaf_clk (net)
                 20.59    0.18   29.61 ^ dpath.a_reg.out[9]$_DFFE_PP_/CLK (DFFHQNx1_ASAP7_75t_SL)
     2    1.53   14.80   29.22   58.83 ^ dpath.a_reg.out[9]$_DFFE_PP_/QN (DFFHQNx1_ASAP7_75t_SL)
                                         _005_ (net)
                 14.80    0.04   58.87 ^ _583_/A (INVx1_ASAP7_75t_SL)
     2    2.72   15.06    8.91   67.79 v _583_/Y (INVx1_ASAP7_75t_SL)
                                         dpath.a_lt_b$in0[9] (net)
                 15.06    0.08   67.86 v _755_/A (HAxp5_ASAP7_75t_SL)
     5    7.71  100.25   68.32  136.18 v _755_/SN (HAxp5_ASAP7_75t_SL)
                                         _044_ (net)
                100.26    0.51  136.69 v _515_/B (NOR2x1_ASAP7_75t_SL)
     4    4.39   45.22   24.23  160.91 ^ _515_/Y (NOR2x1_ASAP7_75t_SL)
                                         _210_ (net)
                 45.22    0.13  161.04 ^ _516_/B (NAND2x1_ASAP7_75t_SL)
     4    4.79   29.95   14.39  175.43 v _516_/Y (NAND2x1_ASAP7_75t_SL)
                                         _211_ (net)
                 29.95    0.21  175.65 v _575_/A (OR2x2_ASAP7_75t_SL)
     1    1.39    7.97   14.44  190.09 v _575_/Y (OR2x2_ASAP7_75t_SL)
                                         _266_ (net)
                  7.97    0.05  190.14 v _576_/B (AOI21x1_ASAP7_75t_SL)
     2    2.37   18.87    9.47  199.61 ^ _576_/Y (AOI21x1_ASAP7_75t_SL)
                                         _267_ (net)
                 18.87    0.07  199.68 ^ _580_/A1 (OA21x2_ASAP7_75t_SL)
     2    1.96   10.30   15.01  214.68 ^ _580_/Y (OA21x2_ASAP7_75t_SL)
                                         _271_ (net)
                 10.31    0.07  214.76 ^ _582_/A (OR2x2_ASAP7_75t_SL)
     1    0.72    6.13   11.16  225.92 ^ _582_/Y (OR2x2_ASAP7_75t_SL)
                                         net43 (net)
                  6.13    0.03  225.95 ^ output43/A (BUFx2_ASAP7_75t_SL)
     1    0.25    3.94    8.64  234.59 ^ output43/Y (BUFx2_ASAP7_75t_SL)
                                         resp_msg[15] (net)
                  3.94    0.01  234.60 ^ resp_msg[15] (out)
                                234.60   data arrival time

                        320.00  320.00   clock core_clock (rise edge)
                          0.00  320.00   clock network delay (propagated)
                          0.00  320.00   clock reconvergence pessimism
                        -64.00  256.00   output external delay
                                256.00   data required time
-----------------------------------------------------------------------------
                                256.00   data required time
                               -234.60   data arrival time
-----------------------------------------------------------------------------
                                 21.40   slack (MET)



==========================================================================
cts final report_checks -unconstrained
--------------------------------------------------------------------------
Startpoint: dpath.a_reg.out[9]$_DFFE_PP_
            (rising edge-triggered flip-flop clocked by core_clock)
Endpoint: resp_msg[15] (output port clocked by core_clock)
Path Group: core_clock
Path Type: max

Fanout     Cap    Slew   Delay    Time   Description
-----------------------------------------------------------------------------
                          0.00    0.00   clock core_clock (rise edge)
                          0.00    0.00   clock source latency
     1    1.79    0.00    0.00    0.00 ^ clk (in)
                                         clk (net)
                  1.17    0.37    0.37 ^ clkbuf_0_clk/A (BUFx2_ASAP7_75t_SL)
     4    3.50   11.30   11.55   11.92 ^ clkbuf_0_clk/Y (BUFx2_ASAP7_75t_SL)
                                         clknet_0_clk (net)
                 11.31    0.22   12.15 ^ clkbuf_2_1__f_clk/A (BUFx2_ASAP7_75t_SL)
    10    7.25   20.58   17.28   29.43 ^ clkbuf_2_1__f_clk/Y (BUFx2_ASAP7_75t_SL)
                                         clknet_2_1__leaf_clk (net)
                 20.59    0.18   29.61 ^ dpath.a_reg.out[9]$_DFFE_PP_/CLK (DFFHQNx1_ASAP7_75t_SL)
     2    1.53   14.80   29.22   58.83 ^ dpath.a_reg.out[9]$_DFFE_PP_/QN (DFFHQNx1_ASAP7_75t_SL)
                                         _005_ (net)
                 14.80    0.04   58.87 ^ _583_/A (INVx1_ASAP7_75t_SL)
     2    2.72   15.06    8.91   67.79 v _583_/Y (INVx1_ASAP7_75t_SL)
                                         dpath.a_lt_b$in0[9] (net)
                 15.06    0.08   67.86 v _755_/A (HAxp5_ASAP7_75t_SL)
     5    7.71  100.25   68.32  136.18 v _755_/SN (HAxp5_ASAP7_75t_SL)
                                         _044_ (net)
                100.26    0.51  136.69 v _515_/B (NOR2x1_ASAP7_75t_SL)
     4    4.39   45.22   24.23  160.91 ^ _515_/Y (NOR2x1_ASAP7_75t_SL)
                                         _210_ (net)
                 45.22    0.13  161.04 ^ _516_/B (NAND2x1_ASAP7_75t_SL)
     4    4.79   29.95   14.39  175.43 v _516_/Y (NAND2x1_ASAP7_75t_SL)
                                         _211_ (net)
                 29.95    0.21  175.65 v _575_/A (OR2x2_ASAP7_75t_SL)
     1    1.39    7.97   14.44  190.09 v _575_/Y (OR2x2_ASAP7_75t_SL)
                                         _266_ (net)
                  7.97    0.05  190.14 v _576_/B (AOI21x1_ASAP7_75t_SL)
     2    2.37   18.87    9.47  199.61 ^ _576_/Y (AOI21x1_ASAP7_75t_SL)
                                         _267_ (net)
                 18.87    0.07  199.68 ^ _580_/A1 (OA21x2_ASAP7_75t_SL)
     2    1.96   10.30   15.01  214.68 ^ _580_/Y (OA21x2_ASAP7_75t_SL)
                                         _271_ (net)
                 10.31    0.07  214.76 ^ _582_/A (OR2x2_ASAP7_75t_SL)
     1    0.72    6.13   11.16  225.92 ^ _582_/Y (OR2x2_ASAP7_75t_SL)
                                         net43 (net)
                  6.13    0.03  225.95 ^ output43/A (BUFx2_ASAP7_75t_SL)
     1    0.25    3.94    8.64  234.59 ^ output43/Y (BUFx2_ASAP7_75t_SL)
                                         resp_msg[15] (net)
                  3.94    0.01  234.60 ^ resp_msg[15] (out)
                                234.60   data arrival time

                        320.00  320.00   clock core_clock (rise edge)
                          0.00  320.00   clock network delay (propagated)
                          0.00  320.00   clock reconvergence pessimism
                        -64.00  256.00   output external delay
                                256.00   data required time
-----------------------------------------------------------------------------
                                256.00   data required time
                               -234.60   data arrival time
-----------------------------------------------------------------------------
                                 21.40   slack (MET)



==========================================================================
cts final report_check_types -max_slew -max_cap -max_fanout -violators
--------------------------------------------------------------------------

==========================================================================
cts final max_slew_check_slack
--------------------------------------------------------------------------
218.34608459472656

==========================================================================
cts final max_slew_check_limit
--------------------------------------------------------------------------
320.0

==========================================================================
cts final max_slew_check_slack_limit
--------------------------------------------------------------------------
0.6823

==========================================================================
cts final max_fanout_check_slack
--------------------------------------------------------------------------
1.0000000150474662e+30

==========================================================================
cts final max_fanout_check_limit
--------------------------------------------------------------------------
1.0000000150474662e+30

==========================================================================
cts final max_capacitance_check_slack
--------------------------------------------------------------------------
14.571114540100098

==========================================================================
cts final max_capacitance_check_limit
--------------------------------------------------------------------------
23.040000915527344

==========================================================================
cts final max_capacitance_check_slack_limit
--------------------------------------------------------------------------
0.6324

==========================================================================
cts final max_slew_violation_count
--------------------------------------------------------------------------
max slew violation count 0

==========================================================================
cts final max_fanout_violation_count
--------------------------------------------------------------------------
max fanout violation count 0

==========================================================================
cts final max_cap_violation_count
--------------------------------------------------------------------------
max cap violation count 0

==========================================================================
cts final setup_violation_count
--------------------------------------------------------------------------
setup violation count 0

==========================================================================
cts final hold_violation_count
--------------------------------------------------------------------------
hold violation count 0

==========================================================================
cts final report_checks -path_delay max reg to reg
--------------------------------------------------------------------------
Startpoint: dpath.a_reg.out[10]$_DFFE_PP_
            (rising edge-triggered flip-flop clocked by core_clock)
Endpoint: dpath.b_reg.out[7]$_DFFE_PP_
          (rising edge-triggered flip-flop clocked by core_clock)
Path Group: core_clock
Path Type: max

  Delay    Time   Description
---------------------------------------------------------
   0.00    0.00   clock core_clock (rise edge)
   0.00    0.00   clock source latency
   0.00    0.00 ^ clk (in)
  11.92   11.92 ^ clkbuf_0_clk/Y (BUFx2_ASAP7_75t_SL)
  17.54   29.46 ^ clkbuf_2_2__f_clk/Y (BUFx2_ASAP7_75t_SL)
   0.17   29.63 ^ dpath.a_reg.out[10]$_DFFE_PP_/CLK (DFFHQNx1_ASAP7_75t_SL)
  29.46   59.09 ^ dpath.a_reg.out[10]$_DFFE_PP_/QN (DFFHQNx1_ASAP7_75t_SL)
   9.01   68.11 v _597_/Y (INVx1_ASAP7_75t_SL)
  68.11  136.22 v _754_/SN (HAxp5_ASAP7_75t_SL)
  20.16  156.38 ^ _413_/Y (NOR2x2_ASAP7_75t_SL)
  14.41  170.78 v _424_/Y (AOI21x1_ASAP7_75t_SL)
  11.83  182.61 ^ _428_/Y (OAI21x1_ASAP7_75t_SL)
  17.95  200.56 v _429_/Y (AOI21x1_ASAP7_75t_SL)
  47.65  248.21 ^ _695_/Y (NAND2x1_ASAP7_75t_SL)
   7.66  255.87 v _740_/Y (OAI21x1_ASAP7_75t_SL)
   9.94  265.81 ^ _741_/Y (AOI21x1_ASAP7_75t_SL)
   0.04  265.85 ^ dpath.b_reg.out[7]$_DFFE_PP_/D (DFFHQNx1_ASAP7_75t_SL)
         265.85   data arrival time

 320.00  320.00   clock core_clock (rise edge)
   0.00  320.00   clock source latency
   0.00  320.00 ^ clk (in)
  11.41  331.41 ^ clkbuf_0_clk/Y (BUFx2_ASAP7_75t_SL)
  16.37  347.77 ^ clkbuf_2_1__f_clk/Y (BUFx2_ASAP7_75t_SL)
   0.23  348.00 ^ dpath.b_reg.out[7]$_DFFE_PP_/CLK (DFFHQNx1_ASAP7_75t_SL)
   0.52  348.52   clock reconvergence pessimism
  -4.84  343.68   library setup time
         343.68   data required time
---------------------------------------------------------
         343.68   data required time
        -265.85   data arrival time
---------------------------------------------------------
          77.83   slack (MET)



==========================================================================
cts final report_checks -path_delay min reg to reg
--------------------------------------------------------------------------
Startpoint: dpath.b_reg.out[0]$_DFFE_PP_
            (rising edge-triggered flip-flop clocked by core_clock)
Endpoint: dpath.b_reg.out[0]$_DFFE_PP_
          (rising edge-triggered flip-flop clocked by core_clock)
Path Group: core_clock
Path Type: min

  Delay    Time   Description
---------------------------------------------------------
   0.00    0.00   clock core_clock (rise edge)
   0.00    0.00   clock source latency
   0.00    0.00 ^ clk (in)
  11.41   11.41 ^ clkbuf_0_clk/Y (BUFx2_ASAP7_75t_SL)
  16.40   27.81 ^ clkbuf_2_2__f_clk/Y (BUFx2_ASAP7_75t_SL)
   0.20   28.01 ^ dpath.b_reg.out[0]$_DFFE_PP_/CLK (DFFHQNx1_ASAP7_75t_SL)
  29.50   57.51 ^ dpath.b_reg.out[0]$_DFFE_PP_/QN (DFFHQNx1_ASAP7_75t_SL)
   5.95   63.45 v _699_/Y (AOI21x1_ASAP7_75t_SL)
   0.03   63.48 v dpath.b_reg.out[0]$_DFFE_PP_/D (DFFHQNx1_ASAP7_75t_SL)
          63.48   data arrival time

   0.00    0.00   clock core_clock (rise edge)
   0.00    0.00   clock source latency
   0.00    0.00 ^ clk (in)
  11.92   11.92 ^ clkbuf_0_clk/Y (BUFx2_ASAP7_75t_SL)
  17.54   29.46 ^ clkbuf_2_2__f_clk/Y (BUFx2_ASAP7_75t_SL)
   0.23   29.69 ^ dpath.b_reg.out[0]$_DFFE_PP_/CLK (DFFHQNx1_ASAP7_75t_SL)
  -1.68   28.01   clock reconvergence pessimism
   8.26   36.26   library hold time
          36.26   data required time
---------------------------------------------------------
          36.26   data required time
         -63.48   data arrival time
---------------------------------------------------------
          27.22   slack (MET)



==========================================================================
cts final critical path target clock latency max path
--------------------------------------------------------------------------
27.7900

==========================================================================
cts final critical path target clock latency min path
--------------------------------------------------------------------------
29.7232

==========================================================================
cts final critical path source clock latency min path
--------------------------------------------------------------------------
0.0000

==========================================================================
cts final critical path delay
--------------------------------------------------------------------------
234.5958

==========================================================================
cts final critical path slack
--------------------------------------------------------------------------
21.4042

==========================================================================
cts final slack div critical path delay
--------------------------------------------------------------------------
9.123863

==========================================================================
cts final report_power
--------------------------------------------------------------------------
Group                  Internal  Switching    Leakage      Total
                          Power      Power      Power      Power (Watts)
----------------------------------------------------------------
Sequential             2.47e-04   2.97e-05   5.02e-07   2.77e-04  23.6%
Combinational          4.00e-04   3.63e-04   1.74e-06   7.65e-04  65.3%
Clock                  6.97e-05   6.00e-05   5.06e-08   1.30e-04  11.1%
Macro                  0.00e+00   0.00e+00   0.00e+00   0.00e+00   0.0%
Pad                    0.00e+00   0.00e+00   0.00e+00   0.00e+00   0.0%
----------------------------------------------------------------
Total                  7.17e-04   4.53e-04   2.29e-06   1.17e-03 100.0%
                          61.2%      38.6%       0.2%
