
==========================================================================
cts final report_tns
--------------------------------------------------------------------------
tns max -2639.03

==========================================================================
cts final report_wns
--------------------------------------------------------------------------
wns max -165.36

==========================================================================
cts final report_worst_slack
--------------------------------------------------------------------------
worst slack max -165.36

==========================================================================
cts final report_clock_min_period
--------------------------------------------------------------------------
virtual_clk period_min = 665.36 fmax = 1502.95

==========================================================================
cts final report_clock_skew
--------------------------------------------------------------------------
Clock virtual_clk
No launch/capture paths found.


==========================================================================
cts final report_checks -path_delay min
--------------------------------------------------------------------------
Startpoint: B[1] (input port clocked by virtual_clk)
Endpoint: S[1] (output port clocked by virtual_clk)
Path Group: virtual_clk
Path Type: min

Fanout     Cap    Slew   Delay    Time   Description
-----------------------------------------------------------------------------
                  0.00    0.00    0.00   clock virtual_clk (rise edge)
                          0.00    0.00   clock network delay (ideal)
                        100.00  100.00 ^ input external delay
     1    0.69    0.00    0.00  100.00 ^ B[1] (in)
                                         B[1] (net)
                  0.09    0.03  100.03 ^ input43/A (BUFx2_ASAP7_75t_R)
     1    0.82    5.72   10.32  110.35 ^ input43/Y (BUFx2_ASAP7_75t_R)
                                         net43 (net)
                  5.72    0.03  110.38 ^ _674_/B (HAxp5_ASAP7_75t_R)
     1    0.59   10.53    8.29  118.68 v _674_/SN (HAxp5_ASAP7_75t_R)
                                         _087_ (net)
                 10.53    0.02  118.70 v _537_/A (INVx1_ASAP7_75t_R)
     1    0.51    6.46    6.08  124.78 ^ _537_/Y (INVx1_ASAP7_75t_R)
                                         net76 (net)
                  6.46    0.02  124.80 ^ output76/A (BUFx2_ASAP7_75t_R)
     1    0.35    4.51   11.54  136.34 ^ output76/Y (BUFx2_ASAP7_75t_R)
                                         S[1] (net)
                  4.51    0.02  136.35 ^ S[1] (out)
                                136.35   data arrival time

                  0.00    0.00    0.00   clock virtual_clk (rise edge)
                          0.00    0.00   clock network delay (ideal)
                          0.00    0.00   clock reconvergence pessimism
                       -100.00 -100.00   output external delay
                               -100.00   data required time
-----------------------------------------------------------------------------
                               -100.00   data required time
                               -136.35   data arrival time
-----------------------------------------------------------------------------
                                236.35   slack (MET)



==========================================================================
cts final report_checks -path_delay max
--------------------------------------------------------------------------
Startpoint: B[14] (input port clocked by virtual_clk)
Endpoint: C32 (output port clocked by virtual_clk)
Path Group: virtual_clk
Path Type: max

Fanout     Cap    Slew   Delay    Time   Description
-----------------------------------------------------------------------------
                  0.00    0.00    0.00   clock virtual_clk (rise edge)
                          0.00    0.00   clock network delay (ideal)
                        100.00  100.00 v input external delay
     1    1.60    0.00    0.00  100.00 v B[14] (in)
                                         B[14] (net)
                  0.25    0.08  100.08 v input37/A (BUFx6f_ASAP7_75t_R)
     1    1.30    4.38    9.13  109.21 v input37/Y (BUFx6f_ASAP7_75t_R)
                                         net37 (net)
                  4.38    0.09  109.30 v _661_/A (HAxp5_ASAP7_75t_R)
     3    3.06   41.03   21.25  130.55 ^ _661_/CON (HAxp5_ASAP7_75t_R)
                                         _060_ (net)
     3    2.30   48.36   23.11  153.66 v _661_/SN (HAxp5_ASAP7_75t_R)
                                         _061_ (net)
                 48.36    0.10  153.76 v rebuffer312/A (BUFx3_ASAP7_75t_R)
     1    0.88    6.55   22.11  175.87 v rebuffer312/Y (BUFx3_ASAP7_75t_R)
                                         net312 (net)
                  6.55    0.06  175.93 v _409_/B (OR4x2_ASAP7_75t_R)
     3    2.63   18.02   39.20  215.13 v _409_/Y (OR4x2_ASAP7_75t_R)
                                         _153_ (net)
                 18.05    0.37  215.51 v _452_/C (OR5x1_ASAP7_75t_R)
     2    2.19   22.72   45.01  260.52 v _452_/Y (OR5x1_ASAP7_75t_R)
                                         _196_ (net)
                 22.72    0.10  260.62 v _453_/C (AO211x2_ASAP7_75t_R)
     3    2.54   10.93   22.47  283.09 v _453_/Y (AO211x2_ASAP7_75t_R)
                                         _197_ (net)
                 10.94    0.21  283.30 v _493_/B1 (AOI22x1_ASAP7_75t_R)
     1    0.75   15.11   10.86  294.15 ^ _493_/Y (AOI22x1_ASAP7_75t_R)
                                         _235_ (net)
                 15.11    0.04  294.19 ^ _494_/D (AND4x1_ASAP7_75t_R)
     1    1.11   14.71   28.41  322.60 ^ _494_/Y (AND4x1_ASAP7_75t_R)
                                         _236_ (net)
                 14.71    0.06  322.65 ^ _503_/B (AOI211x1_ASAP7_75t_R)
     2    2.14   28.87   12.87  335.52 v _503_/Y (AOI211x1_ASAP7_75t_R)
                                         _245_ (net)
                 28.88    0.19  335.71 v _504_/A (XOR2x2_ASAP7_75t_R)
     3    2.66   13.44   31.82  367.53 v _504_/Y (XOR2x2_ASAP7_75t_R)
                                         _246_ (net)
                 13.44    0.12  367.65 v _526_/B (OR5x1_ASAP7_75t_R)
     3    3.05   28.50   44.96  412.62 v _526_/Y (OR5x1_ASAP7_75t_R)
                                         _267_ (net)
                 28.51    0.25  412.87 v rebuffer318/A (BUFx3_ASAP7_75t_R)
     3    2.70    8.56   20.25  433.11 v rebuffer318/Y (BUFx3_ASAP7_75t_R)
                                         net318 (net)
                  8.56    0.08  433.19 v _554_/A1 (AOI21x1_ASAP7_75t_R)
     2    1.34   16.42    9.45  442.64 ^ _554_/Y (AOI21x1_ASAP7_75t_R)
                                         _284_ (net)
                 16.42    0.04  442.69 ^ _556_/C (OR4x2_ASAP7_75t_R)
     1    0.71    6.01   16.47  459.16 ^ _556_/Y (OR4x2_ASAP7_75t_R)
                                         _286_ (net)
                  6.02    0.03  459.19 ^ _564_/B (AND4x2_ASAP7_75t_R)
     1    2.11   16.43   31.16  490.35 ^ _564_/Y (AND4x2_ASAP7_75t_R)
                                         _294_ (net)
                 16.44    0.21  490.57 ^ _565_/B (XOR2x1_ASAP7_75t_R)
     2    2.26   24.34   23.18  513.75 ^ _565_/Y (XOR2x1_ASAP7_75t_R)
                                         _295_ (net)
                 24.34    0.07  513.82 ^ _566_/B (AND2x4_ASAP7_75t_R)
     1    1.86    8.05   20.35  534.17 ^ _566_/Y (AND2x4_ASAP7_75t_R)
                                         _296_ (net)
                  8.06    0.12  534.29 ^ _567_/B (XNOR2x1_ASAP7_75t_R)
     1    0.62   15.71   16.91  551.20 ^ _567_/Y (XNOR2x1_ASAP7_75t_R)
                                         net65 (net)
                 15.71    0.02  551.23 ^ output65/A (BUFx2_ASAP7_75t_R)
     1    0.30    4.65   14.12  565.35 ^ output65/Y (BUFx2_ASAP7_75t_R)
                                         C32 (net)
                  4.65    0.01  565.36 ^ C32 (out)
                                565.36   data arrival time

                  0.00  500.00  500.00   clock virtual_clk (rise edge)
                          0.00  500.00   clock network delay (ideal)
                          0.00  500.00   clock reconvergence pessimism
                       -100.00  400.00   output external delay
                                400.00   data required time
-----------------------------------------------------------------------------
                                400.00   data required time
                               -565.36   data arrival time
-----------------------------------------------------------------------------
                               -165.36   slack (VIOLATED)



==========================================================================
cts final report_checks -unconstrained
--------------------------------------------------------------------------
Startpoint: B[14] (input port clocked by virtual_clk)
Endpoint: C32 (output port clocked by virtual_clk)
Path Group: virtual_clk
Path Type: max

Fanout     Cap    Slew   Delay    Time   Description
-----------------------------------------------------------------------------
                  0.00    0.00    0.00   clock virtual_clk (rise edge)
                          0.00    0.00   clock network delay (ideal)
                        100.00  100.00 v input external delay
     1    1.60    0.00    0.00  100.00 v B[14] (in)
                                         B[14] (net)
                  0.25    0.08  100.08 v input37/A (BUFx6f_ASAP7_75t_R)
     1    1.30    4.38    9.13  109.21 v input37/Y (BUFx6f_ASAP7_75t_R)
                                         net37 (net)
                  4.38    0.09  109.30 v _661_/A (HAxp5_ASAP7_75t_R)
     3    3.06   41.03   21.25  130.55 ^ _661_/CON (HAxp5_ASAP7_75t_R)
                                         _060_ (net)
     3    2.30   48.36   23.11  153.66 v _661_/SN (HAxp5_ASAP7_75t_R)
                                         _061_ (net)
                 48.36    0.10  153.76 v rebuffer312/A (BUFx3_ASAP7_75t_R)
     1    0.88    6.55   22.11  175.87 v rebuffer312/Y (BUFx3_ASAP7_75t_R)
                                         net312 (net)
                  6.55    0.06  175.93 v _409_/B (OR4x2_ASAP7_75t_R)
     3    2.63   18.02   39.20  215.13 v _409_/Y (OR4x2_ASAP7_75t_R)
                                         _153_ (net)
                 18.05    0.37  215.51 v _452_/C (OR5x1_ASAP7_75t_R)
     2    2.19   22.72   45.01  260.52 v _452_/Y (OR5x1_ASAP7_75t_R)
                                         _196_ (net)
                 22.72    0.10  260.62 v _453_/C (AO211x2_ASAP7_75t_R)
     3    2.54   10.93   22.47  283.09 v _453_/Y (AO211x2_ASAP7_75t_R)
                                         _197_ (net)
                 10.94    0.21  283.30 v _493_/B1 (AOI22x1_ASAP7_75t_R)
     1    0.75   15.11   10.86  294.15 ^ _493_/Y (AOI22x1_ASAP7_75t_R)
                                         _235_ (net)
                 15.11    0.04  294.19 ^ _494_/D (AND4x1_ASAP7_75t_R)
     1    1.11   14.71   28.41  322.60 ^ _494_/Y (AND4x1_ASAP7_75t_R)
                                         _236_ (net)
                 14.71    0.06  322.65 ^ _503_/B (AOI211x1_ASAP7_75t_R)
     2    2.14   28.87   12.87  335.52 v _503_/Y (AOI211x1_ASAP7_75t_R)
                                         _245_ (net)
                 28.88    0.19  335.71 v _504_/A (XOR2x2_ASAP7_75t_R)
     3    2.66   13.44   31.82  367.53 v _504_/Y (XOR2x2_ASAP7_75t_R)
                                         _246_ (net)
                 13.44    0.12  367.65 v _526_/B (OR5x1_ASAP7_75t_R)
     3    3.05   28.50   44.96  412.62 v _526_/Y (OR5x1_ASAP7_75t_R)
                                         _267_ (net)
                 28.51    0.25  412.87 v rebuffer318/A (BUFx3_ASAP7_75t_R)
     3    2.70    8.56   20.25  433.11 v rebuffer318/Y (BUFx3_ASAP7_75t_R)
                                         net318 (net)
                  8.56    0.08  433.19 v _554_/A1 (AOI21x1_ASAP7_75t_R)
     2    1.34   16.42    9.45  442.64 ^ _554_/Y (AOI21x1_ASAP7_75t_R)
                                         _284_ (net)
                 16.42    0.04  442.69 ^ _556_/C (OR4x2_ASAP7_75t_R)
     1    0.71    6.01   16.47  459.16 ^ _556_/Y (OR4x2_ASAP7_75t_R)
                                         _286_ (net)
                  6.02    0.03  459.19 ^ _564_/B (AND4x2_ASAP7_75t_R)
     1    2.11   16.43   31.16  490.35 ^ _564_/Y (AND4x2_ASAP7_75t_R)
                                         _294_ (net)
                 16.44    0.21  490.57 ^ _565_/B (XOR2x1_ASAP7_75t_R)
     2    2.26   24.34   23.18  513.75 ^ _565_/Y (XOR2x1_ASAP7_75t_R)
                                         _295_ (net)
                 24.34    0.07  513.82 ^ _566_/B (AND2x4_ASAP7_75t_R)
     1    1.86    8.05   20.35  534.17 ^ _566_/Y (AND2x4_ASAP7_75t_R)
                                         _296_ (net)
                  8.06    0.12  534.29 ^ _567_/B (XNOR2x1_ASAP7_75t_R)
     1    0.62   15.71   16.91  551.20 ^ _567_/Y (XNOR2x1_ASAP7_75t_R)
                                         net65 (net)
                 15.71    0.02  551.23 ^ output65/A (BUFx2_ASAP7_75t_R)
     1    0.30    4.65   14.12  565.35 ^ output65/Y (BUFx2_ASAP7_75t_R)
                                         C32 (net)
                  4.65    0.01  565.36 ^ C32 (out)
                                565.36   data arrival time

                  0.00  500.00  500.00   clock virtual_clk (rise edge)
                          0.00  500.00   clock network delay (ideal)
                          0.00  500.00   clock reconvergence pessimism
                       -100.00  400.00   output external delay
                                400.00   data required time
-----------------------------------------------------------------------------
                                400.00   data required time
                               -565.36   data arrival time
-----------------------------------------------------------------------------
                               -165.36   slack (VIOLATED)



==========================================================================
cts final report_check_types -max_slew -max_cap -max_fanout -violators
--------------------------------------------------------------------------

==========================================================================
cts final max_slew_check_slack
--------------------------------------------------------------------------
217.81857299804688

==========================================================================
cts final max_slew_check_limit
--------------------------------------------------------------------------
320.0

==========================================================================
cts final max_slew_check_slack_limit
--------------------------------------------------------------------------
0.6807

==========================================================================
cts final max_fanout_check_slack
--------------------------------------------------------------------------
1.0000000150474662e+30

==========================================================================
cts final max_fanout_check_limit
--------------------------------------------------------------------------
1.0000000150474662e+30

==========================================================================
cts final max_capacitance_check_slack
--------------------------------------------------------------------------
17.974308013916016

==========================================================================
cts final max_capacitance_check_limit
--------------------------------------------------------------------------
23.040000915527344

==========================================================================
cts final max_capacitance_check_slack_limit
--------------------------------------------------------------------------
0.7801

==========================================================================
cts final max_slew_violation_count
--------------------------------------------------------------------------
max slew violation count 0

==========================================================================
cts final max_fanout_violation_count
--------------------------------------------------------------------------
max fanout violation count 0

==========================================================================
cts final max_cap_violation_count
--------------------------------------------------------------------------
max cap violation count 0

==========================================================================
cts final setup_violation_count
--------------------------------------------------------------------------
setup violation count 27

==========================================================================
cts final hold_violation_count
--------------------------------------------------------------------------
hold violation count 0

==========================================================================
cts final critical path delay
--------------------------------------------------------------------------
565.3596

==========================================================================
cts final critical path slack
--------------------------------------------------------------------------
-165.3596

==========================================================================
cts final slack div critical path delay
--------------------------------------------------------------------------
-29.248570

==========================================================================
cts final report_power
--------------------------------------------------------------------------
Group                  Internal  Switching    Leakage      Total
                          Power      Power      Power      Power (Watts)
----------------------------------------------------------------
Sequential             0.00e+00   0.00e+00   0.00e+00   0.00e+00   0.0%
Combinational          1.30e-04   8.34e-05   4.87e-08   2.13e-04 100.0%
Clock                  0.00e+00   0.00e+00   0.00e+00   0.00e+00   0.0%
Macro                  0.00e+00   0.00e+00   0.00e+00   0.00e+00   0.0%
Pad                    0.00e+00   0.00e+00   0.00e+00   0.00e+00   0.0%
----------------------------------------------------------------
Total                  1.30e-04   8.34e-05   4.87e-08   2.13e-04 100.0%
                          60.9%      39.1%       0.0%
