
==========================================================================
global route report_tns
--------------------------------------------------------------------------
tns max -2925.53

==========================================================================
global route report_wns
--------------------------------------------------------------------------
wns max -180.59

==========================================================================
global route report_worst_slack
--------------------------------------------------------------------------
worst slack max -180.59

==========================================================================
global route report_clock_min_period
--------------------------------------------------------------------------
virtual_clk period_min = 680.59 fmax = 1469.32

==========================================================================
global route report_clock_skew
--------------------------------------------------------------------------
Clock virtual_clk
No launch/capture paths found.


==========================================================================
global route report_checks -path_delay min
--------------------------------------------------------------------------
Startpoint: B[1] (input port clocked by virtual_clk)
Endpoint: S[1] (output port clocked by virtual_clk)
Path Group: virtual_clk
Path Type: min

Fanout     Cap    Slew   Delay    Time   Description
-----------------------------------------------------------------------------
                  0.00    0.00    0.00   clock virtual_clk (rise edge)
                          0.00    0.00   clock network delay (ideal)
                        100.00  100.00 ^ input external delay
     1    0.87    0.00    0.00  100.00 ^ B[1] (in)
                                         B[1] (net)
                  0.21    0.07  100.07 ^ input43/A (BUFx2_ASAP7_75t_R)
     1    0.92    5.99   10.50  110.57 ^ input43/Y (BUFx2_ASAP7_75t_R)
                                         net43 (net)
                  6.00    0.07  110.63 ^ _674_/B (HAxp5_ASAP7_75t_R)
     1    0.60   10.64    8.40  119.03 v _674_/SN (HAxp5_ASAP7_75t_R)
                                         _087_ (net)
                 10.64    0.03  119.06 v _537_/A (INVx1_ASAP7_75t_R)
     1    0.59    6.90    6.34  125.40 ^ _537_/Y (INVx1_ASAP7_75t_R)
                                         net76 (net)
                  6.91    0.04  125.44 ^ output76/A (BUFx2_ASAP7_75t_R)
     1    0.44    4.73   11.81  137.25 ^ output76/Y (BUFx2_ASAP7_75t_R)
                                         S[1] (net)
                  4.73    0.04  137.28 ^ S[1] (out)
                                137.28   data arrival time

                  0.00    0.00    0.00   clock virtual_clk (rise edge)
                          0.00    0.00   clock network delay (ideal)
                          0.00    0.00   clock reconvergence pessimism
                       -100.00 -100.00   output external delay
                               -100.00   data required time
-----------------------------------------------------------------------------
                               -100.00   data required time
                               -137.28   data arrival time
-----------------------------------------------------------------------------
                                237.28   slack (MET)



==========================================================================
global route report_checks -path_delay max
--------------------------------------------------------------------------
Startpoint: B[14] (input port clocked by virtual_clk)
Endpoint: C32 (output port clocked by virtual_clk)
Path Group: virtual_clk
Path Type: max

Fanout     Cap    Slew   Delay    Time   Description
-----------------------------------------------------------------------------
                  0.00    0.00    0.00   clock virtual_clk (rise edge)
                          0.00    0.00   clock network delay (ideal)
                        100.00  100.00 v input external delay
     1    1.69    0.00    0.00  100.00 v B[14] (in)
                                         B[14] (net)
                  0.37    0.12  100.12 v input37/A (BUFx6f_ASAP7_75t_R)
     1    1.46    4.52    9.24  109.36 v input37/Y (BUFx6f_ASAP7_75t_R)
                                         net37 (net)
                  4.56    0.21  109.57 v _661_/A (HAxp5_ASAP7_75t_R)
     3    3.36   44.20   22.57  132.14 ^ _661_/CON (HAxp5_ASAP7_75t_R)
                                         _060_ (net)
     3    2.58   53.95   24.99  157.13 v _661_/SN (HAxp5_ASAP7_75t_R)
                                         _061_ (net)
                 53.95    0.25  157.38 v rebuffer312/A (BUFx3_ASAP7_75t_R)
     1    1.00    6.92   23.14  180.52 v rebuffer312/Y (BUFx3_ASAP7_75t_R)
                                         net312 (net)
                  6.94    0.14  180.66 v _409_/B (OR4x2_ASAP7_75t_R)
     3    2.61   18.16   39.16  219.82 v _409_/Y (OR4x2_ASAP7_75t_R)
                                         _153_ (net)
                 18.20    0.46  220.27 v place246/A (BUFx3_ASAP7_75t_R)
     5    4.44   11.56   19.13  239.41 v place246/Y (BUFx3_ASAP7_75t_R)
                                         net246 (net)
                 11.66    0.58  239.99 v _438_/A (OR2x4_ASAP7_75t_R)
     1    3.19   13.05   29.34  269.33 v _438_/Y (OR2x4_ASAP7_75t_R)
                                         _182_ (net)
                 13.11    0.46  269.79 v _439_/A (NOR3x2_ASAP7_75t_R)
     2    2.69   17.15   12.01  281.80 ^ _439_/Y (NOR3x2_ASAP7_75t_R)
                                         _183_ (net)
                 17.18    0.38  282.18 ^ _440_/C (AO211x2_ASAP7_75t_R)
     3    2.58   13.06   21.34  303.53 ^ _440_/Y (AO211x2_ASAP7_75t_R)
                                         _184_ (net)
                 13.08    0.28  303.80 ^ _494_/A (AND4x1_ASAP7_75t_R)
     1    1.24   15.77   26.56  330.37 ^ _494_/Y (AND4x1_ASAP7_75t_R)
                                         _236_ (net)
                 15.78    0.12  330.48 ^ _503_/B (AOI211x1_ASAP7_75t_R)
     2    2.39   31.21   13.73  344.21 v _503_/Y (AOI211x1_ASAP7_75t_R)
                                         _245_ (net)
                 31.23    0.42  344.63 v _504_/A (XOR2x2_ASAP7_75t_R)
     3    2.89   14.19   32.91  377.54 v _504_/Y (XOR2x2_ASAP7_75t_R)
                                         _246_ (net)
                 14.20    0.23  377.78 v _526_/B (OR5x1_ASAP7_75t_R)
     3    3.49   31.34   46.44  424.22 v _526_/Y (OR5x1_ASAP7_75t_R)
                                         _267_ (net)
                 31.37    0.49  424.71 v rebuffer318/A (BUFx3_ASAP7_75t_R)
     3    2.84    8.93   21.06  445.77 v rebuffer318/Y (BUFx3_ASAP7_75t_R)
                                         net318 (net)
                  8.94    0.16  445.93 v _554_/A1 (AOI21x1_ASAP7_75t_R)
     2    1.42   17.16    9.77  455.69 ^ _554_/Y (AOI21x1_ASAP7_75t_R)
                                         _284_ (net)
                 17.16    0.09  455.78 ^ _556_/C (OR4x2_ASAP7_75t_R)
     1    0.73    6.09   16.75  472.53 ^ _556_/Y (OR4x2_ASAP7_75t_R)
                                         _286_ (net)
                  6.09    0.05  472.57 ^ _564_/B (AND4x2_ASAP7_75t_R)
     1    2.19   16.83   31.32  503.89 ^ _564_/Y (AND4x2_ASAP7_75t_R)
                                         _294_ (net)
                 16.86    0.38  504.27 ^ _565_/B (XOR2x1_ASAP7_75t_R)
     2    2.34   25.37   23.52  527.79 ^ _565_/Y (XOR2x1_ASAP7_75t_R)
                                         _295_ (net)
                 25.38    0.09  527.88 ^ _566_/B (AND2x4_ASAP7_75t_R)
     1    2.02    8.41   20.69  548.57 ^ _566_/Y (AND2x4_ASAP7_75t_R)
                                         _296_ (net)
                  8.46    0.29  548.86 ^ _567_/B (XNOR2x1_ASAP7_75t_R)
     1    0.72   16.18   17.22  566.08 ^ _567_/Y (XNOR2x1_ASAP7_75t_R)
                                         net65 (net)
                 16.18    0.05  566.12 ^ output65/A (BUFx2_ASAP7_75t_R)
     1    0.42    4.97   14.43  580.55 ^ output65/Y (BUFx2_ASAP7_75t_R)
                                         C32 (net)
                  4.97    0.03  580.59 ^ C32 (out)
                                580.59   data arrival time

                  0.00  500.00  500.00   clock virtual_clk (rise edge)
                          0.00  500.00   clock network delay (ideal)
                          0.00  500.00   clock reconvergence pessimism
                       -100.00  400.00   output external delay
                                400.00   data required time
-----------------------------------------------------------------------------
                                400.00   data required time
                               -580.59   data arrival time
-----------------------------------------------------------------------------
                               -180.59   slack (VIOLATED)



==========================================================================
global route report_checks -unconstrained
--------------------------------------------------------------------------
Startpoint: B[14] (input port clocked by virtual_clk)
Endpoint: C32 (output port clocked by virtual_clk)
Path Group: virtual_clk
Path Type: max

Fanout     Cap    Slew   Delay    Time   Description
-----------------------------------------------------------------------------
                  0.00    0.00    0.00   clock virtual_clk (rise edge)
                          0.00    0.00   clock network delay (ideal)
                        100.00  100.00 v input external delay
     1    1.69    0.00    0.00  100.00 v B[14] (in)
                                         B[14] (net)
                  0.37    0.12  100.12 v input37/A (BUFx6f_ASAP7_75t_R)
     1    1.46    4.52    9.24  109.36 v input37/Y (BUFx6f_ASAP7_75t_R)
                                         net37 (net)
                  4.56    0.21  109.57 v _661_/A (HAxp5_ASAP7_75t_R)
     3    3.36   44.20   22.57  132.14 ^ _661_/CON (HAxp5_ASAP7_75t_R)
                                         _060_ (net)
     3    2.58   53.95   24.99  157.13 v _661_/SN (HAxp5_ASAP7_75t_R)
                                         _061_ (net)
                 53.95    0.25  157.38 v rebuffer312/A (BUFx3_ASAP7_75t_R)
     1    1.00    6.92   23.14  180.52 v rebuffer312/Y (BUFx3_ASAP7_75t_R)
                                         net312 (net)
                  6.94    0.14  180.66 v _409_/B (OR4x2_ASAP7_75t_R)
     3    2.61   18.16   39.16  219.82 v _409_/Y (OR4x2_ASAP7_75t_R)
                                         _153_ (net)
                 18.20    0.46  220.27 v place246/A (BUFx3_ASAP7_75t_R)
     5    4.44   11.56   19.13  239.41 v place246/Y (BUFx3_ASAP7_75t_R)
                                         net246 (net)
                 11.66    0.58  239.99 v _438_/A (OR2x4_ASAP7_75t_R)
     1    3.19   13.05   29.34  269.33 v _438_/Y (OR2x4_ASAP7_75t_R)
                                         _182_ (net)
                 13.11    0.46  269.79 v _439_/A (NOR3x2_ASAP7_75t_R)
     2    2.69   17.15   12.01  281.80 ^ _439_/Y (NOR3x2_ASAP7_75t_R)
                                         _183_ (net)
                 17.18    0.38  282.18 ^ _440_/C (AO211x2_ASAP7_75t_R)
     3    2.58   13.06   21.34  303.53 ^ _440_/Y (AO211x2_ASAP7_75t_R)
                                         _184_ (net)
                 13.08    0.28  303.80 ^ _494_/A (AND4x1_ASAP7_75t_R)
     1    1.24   15.77   26.56  330.37 ^ _494_/Y (AND4x1_ASAP7_75t_R)
                                         _236_ (net)
                 15.78    0.12  330.48 ^ _503_/B (AOI211x1_ASAP7_75t_R)
     2    2.39   31.21   13.73  344.21 v _503_/Y (AOI211x1_ASAP7_75t_R)
                                         _245_ (net)
                 31.23    0.42  344.63 v _504_/A (XOR2x2_ASAP7_75t_R)
     3    2.89   14.19   32.91  377.54 v _504_/Y (XOR2x2_ASAP7_75t_R)
                                         _246_ (net)
                 14.20    0.23  377.78 v _526_/B (OR5x1_ASAP7_75t_R)
     3    3.49   31.34   46.44  424.22 v _526_/Y (OR5x1_ASAP7_75t_R)
                                         _267_ (net)
                 31.37    0.49  424.71 v rebuffer318/A (BUFx3_ASAP7_75t_R)
     3    2.84    8.93   21.06  445.77 v rebuffer318/Y (BUFx3_ASAP7_75t_R)
                                         net318 (net)
                  8.94    0.16  445.93 v _554_/A1 (AOI21x1_ASAP7_75t_R)
     2    1.42   17.16    9.77  455.69 ^ _554_/Y (AOI21x1_ASAP7_75t_R)
                                         _284_ (net)
                 17.16    0.09  455.78 ^ _556_/C (OR4x2_ASAP7_75t_R)
     1    0.73    6.09   16.75  472.53 ^ _556_/Y (OR4x2_ASAP7_75t_R)
                                         _286_ (net)
                  6.09    0.05  472.57 ^ _564_/B (AND4x2_ASAP7_75t_R)
     1    2.19   16.83   31.32  503.89 ^ _564_/Y (AND4x2_ASAP7_75t_R)
                                         _294_ (net)
                 16.86    0.38  504.27 ^ _565_/B (XOR2x1_ASAP7_75t_R)
     2    2.34   25.37   23.52  527.79 ^ _565_/Y (XOR2x1_ASAP7_75t_R)
                                         _295_ (net)
                 25.38    0.09  527.88 ^ _566_/B (AND2x4_ASAP7_75t_R)
     1    2.02    8.41   20.69  548.57 ^ _566_/Y (AND2x4_ASAP7_75t_R)
                                         _296_ (net)
                  8.46    0.29  548.86 ^ _567_/B (XNOR2x1_ASAP7_75t_R)
     1    0.72   16.18   17.22  566.08 ^ _567_/Y (XNOR2x1_ASAP7_75t_R)
                                         net65 (net)
                 16.18    0.05  566.12 ^ output65/A (BUFx2_ASAP7_75t_R)
     1    0.42    4.97   14.43  580.55 ^ output65/Y (BUFx2_ASAP7_75t_R)
                                         C32 (net)
                  4.97    0.03  580.59 ^ C32 (out)
                                580.59   data arrival time

                  0.00  500.00  500.00   clock virtual_clk (rise edge)
                          0.00  500.00   clock network delay (ideal)
                          0.00  500.00   clock reconvergence pessimism
                       -100.00  400.00   output external delay
                                400.00   data required time
-----------------------------------------------------------------------------
                                400.00   data required time
                               -580.59   data arrival time
-----------------------------------------------------------------------------
                               -180.59   slack (VIOLATED)



==========================================================================
global route report_check_types -max_slew -max_cap -max_fanout -violators
--------------------------------------------------------------------------

==========================================================================
global route max_slew_check_slack
--------------------------------------------------------------------------
210.7220458984375

==========================================================================
global route max_slew_check_limit
--------------------------------------------------------------------------
320.0

==========================================================================
global route max_slew_check_slack_limit
--------------------------------------------------------------------------
0.6585

==========================================================================
global route max_fanout_check_slack
--------------------------------------------------------------------------
1.0000000150474662e+30

==========================================================================
global route max_fanout_check_limit
--------------------------------------------------------------------------
1.0000000150474662e+30

==========================================================================
global route max_capacitance_check_slack
--------------------------------------------------------------------------
17.652420043945312

==========================================================================
global route max_capacitance_check_limit
--------------------------------------------------------------------------
23.040000915527344

==========================================================================
global route max_capacitance_check_slack_limit
--------------------------------------------------------------------------
0.7662

==========================================================================
global route max_slew_violation_count
--------------------------------------------------------------------------
max slew violation count 0

==========================================================================
global route max_fanout_violation_count
--------------------------------------------------------------------------
max fanout violation count 0

==========================================================================
global route max_cap_violation_count
--------------------------------------------------------------------------
max cap violation count 0

==========================================================================
global route setup_violation_count
--------------------------------------------------------------------------
setup violation count 27

==========================================================================
global route hold_violation_count
--------------------------------------------------------------------------
hold violation count 0

==========================================================================
global route critical path delay
--------------------------------------------------------------------------
580.5876

==========================================================================
global route critical path slack
--------------------------------------------------------------------------
-180.5876

==========================================================================
global route slack div critical path delay
--------------------------------------------------------------------------
-31.104281

==========================================================================
global route report_power
--------------------------------------------------------------------------
Group                  Internal  Switching    Leakage      Total
                          Power      Power      Power      Power (Watts)
----------------------------------------------------------------
Sequential             0.00e+00   0.00e+00   0.00e+00   0.00e+00   0.0%
Combinational          1.31e-04   9.11e-05   4.88e-08   2.22e-04 100.0%
Clock                  0.00e+00   0.00e+00   0.00e+00   0.00e+00   0.0%
Macro                  0.00e+00   0.00e+00   0.00e+00   0.00e+00   0.0%
Pad                    0.00e+00   0.00e+00   0.00e+00   0.00e+00   0.0%
----------------------------------------------------------------
Total                  1.31e-04   9.11e-05   4.88e-08   2.22e-04 100.0%
                          58.9%      41.1%       0.0%
