
==========================================================================
finish report_tns
--------------------------------------------------------------------------
tns max -2486.09

==========================================================================
finish report_wns
--------------------------------------------------------------------------
wns max -162.58

==========================================================================
finish report_worst_slack
--------------------------------------------------------------------------
worst slack max -162.58

==========================================================================
finish report_clock_min_period
--------------------------------------------------------------------------
virtual_clk period_min = 662.58 fmax = 1509.26

==========================================================================
finish report_clock_skew
--------------------------------------------------------------------------
Clock virtual_clk
No launch/capture paths found.


==========================================================================
finish report_checks -path_delay min
--------------------------------------------------------------------------
Startpoint: B[1] (input port clocked by virtual_clk)
Endpoint: S[1] (output port clocked by virtual_clk)
Path Group: virtual_clk
Path Type: min

Fanout     Cap    Slew   Delay    Time   Description
-----------------------------------------------------------------------------
                  0.00    0.00    0.00   clock virtual_clk (rise edge)
                          0.00    0.00   clock network delay (ideal)
                        100.00  100.00 ^ input external delay
     1    0.62    0.00    0.00  100.00 ^ B[1] (in)
                                         B[1] (net)
                  0.11    0.03  100.03 ^ input43/A (BUFx2_ASAP7_75t_R)
     1    0.84    5.77   10.34  110.38 ^ input43/Y (BUFx2_ASAP7_75t_R)
                                         net43 (net)
                  5.77    0.07  110.44 ^ _674_/B (HAxp5_ASAP7_75t_R)
     1    0.55   10.18    8.12  118.57 v _674_/SN (HAxp5_ASAP7_75t_R)
                                         _087_ (net)
                 10.18    0.04  118.61 v _537_/A (INVx1_ASAP7_75t_R)
     1    0.56    6.63    6.16  124.77 ^ _537_/Y (INVx1_ASAP7_75t_R)
                                         net76 (net)
                  6.63    0.05  124.81 ^ output76/A (BUFx2_ASAP7_75t_R)
     1    0.20    4.10   11.34  136.15 ^ output76/Y (BUFx2_ASAP7_75t_R)
                                         S[1] (net)
                  4.10    0.01  136.17 ^ S[1] (out)
                                136.17   data arrival time

                  0.00    0.00    0.00   clock virtual_clk (rise edge)
                          0.00    0.00   clock network delay (ideal)
                          0.00    0.00   clock reconvergence pessimism
                       -100.00 -100.00   output external delay
                               -100.00   data required time
-----------------------------------------------------------------------------
                               -100.00   data required time
                               -136.17   data arrival time
-----------------------------------------------------------------------------
                                236.17   slack (MET)



==========================================================================
finish report_checks -path_delay max
--------------------------------------------------------------------------
Startpoint: B[14] (input port clocked by virtual_clk)
Endpoint: S[31] (output port clocked by virtual_clk)
Path Group: virtual_clk
Path Type: max

Fanout     Cap    Slew   Delay    Time   Description
-----------------------------------------------------------------------------
                  0.00    0.00    0.00   clock virtual_clk (rise edge)
                          0.00    0.00   clock network delay (ideal)
                        100.00  100.00 v input external delay
     1    1.53    0.00    0.00  100.00 v B[14] (in)
                                         B[14] (net)
                  0.32    0.10  100.10 v input37/A (BUFx6f_ASAP7_75t_R)
     1    1.22    4.32    9.10  109.20 v input37/Y (BUFx6f_ASAP7_75t_R)
                                         net37 (net)
                  4.33    0.12  109.33 v _661_/A (HAxp5_ASAP7_75t_R)
     3    3.04   40.85   21.07  130.39 ^ _661_/CON (HAxp5_ASAP7_75t_R)
                                         _060_ (net)
     3    2.31   48.56   23.07  153.46 v _661_/SN (HAxp5_ASAP7_75t_R)
                                         _061_ (net)
                 48.56    0.16  153.62 v rebuffer312/A (BUFx3_ASAP7_75t_R)
     1    0.91    6.61   22.17  175.79 v rebuffer312/Y (BUFx3_ASAP7_75t_R)
                                         net312 (net)
                  6.62    0.13  175.92 v _409_/B (OR4x2_ASAP7_75t_R)
     3    2.36   17.19   38.48  214.40 v _409_/Y (OR4x2_ASAP7_75t_R)
                                         _153_ (net)
                 17.22    0.40  214.79 v _452_/C (OR5x1_ASAP7_75t_R)
     2    2.16   22.49   44.68  259.48 v _452_/Y (OR5x1_ASAP7_75t_R)
                                         _196_ (net)
                 22.50    0.17  259.64 v _453_/C (AO211x2_ASAP7_75t_R)
     3    2.52   11.05   22.31  281.95 v _453_/Y (AO211x2_ASAP7_75t_R)
                                         _197_ (net)
                 11.10    0.41  282.36 v _493_/B1 (AOI22x1_ASAP7_75t_R)
     1    0.71   14.89   10.78  293.14 ^ _493_/Y (AOI22x1_ASAP7_75t_R)
                                         _235_ (net)
                 14.89    0.06  293.20 ^ _494_/D (AND4x1_ASAP7_75t_R)
     1    1.05   14.32   28.10  321.30 ^ _494_/Y (AND4x1_ASAP7_75t_R)
                                         _236_ (net)
                 14.33    0.10  321.40 ^ _503_/B (AOI211x1_ASAP7_75t_R)
     2    1.93   26.98   12.20  333.60 v _503_/Y (AOI211x1_ASAP7_75t_R)
                                         _245_ (net)
                 26.99    0.23  333.83 v place217/A (BUFx3_ASAP7_75t_R)
     2    1.41    6.45   18.42  352.25 v place217/Y (BUFx3_ASAP7_75t_R)
                                         net217 (net)
                  6.45    0.09  352.34 v _506_/D (OR4x2_ASAP7_75t_R)
     2    1.31   14.25   37.83  390.17 v _506_/Y (OR4x2_ASAP7_75t_R)
                                         _247_ (net)
                 14.25    0.14  390.31 v _517_/A1 (AO33x2_ASAP7_75t_R)
     2    2.24   13.43   31.46  421.77 v _517_/Y (AO33x2_ASAP7_75t_R)
                                         _258_ (net)
                 13.45    0.24  422.01 v _525_/B (OR3x1_ASAP7_75t_R)
     3    2.26   18.64   30.11  452.13 v _525_/Y (OR3x1_ASAP7_75t_R)
                                         _266_ (net)
                 18.67    0.41  452.54 v _629_/A (AND4x1_ASAP7_75t_R)
     1    1.68   12.30   18.98  471.52 v _629_/Y (AND4x1_ASAP7_75t_R)
                                         _337_ (net)
                 12.31    0.10  471.62 v _630_/B (XNOR2x1_ASAP7_75t_R)
     1    1.13   12.46   18.28  489.90 v _630_/Y (XNOR2x1_ASAP7_75t_R)
                                         _338_ (net)
                 12.46    0.05  489.95 v _631_/B (NOR2x1_ASAP7_75t_R)
     1    1.65   28.35   12.06  502.01 ^ _631_/Y (NOR2x1_ASAP7_75t_R)
                                         _339_ (net)
                 28.35    0.12  502.13 ^ _632_/B (XNOR2x1_ASAP7_75t_R)
     1    1.67   27.42   23.21  525.34 ^ _632_/Y (XNOR2x1_ASAP7_75t_R)
                                         _340_ (net)
                 27.42    0.10  525.44 ^ _633_/B (XNOR2x1_ASAP7_75t_R)
     1    0.79   28.44   21.10  546.54 ^ _633_/Y (XNOR2x1_ASAP7_75t_R)
                                         net89 (net)
                 28.44    0.07  546.60 ^ output89/A (BUFx3_ASAP7_75t_R)
     1    0.27    4.92   15.95  562.56 ^ output89/Y (BUFx3_ASAP7_75t_R)
                                         S[31] (net)
                  4.92    0.02  562.58 ^ S[31] (out)
                                562.58   data arrival time

                  0.00  500.00  500.00   clock virtual_clk (rise edge)
                          0.00  500.00   clock network delay (ideal)
                          0.00  500.00   clock reconvergence pessimism
                       -100.00  400.00   output external delay
                                400.00   data required time
-----------------------------------------------------------------------------
                                400.00   data required time
                               -562.58   data arrival time
-----------------------------------------------------------------------------
                               -162.58   slack (VIOLATED)



==========================================================================
finish report_checks -unconstrained
--------------------------------------------------------------------------
Startpoint: B[14] (input port clocked by virtual_clk)
Endpoint: S[31] (output port clocked by virtual_clk)
Path Group: virtual_clk
Path Type: max

Fanout     Cap    Slew   Delay    Time   Description
-----------------------------------------------------------------------------
                  0.00    0.00    0.00   clock virtual_clk (rise edge)
                          0.00    0.00   clock network delay (ideal)
                        100.00  100.00 v input external delay
     1    1.53    0.00    0.00  100.00 v B[14] (in)
                                         B[14] (net)
                  0.32    0.10  100.10 v input37/A (BUFx6f_ASAP7_75t_R)
     1    1.22    4.32    9.10  109.20 v input37/Y (BUFx6f_ASAP7_75t_R)
                                         net37 (net)
                  4.33    0.12  109.33 v _661_/A (HAxp5_ASAP7_75t_R)
     3    3.04   40.85   21.07  130.39 ^ _661_/CON (HAxp5_ASAP7_75t_R)
                                         _060_ (net)
     3    2.31   48.56   23.07  153.46 v _661_/SN (HAxp5_ASAP7_75t_R)
                                         _061_ (net)
                 48.56    0.16  153.62 v rebuffer312/A (BUFx3_ASAP7_75t_R)
     1    0.91    6.61   22.17  175.79 v rebuffer312/Y (BUFx3_ASAP7_75t_R)
                                         net312 (net)
                  6.62    0.13  175.92 v _409_/B (OR4x2_ASAP7_75t_R)
     3    2.36   17.19   38.48  214.40 v _409_/Y (OR4x2_ASAP7_75t_R)
                                         _153_ (net)
                 17.22    0.40  214.79 v _452_/C (OR5x1_ASAP7_75t_R)
     2    2.16   22.49   44.68  259.48 v _452_/Y (OR5x1_ASAP7_75t_R)
                                         _196_ (net)
                 22.50    0.17  259.64 v _453_/C (AO211x2_ASAP7_75t_R)
     3    2.52   11.05   22.31  281.95 v _453_/Y (AO211x2_ASAP7_75t_R)
                                         _197_ (net)
                 11.10    0.41  282.36 v _493_/B1 (AOI22x1_ASAP7_75t_R)
     1    0.71   14.89   10.78  293.14 ^ _493_/Y (AOI22x1_ASAP7_75t_R)
                                         _235_ (net)
                 14.89    0.06  293.20 ^ _494_/D (AND4x1_ASAP7_75t_R)
     1    1.05   14.32   28.10  321.30 ^ _494_/Y (AND4x1_ASAP7_75t_R)
                                         _236_ (net)
                 14.33    0.10  321.40 ^ _503_/B (AOI211x1_ASAP7_75t_R)
     2    1.93   26.98   12.20  333.60 v _503_/Y (AOI211x1_ASAP7_75t_R)
                                         _245_ (net)
                 26.99    0.23  333.83 v place217/A (BUFx3_ASAP7_75t_R)
     2    1.41    6.45   18.42  352.25 v place217/Y (BUFx3_ASAP7_75t_R)
                                         net217 (net)
                  6.45    0.09  352.34 v _506_/D (OR4x2_ASAP7_75t_R)
     2    1.31   14.25   37.83  390.17 v _506_/Y (OR4x2_ASAP7_75t_R)
                                         _247_ (net)
                 14.25    0.14  390.31 v _517_/A1 (AO33x2_ASAP7_75t_R)
     2    2.24   13.43   31.46  421.77 v _517_/Y (AO33x2_ASAP7_75t_R)
                                         _258_ (net)
                 13.45    0.24  422.01 v _525_/B (OR3x1_ASAP7_75t_R)
     3    2.26   18.64   30.11  452.13 v _525_/Y (OR3x1_ASAP7_75t_R)
                                         _266_ (net)
                 18.67    0.41  452.54 v _629_/A (AND4x1_ASAP7_75t_R)
     1    1.68   12.30   18.98  471.52 v _629_/Y (AND4x1_ASAP7_75t_R)
                                         _337_ (net)
                 12.31    0.10  471.62 v _630_/B (XNOR2x1_ASAP7_75t_R)
     1    1.13   12.46   18.28  489.90 v _630_/Y (XNOR2x1_ASAP7_75t_R)
                                         _338_ (net)
                 12.46    0.05  489.95 v _631_/B (NOR2x1_ASAP7_75t_R)
     1    1.65   28.35   12.06  502.01 ^ _631_/Y (NOR2x1_ASAP7_75t_R)
                                         _339_ (net)
                 28.35    0.12  502.13 ^ _632_/B (XNOR2x1_ASAP7_75t_R)
     1    1.67   27.42   23.21  525.34 ^ _632_/Y (XNOR2x1_ASAP7_75t_R)
                                         _340_ (net)
                 27.42    0.10  525.44 ^ _633_/B (XNOR2x1_ASAP7_75t_R)
     1    0.79   28.44   21.10  546.54 ^ _633_/Y (XNOR2x1_ASAP7_75t_R)
                                         net89 (net)
                 28.44    0.07  546.60 ^ output89/A (BUFx3_ASAP7_75t_R)
     1    0.27    4.92   15.95  562.56 ^ output89/Y (BUFx3_ASAP7_75t_R)
                                         S[31] (net)
                  4.92    0.02  562.58 ^ S[31] (out)
                                562.58   data arrival time

                  0.00  500.00  500.00   clock virtual_clk (rise edge)
                          0.00  500.00   clock network delay (ideal)
                          0.00  500.00   clock reconvergence pessimism
                       -100.00  400.00   output external delay
                                400.00   data required time
-----------------------------------------------------------------------------
                                400.00   data required time
                               -562.58   data arrival time
-----------------------------------------------------------------------------
                               -162.58   slack (VIOLATED)



==========================================================================
finish report_check_types -max_slew -max_cap -max_fanout -violators
--------------------------------------------------------------------------

==========================================================================
finish max_slew_check_slack
--------------------------------------------------------------------------
219.0769805908203

==========================================================================
finish max_slew_check_limit
--------------------------------------------------------------------------
320.0

==========================================================================
finish max_slew_check_slack_limit
--------------------------------------------------------------------------
0.6846

==========================================================================
finish max_fanout_check_slack
--------------------------------------------------------------------------
1.0000000150474662e+30

==========================================================================
finish max_fanout_check_limit
--------------------------------------------------------------------------
1.0000000150474662e+30

==========================================================================
finish max_capacitance_check_slack
--------------------------------------------------------------------------
18.061664581298828

==========================================================================
finish max_capacitance_check_limit
--------------------------------------------------------------------------
23.040000915527344

==========================================================================
finish max_capacitance_check_slack_limit
--------------------------------------------------------------------------
0.7839

==========================================================================
finish max_slew_violation_count
--------------------------------------------------------------------------
max slew violation count 0

==========================================================================
finish max_fanout_violation_count
--------------------------------------------------------------------------
max fanout violation count 0

==========================================================================
finish max_cap_violation_count
--------------------------------------------------------------------------
max cap violation count 0

==========================================================================
finish setup_violation_count
--------------------------------------------------------------------------
setup violation count 27

==========================================================================
finish hold_violation_count
--------------------------------------------------------------------------
hold violation count 0

==========================================================================
finish critical path delay
--------------------------------------------------------------------------
562.5778

==========================================================================
finish critical path slack
--------------------------------------------------------------------------
-162.5778

==========================================================================
finish slack div critical path delay
--------------------------------------------------------------------------
-28.898723

==========================================================================
finish report_power
--------------------------------------------------------------------------
Group                  Internal  Switching    Leakage      Total
                          Power      Power      Power      Power (Watts)
----------------------------------------------------------------
Sequential             0.00e+00   0.00e+00   0.00e+00   0.00e+00   0.0%
Combinational          1.30e-04   7.94e-05   4.88e-08   2.10e-04 100.0%
Clock                  0.00e+00   0.00e+00   0.00e+00   0.00e+00   0.0%
Macro                  0.00e+00   0.00e+00   0.00e+00   0.00e+00   0.0%
Pad                    0.00e+00   0.00e+00   0.00e+00   0.00e+00   0.0%
----------------------------------------------------------------
Total                  1.30e-04   7.94e-05   4.88e-08   2.10e-04 100.0%
                          62.1%      37.9%       0.0%
