
==========================================================================
global place report_tns
--------------------------------------------------------------------------
tns max -2510.01

==========================================================================
global place report_wns
--------------------------------------------------------------------------
wns max -70.12

==========================================================================
global place report_worst_slack
--------------------------------------------------------------------------
worst slack max -70.12

==========================================================================
global place report_clock_min_period
--------------------------------------------------------------------------
core_clock period_min = 320.12 fmax = 3123.82

==========================================================================
global place report_checks -path_delay min
--------------------------------------------------------------------------
Startpoint: dpath.b_reg.out[0]$_DFFE_PP_
            (rising edge-triggered flip-flop clocked by core_clock)
Endpoint: dpath.b_reg.out[0]$_DFFE_PP_
          (rising edge-triggered flip-flop clocked by core_clock)
Path Group: core_clock
Path Type: min

Fanout     Cap    Slew   Delay    Time   Description
-----------------------------------------------------------------------------
                  0.00    0.00    0.00   clock core_clock (rise edge)
                          0.00    0.00   clock network delay (ideal)
                  0.00    0.00    0.00 ^ dpath.b_reg.out[0]$_DFFE_PP_/CLK (DFFHQNx1_ASAP7_75t_R)
     2    1.17   15.38   34.30   34.30 ^ dpath.b_reg.out[0]$_DFFE_PP_/QN (DFFHQNx1_ASAP7_75t_R)
                                         _004_ (net)
                 15.38    0.03   34.32 ^ place268/A (BUFx3_ASAP7_75t_R)
     2    1.83    7.22   15.01   49.34 ^ place268/Y (BUFx3_ASAP7_75t_R)
                                         net268 (net)
                  7.22    0.06   49.39 ^ _652_/A1 (OAI21x1_ASAP7_75t_R)
     1    0.65    5.24    5.93   55.32 v _652_/Y (OAI21x1_ASAP7_75t_R)
                                         _087_ (net)
                  5.25    0.03   55.35 v dpath.b_reg.out[0]$_DFFE_PP_/D (DFFHQNx1_ASAP7_75t_R)
                                 55.35   data arrival time

                  0.00    0.00    0.00   clock core_clock (rise edge)
                          0.00    0.00   clock network delay (ideal)
                          0.00    0.00   clock reconvergence pessimism
                                  0.00 ^ dpath.b_reg.out[0]$_DFFE_PP_/CLK (DFFHQNx1_ASAP7_75t_R)
                          8.72    8.72   library hold time
                                  8.72   data required time
-----------------------------------------------------------------------------
                                  8.72   data required time
                                -55.35   data arrival time
-----------------------------------------------------------------------------
                                 46.63   slack (MET)



==========================================================================
global place report_checks -path_delay max
--------------------------------------------------------------------------
Startpoint: dpath.a_reg.out[4]$_DFFE_PP_
            (rising edge-triggered flip-flop clocked by core_clock)
Endpoint: resp_msg[13] (output port clocked by core_clock)
Path Group: core_clock
Path Type: max

Fanout     Cap    Slew   Delay    Time   Description
-----------------------------------------------------------------------------
                  0.00    0.00    0.00   clock core_clock (rise edge)
                          0.00    0.00   clock network delay (ideal)
                  0.00    0.00    0.00 ^ dpath.a_reg.out[4]$_DFFE_PP_/CLK (DFFHQNx1_ASAP7_75t_R)
     2    1.47   17.38   35.66   35.66 ^ dpath.a_reg.out[4]$_DFFE_PP_/QN (DFFHQNx1_ASAP7_75t_R)
                                         _010_ (net)
                 17.38    0.04   35.70 ^ _545_/A (INVx1_ASAP7_75t_R)
     1    1.11    9.93    8.40   44.10 v _545_/Y (INVx1_ASAP7_75t_R)
                                         dpath.a_lt_b$in0[4] (net)
                  9.93    0.05   44.15 v _726_/B (HAxp5_ASAP7_75t_R)
     4    5.45  109.63   82.03  126.18 v _726_/SN (HAxp5_ASAP7_75t_R)
                                         _059_ (net)
                109.63    0.24  126.41 v _444_/B (NOR2x1_ASAP7_75t_R)
     3    4.68   60.09   44.15  170.56 ^ _444_/Y (NOR2x1_ASAP7_75t_R)
                                         _162_ (net)
                 60.10    0.27  170.83 ^ _445_/A (NAND2x1p5_ASAP7_75t_R)
     2    1.87   16.36   14.19  185.02 v _445_/Y (NAND2x1p5_ASAP7_75t_R)
                                         _163_ (net)
                 16.36    0.06  185.08 v _448_/A2 (OAI21x1_ASAP7_75t_R)
     2    1.94   17.95   13.37  198.46 ^ _448_/Y (OAI21x1_ASAP7_75t_R)
                                         _166_ (net)
                 17.95    0.09  198.54 ^ _512_/B (NAND2x1_ASAP7_75t_R)
     2    2.51   18.04   13.70  212.25 v _512_/Y (NAND2x1_ASAP7_75t_R)
                                         _222_ (net)
                 18.05    0.35  212.59 v _515_/B (NAND2x1_ASAP7_75t_R)
     1    1.15   13.81   12.65  225.24 ^ _515_/Y (NAND2x1_ASAP7_75t_R)
                                         _225_ (net)
                 13.81    0.04  225.28 ^ _516_/B (NOR2x1_ASAP7_75t_R)
     2    1.78   14.56   11.95  237.23 v _516_/Y (NOR2x1_ASAP7_75t_R)
                                         _226_ (net)
                 14.56    0.06  237.29 v _517_/B (OR2x2_ASAP7_75t_R)
     1    0.68    7.01   20.40  257.70 v _517_/Y (OR2x2_ASAP7_75t_R)
                                         net41 (net)
                  7.01    0.03  257.72 v output41/A (BUFx2_ASAP7_75t_R)
     1    0.35    4.38   12.38  270.10 v output41/Y (BUFx2_ASAP7_75t_R)
                                         resp_msg[13] (net)
                  4.38    0.02  270.12 v resp_msg[13] (out)
                                270.12   data arrival time

                  0.00  250.00  250.00   clock core_clock (rise edge)
                          0.00  250.00   clock network delay (ideal)
                          0.00  250.00   clock reconvergence pessimism
                        -50.00  200.00   output external delay
                                200.00   data required time
-----------------------------------------------------------------------------
                                200.00   data required time
                               -270.12   data arrival time
-----------------------------------------------------------------------------
                                -70.12   slack (VIOLATED)



==========================================================================
global place report_checks -unconstrained
--------------------------------------------------------------------------
Startpoint: dpath.a_reg.out[4]$_DFFE_PP_
            (rising edge-triggered flip-flop clocked by core_clock)
Endpoint: resp_msg[13] (output port clocked by core_clock)
Path Group: core_clock
Path Type: max

Fanout     Cap    Slew   Delay    Time   Description
-----------------------------------------------------------------------------
                  0.00    0.00    0.00   clock core_clock (rise edge)
                          0.00    0.00   clock network delay (ideal)
                  0.00    0.00    0.00 ^ dpath.a_reg.out[4]$_DFFE_PP_/CLK (DFFHQNx1_ASAP7_75t_R)
     2    1.47   17.38   35.66   35.66 ^ dpath.a_reg.out[4]$_DFFE_PP_/QN (DFFHQNx1_ASAP7_75t_R)
                                         _010_ (net)
                 17.38    0.04   35.70 ^ _545_/A (INVx1_ASAP7_75t_R)
     1    1.11    9.93    8.40   44.10 v _545_/Y (INVx1_ASAP7_75t_R)
                                         dpath.a_lt_b$in0[4] (net)
                  9.93    0.05   44.15 v _726_/B (HAxp5_ASAP7_75t_R)
     4    5.45  109.63   82.03  126.18 v _726_/SN (HAxp5_ASAP7_75t_R)
                                         _059_ (net)
                109.63    0.24  126.41 v _444_/B (NOR2x1_ASAP7_75t_R)
     3    4.68   60.09   44.15  170.56 ^ _444_/Y (NOR2x1_ASAP7_75t_R)
                                         _162_ (net)
                 60.10    0.27  170.83 ^ _445_/A (NAND2x1p5_ASAP7_75t_R)
     2    1.87   16.36   14.19  185.02 v _445_/Y (NAND2x1p5_ASAP7_75t_R)
                                         _163_ (net)
                 16.36    0.06  185.08 v _448_/A2 (OAI21x1_ASAP7_75t_R)
     2    1.94   17.95   13.37  198.46 ^ _448_/Y (OAI21x1_ASAP7_75t_R)
                                         _166_ (net)
                 17.95    0.09  198.54 ^ _512_/B (NAND2x1_ASAP7_75t_R)
     2    2.51   18.04   13.70  212.25 v _512_/Y (NAND2x1_ASAP7_75t_R)
                                         _222_ (net)
                 18.05    0.35  212.59 v _515_/B (NAND2x1_ASAP7_75t_R)
     1    1.15   13.81   12.65  225.24 ^ _515_/Y (NAND2x1_ASAP7_75t_R)
                                         _225_ (net)
                 13.81    0.04  225.28 ^ _516_/B (NOR2x1_ASAP7_75t_R)
     2    1.78   14.56   11.95  237.23 v _516_/Y (NOR2x1_ASAP7_75t_R)
                                         _226_ (net)
                 14.56    0.06  237.29 v _517_/B (OR2x2_ASAP7_75t_R)
     1    0.68    7.01   20.40  257.70 v _517_/Y (OR2x2_ASAP7_75t_R)
                                         net41 (net)
                  7.01    0.03  257.72 v output41/A (BUFx2_ASAP7_75t_R)
     1    0.35    4.38   12.38  270.10 v output41/Y (BUFx2_ASAP7_75t_R)
                                         resp_msg[13] (net)
                  4.38    0.02  270.12 v resp_msg[13] (out)
                                270.12   data arrival time

                  0.00  250.00  250.00   clock core_clock (rise edge)
                          0.00  250.00   clock network delay (ideal)
                          0.00  250.00   clock reconvergence pessimism
                        -50.00  200.00   output external delay
                                200.00   data required time
-----------------------------------------------------------------------------
                                200.00   data required time
                               -270.12   data arrival time
-----------------------------------------------------------------------------
                                -70.12   slack (VIOLATED)



==========================================================================
global place report_power
--------------------------------------------------------------------------
Group                  Internal  Switching    Leakage      Total
                          Power      Power      Power      Power (Watts)
----------------------------------------------------------------
Sequential             2.73e-04   2.51e-05   5.32e-09   2.98e-04  21.9%
Combinational          5.24e-04   5.39e-04   3.28e-08   1.06e-03  78.1%
Clock                  0.00e+00   0.00e+00   0.00e+00   0.00e+00   0.0%
Macro                  0.00e+00   0.00e+00   0.00e+00   0.00e+00   0.0%
Pad                    0.00e+00   0.00e+00   0.00e+00   0.00e+00   0.0%
----------------------------------------------------------------
Total                  7.96e-04   5.65e-04   3.81e-08   1.36e-03 100.0%
                          58.5%      41.5%       0.0%
