
==========================================================================
floorplan final report_tns
--------------------------------------------------------------------------
tns max -5232.04

==========================================================================
floorplan final report_wns
--------------------------------------------------------------------------
wns max -120.55

==========================================================================
floorplan final report_worst_slack
--------------------------------------------------------------------------
worst slack max -120.55

==========================================================================
floorplan final report_clock_min_period
--------------------------------------------------------------------------
core_clock period_min = 620.55 fmax = 1611.47

==========================================================================
floorplan final report_checks -path_delay min
--------------------------------------------------------------------------
Startpoint: b[0] (input port clocked by core_clock)
Endpoint: c[0] (output port clocked by core_clock)
Path Group: core_clock
Path Type: min

Fanout     Cap    Slew   Delay    Time   Description
-----------------------------------------------------------------------------
                  0.00    0.00    0.00   clock core_clock (rise edge)
                          0.00    0.00   clock network delay (ideal)
                        100.00  100.00 ^ input external delay
     3    2.01    0.00    0.00  100.00 ^ b[0] (in)
                                         b[0] (net)
                  0.00    0.00  100.00 ^ _4826_/B (HAxp5_ASAP7_75t_R)
     4    1.27   17.01   10.11  110.11 v _4826_/SN (HAxp5_ASAP7_75t_R)
                                         c[0] (net)
                 17.01    0.00  110.11 v c[0] (out)
                                110.11   data arrival time

                  0.00    0.00    0.00   clock core_clock (rise edge)
                          0.00    0.00   clock network delay (ideal)
                          0.00    0.00   clock reconvergence pessimism
                       -100.00 -100.00   output external delay
                               -100.00   data required time
-----------------------------------------------------------------------------
                               -100.00   data required time
                               -110.11   data arrival time
-----------------------------------------------------------------------------
                                210.11   slack (MET)



==========================================================================
floorplan final report_checks -path_delay max
--------------------------------------------------------------------------
Startpoint: a[8] (input port clocked by core_clock)
Endpoint: c[63] (output port clocked by core_clock)
Path Group: core_clock
Path Type: max

Fanout     Cap    Slew   Delay    Time   Description
-----------------------------------------------------------------------------
                  0.00    0.00    0.00   clock core_clock (rise edge)
                          0.00    0.00   clock network delay (ideal)
                        100.00  100.00 ^ input external delay
     3    5.36    0.00    0.00  100.00 ^ a[8] (in)
                                         a[8] (net)
                  0.00    0.00  100.00 ^ _2536_/A (INVx5_ASAP7_75t_R)
     1    1.00    1.26    2.63  102.63 v _2536_/Y (INVx5_ASAP7_75t_R)
                                         _0351_ (net)
                  1.26    0.00  102.63 v _4811_/B (HAxp5_ASAP7_75t_R)
     6    4.37   56.86   66.14  168.76 v _4811_/SN (HAxp5_ASAP7_75t_R)
                                         _0353_ (net)
                 56.86    0.00  168.76 v _2812_/A (BUFx8_ASAP7_75t_R)
    10    7.67   12.51   33.86  202.63 v _2812_/Y (BUFx8_ASAP7_75t_R)
                                         _2264_ (net)
                 12.51    0.00  202.63 v _2813_/A (OR4x2_ASAP7_75t_R)
     6    5.17   25.06   43.65  246.28 v _2813_/Y (OR4x2_ASAP7_75t_R)
                                         _2265_ (net)
                 25.06    0.00  246.28 v _2977_/B (NOR2x1_ASAP7_75t_R)
     1    0.54   12.75   10.46  256.74 ^ _2977_/Y (NOR2x1_ASAP7_75t_R)
                                         _0455_ (net)
                 12.75    0.00  256.74 ^ _2981_/B2 (AO221x2_ASAP7_75t_R)
     5    3.78   18.01   26.61  283.35 ^ _2981_/Y (AO221x2_ASAP7_75t_R)
                                         _0459_ (net)
                 18.01    0.00  283.35 ^ _3259_/A2 (OA21x2_ASAP7_75t_R)
     2    1.47    8.98   18.82  302.18 ^ _3259_/Y (OA21x2_ASAP7_75t_R)
                                         _0724_ (net)
                  8.98    0.00  302.18 ^ _3683_/A1 (AOI211x1_ASAP7_75t_R)
     6    5.35   56.96   30.76  332.94 v _3683_/Y (AOI211x1_ASAP7_75t_R)
                                         _1130_ (net)
                 56.96    0.00  332.94 v _3897_/C (OR3x1_ASAP7_75t_R)
     1    0.44    9.13   30.48  363.42 v _3897_/Y (OR3x1_ASAP7_75t_R)
                                         _1335_ (net)
                  9.13    0.00  363.42 v _3901_/C (OA211x2_ASAP7_75t_R)
     2    1.15   10.54   27.83  391.24 v _3901_/Y (OA211x2_ASAP7_75t_R)
                                         _1339_ (net)
                 10.54    0.00  391.24 v _4310_/A (OR5x1_ASAP7_75t_R)
     1    0.64   12.76   30.53  421.77 v _4310_/Y (OR5x1_ASAP7_75t_R)
                                         _1734_ (net)
                 12.76    0.00  421.77 v _4311_/A (OR4x1_ASAP7_75t_R)
     1    0.51   10.28   26.64  448.41 v _4311_/Y (OR4x1_ASAP7_75t_R)
                                         _1735_ (net)
                 10.28    0.00  448.41 v _4411_/B (OR5x1_ASAP7_75t_R)
     1    0.54   12.15   33.38  481.79 v _4411_/Y (OR5x1_ASAP7_75t_R)
                                         _1835_ (net)
                 12.15    0.00  481.79 v _4412_/A1 (OA211x2_ASAP7_75t_R)
     1    1.16   10.54   23.30  505.09 v _4412_/Y (OA211x2_ASAP7_75t_R)
                                         _1836_ (net)
                 10.54    0.00  505.09 v _4620_/A3 (OA31x2_ASAP7_75t_R)
     1    0.00    5.96   15.46  520.55 v _4620_/Y (OA31x2_ASAP7_75t_R)
                                         c[63] (net)
                  5.96    0.00  520.55 v c[63] (out)
                                520.55   data arrival time

                  0.00  500.00  500.00   clock core_clock (rise edge)
                          0.00  500.00   clock network delay (ideal)
                          0.00  500.00   clock reconvergence pessimism
                       -100.00  400.00   output external delay
                                400.00   data required time
-----------------------------------------------------------------------------
                                400.00   data required time
                               -520.55   data arrival time
-----------------------------------------------------------------------------
                               -120.55   slack (VIOLATED)



==========================================================================
floorplan final report_checks -unconstrained
--------------------------------------------------------------------------
Startpoint: a[8] (input port clocked by core_clock)
Endpoint: c[63] (output port clocked by core_clock)
Path Group: core_clock
Path Type: max

Fanout     Cap    Slew   Delay    Time   Description
-----------------------------------------------------------------------------
                  0.00    0.00    0.00   clock core_clock (rise edge)
                          0.00    0.00   clock network delay (ideal)
                        100.00  100.00 ^ input external delay
     3    5.36    0.00    0.00  100.00 ^ a[8] (in)
                                         a[8] (net)
                  0.00    0.00  100.00 ^ _2536_/A (INVx5_ASAP7_75t_R)
     1    1.00    1.26    2.63  102.63 v _2536_/Y (INVx5_ASAP7_75t_R)
                                         _0351_ (net)
                  1.26    0.00  102.63 v _4811_/B (HAxp5_ASAP7_75t_R)
     6    4.37   56.86   66.14  168.76 v _4811_/SN (HAxp5_ASAP7_75t_R)
                                         _0353_ (net)
                 56.86    0.00  168.76 v _2812_/A (BUFx8_ASAP7_75t_R)
    10    7.67   12.51   33.86  202.63 v _2812_/Y (BUFx8_ASAP7_75t_R)
                                         _2264_ (net)
                 12.51    0.00  202.63 v _2813_/A (OR4x2_ASAP7_75t_R)
     6    5.17   25.06   43.65  246.28 v _2813_/Y (OR4x2_ASAP7_75t_R)
                                         _2265_ (net)
                 25.06    0.00  246.28 v _2977_/B (NOR2x1_ASAP7_75t_R)
     1    0.54   12.75   10.46  256.74 ^ _2977_/Y (NOR2x1_ASAP7_75t_R)
                                         _0455_ (net)
                 12.75    0.00  256.74 ^ _2981_/B2 (AO221x2_ASAP7_75t_R)
     5    3.78   18.01   26.61  283.35 ^ _2981_/Y (AO221x2_ASAP7_75t_R)
                                         _0459_ (net)
                 18.01    0.00  283.35 ^ _3259_/A2 (OA21x2_ASAP7_75t_R)
     2    1.47    8.98   18.82  302.18 ^ _3259_/Y (OA21x2_ASAP7_75t_R)
                                         _0724_ (net)
                  8.98    0.00  302.18 ^ _3683_/A1 (AOI211x1_ASAP7_75t_R)
     6    5.35   56.96   30.76  332.94 v _3683_/Y (AOI211x1_ASAP7_75t_R)
                                         _1130_ (net)
                 56.96    0.00  332.94 v _3897_/C (OR3x1_ASAP7_75t_R)
     1    0.44    9.13   30.48  363.42 v _3897_/Y (OR3x1_ASAP7_75t_R)
                                         _1335_ (net)
                  9.13    0.00  363.42 v _3901_/C (OA211x2_ASAP7_75t_R)
     2    1.15   10.54   27.83  391.24 v _3901_/Y (OA211x2_ASAP7_75t_R)
                                         _1339_ (net)
                 10.54    0.00  391.24 v _4310_/A (OR5x1_ASAP7_75t_R)
     1    0.64   12.76   30.53  421.77 v _4310_/Y (OR5x1_ASAP7_75t_R)
                                         _1734_ (net)
                 12.76    0.00  421.77 v _4311_/A (OR4x1_ASAP7_75t_R)
     1    0.51   10.28   26.64  448.41 v _4311_/Y (OR4x1_ASAP7_75t_R)
                                         _1735_ (net)
                 10.28    0.00  448.41 v _4411_/B (OR5x1_ASAP7_75t_R)
     1    0.54   12.15   33.38  481.79 v _4411_/Y (OR5x1_ASAP7_75t_R)
                                         _1835_ (net)
                 12.15    0.00  481.79 v _4412_/A1 (OA211x2_ASAP7_75t_R)
     1    1.16   10.54   23.30  505.09 v _4412_/Y (OA211x2_ASAP7_75t_R)
                                         _1836_ (net)
                 10.54    0.00  505.09 v _4620_/A3 (OA31x2_ASAP7_75t_R)
     1    0.00    5.96   15.46  520.55 v _4620_/Y (OA31x2_ASAP7_75t_R)
                                         c[63] (net)
                  5.96    0.00  520.55 v c[63] (out)
                                520.55   data arrival time

                  0.00  500.00  500.00   clock core_clock (rise edge)
                          0.00  500.00   clock network delay (ideal)
                          0.00  500.00   clock reconvergence pessimism
                       -100.00  400.00   output external delay
                                400.00   data required time
-----------------------------------------------------------------------------
                                400.00   data required time
                               -520.55   data arrival time
-----------------------------------------------------------------------------
                               -120.55   slack (VIOLATED)



==========================================================================
floorplan final report_power
--------------------------------------------------------------------------
Group                  Internal  Switching    Leakage      Total
                          Power      Power      Power      Power (Watts)
----------------------------------------------------------------
Sequential             0.00e+00   0.00e+00   0.00e+00   0.00e+00   0.0%
Combinational          5.32e-04   4.32e-04   1.74e-07   9.64e-04 100.0%
Clock                  0.00e+00   0.00e+00   0.00e+00   0.00e+00   0.0%
Macro                  0.00e+00   0.00e+00   0.00e+00   0.00e+00   0.0%
Pad                    0.00e+00   0.00e+00   0.00e+00   0.00e+00   0.0%
----------------------------------------------------------------
Total                  5.32e-04   4.32e-04   1.74e-07   9.64e-04 100.0%
                          55.2%      44.8%       0.0%
