
==========================================================================
detailed place report_tns
--------------------------------------------------------------------------
tns max -10324.31

==========================================================================
detailed place report_wns
--------------------------------------------------------------------------
wns max -193.40

==========================================================================
detailed place report_worst_slack
--------------------------------------------------------------------------
worst slack max -193.40

==========================================================================
detailed place report_clock_min_period
--------------------------------------------------------------------------
core_clock period_min = 693.40 fmax = 1442.18

==========================================================================
detailed place report_checks -path_delay min
--------------------------------------------------------------------------
Startpoint: a[63] (input port clocked by core_clock)
Endpoint: c[63] (output port clocked by core_clock)
Path Group: core_clock
Path Type: min

Fanout     Cap    Slew   Delay    Time   Description
-----------------------------------------------------------------------------
                  0.00    0.00    0.00   clock core_clock (rise edge)
                          0.00    0.00   clock network delay (ideal)
                        100.00  100.00 ^ input external delay
     1    1.04    0.00    0.00  100.00 ^ a[63] (in)
                                         a[63] (net)
                  0.22    0.07  100.07 ^ input60/A (BUFx2_ASAP7_75t_R)
     2    3.37   13.48   14.16  114.23 ^ input60/Y (BUFx2_ASAP7_75t_R)
                                         net60 (net)
                 13.64    0.80  115.04 ^ _4619_/A (OR2x2_ASAP7_75t_R)
     1    0.85    7.01   17.73  132.77 ^ _4619_/Y (OR2x2_ASAP7_75t_R)
                                         _2043_ (net)
                  7.01    0.07  132.84 ^ _4620_/B1 (OA31x2_ASAP7_75t_R)
     1    3.43   14.61   18.22  151.06 ^ _4620_/Y (OA31x2_ASAP7_75t_R)
                                         net188 (net)
                 14.90    1.12  152.17 ^ output188/A (BUFx2_ASAP7_75t_R)
     1    0.47    5.05   14.17  166.34 ^ output188/Y (BUFx2_ASAP7_75t_R)
                                         c[63] (net)
                  5.05    0.03  166.37 ^ c[63] (out)
                                166.37   data arrival time

                  0.00    0.00    0.00   clock core_clock (rise edge)
                          0.00    0.00   clock network delay (ideal)
                          0.00    0.00   clock reconvergence pessimism
                       -100.00 -100.00   output external delay
                               -100.00   data required time
-----------------------------------------------------------------------------
                               -100.00   data required time
                               -166.37   data arrival time
-----------------------------------------------------------------------------
                                266.37   slack (MET)



==========================================================================
detailed place report_checks -path_delay max
--------------------------------------------------------------------------
Startpoint: a[4] (input port clocked by core_clock)
Endpoint: c[63] (output port clocked by core_clock)
Path Group: core_clock
Path Type: max

Fanout     Cap    Slew   Delay    Time   Description
-----------------------------------------------------------------------------
                  0.00    0.00    0.00   clock core_clock (rise edge)
                          0.00    0.00   clock network delay (ideal)
                        100.00  100.00 ^ input external delay
     1    0.87    0.00    0.00  100.00 ^ a[4] (in)
                                         a[4] (net)
                  0.13    0.04  100.04 ^ input45/A (BUFx2_ASAP7_75t_R)
     2    1.87    8.87   11.96  112.00 ^ input45/Y (BUFx2_ASAP7_75t_R)
                                         net45 (net)
                  8.88    0.16  112.16 ^ _2532_/A (INVx1_ASAP7_75t_R)
     1    1.39    9.31    7.41  119.57 v _2532_/Y (INVx1_ASAP7_75t_R)
                                         _0327_ (net)
                  9.32    0.11  119.68 v _4799_/A (HAxp5_ASAP7_75t_R)
     8    7.31  148.53   99.25  218.94 v _4799_/SN (HAxp5_ASAP7_75t_R)
                                         _0329_ (net)
                148.65    2.39  221.33 v _2816_/A2 (OA21x2_ASAP7_75t_R)
     3    2.10   13.61   42.14  263.47 v _2816_/Y (OA21x2_ASAP7_75t_R)
                                         _2268_ (net)
                 13.61    0.11  263.58 v _2817_/A2 (OA21x2_ASAP7_75t_R)
     2    2.19   10.12   20.60  284.18 v _2817_/Y (OA21x2_ASAP7_75t_R)
                                         _2269_ (net)
                 10.12    0.11  284.29 v _3033_/B (OAI21x1_ASAP7_75t_R)
     2    1.62   18.62    7.35  291.64 ^ _3033_/Y (OAI21x1_ASAP7_75t_R)
                                         _0509_ (net)
                 18.62    0.10  291.75 ^ _3115_/A2 (AO21x2_ASAP7_75t_R)
     3    3.34   14.61   21.83  313.58 ^ _3115_/Y (AO21x2_ASAP7_75t_R)
                                         _0586_ (net)
                 14.66    0.49  314.06 ^ _4440_/C2 (OA222x2_ASAP7_75t_R)
     1    0.88    9.36   26.49  340.55 ^ _4440_/Y (OA222x2_ASAP7_75t_R)
                                         _1864_ (net)
                  9.36    0.06  340.61 ^ _4441_/E (AND5x1_ASAP7_75t_R)
     1    0.86   14.82   35.45  376.07 ^ _4441_/Y (AND5x1_ASAP7_75t_R)
                                         _1865_ (net)
                 14.82    0.06  376.13 ^ _4448_/A (AND5x1_ASAP7_75t_R)
     1    1.24   17.21   33.03  409.16 ^ _4448_/Y (AND5x1_ASAP7_75t_R)
                                         _1872_ (net)
                 17.21    0.14  409.30 ^ _4478_/A (AND5x1_ASAP7_75t_R)
     1    1.70   20.20   35.03  444.32 ^ _4478_/Y (AND5x1_ASAP7_75t_R)
                                         _1902_ (net)
                 20.21    0.27  444.59 ^ _4488_/A (AND5x1_ASAP7_75t_R)
     1    1.39   18.20   34.78  479.38 ^ _4488_/Y (AND5x1_ASAP7_75t_R)
                                         _1912_ (net)
                 18.20    0.17  479.55 ^ _4489_/A (AND4x1_ASAP7_75t_R)
     1    0.61   11.11   24.94  504.48 ^ _4489_/Y (AND4x1_ASAP7_75t_R)
                                         _1913_ (net)
                 11.11    0.02  504.51 ^ _4617_/A (AND5x1_ASAP7_75t_R)
     1    1.63   19.75   33.39  537.90 ^ _4617_/Y (AND5x1_ASAP7_75t_R)
                                         _2041_ (net)
                 19.76    0.21  538.10 ^ _4618_/A1 (AOI211x1_ASAP7_75t_R)
     1    1.04   19.94   15.26  553.36 v _4618_/Y (AOI211x1_ASAP7_75t_R)
                                         _2042_ (net)
                 19.94    0.04  553.40 v _4620_/A2 (OA31x2_ASAP7_75t_R)
     1    3.56   15.87   23.31  576.71 v _4620_/Y (OA31x2_ASAP7_75t_R)
                                         net188 (net)
                 16.17    1.19  577.90 v output188/A (BUFx2_ASAP7_75t_R)
     1    0.47    4.89   15.47  593.37 v output188/Y (BUFx2_ASAP7_75t_R)
                                         c[63] (net)
                  4.89    0.03  593.40 v c[63] (out)
                                593.40   data arrival time

                  0.00  500.00  500.00   clock core_clock (rise edge)
                          0.00  500.00   clock network delay (ideal)
                          0.00  500.00   clock reconvergence pessimism
                       -100.00  400.00   output external delay
                                400.00   data required time
-----------------------------------------------------------------------------
                                400.00   data required time
                               -593.40   data arrival time
-----------------------------------------------------------------------------
                               -193.40   slack (VIOLATED)



==========================================================================
detailed place report_checks -unconstrained
--------------------------------------------------------------------------
Startpoint: a[4] (input port clocked by core_clock)
Endpoint: c[63] (output port clocked by core_clock)
Path Group: core_clock
Path Type: max

Fanout     Cap    Slew   Delay    Time   Description
-----------------------------------------------------------------------------
                  0.00    0.00    0.00   clock core_clock (rise edge)
                          0.00    0.00   clock network delay (ideal)
                        100.00  100.00 ^ input external delay
     1    0.87    0.00    0.00  100.00 ^ a[4] (in)
                                         a[4] (net)
                  0.13    0.04  100.04 ^ input45/A (BUFx2_ASAP7_75t_R)
     2    1.87    8.87   11.96  112.00 ^ input45/Y (BUFx2_ASAP7_75t_R)
                                         net45 (net)
                  8.88    0.16  112.16 ^ _2532_/A (INVx1_ASAP7_75t_R)
     1    1.39    9.31    7.41  119.57 v _2532_/Y (INVx1_ASAP7_75t_R)
                                         _0327_ (net)
                  9.32    0.11  119.68 v _4799_/A (HAxp5_ASAP7_75t_R)
     8    7.31  148.53   99.25  218.94 v _4799_/SN (HAxp5_ASAP7_75t_R)
                                         _0329_ (net)
                148.65    2.39  221.33 v _2816_/A2 (OA21x2_ASAP7_75t_R)
     3    2.10   13.61   42.14  263.47 v _2816_/Y (OA21x2_ASAP7_75t_R)
                                         _2268_ (net)
                 13.61    0.11  263.58 v _2817_/A2 (OA21x2_ASAP7_75t_R)
     2    2.19   10.12   20.60  284.18 v _2817_/Y (OA21x2_ASAP7_75t_R)
                                         _2269_ (net)
                 10.12    0.11  284.29 v _3033_/B (OAI21x1_ASAP7_75t_R)
     2    1.62   18.62    7.35  291.64 ^ _3033_/Y (OAI21x1_ASAP7_75t_R)
                                         _0509_ (net)
                 18.62    0.10  291.75 ^ _3115_/A2 (AO21x2_ASAP7_75t_R)
     3    3.34   14.61   21.83  313.58 ^ _3115_/Y (AO21x2_ASAP7_75t_R)
                                         _0586_ (net)
                 14.66    0.49  314.06 ^ _4440_/C2 (OA222x2_ASAP7_75t_R)
     1    0.88    9.36   26.49  340.55 ^ _4440_/Y (OA222x2_ASAP7_75t_R)
                                         _1864_ (net)
                  9.36    0.06  340.61 ^ _4441_/E (AND5x1_ASAP7_75t_R)
     1    0.86   14.82   35.45  376.07 ^ _4441_/Y (AND5x1_ASAP7_75t_R)
                                         _1865_ (net)
                 14.82    0.06  376.13 ^ _4448_/A (AND5x1_ASAP7_75t_R)
     1    1.24   17.21   33.03  409.16 ^ _4448_/Y (AND5x1_ASAP7_75t_R)
                                         _1872_ (net)
                 17.21    0.14  409.30 ^ _4478_/A (AND5x1_ASAP7_75t_R)
     1    1.70   20.20   35.03  444.32 ^ _4478_/Y (AND5x1_ASAP7_75t_R)
                                         _1902_ (net)
                 20.21    0.27  444.59 ^ _4488_/A (AND5x1_ASAP7_75t_R)
     1    1.39   18.20   34.78  479.38 ^ _4488_/Y (AND5x1_ASAP7_75t_R)
                                         _1912_ (net)
                 18.20    0.17  479.55 ^ _4489_/A (AND4x1_ASAP7_75t_R)
     1    0.61   11.11   24.94  504.48 ^ _4489_/Y (AND4x1_ASAP7_75t_R)
                                         _1913_ (net)
                 11.11    0.02  504.51 ^ _4617_/A (AND5x1_ASAP7_75t_R)
     1    1.63   19.75   33.39  537.90 ^ _4617_/Y (AND5x1_ASAP7_75t_R)
                                         _2041_ (net)
                 19.76    0.21  538.10 ^ _4618_/A1 (AOI211x1_ASAP7_75t_R)
     1    1.04   19.94   15.26  553.36 v _4618_/Y (AOI211x1_ASAP7_75t_R)
                                         _2042_ (net)
                 19.94    0.04  553.40 v _4620_/A2 (OA31x2_ASAP7_75t_R)
     1    3.56   15.87   23.31  576.71 v _4620_/Y (OA31x2_ASAP7_75t_R)
                                         net188 (net)
                 16.17    1.19  577.90 v output188/A (BUFx2_ASAP7_75t_R)
     1    0.47    4.89   15.47  593.37 v output188/Y (BUFx2_ASAP7_75t_R)
                                         c[63] (net)
                  4.89    0.03  593.40 v c[63] (out)
                                593.40   data arrival time

                  0.00  500.00  500.00   clock core_clock (rise edge)
                          0.00  500.00   clock network delay (ideal)
                          0.00  500.00   clock reconvergence pessimism
                       -100.00  400.00   output external delay
                                400.00   data required time
-----------------------------------------------------------------------------
                                400.00   data required time
                               -593.40   data arrival time
-----------------------------------------------------------------------------
                               -193.40   slack (VIOLATED)



==========================================================================
detailed place report_check_types -max_slew -max_cap -max_fanout -violators
--------------------------------------------------------------------------

==========================================================================
detailed place max_slew_check_slack
--------------------------------------------------------------------------
171.34063720703125

==========================================================================
detailed place max_slew_check_limit
--------------------------------------------------------------------------
320.0

==========================================================================
detailed place max_slew_check_slack_limit
--------------------------------------------------------------------------
0.5354

==========================================================================
detailed place max_fanout_check_slack
--------------------------------------------------------------------------
1.0000000150474662e+30

==========================================================================
detailed place max_fanout_check_limit
--------------------------------------------------------------------------
1.0000000150474662e+30

==========================================================================
detailed place max_capacitance_check_slack
--------------------------------------------------------------------------
15.732532501220703

==========================================================================
detailed place max_capacitance_check_limit
--------------------------------------------------------------------------
23.040000915527344

==========================================================================
detailed place max_capacitance_check_slack_limit
--------------------------------------------------------------------------
0.6828

==========================================================================
detailed place max_slew_violation_count
--------------------------------------------------------------------------
max slew violation count 0

==========================================================================
detailed place max_fanout_violation_count
--------------------------------------------------------------------------
max fanout violation count 0

==========================================================================
detailed place max_cap_violation_count
--------------------------------------------------------------------------
max cap violation count 0

==========================================================================
detailed place setup_violation_count
--------------------------------------------------------------------------
setup violation count 63

==========================================================================
detailed place hold_violation_count
--------------------------------------------------------------------------
hold violation count 0

==========================================================================
detailed place critical path delay
--------------------------------------------------------------------------
593.3962

==========================================================================
detailed place critical path slack
--------------------------------------------------------------------------
-193.3962

==========================================================================
detailed place slack div critical path delay
--------------------------------------------------------------------------
-32.591412

==========================================================================
detailed place report_power
--------------------------------------------------------------------------
Group                  Internal  Switching    Leakage      Total
                          Power      Power      Power      Power (Watts)
----------------------------------------------------------------
Sequential             0.00e+00   0.00e+00   0.00e+00   0.00e+00   0.0%
Combinational          8.41e-04   7.32e-04   2.44e-07   1.57e-03 100.0%
Clock                  0.00e+00   0.00e+00   0.00e+00   0.00e+00   0.0%
Macro                  0.00e+00   0.00e+00   0.00e+00   0.00e+00   0.0%
Pad                    0.00e+00   0.00e+00   0.00e+00   0.00e+00   0.0%
----------------------------------------------------------------
Total                  8.41e-04   7.32e-04   2.44e-07   1.57e-03 100.0%
                          53.5%      46.5%       0.0%
