
==========================================================================
cts final report_tns
--------------------------------------------------------------------------
tns max -7375.91

==========================================================================
cts final report_wns
--------------------------------------------------------------------------
wns max -147.76

==========================================================================
cts final report_worst_slack
--------------------------------------------------------------------------
worst slack max -147.76

==========================================================================
cts final report_clock_min_period
--------------------------------------------------------------------------
core_clock period_min = 647.76 fmax = 1543.79

==========================================================================
cts final report_clock_skew
--------------------------------------------------------------------------
Clock core_clock
No launch/capture paths found.


==========================================================================
cts final report_checks -path_delay min
--------------------------------------------------------------------------
Startpoint: a[63] (input port clocked by core_clock)
Endpoint: c[63] (output port clocked by core_clock)
Path Group: core_clock
Path Type: min

Fanout     Cap    Slew   Delay    Time   Description
-----------------------------------------------------------------------------
                  0.00    0.00    0.00   clock core_clock (rise edge)
                          0.00    0.00   clock network delay (ideal)
                        100.00  100.00 ^ input external delay
     1    1.04    0.00    0.00  100.00 ^ a[63] (in)
                                         a[63] (net)
                  0.22    0.07  100.07 ^ input60/A (BUFx2_ASAP7_75t_R)
     2    3.37   13.47   14.17  114.24 ^ input60/Y (BUFx2_ASAP7_75t_R)
                                         net60 (net)
                 13.63    0.80  115.04 ^ _4619_/A (OR2x2_ASAP7_75t_R)
     1    0.88    7.12   17.80  132.84 ^ _4619_/Y (OR2x2_ASAP7_75t_R)
                                         _2043_ (net)
                  7.12    0.07  132.91 ^ _4620_/B1 (OA31x2_ASAP7_75t_R)
     1    3.68   15.49   18.56  151.47 ^ _4620_/Y (OA31x2_ASAP7_75t_R)
                                         net188 (net)
                 15.85    1.27  152.74 ^ output188/A (BUFx3_ASAP7_75t_R)
     1    0.51    4.83   13.63  166.37 ^ output188/Y (BUFx3_ASAP7_75t_R)
                                         c[63] (net)
                  4.83    0.03  166.40 ^ c[63] (out)
                                166.40   data arrival time

                  0.00    0.00    0.00   clock core_clock (rise edge)
                          0.00    0.00   clock network delay (ideal)
                          0.00    0.00   clock reconvergence pessimism
                       -100.00 -100.00   output external delay
                               -100.00   data required time
-----------------------------------------------------------------------------
                               -100.00   data required time
                               -166.40   data arrival time
-----------------------------------------------------------------------------
                                266.40   slack (MET)



==========================================================================
cts final report_checks -path_delay max
--------------------------------------------------------------------------
Startpoint: a[12] (input port clocked by core_clock)
Endpoint: c[63] (output port clocked by core_clock)
Path Group: core_clock
Path Type: max

Fanout     Cap    Slew   Delay    Time   Description
-----------------------------------------------------------------------------
                  0.00    0.00    0.00   clock core_clock (rise edge)
                          0.00    0.00   clock network delay (ideal)
                        100.00  100.00 ^ input external delay
     1    3.35    0.00    0.00  100.00 ^ a[12] (in)
                                         a[12] (net)
                  1.09    0.34  100.34 ^ input4/A (BUFx12f_ASAP7_75t_R)
     2    4.01    5.86    9.98  110.33 ^ input4/Y (BUFx12f_ASAP7_75t_R)
                                         net4 (net)
                  5.88    0.15  110.48 ^ _2539_/A (INVx5_ASAP7_75t_R)
     1    1.17    3.12    3.58  114.06 v _2539_/Y (INVx5_ASAP7_75t_R)
                                         _0369_ (net)
                  3.12    0.05  114.11 v _4820_/A (HAxp5_ASAP7_75t_R)
     3    2.68   36.99   19.03  133.14 ^ _4820_/CON (HAxp5_ASAP7_75t_R)
                                         _0370_ (net)
     1    0.81   19.64   14.39  147.53 v _4820_/SN (HAxp5_ASAP7_75t_R)
                                         _0371_ (net)
                 19.64    0.04  147.56 v place1509/A (BUFx3_ASAP7_75t_R)
     6    5.14   12.54   20.33  167.89 v place1509/Y (BUFx3_ASAP7_75t_R)
                                         net1509 (net)
                 12.59    0.46  168.35 v place1508/A (BUFx6f_ASAP7_75t_R)
     2    1.86    4.99   13.56  181.91 v place1508/Y (BUFx6f_ASAP7_75t_R)
                                         net1508 (net)
                  5.01    0.14  182.05 v _2976_/D (OR4x1_ASAP7_75t_R)
     4    2.97   24.42   39.34  221.39 v _2976_/Y (OR4x1_ASAP7_75t_R)
                                         _0454_ (net)
                 24.43    0.19  221.58 v _2985_/B (OR2x2_ASAP7_75t_R)
     2    1.31    8.94   24.60  246.19 v _2985_/Y (OR2x2_ASAP7_75t_R)
                                         _0463_ (net)
                  8.94    0.04  246.22 v _2986_/C (OA211x2_ASAP7_75t_R)
     2    2.74   14.55   30.89  277.11 v _2986_/Y (OA211x2_ASAP7_75t_R)
                                         _0464_ (net)
                 14.57    0.22  277.34 v _4431_/B (NAND2x1p5_ASAP7_75t_R)
     1    0.58    7.90    8.18  285.52 ^ _4431_/Y (NAND2x1p5_ASAP7_75t_R)
                                         _1855_ (net)
                  7.90    0.02  285.54 ^ _4441_/A (AND5x1_ASAP7_75t_R)
     1    0.92   15.19   30.39  315.93 ^ _4441_/Y (AND5x1_ASAP7_75t_R)
                                         _1865_ (net)
                 15.19    0.07  316.00 ^ _4448_/A (AND5x1_ASAP7_75t_R)
     1    1.22   17.07   33.05  349.05 ^ _4448_/Y (AND5x1_ASAP7_75t_R)
                                         _1872_ (net)
                 17.07    0.14  349.18 ^ _4478_/D (AND5x1_ASAP7_75t_R)
     1    1.66   19.97   38.94  388.12 ^ _4478_/Y (AND5x1_ASAP7_75t_R)
                                         _1902_ (net)
                 19.99    0.26  388.39 ^ _4488_/B (AND5x1_ASAP7_75t_R)
     1    1.36   17.94   36.36  424.74 ^ _4488_/Y (AND5x1_ASAP7_75t_R)
                                         _1912_ (net)
                 17.95    0.16  424.90 ^ _4489_/A (AND4x1_ASAP7_75t_R)
     1    0.67   11.51   25.14  450.05 ^ _4489_/Y (AND4x1_ASAP7_75t_R)
                                         _1913_ (net)
                 11.51    0.03  450.08 ^ _4617_/E (AND5x1_ASAP7_75t_R)
     1    1.60   19.54   38.11  488.19 ^ _4617_/Y (AND5x1_ASAP7_75t_R)
                                         _2041_ (net)
                 19.55    0.18  488.37 ^ _4618_/A2 (AOI211x1_ASAP7_75t_R)
     1    1.33   22.86   18.36  506.74 v _4618_/Y (AOI211x1_ASAP7_75t_R)
                                         _2042_ (net)
                 22.87    0.07  506.81 v _4620_/A3 (OA31x2_ASAP7_75t_R)
     1    3.83   16.77   24.60  531.41 v _4620_/Y (OA31x2_ASAP7_75t_R)
                                         net188 (net)
                 17.15    1.36  532.78 v output188/A (BUFx3_ASAP7_75t_R)
     1    0.51    4.67   14.95  547.72 v output188/Y (BUFx3_ASAP7_75t_R)
                                         c[63] (net)
                  4.67    0.03  547.76 v c[63] (out)
                                547.76   data arrival time

                  0.00  500.00  500.00   clock core_clock (rise edge)
                          0.00  500.00   clock network delay (ideal)
                          0.00  500.00   clock reconvergence pessimism
                       -100.00  400.00   output external delay
                                400.00   data required time
-----------------------------------------------------------------------------
                                400.00   data required time
                               -547.76   data arrival time
-----------------------------------------------------------------------------
                               -147.76   slack (VIOLATED)



==========================================================================
cts final report_checks -unconstrained
--------------------------------------------------------------------------
Startpoint: a[12] (input port clocked by core_clock)
Endpoint: c[63] (output port clocked by core_clock)
Path Group: core_clock
Path Type: max

Fanout     Cap    Slew   Delay    Time   Description
-----------------------------------------------------------------------------
                  0.00    0.00    0.00   clock core_clock (rise edge)
                          0.00    0.00   clock network delay (ideal)
                        100.00  100.00 ^ input external delay
     1    3.35    0.00    0.00  100.00 ^ a[12] (in)
                                         a[12] (net)
                  1.09    0.34  100.34 ^ input4/A (BUFx12f_ASAP7_75t_R)
     2    4.01    5.86    9.98  110.33 ^ input4/Y (BUFx12f_ASAP7_75t_R)
                                         net4 (net)
                  5.88    0.15  110.48 ^ _2539_/A (INVx5_ASAP7_75t_R)
     1    1.17    3.12    3.58  114.06 v _2539_/Y (INVx5_ASAP7_75t_R)
                                         _0369_ (net)
                  3.12    0.05  114.11 v _4820_/A (HAxp5_ASAP7_75t_R)
     3    2.68   36.99   19.03  133.14 ^ _4820_/CON (HAxp5_ASAP7_75t_R)
                                         _0370_ (net)
     1    0.81   19.64   14.39  147.53 v _4820_/SN (HAxp5_ASAP7_75t_R)
                                         _0371_ (net)
                 19.64    0.04  147.56 v place1509/A (BUFx3_ASAP7_75t_R)
     6    5.14   12.54   20.33  167.89 v place1509/Y (BUFx3_ASAP7_75t_R)
                                         net1509 (net)
                 12.59    0.46  168.35 v place1508/A (BUFx6f_ASAP7_75t_R)
     2    1.86    4.99   13.56  181.91 v place1508/Y (BUFx6f_ASAP7_75t_R)
                                         net1508 (net)
                  5.01    0.14  182.05 v _2976_/D (OR4x1_ASAP7_75t_R)
     4    2.97   24.42   39.34  221.39 v _2976_/Y (OR4x1_ASAP7_75t_R)
                                         _0454_ (net)
                 24.43    0.19  221.58 v _2985_/B (OR2x2_ASAP7_75t_R)
     2    1.31    8.94   24.60  246.19 v _2985_/Y (OR2x2_ASAP7_75t_R)
                                         _0463_ (net)
                  8.94    0.04  246.22 v _2986_/C (OA211x2_ASAP7_75t_R)
     2    2.74   14.55   30.89  277.11 v _2986_/Y (OA211x2_ASAP7_75t_R)
                                         _0464_ (net)
                 14.57    0.22  277.34 v _4431_/B (NAND2x1p5_ASAP7_75t_R)
     1    0.58    7.90    8.18  285.52 ^ _4431_/Y (NAND2x1p5_ASAP7_75t_R)
                                         _1855_ (net)
                  7.90    0.02  285.54 ^ _4441_/A (AND5x1_ASAP7_75t_R)
     1    0.92   15.19   30.39  315.93 ^ _4441_/Y (AND5x1_ASAP7_75t_R)
                                         _1865_ (net)
                 15.19    0.07  316.00 ^ _4448_/A (AND5x1_ASAP7_75t_R)
     1    1.22   17.07   33.05  349.05 ^ _4448_/Y (AND5x1_ASAP7_75t_R)
                                         _1872_ (net)
                 17.07    0.14  349.18 ^ _4478_/D (AND5x1_ASAP7_75t_R)
     1    1.66   19.97   38.94  388.12 ^ _4478_/Y (AND5x1_ASAP7_75t_R)
                                         _1902_ (net)
                 19.99    0.26  388.39 ^ _4488_/B (AND5x1_ASAP7_75t_R)
     1    1.36   17.94   36.36  424.74 ^ _4488_/Y (AND5x1_ASAP7_75t_R)
                                         _1912_ (net)
                 17.95    0.16  424.90 ^ _4489_/A (AND4x1_ASAP7_75t_R)
     1    0.67   11.51   25.14  450.05 ^ _4489_/Y (AND4x1_ASAP7_75t_R)
                                         _1913_ (net)
                 11.51    0.03  450.08 ^ _4617_/E (AND5x1_ASAP7_75t_R)
     1    1.60   19.54   38.11  488.19 ^ _4617_/Y (AND5x1_ASAP7_75t_R)
                                         _2041_ (net)
                 19.55    0.18  488.37 ^ _4618_/A2 (AOI211x1_ASAP7_75t_R)
     1    1.33   22.86   18.36  506.74 v _4618_/Y (AOI211x1_ASAP7_75t_R)
                                         _2042_ (net)
                 22.87    0.07  506.81 v _4620_/A3 (OA31x2_ASAP7_75t_R)
     1    3.83   16.77   24.60  531.41 v _4620_/Y (OA31x2_ASAP7_75t_R)
                                         net188 (net)
                 17.15    1.36  532.78 v output188/A (BUFx3_ASAP7_75t_R)
     1    0.51    4.67   14.95  547.72 v output188/Y (BUFx3_ASAP7_75t_R)
                                         c[63] (net)
                  4.67    0.03  547.76 v c[63] (out)
                                547.76   data arrival time

                  0.00  500.00  500.00   clock core_clock (rise edge)
                          0.00  500.00   clock network delay (ideal)
                          0.00  500.00   clock reconvergence pessimism
                       -100.00  400.00   output external delay
                                400.00   data required time
-----------------------------------------------------------------------------
                                400.00   data required time
                               -547.76   data arrival time
-----------------------------------------------------------------------------
                               -147.76   slack (VIOLATED)



==========================================================================
cts final report_check_types -max_slew -max_cap -max_fanout -violators
--------------------------------------------------------------------------

==========================================================================
cts final max_slew_check_slack
--------------------------------------------------------------------------
224.90501403808594

==========================================================================
cts final max_slew_check_limit
--------------------------------------------------------------------------
320.0

==========================================================================
cts final max_slew_check_slack_limit
--------------------------------------------------------------------------
0.7028

==========================================================================
cts final max_fanout_check_slack
--------------------------------------------------------------------------
1.0000000150474662e+30

==========================================================================
cts final max_fanout_check_limit
--------------------------------------------------------------------------
1.0000000150474662e+30

==========================================================================
cts final max_capacitance_check_slack
--------------------------------------------------------------------------
17.025856018066406

==========================================================================
cts final max_capacitance_check_limit
--------------------------------------------------------------------------
23.040000915527344

==========================================================================
cts final max_capacitance_check_slack_limit
--------------------------------------------------------------------------
0.7390

==========================================================================
cts final max_slew_violation_count
--------------------------------------------------------------------------
max slew violation count 0

==========================================================================
cts final max_fanout_violation_count
--------------------------------------------------------------------------
max fanout violation count 0

==========================================================================
cts final max_cap_violation_count
--------------------------------------------------------------------------
max cap violation count 0

==========================================================================
cts final setup_violation_count
--------------------------------------------------------------------------
setup violation count 63

==========================================================================
cts final hold_violation_count
--------------------------------------------------------------------------
hold violation count 0

==========================================================================
cts final critical path delay
--------------------------------------------------------------------------
547.7555

==========================================================================
cts final critical path slack
--------------------------------------------------------------------------
-147.7555

==========================================================================
cts final slack div critical path delay
--------------------------------------------------------------------------
-26.974718

==========================================================================
cts final report_power
--------------------------------------------------------------------------
Group                  Internal  Switching    Leakage      Total
                          Power      Power      Power      Power (Watts)
----------------------------------------------------------------
Sequential             0.00e+00   0.00e+00   0.00e+00   0.00e+00   0.0%
Combinational          9.05e-04   7.56e-04   2.58e-07   1.66e-03 100.0%
Clock                  0.00e+00   0.00e+00   0.00e+00   0.00e+00   0.0%
Macro                  0.00e+00   0.00e+00   0.00e+00   0.00e+00   0.0%
Pad                    0.00e+00   0.00e+00   0.00e+00   0.00e+00   0.0%
----------------------------------------------------------------
Total                  9.05e-04   7.56e-04   2.58e-07   1.66e-03 100.0%
                          54.5%      45.5%       0.0%
