
==========================================================================
global route report_tns
--------------------------------------------------------------------------
tns max -8223.02

==========================================================================
global route report_wns
--------------------------------------------------------------------------
wns max -153.97

==========================================================================
global route report_worst_slack
--------------------------------------------------------------------------
worst slack max -153.97

==========================================================================
global route report_clock_min_period
--------------------------------------------------------------------------
core_clock period_min = 653.97 fmax = 1529.13

==========================================================================
global route report_clock_skew
--------------------------------------------------------------------------
Clock core_clock
No launch/capture paths found.


==========================================================================
global route report_checks -path_delay min
--------------------------------------------------------------------------
Startpoint: a[63] (input port clocked by core_clock)
Endpoint: c[63] (output port clocked by core_clock)
Path Group: core_clock
Path Type: min

Fanout     Cap    Slew   Delay    Time   Description
-----------------------------------------------------------------------------
                  0.00    0.00    0.00   clock core_clock (rise edge)
                          0.00    0.00   clock network delay (ideal)
                        100.00  100.00 ^ input external delay
     1    1.18    0.00    0.00  100.00 ^ a[63] (in)
                                         a[63] (net)
                  0.22    0.07  100.07 ^ input60/A (BUFx2_ASAP7_75t_R)
     2    3.82   15.20   14.58  114.65 ^ input60/Y (BUFx2_ASAP7_75t_R)
                                         net60 (net)
                 15.72    1.51  116.16 ^ _4619_/A (OR2x2_ASAP7_75t_R)
     1    0.82    6.98   18.35  134.51 ^ _4619_/Y (OR2x2_ASAP7_75t_R)
                                         _2043_ (net)
                  6.98    0.10  134.61 ^ _4620_/B1 (OA31x2_ASAP7_75t_R)
     1    3.95   16.40   18.93  153.54 ^ _4620_/Y (OA31x2_ASAP7_75t_R)
                                         net188 (net)
                 16.65    1.13  154.67 ^ output188/A (BUFx3_ASAP7_75t_R)
     1    0.70    5.19   14.06  168.73 ^ output188/Y (BUFx3_ASAP7_75t_R)
                                         c[63] (net)
                  5.19    0.07  168.80 ^ c[63] (out)
                                168.80   data arrival time

                  0.00    0.00    0.00   clock core_clock (rise edge)
                          0.00    0.00   clock network delay (ideal)
                          0.00    0.00   clock reconvergence pessimism
                       -100.00 -100.00   output external delay
                               -100.00   data required time
-----------------------------------------------------------------------------
                               -100.00   data required time
                               -168.80   data arrival time
-----------------------------------------------------------------------------
                                268.80   slack (MET)



==========================================================================
global route report_checks -path_delay max
--------------------------------------------------------------------------
Startpoint: a[11] (input port clocked by core_clock)
Endpoint: c[63] (output port clocked by core_clock)
Path Group: core_clock
Path Type: max

Fanout     Cap    Slew   Delay    Time   Description
-----------------------------------------------------------------------------
                  0.00    0.00    0.00   clock core_clock (rise edge)
                          0.00    0.00   clock network delay (ideal)
                        100.00  100.00 ^ input external delay
     1    1.33    0.00    0.00  100.00 ^ a[11] (in)
                                         a[11] (net)
                  0.27    0.09  100.09 ^ input3/A (BUFx2_ASAP7_75t_R)
     2    1.71    8.38   11.76  111.84 ^ input3/Y (BUFx2_ASAP7_75t_R)
                                         net3 (net)
                  8.39    0.14  111.99 ^ _2540_/A (INVx1_ASAP7_75t_R)
     1    1.24    8.55    6.85  118.84 v _2540_/Y (INVx1_ASAP7_75t_R)
                                         _0375_ (net)
                  8.56    0.13  118.97 v _4823_/A (HAxp5_ASAP7_75t_R)
     2    1.96   29.73   17.71  136.68 ^ _4823_/CON (HAxp5_ASAP7_75t_R)
                                         _0376_ (net)
     1    1.51   33.03   16.80  153.48 v _4823_/SN (HAxp5_ASAP7_75t_R)
                                         _0377_ (net)
                 33.03    0.11  153.59 v place1506/A (BUFx6f_ASAP7_75t_R)
    15   13.14   16.54   23.71  177.30 v place1506/Y (BUFx6f_ASAP7_75t_R)
                                         net1506 (net)
                 16.99    1.51  178.80 v _2948_/A (OR2x2_ASAP7_75t_R)
     3    3.21   14.34   25.69  204.49 v _2948_/Y (OR2x2_ASAP7_75t_R)
                                         _0427_ (net)
                 14.36    0.28  204.77 v _2950_/A2 (OAI21x1_ASAP7_75t_R)
     6    6.45   44.30   24.06  228.83 ^ _2950_/Y (OAI21x1_ASAP7_75t_R)
                                         _0429_ (net)
                 44.38    1.13  229.96 ^ _4278_/C (OR3x1_ASAP7_75t_R)
     1    0.78    9.01   21.32  251.28 ^ _4278_/Y (OR3x1_ASAP7_75t_R)
                                         _1702_ (net)
                  9.01    0.06  251.34 ^ _4283_/A (AND5x1_ASAP7_75t_R)
     1    0.75   14.47   30.13  281.47 ^ _4283_/Y (AND5x1_ASAP7_75t_R)
                                         _1707_ (net)
                 14.47    0.08  281.55 ^ _4284_/E (AND5x1_ASAP7_75t_R)
     1    1.10   16.33   36.94  318.48 ^ _4284_/Y (AND5x1_ASAP7_75t_R)
                                         _1708_ (net)
                 16.34    0.16  318.64 ^ _4285_/D (AND4x1_ASAP7_75t_R)
     1    1.17   15.07   28.82  347.47 ^ _4285_/Y (AND4x1_ASAP7_75t_R)
                                         _1709_ (net)
                 15.08    0.20  347.66 ^ _4286_/E (AND5x1_ASAP7_75t_R)
     1    0.96   15.54   36.60  384.26 ^ _4286_/Y (AND5x1_ASAP7_75t_R)
                                         _1710_ (net)
                 15.54    0.13  384.39 ^ _4289_/C (AND5x1_ASAP7_75t_R)
     1    1.04   16.02   35.85  420.24 ^ _4289_/Y (AND5x1_ASAP7_75t_R)
                                         _1713_ (net)
                 16.03    0.15  420.39 ^ _4291_/A (AND5x1_ASAP7_75t_R)
     1    1.53   19.14   34.22  454.61 ^ _4291_/Y (AND5x1_ASAP7_75t_R)
                                         _1715_ (net)
                 19.16    0.31  454.92 ^ _4292_/A (AND4x1_ASAP7_75t_R)
     1    1.23   15.55   28.05  482.97 ^ _4292_/Y (AND4x1_ASAP7_75t_R)
                                         _1716_ (net)
                 15.55    0.13  483.10 ^ _4293_/B (NAND2x1_ASAP7_75t_R)
     1    0.87    9.72    8.46  491.56 v _4293_/Y (NAND2x1_ASAP7_75t_R)
                                         _1717_ (net)
                  9.72    0.10  491.66 v _4412_/A2 (OA211x2_ASAP7_75t_R)
     1    1.38   11.72   23.33  514.99 v _4412_/Y (OA211x2_ASAP7_75t_R)
                                         _1836_ (net)
                 11.73    0.16  515.15 v _4620_/A3 (OA31x2_ASAP7_75t_R)
     1    4.11   17.58   22.16  537.31 v _4620_/Y (OA31x2_ASAP7_75t_R)
                                         net188 (net)
                 17.85    1.21  538.52 v output188/A (BUFx3_ASAP7_75t_R)
     1    0.70    4.97   15.37  553.90 v output188/Y (BUFx3_ASAP7_75t_R)
                                         c[63] (net)
                  4.97    0.07  553.97 v c[63] (out)
                                553.97   data arrival time

                  0.00  500.00  500.00   clock core_clock (rise edge)
                          0.00  500.00   clock network delay (ideal)
                          0.00  500.00   clock reconvergence pessimism
                       -100.00  400.00   output external delay
                                400.00   data required time
-----------------------------------------------------------------------------
                                400.00   data required time
                               -553.97   data arrival time
-----------------------------------------------------------------------------
                               -153.97   slack (VIOLATED)



==========================================================================
global route report_checks -unconstrained
--------------------------------------------------------------------------
Startpoint: a[11] (input port clocked by core_clock)
Endpoint: c[63] (output port clocked by core_clock)
Path Group: core_clock
Path Type: max

Fanout     Cap    Slew   Delay    Time   Description
-----------------------------------------------------------------------------
                  0.00    0.00    0.00   clock core_clock (rise edge)
                          0.00    0.00   clock network delay (ideal)
                        100.00  100.00 ^ input external delay
     1    1.33    0.00    0.00  100.00 ^ a[11] (in)
                                         a[11] (net)
                  0.27    0.09  100.09 ^ input3/A (BUFx2_ASAP7_75t_R)
     2    1.71    8.38   11.76  111.84 ^ input3/Y (BUFx2_ASAP7_75t_R)
                                         net3 (net)
                  8.39    0.14  111.99 ^ _2540_/A (INVx1_ASAP7_75t_R)
     1    1.24    8.55    6.85  118.84 v _2540_/Y (INVx1_ASAP7_75t_R)
                                         _0375_ (net)
                  8.56    0.13  118.97 v _4823_/A (HAxp5_ASAP7_75t_R)
     2    1.96   29.73   17.71  136.68 ^ _4823_/CON (HAxp5_ASAP7_75t_R)
                                         _0376_ (net)
     1    1.51   33.03   16.80  153.48 v _4823_/SN (HAxp5_ASAP7_75t_R)
                                         _0377_ (net)
                 33.03    0.11  153.59 v place1506/A (BUFx6f_ASAP7_75t_R)
    15   13.14   16.54   23.71  177.30 v place1506/Y (BUFx6f_ASAP7_75t_R)
                                         net1506 (net)
                 16.99    1.51  178.80 v _2948_/A (OR2x2_ASAP7_75t_R)
     3    3.21   14.34   25.69  204.49 v _2948_/Y (OR2x2_ASAP7_75t_R)
                                         _0427_ (net)
                 14.36    0.28  204.77 v _2950_/A2 (OAI21x1_ASAP7_75t_R)
     6    6.45   44.30   24.06  228.83 ^ _2950_/Y (OAI21x1_ASAP7_75t_R)
                                         _0429_ (net)
                 44.38    1.13  229.96 ^ _4278_/C (OR3x1_ASAP7_75t_R)
     1    0.78    9.01   21.32  251.28 ^ _4278_/Y (OR3x1_ASAP7_75t_R)
                                         _1702_ (net)
                  9.01    0.06  251.34 ^ _4283_/A (AND5x1_ASAP7_75t_R)
     1    0.75   14.47   30.13  281.47 ^ _4283_/Y (AND5x1_ASAP7_75t_R)
                                         _1707_ (net)
                 14.47    0.08  281.55 ^ _4284_/E (AND5x1_ASAP7_75t_R)
     1    1.10   16.33   36.94  318.48 ^ _4284_/Y (AND5x1_ASAP7_75t_R)
                                         _1708_ (net)
                 16.34    0.16  318.64 ^ _4285_/D (AND4x1_ASAP7_75t_R)
     1    1.17   15.07   28.82  347.47 ^ _4285_/Y (AND4x1_ASAP7_75t_R)
                                         _1709_ (net)
                 15.08    0.20  347.66 ^ _4286_/E (AND5x1_ASAP7_75t_R)
     1    0.96   15.54   36.60  384.26 ^ _4286_/Y (AND5x1_ASAP7_75t_R)
                                         _1710_ (net)
                 15.54    0.13  384.39 ^ _4289_/C (AND5x1_ASAP7_75t_R)
     1    1.04   16.02   35.85  420.24 ^ _4289_/Y (AND5x1_ASAP7_75t_R)
                                         _1713_ (net)
                 16.03    0.15  420.39 ^ _4291_/A (AND5x1_ASAP7_75t_R)
     1    1.53   19.14   34.22  454.61 ^ _4291_/Y (AND5x1_ASAP7_75t_R)
                                         _1715_ (net)
                 19.16    0.31  454.92 ^ _4292_/A (AND4x1_ASAP7_75t_R)
     1    1.23   15.55   28.05  482.97 ^ _4292_/Y (AND4x1_ASAP7_75t_R)
                                         _1716_ (net)
                 15.55    0.13  483.10 ^ _4293_/B (NAND2x1_ASAP7_75t_R)
     1    0.87    9.72    8.46  491.56 v _4293_/Y (NAND2x1_ASAP7_75t_R)
                                         _1717_ (net)
                  9.72    0.10  491.66 v _4412_/A2 (OA211x2_ASAP7_75t_R)
     1    1.38   11.72   23.33  514.99 v _4412_/Y (OA211x2_ASAP7_75t_R)
                                         _1836_ (net)
                 11.73    0.16  515.15 v _4620_/A3 (OA31x2_ASAP7_75t_R)
     1    4.11   17.58   22.16  537.31 v _4620_/Y (OA31x2_ASAP7_75t_R)
                                         net188 (net)
                 17.85    1.21  538.52 v output188/A (BUFx3_ASAP7_75t_R)
     1    0.70    4.97   15.37  553.90 v output188/Y (BUFx3_ASAP7_75t_R)
                                         c[63] (net)
                  4.97    0.07  553.97 v c[63] (out)
                                553.97   data arrival time

                  0.00  500.00  500.00   clock core_clock (rise edge)
                          0.00  500.00   clock network delay (ideal)
                          0.00  500.00   clock reconvergence pessimism
                       -100.00  400.00   output external delay
                                400.00   data required time
-----------------------------------------------------------------------------
                                400.00   data required time
                               -553.97   data arrival time
-----------------------------------------------------------------------------
                               -153.97   slack (VIOLATED)



==========================================================================
global route report_check_types -max_slew -max_cap -max_fanout -violators
--------------------------------------------------------------------------

==========================================================================
global route max_slew_check_slack
--------------------------------------------------------------------------
220.64962768554688

==========================================================================
global route max_slew_check_limit
--------------------------------------------------------------------------
320.0

==========================================================================
global route max_slew_check_slack_limit
--------------------------------------------------------------------------
0.6895

==========================================================================
global route max_fanout_check_slack
--------------------------------------------------------------------------
1.0000000150474662e+30

==========================================================================
global route max_fanout_check_limit
--------------------------------------------------------------------------
1.0000000150474662e+30

==========================================================================
global route max_capacitance_check_slack
--------------------------------------------------------------------------
16.74805450439453

==========================================================================
global route max_capacitance_check_limit
--------------------------------------------------------------------------
23.040000915527344

==========================================================================
global route max_capacitance_check_slack_limit
--------------------------------------------------------------------------
0.7269

==========================================================================
global route max_slew_violation_count
--------------------------------------------------------------------------
max slew violation count 0

==========================================================================
global route max_fanout_violation_count
--------------------------------------------------------------------------
max fanout violation count 0

==========================================================================
global route max_cap_violation_count
--------------------------------------------------------------------------
max cap violation count 0

==========================================================================
global route setup_violation_count
--------------------------------------------------------------------------
setup violation count 63

==========================================================================
global route hold_violation_count
--------------------------------------------------------------------------
hold violation count 0

==========================================================================
global route critical path delay
--------------------------------------------------------------------------
553.9672

==========================================================================
global route critical path slack
--------------------------------------------------------------------------
-153.9672

==========================================================================
global route slack div critical path delay
--------------------------------------------------------------------------
-27.793559

==========================================================================
global route report_power
--------------------------------------------------------------------------
Group                  Internal  Switching    Leakage      Total
                          Power      Power      Power      Power (Watts)
----------------------------------------------------------------
Sequential             0.00e+00   0.00e+00   0.00e+00   0.00e+00   0.0%
Combinational          9.41e-04   8.24e-04   2.65e-07   1.77e-03 100.0%
Clock                  0.00e+00   0.00e+00   0.00e+00   0.00e+00   0.0%
Macro                  0.00e+00   0.00e+00   0.00e+00   0.00e+00   0.0%
Pad                    0.00e+00   0.00e+00   0.00e+00   0.00e+00   0.0%
----------------------------------------------------------------
Total                  9.41e-04   8.24e-04   2.65e-07   1.77e-03 100.0%
                          53.3%      46.7%       0.0%
