
==========================================================================
finish report_tns
--------------------------------------------------------------------------
tns max -7537.47

==========================================================================
finish report_wns
--------------------------------------------------------------------------
wns max -144.13

==========================================================================
finish report_worst_slack
--------------------------------------------------------------------------
worst slack max -144.13

==========================================================================
finish report_clock_min_period
--------------------------------------------------------------------------
core_clock period_min = 644.13 fmax = 1552.47

==========================================================================
finish report_clock_skew
--------------------------------------------------------------------------
Clock core_clock
No launch/capture paths found.


==========================================================================
finish report_checks -path_delay min
--------------------------------------------------------------------------
Startpoint: a[63] (input port clocked by core_clock)
Endpoint: c[63] (output port clocked by core_clock)
Path Group: core_clock
Path Type: min

Fanout     Cap    Slew   Delay    Time   Description
-----------------------------------------------------------------------------
                  0.00    0.00    0.00   clock core_clock (rise edge)
                          0.00    0.00   clock network delay (ideal)
                        100.00  100.00 ^ input external delay
     1    0.86    0.00    0.00  100.00 ^ a[63] (in)
                                         a[63] (net)
                  0.16    0.05  100.05 ^ input60/A (BUFx2_ASAP7_75t_R)
     2    3.58   14.44   14.23  114.28 ^ input60/Y (BUFx2_ASAP7_75t_R)
                                         net60 (net)
                 14.80    1.23  115.51 ^ _4619_/A (OR2x2_ASAP7_75t_R)
     1    0.78    6.83   17.99  133.50 ^ _4619_/Y (OR2x2_ASAP7_75t_R)
                                         _2043_ (net)
                  6.83    0.08  133.58 ^ _4620_/B1 (OA31x2_ASAP7_75t_R)
     1    3.87   16.39   18.60  152.19 ^ _4620_/Y (OA31x2_ASAP7_75t_R)
                                         net188 (net)
                 16.70    1.25  153.44 ^ output188/A (BUFx3_ASAP7_75t_R)
     1    0.35    4.61   13.68  167.12 ^ output188/Y (BUFx3_ASAP7_75t_R)
                                         c[63] (net)
                  4.61    0.03  167.15 ^ c[63] (out)
                                167.15   data arrival time

                  0.00    0.00    0.00   clock core_clock (rise edge)
                          0.00    0.00   clock network delay (ideal)
                          0.00    0.00   clock reconvergence pessimism
                       -100.00 -100.00   output external delay
                               -100.00   data required time
-----------------------------------------------------------------------------
                               -100.00   data required time
                               -167.15   data arrival time
-----------------------------------------------------------------------------
                                267.15   slack (MET)



==========================================================================
finish report_checks -path_delay max
--------------------------------------------------------------------------
Startpoint: a[12] (input port clocked by core_clock)
Endpoint: c[63] (output port clocked by core_clock)
Path Group: core_clock
Path Type: max

Fanout     Cap    Slew   Delay    Time   Description
-----------------------------------------------------------------------------
                  0.00    0.00    0.00   clock core_clock (rise edge)
                          0.00    0.00   clock network delay (ideal)
                        100.00  100.00 ^ input external delay
     1    3.24    0.00    0.00  100.00 ^ a[12] (in)
                                         a[12] (net)
                  1.15    0.36  100.36 ^ input4/A (BUFx12f_ASAP7_75t_R)
     2    3.96    5.87    9.96  110.33 ^ input4/Y (BUFx12f_ASAP7_75t_R)
                                         net4 (net)
                  5.92    0.26  110.58 ^ _2539_/A (INVx5_ASAP7_75t_R)
     1    1.16    3.13    3.57  114.16 v _2539_/Y (INVx5_ASAP7_75t_R)
                                         _0369_ (net)
                  3.15    0.10  114.26 v _4820_/A (HAxp5_ASAP7_75t_R)
     3    2.64   36.61   18.85  133.11 ^ _4820_/CON (HAxp5_ASAP7_75t_R)
                                         _0370_ (net)
     1    0.90   21.29   14.81  147.92 v _4820_/SN (HAxp5_ASAP7_75t_R)
                                         _0371_ (net)
                 21.29    0.08  148.01 v place1509/A (BUFx3_ASAP7_75t_R)
     6    5.15   12.81   20.64  168.64 v place1509/Y (BUFx3_ASAP7_75t_R)
                                         net1509 (net)
                 12.82    0.23  168.88 v rebuffer1909/A (BUFx3_ASAP7_75t_R)
     3    2.20    7.33   15.41  184.29 v rebuffer1909/Y (BUFx3_ASAP7_75t_R)
                                         net1909 (net)
                  7.35    0.25  184.54 v _2640_/A (OR4x1_ASAP7_75t_R)
     2    1.96   18.98   31.59  216.13 v _2640_/Y (OR4x1_ASAP7_75t_R)
                                         _2092_ (net)
                 18.98    0.17  216.30 v place1493/A (BUFx3_ASAP7_75t_R)
     4    3.86   10.88   18.65  234.95 v place1493/Y (BUFx3_ASAP7_75t_R)
                                         net1493 (net)
                 11.23    1.06  236.01 v _2641_/C (OR3x1_ASAP7_75t_R)
     2    2.00   17.20   29.13  265.14 v _2641_/Y (OR3x1_ASAP7_75t_R)
                                         _2093_ (net)
                 17.22    0.31  265.46 v _3087_/A1 (OA22x2_ASAP7_75t_R)
     2    1.61    9.15   20.56  286.01 v _3087_/Y (OA22x2_ASAP7_75t_R)
                                         _0560_ (net)
                  9.17    0.21  286.22 v _3090_/B (OA211x2_ASAP7_75t_R)
     3    2.85   14.95   29.53  315.75 v _3090_/Y (OA211x2_ASAP7_75t_R)
                                         _0563_ (net)
                 14.99    0.40  316.16 v _4571_/A (AND2x2_ASAP7_75t_R)
     1    1.39    8.04   20.15  336.31 v _4571_/Y (AND2x2_ASAP7_75t_R)
                                         _1995_ (net)
                  8.04    0.10  336.41 v _4573_/A2 (AOI22x1_ASAP7_75t_R)
     1    1.69   17.91   11.72  348.13 ^ _4573_/Y (AOI22x1_ASAP7_75t_R)
                                         _1997_ (net)
                 17.94    0.38  348.51 ^ _4614_/A (AND5x1_ASAP7_75t_R)
     1    0.71   13.93   32.09  380.60 ^ _4614_/Y (AND5x1_ASAP7_75t_R)
                                         _2038_ (net)
                 13.93    0.08  380.68 ^ _4615_/E (AND5x1_ASAP7_75t_R)
     1    1.04   15.96   36.68  417.36 ^ _4615_/Y (AND5x1_ASAP7_75t_R)
                                         _2039_ (net)
                 15.96    0.12  417.48 ^ _4616_/A (AND5x1_ASAP7_75t_R)
     1    0.68   13.99   31.52  449.00 ^ _4616_/Y (AND5x1_ASAP7_75t_R)
                                         _2040_ (net)
                 13.99    0.06  449.06 ^ _4617_/E (AND5x1_ASAP7_75t_R)
     1    1.54   19.19   38.25  487.32 ^ _4617_/Y (AND5x1_ASAP7_75t_R)
                                         _2041_ (net)
                 19.21    0.25  487.56 ^ _4618_/A1 (AOI211x1_ASAP7_75t_R)
     1    1.25   21.62   16.08  503.65 v _4618_/Y (AOI211x1_ASAP7_75t_R)
                                         _2042_ (net)
                 21.62    0.08  503.73 v _4620_/A2 (OA31x2_ASAP7_75t_R)
     1    4.03   17.65   24.01  527.74 v _4620_/Y (OA31x2_ASAP7_75t_R)
                                         net188 (net)
                 17.98    1.32  529.07 v output188/A (BUFx3_ASAP7_75t_R)
     1    0.35    4.49   15.03  544.10 v output188/Y (BUFx3_ASAP7_75t_R)
                                         c[63] (net)
                  4.49    0.03  544.13 v c[63] (out)
                                544.13   data arrival time

                  0.00  500.00  500.00   clock core_clock (rise edge)
                          0.00  500.00   clock network delay (ideal)
                          0.00  500.00   clock reconvergence pessimism
                       -100.00  400.00   output external delay
                                400.00   data required time
-----------------------------------------------------------------------------
                                400.00   data required time
                               -544.13   data arrival time
-----------------------------------------------------------------------------
                               -144.13   slack (VIOLATED)



==========================================================================
finish report_checks -unconstrained
--------------------------------------------------------------------------
Startpoint: a[12] (input port clocked by core_clock)
Endpoint: c[63] (output port clocked by core_clock)
Path Group: core_clock
Path Type: max

Fanout     Cap    Slew   Delay    Time   Description
-----------------------------------------------------------------------------
                  0.00    0.00    0.00   clock core_clock (rise edge)
                          0.00    0.00   clock network delay (ideal)
                        100.00  100.00 ^ input external delay
     1    3.24    0.00    0.00  100.00 ^ a[12] (in)
                                         a[12] (net)
                  1.15    0.36  100.36 ^ input4/A (BUFx12f_ASAP7_75t_R)
     2    3.96    5.87    9.96  110.33 ^ input4/Y (BUFx12f_ASAP7_75t_R)
                                         net4 (net)
                  5.92    0.26  110.58 ^ _2539_/A (INVx5_ASAP7_75t_R)
     1    1.16    3.13    3.57  114.16 v _2539_/Y (INVx5_ASAP7_75t_R)
                                         _0369_ (net)
                  3.15    0.10  114.26 v _4820_/A (HAxp5_ASAP7_75t_R)
     3    2.64   36.61   18.85  133.11 ^ _4820_/CON (HAxp5_ASAP7_75t_R)
                                         _0370_ (net)
     1    0.90   21.29   14.81  147.92 v _4820_/SN (HAxp5_ASAP7_75t_R)
                                         _0371_ (net)
                 21.29    0.08  148.01 v place1509/A (BUFx3_ASAP7_75t_R)
     6    5.15   12.81   20.64  168.64 v place1509/Y (BUFx3_ASAP7_75t_R)
                                         net1509 (net)
                 12.82    0.23  168.88 v rebuffer1909/A (BUFx3_ASAP7_75t_R)
     3    2.20    7.33   15.41  184.29 v rebuffer1909/Y (BUFx3_ASAP7_75t_R)
                                         net1909 (net)
                  7.35    0.25  184.54 v _2640_/A (OR4x1_ASAP7_75t_R)
     2    1.96   18.98   31.59  216.13 v _2640_/Y (OR4x1_ASAP7_75t_R)
                                         _2092_ (net)
                 18.98    0.17  216.30 v place1493/A (BUFx3_ASAP7_75t_R)
     4    3.86   10.88   18.65  234.95 v place1493/Y (BUFx3_ASAP7_75t_R)
                                         net1493 (net)
                 11.23    1.06  236.01 v _2641_/C (OR3x1_ASAP7_75t_R)
     2    2.00   17.20   29.13  265.14 v _2641_/Y (OR3x1_ASAP7_75t_R)
                                         _2093_ (net)
                 17.22    0.31  265.46 v _3087_/A1 (OA22x2_ASAP7_75t_R)
     2    1.61    9.15   20.56  286.01 v _3087_/Y (OA22x2_ASAP7_75t_R)
                                         _0560_ (net)
                  9.17    0.21  286.22 v _3090_/B (OA211x2_ASAP7_75t_R)
     3    2.85   14.95   29.53  315.75 v _3090_/Y (OA211x2_ASAP7_75t_R)
                                         _0563_ (net)
                 14.99    0.40  316.16 v _4571_/A (AND2x2_ASAP7_75t_R)
     1    1.39    8.04   20.15  336.31 v _4571_/Y (AND2x2_ASAP7_75t_R)
                                         _1995_ (net)
                  8.04    0.10  336.41 v _4573_/A2 (AOI22x1_ASAP7_75t_R)
     1    1.69   17.91   11.72  348.13 ^ _4573_/Y (AOI22x1_ASAP7_75t_R)
                                         _1997_ (net)
                 17.94    0.38  348.51 ^ _4614_/A (AND5x1_ASAP7_75t_R)
     1    0.71   13.93   32.09  380.60 ^ _4614_/Y (AND5x1_ASAP7_75t_R)
                                         _2038_ (net)
                 13.93    0.08  380.68 ^ _4615_/E (AND5x1_ASAP7_75t_R)
     1    1.04   15.96   36.68  417.36 ^ _4615_/Y (AND5x1_ASAP7_75t_R)
                                         _2039_ (net)
                 15.96    0.12  417.48 ^ _4616_/A (AND5x1_ASAP7_75t_R)
     1    0.68   13.99   31.52  449.00 ^ _4616_/Y (AND5x1_ASAP7_75t_R)
                                         _2040_ (net)
                 13.99    0.06  449.06 ^ _4617_/E (AND5x1_ASAP7_75t_R)
     1    1.54   19.19   38.25  487.32 ^ _4617_/Y (AND5x1_ASAP7_75t_R)
                                         _2041_ (net)
                 19.21    0.25  487.56 ^ _4618_/A1 (AOI211x1_ASAP7_75t_R)
     1    1.25   21.62   16.08  503.65 v _4618_/Y (AOI211x1_ASAP7_75t_R)
                                         _2042_ (net)
                 21.62    0.08  503.73 v _4620_/A2 (OA31x2_ASAP7_75t_R)
     1    4.03   17.65   24.01  527.74 v _4620_/Y (OA31x2_ASAP7_75t_R)
                                         net188 (net)
                 17.98    1.32  529.07 v output188/A (BUFx3_ASAP7_75t_R)
     1    0.35    4.49   15.03  544.10 v output188/Y (BUFx3_ASAP7_75t_R)
                                         c[63] (net)
                  4.49    0.03  544.13 v c[63] (out)
                                544.13   data arrival time

                  0.00  500.00  500.00   clock core_clock (rise edge)
                          0.00  500.00   clock network delay (ideal)
                          0.00  500.00   clock reconvergence pessimism
                       -100.00  400.00   output external delay
                                400.00   data required time
-----------------------------------------------------------------------------
                                400.00   data required time
                               -544.13   data arrival time
-----------------------------------------------------------------------------
                               -144.13   slack (VIOLATED)



==========================================================================
finish report_check_types -max_slew -max_cap -max_fanout -violators
--------------------------------------------------------------------------

==========================================================================
finish max_slew_check_slack
--------------------------------------------------------------------------
225.203857421875

==========================================================================
finish max_slew_check_limit
--------------------------------------------------------------------------
320.0

==========================================================================
finish max_slew_check_slack_limit
--------------------------------------------------------------------------
0.7038

==========================================================================
finish max_fanout_check_slack
--------------------------------------------------------------------------
1.0000000150474662e+30

==========================================================================
finish max_fanout_check_limit
--------------------------------------------------------------------------
1.0000000150474662e+30

==========================================================================
finish max_capacitance_check_slack
--------------------------------------------------------------------------
17.070619583129883

==========================================================================
finish max_capacitance_check_limit
--------------------------------------------------------------------------
23.040000915527344

==========================================================================
finish max_capacitance_check_slack_limit
--------------------------------------------------------------------------
0.7409

==========================================================================
finish max_slew_violation_count
--------------------------------------------------------------------------
max slew violation count 0

==========================================================================
finish max_fanout_violation_count
--------------------------------------------------------------------------
max fanout violation count 0

==========================================================================
finish max_cap_violation_count
--------------------------------------------------------------------------
max cap violation count 0

==========================================================================
finish setup_violation_count
--------------------------------------------------------------------------
setup violation count 63

==========================================================================
finish hold_violation_count
--------------------------------------------------------------------------
hold violation count 0

==========================================================================
finish critical path delay
--------------------------------------------------------------------------
544.1335

==========================================================================
finish critical path slack
--------------------------------------------------------------------------
-144.1335

==========================================================================
finish slack div critical path delay
--------------------------------------------------------------------------
-26.488628

==========================================================================
finish report_power
--------------------------------------------------------------------------
Group                  Internal  Switching    Leakage      Total
                          Power      Power      Power      Power (Watts)
----------------------------------------------------------------
Sequential             0.00e+00   0.00e+00   0.00e+00   0.00e+00   0.0%
Combinational          9.40e-04   7.55e-04   2.65e-07   1.70e-03 100.0%
Clock                  0.00e+00   0.00e+00   0.00e+00   0.00e+00   0.0%
Macro                  0.00e+00   0.00e+00   0.00e+00   0.00e+00   0.0%
Pad                    0.00e+00   0.00e+00   0.00e+00   0.00e+00   0.0%
----------------------------------------------------------------
Total                  9.40e-04   7.55e-04   2.65e-07   1.70e-03 100.0%
                          55.4%      44.6%       0.0%
