
==========================================================================
finish report_tns
--------------------------------------------------------------------------
tns max -5.04

==========================================================================
finish report_wns
--------------------------------------------------------------------------
wns max -2.20

==========================================================================
finish report_worst_slack
--------------------------------------------------------------------------
worst slack max -2.20

==========================================================================
finish report_clock_min_period
--------------------------------------------------------------------------
core_clock period_min = 212.20 fmax = 4712.53

==========================================================================
finish report_clock_skew
--------------------------------------------------------------------------
Clock core_clock
  36.08 source latency dpath.a_reg.out[15]$_DFFE_PP_/CLK ^
 -33.61 target latency dpath.b_reg.out[1]$_DFFE_PP_/CLK ^
  -0.45 CRPR
--------------
   2.03 setup skew


==========================================================================
finish report_checks -path_delay min
--------------------------------------------------------------------------
Startpoint: dpath.a_reg.out[13]$_DFFE_PP_
            (rising edge-triggered flip-flop clocked by core_clock)
Endpoint: dpath.a_reg.out[13]$_DFFE_PP_
          (rising edge-triggered flip-flop clocked by core_clock)
Path Group: core_clock
Path Type: min

Fanout     Cap    Slew   Delay    Time   Description
-----------------------------------------------------------------------------
                          0.00    0.00   clock core_clock (rise edge)
                          0.00    0.00   clock source latency
     1    1.48    0.00    0.00    0.00 ^ clk (in)
                                         clk (net)
                  0.79    0.25    0.25 ^ clkbuf_0_clk/A (BUFx4_ASAP7_75t_L)
     4    2.94    8.90   14.43   14.68 ^ clkbuf_0_clk/Y (BUFx4_ASAP7_75t_L)
                                         clknet_0_clk (net)
                  8.92    0.20   14.89 ^ clkbuf_2_3__f_clk/A (BUFx4_ASAP7_75t_L)
    10    6.33   13.60   18.96   33.85 ^ clkbuf_2_3__f_clk/Y (BUFx4_ASAP7_75t_L)
                                         clknet_2_3__leaf_clk (net)
                 13.73    0.71   34.56 ^ dpath.a_reg.out[13]$_DFFE_PP_/CLK (DFFHQNx1_ASAP7_75t_L)
     2    1.39   14.82   32.34   66.89 ^ dpath.a_reg.out[13]$_DFFE_PP_/QN (DFFHQNx1_ASAP7_75t_L)
                                         _015_ (net)
                 14.82    0.07   66.96 ^ place151/A (BUFx3_ASAP7_75t_L)
     1    1.28    5.70   11.74   78.71 ^ place151/Y (BUFx3_ASAP7_75t_L)
                                         net151 (net)
                  5.72    0.15   78.86 ^ _458_/A1 (AOI22x1_ASAP7_75t_L)
     1    0.65    6.61    4.74   83.60 v _458_/Y (AOI22x1_ASAP7_75t_L)
                                         _075_ (net)
                  6.61    0.05   83.65 v dpath.a_reg.out[13]$_DFFE_PP_/D (DFFHQNx1_ASAP7_75t_L)
                                 83.65   data arrival time

                          0.00    0.00   clock core_clock (rise edge)
                          0.00    0.00   clock source latency
     1    1.61    0.00    0.00    0.00 ^ clk (in)
                                         clk (net)
                  0.90    0.28    0.28 ^ clkbuf_0_clk/A (BUFx4_ASAP7_75t_L)
     4    3.46    9.66   14.85   15.13 ^ clkbuf_0_clk/Y (BUFx4_ASAP7_75t_L)
                                         clknet_0_clk (net)
                  9.68    0.24   15.37 ^ clkbuf_2_3__f_clk/A (BUFx4_ASAP7_75t_L)
    10    7.45   15.22   19.87   35.24 ^ clkbuf_2_3__f_clk/Y (BUFx4_ASAP7_75t_L)
                                         clknet_2_3__leaf_clk (net)
                 15.38    0.83   36.08 ^ dpath.a_reg.out[13]$_DFFE_PP_/CLK (DFFHQNx1_ASAP7_75t_L)
                         -1.52   34.56   clock reconvergence pessimism
                         10.35   44.91   library hold time
                                 44.91   data required time
-----------------------------------------------------------------------------
                                 44.91   data required time
                                -83.65   data arrival time
-----------------------------------------------------------------------------
                                 38.74   slack (MET)



==========================================================================
finish report_checks -path_delay max
--------------------------------------------------------------------------
Startpoint: dpath.a_reg.out[7]$_DFFE_PP_
            (rising edge-triggered flip-flop clocked by core_clock)
Endpoint: dpath.a_reg.out[12]$_DFFE_PP_
          (rising edge-triggered flip-flop clocked by core_clock)
Path Group: core_clock
Path Type: max

Fanout     Cap    Slew   Delay    Time   Description
-----------------------------------------------------------------------------
                          0.00    0.00   clock core_clock (rise edge)
                          0.00    0.00   clock source latency
     1    1.61    0.00    0.00    0.00 ^ clk (in)
                                         clk (net)
                  0.90    0.28    0.28 ^ clkbuf_0_clk/A (BUFx4_ASAP7_75t_L)
     4    3.46    9.66   14.85   15.13 ^ clkbuf_0_clk/Y (BUFx4_ASAP7_75t_L)
                                         clknet_0_clk (net)
                  9.69    0.31   15.44 ^ clkbuf_2_1__f_clk/A (BUFx4_ASAP7_75t_L)
    10    7.24   14.75   19.81   35.25 ^ clkbuf_2_1__f_clk/Y (BUFx4_ASAP7_75t_L)
                                         clknet_2_1__leaf_clk (net)
                 14.77    0.31   35.57 ^ dpath.a_reg.out[7]$_DFFE_PP_/CLK (DFFHQNx1_ASAP7_75t_L)
     1    1.51   15.54   32.90   68.46 ^ dpath.a_reg.out[7]$_DFFE_PP_/QN (DFFHQNx1_ASAP7_75t_L)
                                         _007_ (net)
                 15.55    0.14   68.60 ^ _411_/A (INVx2_ASAP7_75t_L)
     2    2.13    8.75    5.82   74.42 v _411_/Y (INVx2_ASAP7_75t_L)
                                         dpath.a_lt_b$in0[7] (net)
                  8.76    0.16   74.58 v _543_/A (HAxp5_ASAP7_75t_L)
     3    2.38   37.17   31.56  106.14 v _543_/SN (HAxp5_ASAP7_75t_L)
                                         _050_ (net)
                 37.17    0.11  106.25 v _307_/A2 (OA21x2_ASAP7_75t_L)
     2    1.85    9.39   21.28  127.53 v _307_/Y (OA21x2_ASAP7_75t_L)
                                         _123_ (net)
                  9.43    0.33  127.86 v _309_/A2 (OA211x2_ASAP7_75t_L)
     1    1.02    9.73   18.69  146.54 v _309_/Y (OA211x2_ASAP7_75t_L)
                                         _125_ (net)
                  9.73    0.07  146.62 v _310_/C (AOI221x1_ASAP7_75t_L)
     3    2.99   29.33   15.91  162.53 ^ _310_/Y (AOI221x1_ASAP7_75t_L)
                                         _126_ (net)
                 29.33    0.21  162.74 ^ _315_/C (AO211x2_ASAP7_75t_L)
     5    5.05   18.63   23.34  186.08 ^ _315_/Y (AO211x2_ASAP7_75t_L)
                                         _131_ (net)
                 18.67    0.49  186.57 ^ _426_/A1 (AOI21x1_ASAP7_75t_L)
     6    5.87   32.47   17.42  203.99 v _426_/Y (AOI21x1_ASAP7_75t_L)
                                         _208_ (net)
                 32.49    0.50  204.49 v _445_/A (AND2x2_ASAP7_75t_L)
     1    0.85    6.46   18.02  222.52 v _445_/Y (AND2x2_ASAP7_75t_L)
                                         _224_ (net)
                  6.46    0.09  222.60 v _451_/B1 (OA33x2_ASAP7_75t_L)
     1    0.71   10.35   20.11  242.71 v _451_/Y (OA33x2_ASAP7_75t_L)
                                         _074_ (net)
                 10.35    0.05  242.76 v dpath.a_reg.out[12]$_DFFE_PP_/D (DFFHQNx1_ASAP7_75t_L)
                                242.76   data arrival time

                        210.00  210.00   clock core_clock (rise edge)
                          0.00  210.00   clock source latency
     1    1.48    0.00    0.00  210.00 ^ clk (in)
                                         clk (net)
                  0.79    0.25  210.25 ^ clkbuf_0_clk/A (BUFx4_ASAP7_75t_L)
     4    2.94    8.90   14.43  224.68 ^ clkbuf_0_clk/Y (BUFx4_ASAP7_75t_L)
                                         clknet_0_clk (net)
                  8.92    0.23  224.91 ^ clkbuf_2_2__f_clk/A (BUFx4_ASAP7_75t_L)
    11    6.00   13.22   18.70  243.61 ^ clkbuf_2_2__f_clk/Y (BUFx4_ASAP7_75t_L)
                                         clknet_2_2__leaf_clk (net)
                 13.28    0.49  244.11 ^ dpath.a_reg.out[12]$_DFFE_PP_/CLK (DFFHQNx1_ASAP7_75t_L)
                          0.45  244.56   clock reconvergence pessimism
                         -3.99  240.56   library setup time
                                240.56   data required time
-----------------------------------------------------------------------------
                                240.56   data required time
                               -242.76   data arrival time
-----------------------------------------------------------------------------
                                 -2.20   slack (VIOLATED)



==========================================================================
finish report_checks -unconstrained
--------------------------------------------------------------------------
Startpoint: dpath.a_reg.out[7]$_DFFE_PP_
            (rising edge-triggered flip-flop clocked by core_clock)
Endpoint: dpath.a_reg.out[12]$_DFFE_PP_
          (rising edge-triggered flip-flop clocked by core_clock)
Path Group: core_clock
Path Type: max

Fanout     Cap    Slew   Delay    Time   Description
-----------------------------------------------------------------------------
                          0.00    0.00   clock core_clock (rise edge)
                          0.00    0.00   clock source latency
     1    1.61    0.00    0.00    0.00 ^ clk (in)
                                         clk (net)
                  0.90    0.28    0.28 ^ clkbuf_0_clk/A (BUFx4_ASAP7_75t_L)
     4    3.46    9.66   14.85   15.13 ^ clkbuf_0_clk/Y (BUFx4_ASAP7_75t_L)
                                         clknet_0_clk (net)
                  9.69    0.31   15.44 ^ clkbuf_2_1__f_clk/A (BUFx4_ASAP7_75t_L)
    10    7.24   14.75   19.81   35.25 ^ clkbuf_2_1__f_clk/Y (BUFx4_ASAP7_75t_L)
                                         clknet_2_1__leaf_clk (net)
                 14.77    0.31   35.57 ^ dpath.a_reg.out[7]$_DFFE_PP_/CLK (DFFHQNx1_ASAP7_75t_L)
     1    1.51   15.54   32.90   68.46 ^ dpath.a_reg.out[7]$_DFFE_PP_/QN (DFFHQNx1_ASAP7_75t_L)
                                         _007_ (net)
                 15.55    0.14   68.60 ^ _411_/A (INVx2_ASAP7_75t_L)
     2    2.13    8.75    5.82   74.42 v _411_/Y (INVx2_ASAP7_75t_L)
                                         dpath.a_lt_b$in0[7] (net)
                  8.76    0.16   74.58 v _543_/A (HAxp5_ASAP7_75t_L)
     3    2.38   37.17   31.56  106.14 v _543_/SN (HAxp5_ASAP7_75t_L)
                                         _050_ (net)
                 37.17    0.11  106.25 v _307_/A2 (OA21x2_ASAP7_75t_L)
     2    1.85    9.39   21.28  127.53 v _307_/Y (OA21x2_ASAP7_75t_L)
                                         _123_ (net)
                  9.43    0.33  127.86 v _309_/A2 (OA211x2_ASAP7_75t_L)
     1    1.02    9.73   18.69  146.54 v _309_/Y (OA211x2_ASAP7_75t_L)
                                         _125_ (net)
                  9.73    0.07  146.62 v _310_/C (AOI221x1_ASAP7_75t_L)
     3    2.99   29.33   15.91  162.53 ^ _310_/Y (AOI221x1_ASAP7_75t_L)
                                         _126_ (net)
                 29.33    0.21  162.74 ^ _315_/C (AO211x2_ASAP7_75t_L)
     5    5.05   18.63   23.34  186.08 ^ _315_/Y (AO211x2_ASAP7_75t_L)
                                         _131_ (net)
                 18.67    0.49  186.57 ^ _426_/A1 (AOI21x1_ASAP7_75t_L)
     6    5.87   32.47   17.42  203.99 v _426_/Y (AOI21x1_ASAP7_75t_L)
                                         _208_ (net)
                 32.49    0.50  204.49 v _445_/A (AND2x2_ASAP7_75t_L)
     1    0.85    6.46   18.02  222.52 v _445_/Y (AND2x2_ASAP7_75t_L)
                                         _224_ (net)
                  6.46    0.09  222.60 v _451_/B1 (OA33x2_ASAP7_75t_L)
     1    0.71   10.35   20.11  242.71 v _451_/Y (OA33x2_ASAP7_75t_L)
                                         _074_ (net)
                 10.35    0.05  242.76 v dpath.a_reg.out[12]$_DFFE_PP_/D (DFFHQNx1_ASAP7_75t_L)
                                242.76   data arrival time

                        210.00  210.00   clock core_clock (rise edge)
                          0.00  210.00   clock source latency
     1    1.48    0.00    0.00  210.00 ^ clk (in)
                                         clk (net)
                  0.79    0.25  210.25 ^ clkbuf_0_clk/A (BUFx4_ASAP7_75t_L)
     4    2.94    8.90   14.43  224.68 ^ clkbuf_0_clk/Y (BUFx4_ASAP7_75t_L)
                                         clknet_0_clk (net)
                  8.92    0.23  224.91 ^ clkbuf_2_2__f_clk/A (BUFx4_ASAP7_75t_L)
    11    6.00   13.22   18.70  243.61 ^ clkbuf_2_2__f_clk/Y (BUFx4_ASAP7_75t_L)
                                         clknet_2_2__leaf_clk (net)
                 13.28    0.49  244.11 ^ dpath.a_reg.out[12]$_DFFE_PP_/CLK (DFFHQNx1_ASAP7_75t_L)
                          0.45  244.56   clock reconvergence pessimism
                         -3.99  240.56   library setup time
                                240.56   data required time
-----------------------------------------------------------------------------
                                240.56   data required time
                               -242.76   data arrival time
-----------------------------------------------------------------------------
                                 -2.20   slack (VIOLATED)



==========================================================================
finish report_check_types -max_slew -max_cap -max_fanout -violators
--------------------------------------------------------------------------

==========================================================================
finish max_slew_check_slack
--------------------------------------------------------------------------
244.53350830078125

==========================================================================
finish max_slew_check_limit
--------------------------------------------------------------------------
320.0

==========================================================================
finish max_slew_check_slack_limit
--------------------------------------------------------------------------
0.7642

==========================================================================
finish max_fanout_check_slack
--------------------------------------------------------------------------
1.0000000150474662e+30

==========================================================================
finish max_fanout_check_limit
--------------------------------------------------------------------------
1.0000000150474662e+30

==========================================================================
finish max_capacitance_check_slack
--------------------------------------------------------------------------
17.166305541992188

==========================================================================
finish max_capacitance_check_limit
--------------------------------------------------------------------------
23.040000915527344

==========================================================================
finish max_capacitance_check_slack_limit
--------------------------------------------------------------------------
0.7451

==========================================================================
finish max_slew_violation_count
--------------------------------------------------------------------------
max slew violation count 0

==========================================================================
finish max_fanout_violation_count
--------------------------------------------------------------------------
max fanout violation count 0

==========================================================================
finish max_cap_violation_count
--------------------------------------------------------------------------
max cap violation count 0

==========================================================================
finish setup_violation_count
--------------------------------------------------------------------------
setup violation count 5

==========================================================================
finish hold_violation_count
--------------------------------------------------------------------------
hold violation count 0

==========================================================================
finish report_checks -path_delay max reg to reg
--------------------------------------------------------------------------
Startpoint: dpath.a_reg.out[7]$_DFFE_PP_
            (rising edge-triggered flip-flop clocked by core_clock)
Endpoint: dpath.a_reg.out[12]$_DFFE_PP_
          (rising edge-triggered flip-flop clocked by core_clock)
Path Group: core_clock
Path Type: max

  Delay    Time   Description
---------------------------------------------------------
   0.00    0.00   clock core_clock (rise edge)
   0.00    0.00   clock source latency
   0.00    0.00 ^ clk (in)
  15.13   15.13 ^ clkbuf_0_clk/Y (BUFx4_ASAP7_75t_L)
  20.12   35.25 ^ clkbuf_2_1__f_clk/Y (BUFx4_ASAP7_75t_L)
   0.31   35.57 ^ dpath.a_reg.out[7]$_DFFE_PP_/CLK (DFFHQNx1_ASAP7_75t_L)
  32.90   68.46 ^ dpath.a_reg.out[7]$_DFFE_PP_/QN (DFFHQNx1_ASAP7_75t_L)
   5.96   74.42 v _411_/Y (INVx2_ASAP7_75t_L)
  31.72  106.14 v _543_/SN (HAxp5_ASAP7_75t_L)
  21.39  127.53 v _307_/Y (OA21x2_ASAP7_75t_L)
  19.02  146.54 v _309_/Y (OA211x2_ASAP7_75t_L)
  15.99  162.53 ^ _310_/Y (AOI221x1_ASAP7_75t_L)
  23.55  186.08 ^ _315_/Y (AO211x2_ASAP7_75t_L)
  17.91  203.99 v _426_/Y (AOI21x1_ASAP7_75t_L)
  18.53  222.52 v _445_/Y (AND2x2_ASAP7_75t_L)
  20.19  242.71 v _451_/Y (OA33x2_ASAP7_75t_L)
   0.05  242.76 v dpath.a_reg.out[12]$_DFFE_PP_/D (DFFHQNx1_ASAP7_75t_L)
         242.76   data arrival time

 210.00  210.00   clock core_clock (rise edge)
   0.00  210.00   clock source latency
   0.00  210.00 ^ clk (in)
  14.68  224.68 ^ clkbuf_0_clk/Y (BUFx4_ASAP7_75t_L)
  18.93  243.61 ^ clkbuf_2_2__f_clk/Y (BUFx4_ASAP7_75t_L)
   0.49  244.11 ^ dpath.a_reg.out[12]$_DFFE_PP_/CLK (DFFHQNx1_ASAP7_75t_L)
   0.45  244.56   clock reconvergence pessimism
  -3.99  240.56   library setup time
         240.56   data required time
---------------------------------------------------------
         240.56   data required time
        -242.76   data arrival time
---------------------------------------------------------
          -2.20   slack (VIOLATED)



==========================================================================
finish report_checks -path_delay min reg to reg
--------------------------------------------------------------------------
Startpoint: dpath.a_reg.out[13]$_DFFE_PP_
            (rising edge-triggered flip-flop clocked by core_clock)
Endpoint: dpath.a_reg.out[13]$_DFFE_PP_
          (rising edge-triggered flip-flop clocked by core_clock)
Path Group: core_clock
Path Type: min

  Delay    Time   Description
---------------------------------------------------------
   0.00    0.00   clock core_clock (rise edge)
   0.00    0.00   clock source latency
   0.00    0.00 ^ clk (in)
  14.68   14.68 ^ clkbuf_0_clk/Y (BUFx4_ASAP7_75t_L)
  19.17   33.85 ^ clkbuf_2_3__f_clk/Y (BUFx4_ASAP7_75t_L)
   0.71   34.56 ^ dpath.a_reg.out[13]$_DFFE_PP_/CLK (DFFHQNx1_ASAP7_75t_L)
  32.34   66.89 ^ dpath.a_reg.out[13]$_DFFE_PP_/QN (DFFHQNx1_ASAP7_75t_L)
  11.81   78.71 ^ place151/Y (BUFx3_ASAP7_75t_L)
   4.89   83.60 v _458_/Y (AOI22x1_ASAP7_75t_L)
   0.05   83.65 v dpath.a_reg.out[13]$_DFFE_PP_/D (DFFHQNx1_ASAP7_75t_L)
          83.65   data arrival time

   0.00    0.00   clock core_clock (rise edge)
   0.00    0.00   clock source latency
   0.00    0.00 ^ clk (in)
  15.13   15.13 ^ clkbuf_0_clk/Y (BUFx4_ASAP7_75t_L)
  20.11   35.24 ^ clkbuf_2_3__f_clk/Y (BUFx4_ASAP7_75t_L)
   0.83   36.08 ^ dpath.a_reg.out[13]$_DFFE_PP_/CLK (DFFHQNx1_ASAP7_75t_L)
  -1.52   34.56   clock reconvergence pessimism
  10.35   44.91   library hold time
          44.91   data required time
---------------------------------------------------------
          44.91   data required time
         -83.65   data arrival time
---------------------------------------------------------
          38.74   slack (MET)



==========================================================================
finish critical path target clock latency max path
--------------------------------------------------------------------------
0

==========================================================================
finish critical path target clock latency min path
--------------------------------------------------------------------------
0

==========================================================================
finish critical path source clock latency min path
--------------------------------------------------------------------------
0

==========================================================================
finish critical path delay
--------------------------------------------------------------------------
242.7641

==========================================================================
finish critical path slack
--------------------------------------------------------------------------
-2.2001

==========================================================================
finish slack div critical path delay
--------------------------------------------------------------------------
-0.906271

==========================================================================
finish report_power
--------------------------------------------------------------------------
Group                  Internal  Switching    Leakage      Total
                          Power      Power      Power      Power (Watts)
----------------------------------------------------------------
Sequential             3.19e-04   2.88e-05   4.24e-08   3.47e-04  23.6%
Combinational          5.49e-04   3.89e-04   1.61e-07   9.39e-04  63.8%
Clock                  9.45e-05   9.07e-05   5.21e-09   1.85e-04  12.6%
Macro                  0.00e+00   0.00e+00   0.00e+00   0.00e+00   0.0%
Pad                    0.00e+00   0.00e+00   0.00e+00   0.00e+00   0.0%
----------------------------------------------------------------
Total                  9.63e-04   5.08e-04   2.09e-07   1.47e-03 100.0%
                          65.4%      34.6%       0.0%
