
==========================================================================
detailed place report_tns
--------------------------------------------------------------------------
tns max -2116.47

==========================================================================
detailed place report_wns
--------------------------------------------------------------------------
wns max -38.93

==========================================================================
detailed place report_worst_slack
--------------------------------------------------------------------------
worst slack max -38.93

==========================================================================
detailed place report_clock_min_period
--------------------------------------------------------------------------
clk period_min = 193.93 fmax = 5156.59

==========================================================================
detailed place report_checks -path_delay min
--------------------------------------------------------------------------
Startpoint: uart_rx_inst.data_reg[0]$_SDFFCE_PP0P_
            (rising edge-triggered flip-flop clocked by clk)
Endpoint: uart_rx_inst.data_reg[0]$_SDFFCE_PP0P_
          (rising edge-triggered flip-flop clocked by clk)
Path Group: clk
Path Type: min

Fanout     Cap    Slew   Delay    Time   Description
-----------------------------------------------------------------------------
                  0.00    0.00    0.00   clock clk (rise edge)
                          0.00    0.00   clock network delay (ideal)
                  0.00    0.00    0.00 ^ uart_rx_inst.data_reg[0]$_SDFFCE_PP0P_/CLK (DFFHQNx1_ASAP7_75t_SL)
     2    1.72   20.52   34.38   34.38 ^ uart_rx_inst.data_reg[0]$_SDFFCE_PP0P_/QN (DFFHQNx1_ASAP7_75t_SL)
                                         _0067_ (net)
                 20.52    0.07   34.45 ^ _0804_/A1 (OAI21x1_ASAP7_75t_SL)
     1    0.61    6.64    5.30   39.76 v _0804_/Y (OAI21x1_ASAP7_75t_SL)
                                         _0099_ (net)
                  6.64    0.02   39.78 v uart_rx_inst.data_reg[0]$_SDFFCE_PP0P_/D (DFFHQNx1_ASAP7_75t_SL)
                                 39.78   data arrival time

                  0.00    0.00    0.00   clock clk (rise edge)
                          0.00    0.00   clock network delay (ideal)
                          0.00    0.00   clock reconvergence pessimism
                                  0.00 ^ uart_rx_inst.data_reg[0]$_SDFFCE_PP0P_/CLK (DFFHQNx1_ASAP7_75t_SL)
                          9.06    9.06   library hold time
                                  9.06   data required time
-----------------------------------------------------------------------------
                                  9.06   data required time
                                -39.78   data arrival time
-----------------------------------------------------------------------------
                                 30.72   slack (MET)



==========================================================================
detailed place report_checks -path_delay max
--------------------------------------------------------------------------
Startpoint: uart_rx_inst.bit_cnt[0]$_SDFFE_PP0P_
            (rising edge-triggered flip-flop clocked by clk)
Endpoint: uart_rx_inst.prescale_reg[11]$_SDFFE_PP0P_
          (rising edge-triggered flip-flop clocked by clk)
Path Group: clk
Path Type: max

Fanout     Cap    Slew   Delay    Time   Description
-----------------------------------------------------------------------------
                  0.00    0.00    0.00   clock clk (rise edge)
                          0.00    0.00   clock network delay (ideal)
                  0.00    0.00    0.00 ^ uart_rx_inst.bit_cnt[0]$_SDFFE_PP0P_/CLK (DFFHQNx1_ASAP7_75t_SL)
     3    2.54   24.37   34.98   34.98 v uart_rx_inst.bit_cnt[0]$_SDFFE_PP0P_/QN (DFFHQNx1_ASAP7_75t_SL)
                                         _0084_ (net)
                 24.38    0.08   35.06 v _0756_/A (INVx1_ASAP7_75t_SL)
     2    1.85   18.87   12.45   47.51 ^ _0756_/Y (INVx1_ASAP7_75t_SL)
                                         uart_rx_inst.bit_cnt[0] (net)
                 18.88    0.05   47.57 ^ _1197_/A (HAxp5_ASAP7_75t_SL)
     2    1.87   30.56   14.15   61.71 v _1197_/CON (HAxp5_ASAP7_75t_SL)
                                         _0088_ (net)
                 30.56    0.06   61.77 v _0777_/B (NAND2x1_ASAP7_75t_SL)
     3    2.09   25.37   16.08   77.86 ^ _0777_/Y (NAND2x1_ASAP7_75t_SL)
                                         _0175_ (net)
                 25.37    0.06   77.92 ^ _0781_/B (OA211x2_ASAP7_75t_SL)
     2    1.79   12.78   20.71   98.63 ^ _0781_/Y (OA211x2_ASAP7_75t_SL)
                                         _0179_ (net)
                 12.79    0.14   98.77 ^ _0985_/D (AND4x1_ASAP7_75t_SL)
     2    1.81   18.37   23.41  122.19 ^ _0985_/Y (AND4x1_ASAP7_75t_SL)
                                         _0349_ (net)
                 18.37    0.06  122.25 ^ _0986_/B (NOR2x1_ASAP7_75t_SL)
    11    8.37   52.33   27.06  149.31 v _0986_/Y (NOR2x1_ASAP7_75t_SL)
                                         _0350_ (net)
                 52.39    1.02  150.33 v _0998_/C (OA211x2_ASAP7_75t_SL)
     1    0.75   14.13   37.63  187.96 v _0998_/Y (OA211x2_ASAP7_75t_SL)
                                         _0120_ (net)
                 14.13    0.04  188.00 v uart_rx_inst.prescale_reg[11]$_SDFFE_PP0P_/D (DFFHQNx1_ASAP7_75t_SL)
                                188.00   data arrival time

                  0.00  155.00  155.00   clock clk (rise edge)
                          0.00  155.00   clock network delay (ideal)
                          0.00  155.00   clock reconvergence pessimism
                                155.00 ^ uart_rx_inst.prescale_reg[11]$_SDFFE_PP0P_/CLK (DFFHQNx1_ASAP7_75t_SL)
                         -5.93  149.07   library setup time
                                149.07   data required time
-----------------------------------------------------------------------------
                                149.07   data required time
                               -188.00   data arrival time
-----------------------------------------------------------------------------
                                -38.93   slack (VIOLATED)



==========================================================================
detailed place report_checks -unconstrained
--------------------------------------------------------------------------
Startpoint: uart_rx_inst.bit_cnt[0]$_SDFFE_PP0P_
            (rising edge-triggered flip-flop clocked by clk)
Endpoint: uart_rx_inst.prescale_reg[11]$_SDFFE_PP0P_
          (rising edge-triggered flip-flop clocked by clk)
Path Group: clk
Path Type: max

Fanout     Cap    Slew   Delay    Time   Description
-----------------------------------------------------------------------------
                  0.00    0.00    0.00   clock clk (rise edge)
                          0.00    0.00   clock network delay (ideal)
                  0.00    0.00    0.00 ^ uart_rx_inst.bit_cnt[0]$_SDFFE_PP0P_/CLK (DFFHQNx1_ASAP7_75t_SL)
     3    2.54   24.37   34.98   34.98 v uart_rx_inst.bit_cnt[0]$_SDFFE_PP0P_/QN (DFFHQNx1_ASAP7_75t_SL)
                                         _0084_ (net)
                 24.38    0.08   35.06 v _0756_/A (INVx1_ASAP7_75t_SL)
     2    1.85   18.87   12.45   47.51 ^ _0756_/Y (INVx1_ASAP7_75t_SL)
                                         uart_rx_inst.bit_cnt[0] (net)
                 18.88    0.05   47.57 ^ _1197_/A (HAxp5_ASAP7_75t_SL)
     2    1.87   30.56   14.15   61.71 v _1197_/CON (HAxp5_ASAP7_75t_SL)
                                         _0088_ (net)
                 30.56    0.06   61.77 v _0777_/B (NAND2x1_ASAP7_75t_SL)
     3    2.09   25.37   16.08   77.86 ^ _0777_/Y (NAND2x1_ASAP7_75t_SL)
                                         _0175_ (net)
                 25.37    0.06   77.92 ^ _0781_/B (OA211x2_ASAP7_75t_SL)
     2    1.79   12.78   20.71   98.63 ^ _0781_/Y (OA211x2_ASAP7_75t_SL)
                                         _0179_ (net)
                 12.79    0.14   98.77 ^ _0985_/D (AND4x1_ASAP7_75t_SL)
     2    1.81   18.37   23.41  122.19 ^ _0985_/Y (AND4x1_ASAP7_75t_SL)
                                         _0349_ (net)
                 18.37    0.06  122.25 ^ _0986_/B (NOR2x1_ASAP7_75t_SL)
    11    8.37   52.33   27.06  149.31 v _0986_/Y (NOR2x1_ASAP7_75t_SL)
                                         _0350_ (net)
                 52.39    1.02  150.33 v _0998_/C (OA211x2_ASAP7_75t_SL)
     1    0.75   14.13   37.63  187.96 v _0998_/Y (OA211x2_ASAP7_75t_SL)
                                         _0120_ (net)
                 14.13    0.04  188.00 v uart_rx_inst.prescale_reg[11]$_SDFFE_PP0P_/D (DFFHQNx1_ASAP7_75t_SL)
                                188.00   data arrival time

                  0.00  155.00  155.00   clock clk (rise edge)
                          0.00  155.00   clock network delay (ideal)
                          0.00  155.00   clock reconvergence pessimism
                                155.00 ^ uart_rx_inst.prescale_reg[11]$_SDFFE_PP0P_/CLK (DFFHQNx1_ASAP7_75t_SL)
                         -5.93  149.07   library setup time
                                149.07   data required time
-----------------------------------------------------------------------------
                                149.07   data required time
                               -188.00   data arrival time
-----------------------------------------------------------------------------
                                -38.93   slack (VIOLATED)



==========================================================================
detailed place report_check_types -max_slew -max_cap -max_fanout -violators
--------------------------------------------------------------------------

==========================================================================
detailed place max_slew_check_slack
--------------------------------------------------------------------------
262.35418701171875

==========================================================================
detailed place max_slew_check_limit
--------------------------------------------------------------------------
320.0

==========================================================================
detailed place max_slew_check_slack_limit
--------------------------------------------------------------------------
0.8199

==========================================================================
detailed place max_fanout_check_slack
--------------------------------------------------------------------------
1.0000000150474662e+30

==========================================================================
detailed place max_fanout_check_limit
--------------------------------------------------------------------------
1.0000000150474662e+30

==========================================================================
detailed place max_capacitance_check_slack
--------------------------------------------------------------------------
12.996255874633789

==========================================================================
detailed place max_capacitance_check_limit
--------------------------------------------------------------------------
23.040000915527344

==========================================================================
detailed place max_capacitance_check_slack_limit
--------------------------------------------------------------------------
0.5641

==========================================================================
detailed place max_slew_violation_count
--------------------------------------------------------------------------
max slew violation count 0

==========================================================================
detailed place max_fanout_violation_count
--------------------------------------------------------------------------
max fanout violation count 0

==========================================================================
detailed place max_cap_violation_count
--------------------------------------------------------------------------
max cap violation count 0

==========================================================================
detailed place setup_violation_count
--------------------------------------------------------------------------
setup violation count 78

==========================================================================
detailed place hold_violation_count
--------------------------------------------------------------------------
hold violation count 0

==========================================================================
detailed place report_checks -path_delay max reg to reg
--------------------------------------------------------------------------
Startpoint: uart_rx_inst.bit_cnt[0]$_SDFFE_PP0P_
            (rising edge-triggered flip-flop clocked by clk)
Endpoint: uart_rx_inst.prescale_reg[11]$_SDFFE_PP0P_
          (rising edge-triggered flip-flop clocked by clk)
Path Group: clk
Path Type: max

  Delay    Time   Description
---------------------------------------------------------
   0.00    0.00   clock clk (rise edge)
   0.00    0.00   clock network delay (ideal)
   0.00    0.00 ^ uart_rx_inst.bit_cnt[0]$_SDFFE_PP0P_/CLK (DFFHQNx1_ASAP7_75t_SL)
  34.98   34.98 v uart_rx_inst.bit_cnt[0]$_SDFFE_PP0P_/QN (DFFHQNx1_ASAP7_75t_SL)
  12.54   47.51 ^ _0756_/Y (INVx1_ASAP7_75t_SL)
  14.20   61.71 v _1197_/CON (HAxp5_ASAP7_75t_SL)
  16.14   77.86 ^ _0777_/Y (NAND2x1_ASAP7_75t_SL)
  20.77   98.63 ^ _0781_/Y (OA211x2_ASAP7_75t_SL)
  23.55  122.19 ^ _0985_/Y (AND4x1_ASAP7_75t_SL)
  27.13  149.31 v _0986_/Y (NOR2x1_ASAP7_75t_SL)
  38.65  187.96 v _0998_/Y (OA211x2_ASAP7_75t_SL)
   0.04  188.00 v uart_rx_inst.prescale_reg[11]$_SDFFE_PP0P_/D (DFFHQNx1_ASAP7_75t_SL)
         188.00   data arrival time

 155.00  155.00   clock clk (rise edge)
   0.00  155.00   clock network delay (ideal)
   0.00  155.00   clock reconvergence pessimism
         155.00 ^ uart_rx_inst.prescale_reg[11]$_SDFFE_PP0P_/CLK (DFFHQNx1_ASAP7_75t_SL)
  -5.93  149.07   library setup time
         149.07   data required time
---------------------------------------------------------
         149.07   data required time
        -188.00   data arrival time
---------------------------------------------------------
         -38.93   slack (VIOLATED)



==========================================================================
detailed place report_checks -path_delay min reg to reg
--------------------------------------------------------------------------
Startpoint: uart_rx_inst.data_reg[0]$_SDFFCE_PP0P_
            (rising edge-triggered flip-flop clocked by clk)
Endpoint: uart_rx_inst.data_reg[0]$_SDFFCE_PP0P_
          (rising edge-triggered flip-flop clocked by clk)
Path Group: clk
Path Type: min

  Delay    Time   Description
---------------------------------------------------------
   0.00    0.00   clock clk (rise edge)
   0.00    0.00   clock network delay (ideal)
   0.00    0.00 ^ uart_rx_inst.data_reg[0]$_SDFFCE_PP0P_/CLK (DFFHQNx1_ASAP7_75t_SL)
  34.38   34.38 ^ uart_rx_inst.data_reg[0]$_SDFFCE_PP0P_/QN (DFFHQNx1_ASAP7_75t_SL)
   5.38   39.76 v _0804_/Y (OAI21x1_ASAP7_75t_SL)
   0.02   39.78 v uart_rx_inst.data_reg[0]$_SDFFCE_PP0P_/D (DFFHQNx1_ASAP7_75t_SL)
          39.78   data arrival time

   0.00    0.00   clock clk (rise edge)
   0.00    0.00   clock network delay (ideal)
   0.00    0.00   clock reconvergence pessimism
           0.00 ^ uart_rx_inst.data_reg[0]$_SDFFCE_PP0P_/CLK (DFFHQNx1_ASAP7_75t_SL)
   9.06    9.06   library hold time
           9.06   data required time
---------------------------------------------------------
           9.06   data required time
         -39.78   data arrival time
---------------------------------------------------------
          30.72   slack (MET)



==========================================================================
detailed place critical path target clock latency max path
--------------------------------------------------------------------------
0.0000

==========================================================================
detailed place critical path target clock latency min path
--------------------------------------------------------------------------
0.0000

==========================================================================
detailed place critical path source clock latency min path
--------------------------------------------------------------------------
0.0000

==========================================================================
detailed place critical path delay
--------------------------------------------------------------------------
187.9951

==========================================================================
detailed place critical path slack
--------------------------------------------------------------------------
-38.9264

==========================================================================
detailed place slack div critical path delay
--------------------------------------------------------------------------
-20.706072

==========================================================================
detailed place report_power
--------------------------------------------------------------------------
Group                  Internal  Switching    Leakage      Total
                          Power      Power      Power      Power (Watts)
----------------------------------------------------------------
Sequential             1.29e-03   2.01e-04   1.75e-06   1.50e-03  23.5%
Combinational          2.99e-03   1.89e-03   8.11e-06   4.88e-03  76.5%
Clock                  0.00e+00   0.00e+00   0.00e+00   0.00e+00   0.0%
Macro                  0.00e+00   0.00e+00   0.00e+00   0.00e+00   0.0%
Pad                    0.00e+00   0.00e+00   0.00e+00   0.00e+00   0.0%
----------------------------------------------------------------
Total                  4.28e-03   2.09e-03   9.86e-06   6.38e-03 100.0%
                          67.1%      32.7%       0.2%
