
==========================================================================
global place report_tns
--------------------------------------------------------------------------
tns max -2064.36

==========================================================================
global place report_wns
--------------------------------------------------------------------------
wns max -36.76

==========================================================================
global place report_worst_slack
--------------------------------------------------------------------------
worst slack max -36.76

==========================================================================
global place report_clock_min_period
--------------------------------------------------------------------------
clk period_min = 191.76 fmax = 5214.87

==========================================================================
global place report_checks -path_delay min
--------------------------------------------------------------------------
Startpoint: uart_rx_inst.data_reg[0]$_SDFFCE_PP0P_
            (rising edge-triggered flip-flop clocked by clk)
Endpoint: uart_rx_inst.data_reg[0]$_SDFFCE_PP0P_
          (rising edge-triggered flip-flop clocked by clk)
Path Group: clk
Path Type: min

Fanout     Cap    Slew   Delay    Time   Description
-----------------------------------------------------------------------------
                  0.00    0.00    0.00   clock clk (rise edge)
                          0.00    0.00   clock network delay (ideal)
                  0.00    0.00    0.00 ^ uart_rx_inst.data_reg[0]$_SDFFCE_PP0P_/CLK (DFFHQNx1_ASAP7_75t_SL)
     2    1.75   20.69   34.47   34.47 ^ uart_rx_inst.data_reg[0]$_SDFFCE_PP0P_/QN (DFFHQNx1_ASAP7_75t_SL)
                                         _0067_ (net)
                 20.69    0.08   34.54 ^ _0804_/A1 (OAI21x1_ASAP7_75t_SL)
     1    0.60    6.68    5.29   39.84 v _0804_/Y (OAI21x1_ASAP7_75t_SL)
                                         _0099_ (net)
                  6.68    0.02   39.86 v uart_rx_inst.data_reg[0]$_SDFFCE_PP0P_/D (DFFHQNx1_ASAP7_75t_SL)
                                 39.86   data arrival time

                  0.00    0.00    0.00   clock clk (rise edge)
                          0.00    0.00   clock network delay (ideal)
                          0.00    0.00   clock reconvergence pessimism
                                  0.00 ^ uart_rx_inst.data_reg[0]$_SDFFCE_PP0P_/CLK (DFFHQNx1_ASAP7_75t_SL)
                          9.06    9.06   library hold time
                                  9.06   data required time
-----------------------------------------------------------------------------
                                  9.06   data required time
                                -39.86   data arrival time
-----------------------------------------------------------------------------
                                 30.80   slack (MET)



==========================================================================
global place report_checks -path_delay max
--------------------------------------------------------------------------
Startpoint: uart_rx_inst.bit_cnt[1]$_SDFFE_PP0P_
            (rising edge-triggered flip-flop clocked by clk)
Endpoint: uart_rx_inst.prescale_reg[12]$_SDFFE_PP0P_
          (rising edge-triggered flip-flop clocked by clk)
Path Group: clk
Path Type: max

Fanout     Cap    Slew   Delay    Time   Description
-----------------------------------------------------------------------------
                  0.00    0.00    0.00   clock clk (rise edge)
                          0.00    0.00   clock network delay (ideal)
                  0.00    0.00    0.00 ^ uart_rx_inst.bit_cnt[1]$_SDFFE_PP0P_/CLK (DFFHQNx2_ASAP7_75t_SL)
     4    3.42   24.16   38.62   38.62 v uart_rx_inst.bit_cnt[1]$_SDFFE_PP0P_/QN (DFFHQNx2_ASAP7_75t_SL)
                                         _0085_ (net)
                 24.17    0.08   38.69 v _1196_/A (HAxp5_ASAP7_75t_SL)
     2    1.85   32.40   19.54   58.23 ^ _1196_/CON (HAxp5_ASAP7_75t_SL)
                                         _0086_ (net)
                 32.40    0.05   58.28 ^ place273/A (BUFx3_ASAP7_75t_SL)
     5    5.18   15.87   18.91   77.20 ^ place273/Y (BUFx3_ASAP7_75t_SL)
                                         net273 (net)
                 15.88    0.21   77.41 ^ _0781_/A2 (OA211x2_ASAP7_75t_SL)
     2    1.82   12.84   20.03   97.44 ^ _0781_/Y (OA211x2_ASAP7_75t_SL)
                                         _0179_ (net)
                 12.85    0.16   97.60 ^ _0985_/D (AND4x1_ASAP7_75t_SL)
     2    1.74   17.90   23.17  120.78 ^ _0985_/Y (AND4x1_ASAP7_75t_SL)
                                         _0349_ (net)
                 17.90    0.07  120.85 ^ _0986_/B (NOR2x1_ASAP7_75t_SL)
    11    8.28   51.71   26.73  147.58 v _0986_/Y (NOR2x1_ASAP7_75t_SL)
                                         _0350_ (net)
                 51.77    1.00  148.58 v _1006_/C (OA211x2_ASAP7_75t_SL)
     1    0.65   13.88   37.26  185.85 v _1006_/Y (OA211x2_ASAP7_75t_SL)
                                         _0121_ (net)
                 13.88    0.02  185.87 v uart_rx_inst.prescale_reg[12]$_SDFFE_PP0P_/D (DFFHQNx1_ASAP7_75t_SL)
                                185.87   data arrival time

                  0.00  155.00  155.00   clock clk (rise edge)
                          0.00  155.00   clock network delay (ideal)
                          0.00  155.00   clock reconvergence pessimism
                                155.00 ^ uart_rx_inst.prescale_reg[12]$_SDFFE_PP0P_/CLK (DFFHQNx1_ASAP7_75t_SL)
                         -5.89  149.11   library setup time
                                149.11   data required time
-----------------------------------------------------------------------------
                                149.11   data required time
                               -185.87   data arrival time
-----------------------------------------------------------------------------
                                -36.76   slack (VIOLATED)



==========================================================================
global place report_checks -unconstrained
--------------------------------------------------------------------------
Startpoint: uart_rx_inst.bit_cnt[1]$_SDFFE_PP0P_
            (rising edge-triggered flip-flop clocked by clk)
Endpoint: uart_rx_inst.prescale_reg[12]$_SDFFE_PP0P_
          (rising edge-triggered flip-flop clocked by clk)
Path Group: clk
Path Type: max

Fanout     Cap    Slew   Delay    Time   Description
-----------------------------------------------------------------------------
                  0.00    0.00    0.00   clock clk (rise edge)
                          0.00    0.00   clock network delay (ideal)
                  0.00    0.00    0.00 ^ uart_rx_inst.bit_cnt[1]$_SDFFE_PP0P_/CLK (DFFHQNx2_ASAP7_75t_SL)
     4    3.42   24.16   38.62   38.62 v uart_rx_inst.bit_cnt[1]$_SDFFE_PP0P_/QN (DFFHQNx2_ASAP7_75t_SL)
                                         _0085_ (net)
                 24.17    0.08   38.69 v _1196_/A (HAxp5_ASAP7_75t_SL)
     2    1.85   32.40   19.54   58.23 ^ _1196_/CON (HAxp5_ASAP7_75t_SL)
                                         _0086_ (net)
                 32.40    0.05   58.28 ^ place273/A (BUFx3_ASAP7_75t_SL)
     5    5.18   15.87   18.91   77.20 ^ place273/Y (BUFx3_ASAP7_75t_SL)
                                         net273 (net)
                 15.88    0.21   77.41 ^ _0781_/A2 (OA211x2_ASAP7_75t_SL)
     2    1.82   12.84   20.03   97.44 ^ _0781_/Y (OA211x2_ASAP7_75t_SL)
                                         _0179_ (net)
                 12.85    0.16   97.60 ^ _0985_/D (AND4x1_ASAP7_75t_SL)
     2    1.74   17.90   23.17  120.78 ^ _0985_/Y (AND4x1_ASAP7_75t_SL)
                                         _0349_ (net)
                 17.90    0.07  120.85 ^ _0986_/B (NOR2x1_ASAP7_75t_SL)
    11    8.28   51.71   26.73  147.58 v _0986_/Y (NOR2x1_ASAP7_75t_SL)
                                         _0350_ (net)
                 51.77    1.00  148.58 v _1006_/C (OA211x2_ASAP7_75t_SL)
     1    0.65   13.88   37.26  185.85 v _1006_/Y (OA211x2_ASAP7_75t_SL)
                                         _0121_ (net)
                 13.88    0.02  185.87 v uart_rx_inst.prescale_reg[12]$_SDFFE_PP0P_/D (DFFHQNx1_ASAP7_75t_SL)
                                185.87   data arrival time

                  0.00  155.00  155.00   clock clk (rise edge)
                          0.00  155.00   clock network delay (ideal)
                          0.00  155.00   clock reconvergence pessimism
                                155.00 ^ uart_rx_inst.prescale_reg[12]$_SDFFE_PP0P_/CLK (DFFHQNx1_ASAP7_75t_SL)
                         -5.89  149.11   library setup time
                                149.11   data required time
-----------------------------------------------------------------------------
                                149.11   data required time
                               -185.87   data arrival time
-----------------------------------------------------------------------------
                                -36.76   slack (VIOLATED)



==========================================================================
global place report_power
--------------------------------------------------------------------------
Group                  Internal  Switching    Leakage      Total
                          Power      Power      Power      Power (Watts)
----------------------------------------------------------------
Sequential             1.29e-03   2.02e-04   1.75e-06   1.50e-03  23.5%
Combinational          2.99e-03   1.88e-03   8.11e-06   4.88e-03  76.5%
Clock                  0.00e+00   0.00e+00   0.00e+00   0.00e+00   0.0%
Macro                  0.00e+00   0.00e+00   0.00e+00   0.00e+00   0.0%
Pad                    0.00e+00   0.00e+00   0.00e+00   0.00e+00   0.0%
----------------------------------------------------------------
Total                  4.28e-03   2.08e-03   9.86e-06   6.37e-03 100.0%
                          67.2%      32.7%       0.2%
