
==========================================================================
floorplan final report_tns
--------------------------------------------------------------------------
tns max -18.38

==========================================================================
floorplan final report_wns
--------------------------------------------------------------------------
wns max -7.32

==========================================================================
floorplan final report_worst_slack
--------------------------------------------------------------------------
worst slack max -7.32

==========================================================================
floorplan final report_clock_min_period
--------------------------------------------------------------------------
virtual_clock period_min = 507.32 fmax = 1971.14

==========================================================================
floorplan final report_checks -path_delay min
--------------------------------------------------------------------------
Startpoint: B[0] (input port clocked by virtual_clock)
Endpoint: result[0] (output port clocked by virtual_clock)
Path Group: virtual_clock
Path Type: min

Fanout     Cap    Slew   Delay    Time   Description
-----------------------------------------------------------------------------
                  0.00    0.00    0.00   clock virtual_clock (rise edge)
                          0.00    0.00   clock network delay (ideal)
                        100.00  100.00 ^ input external delay
     1    0.75    0.00    0.00  100.00 ^ B[0] (in)
                                         B[0] (net)
                  0.00    0.00  100.00 ^ _1176_/B (HAxp5_ASAP7_75t_R)
     1    0.00    4.49    4.28  104.28 v _1176_/SN (HAxp5_ASAP7_75t_R)
                                         result[0] (net)
                  4.49    0.00  104.28 v result[0] (out)
                                104.28   data arrival time

                  0.00    0.00    0.00   clock virtual_clock (rise edge)
                          0.00    0.00   clock network delay (ideal)
                          0.00    0.00   clock reconvergence pessimism
                       -100.00 -100.00   output external delay
                               -100.00   data required time
-----------------------------------------------------------------------------
                               -100.00   data required time
                               -104.28   data arrival time
-----------------------------------------------------------------------------
                                204.28   slack (MET)



==========================================================================
floorplan final report_checks -path_delay max
--------------------------------------------------------------------------
Startpoint: B[21] (input port clocked by virtual_clock)
Endpoint: result[58] (output port clocked by virtual_clock)
Path Group: virtual_clock
Path Type: max

Fanout     Cap    Slew   Delay    Time   Description
-----------------------------------------------------------------------------
                  0.00    0.00    0.00   clock virtual_clock (rise edge)
                          0.00    0.00   clock network delay (ideal)
                        100.00  100.00 ^ input external delay
     1    3.23    0.00    0.00  100.00 ^ B[21] (in)
                                         B[21] (net)
                  0.00    0.00  100.00 ^ _0753_/A (INVx5_ASAP7_75t_R)
     1    1.06    1.32    2.65  102.65 v _0753_/Y (INVx5_ASAP7_75t_R)
                                         _0127_ (net)
                  1.32    0.00  102.65 v _1155_/A (HAxp5_ASAP7_75t_R)
     7    4.91   63.00   72.83  175.47 v _1155_/SN (HAxp5_ASAP7_75t_R)
                                         _0129_ (net)
                 63.00    0.00  175.47 v _0843_/C (OR4x1_ASAP7_75t_R)
     2    1.50   16.93   43.21  218.68 v _0843_/Y (OR4x1_ASAP7_75t_R)
                                         _0367_ (net)
                 16.93    0.00  218.68 v _0844_/A (OR2x2_ASAP7_75t_R)
     3    1.76   10.11   23.16  241.84 v _0844_/Y (OR2x2_ASAP7_75t_R)
                                         _0368_ (net)
                 10.11    0.00  241.84 v _0872_/E (OR5x1_ASAP7_75t_R)
     1    0.95   15.35   40.02  281.86 v _0872_/Y (OR5x1_ASAP7_75t_R)
                                         _0392_ (net)
                 15.35    0.00  281.86 v _0875_/A1 (OA221x2_ASAP7_75t_R)
     5    3.98   16.30   33.17  315.02 v _0875_/Y (OA221x2_ASAP7_75t_R)
                                         _0395_ (net)
                 16.30    0.00  315.02 v _0967_/A3 (OA31x2_ASAP7_75t_R)
     5    3.29   14.33   22.68  337.70 v _0967_/Y (OA31x2_ASAP7_75t_R)
                                         _0467_ (net)
                 14.33    0.00  337.70 v _1038_/A2 (OA211x2_ASAP7_75t_R)
     3    2.24   13.28   26.42  364.13 v _1038_/Y (OA211x2_ASAP7_75t_R)
                                         _0527_ (net)
                 13.28    0.00  364.13 v _1066_/A2 (OA21x2_ASAP7_75t_R)
     1    1.00    7.14   18.52  382.65 v _1066_/Y (OA21x2_ASAP7_75t_R)
                                         _0551_ (net)
                  7.14    0.00  382.65 v _1067_/A (XOR2x2_ASAP7_75t_R)
     1    0.00    5.64   24.67  407.32 ^ _1067_/Y (XOR2x2_ASAP7_75t_R)
                                         result[58] (net)
                  5.64    0.00  407.32 ^ result[58] (out)
                                407.32   data arrival time

                  0.00  500.00  500.00   clock virtual_clock (rise edge)
                          0.00  500.00   clock network delay (ideal)
                          0.00  500.00   clock reconvergence pessimism
                       -100.00  400.00   output external delay
                                400.00   data required time
-----------------------------------------------------------------------------
                                400.00   data required time
                               -407.32   data arrival time
-----------------------------------------------------------------------------
                                 -7.32   slack (VIOLATED)



==========================================================================
floorplan final report_checks -unconstrained
--------------------------------------------------------------------------
Startpoint: B[21] (input port clocked by virtual_clock)
Endpoint: result[58] (output port clocked by virtual_clock)
Path Group: virtual_clock
Path Type: max

Fanout     Cap    Slew   Delay    Time   Description
-----------------------------------------------------------------------------
                  0.00    0.00    0.00   clock virtual_clock (rise edge)
                          0.00    0.00   clock network delay (ideal)
                        100.00  100.00 ^ input external delay
     1    3.23    0.00    0.00  100.00 ^ B[21] (in)
                                         B[21] (net)
                  0.00    0.00  100.00 ^ _0753_/A (INVx5_ASAP7_75t_R)
     1    1.06    1.32    2.65  102.65 v _0753_/Y (INVx5_ASAP7_75t_R)
                                         _0127_ (net)
                  1.32    0.00  102.65 v _1155_/A (HAxp5_ASAP7_75t_R)
     7    4.91   63.00   72.83  175.47 v _1155_/SN (HAxp5_ASAP7_75t_R)
                                         _0129_ (net)
                 63.00    0.00  175.47 v _0843_/C (OR4x1_ASAP7_75t_R)
     2    1.50   16.93   43.21  218.68 v _0843_/Y (OR4x1_ASAP7_75t_R)
                                         _0367_ (net)
                 16.93    0.00  218.68 v _0844_/A (OR2x2_ASAP7_75t_R)
     3    1.76   10.11   23.16  241.84 v _0844_/Y (OR2x2_ASAP7_75t_R)
                                         _0368_ (net)
                 10.11    0.00  241.84 v _0872_/E (OR5x1_ASAP7_75t_R)
     1    0.95   15.35   40.02  281.86 v _0872_/Y (OR5x1_ASAP7_75t_R)
                                         _0392_ (net)
                 15.35    0.00  281.86 v _0875_/A1 (OA221x2_ASAP7_75t_R)
     5    3.98   16.30   33.17  315.02 v _0875_/Y (OA221x2_ASAP7_75t_R)
                                         _0395_ (net)
                 16.30    0.00  315.02 v _0967_/A3 (OA31x2_ASAP7_75t_R)
     5    3.29   14.33   22.68  337.70 v _0967_/Y (OA31x2_ASAP7_75t_R)
                                         _0467_ (net)
                 14.33    0.00  337.70 v _1038_/A2 (OA211x2_ASAP7_75t_R)
     3    2.24   13.28   26.42  364.13 v _1038_/Y (OA211x2_ASAP7_75t_R)
                                         _0527_ (net)
                 13.28    0.00  364.13 v _1066_/A2 (OA21x2_ASAP7_75t_R)
     1    1.00    7.14   18.52  382.65 v _1066_/Y (OA21x2_ASAP7_75t_R)
                                         _0551_ (net)
                  7.14    0.00  382.65 v _1067_/A (XOR2x2_ASAP7_75t_R)
     1    0.00    5.64   24.67  407.32 ^ _1067_/Y (XOR2x2_ASAP7_75t_R)
                                         result[58] (net)
                  5.64    0.00  407.32 ^ result[58] (out)
                                407.32   data arrival time

                  0.00  500.00  500.00   clock virtual_clock (rise edge)
                          0.00  500.00   clock network delay (ideal)
                          0.00  500.00   clock reconvergence pessimism
                       -100.00  400.00   output external delay
                                400.00   data required time
-----------------------------------------------------------------------------
                                400.00   data required time
                               -407.32   data arrival time
-----------------------------------------------------------------------------
                                 -7.32   slack (VIOLATED)



==========================================================================
floorplan final report_power
--------------------------------------------------------------------------
Group                  Internal  Switching    Leakage      Total
                          Power      Power      Power      Power (Watts)
----------------------------------------------------------------
Sequential             0.00e+00   0.00e+00   0.00e+00   0.00e+00   0.0%
Combinational          1.35e-04   8.69e-05   4.64e-08   2.22e-04 100.0%
Clock                  0.00e+00   0.00e+00   0.00e+00   0.00e+00   0.0%
Macro                  0.00e+00   0.00e+00   0.00e+00   0.00e+00   0.0%
Pad                    0.00e+00   0.00e+00   0.00e+00   0.00e+00   0.0%
----------------------------------------------------------------
Total                  1.35e-04   8.69e-05   4.64e-08   2.22e-04 100.0%
                          60.9%      39.1%       0.0%
