
==========================================================================
detailed place report_tns
--------------------------------------------------------------------------
tns max -1495.21

==========================================================================
detailed place report_wns
--------------------------------------------------------------------------
wns max -56.96

==========================================================================
detailed place report_worst_slack
--------------------------------------------------------------------------
worst slack max -56.96

==========================================================================
detailed place report_clock_min_period
--------------------------------------------------------------------------
virtual_clock period_min = 556.96 fmax = 1795.46

==========================================================================
detailed place report_checks -path_delay min
--------------------------------------------------------------------------
Startpoint: B[0] (input port clocked by virtual_clock)
Endpoint: result[0] (output port clocked by virtual_clock)
Path Group: virtual_clock
Path Type: min

Fanout     Cap    Slew   Delay    Time   Description
-----------------------------------------------------------------------------
                  0.00    0.00    0.00   clock virtual_clock (rise edge)
                          0.00    0.00   clock network delay (ideal)
                        100.00  100.00 ^ input external delay
     1    0.77    0.00    0.00  100.00 ^ B[0] (in)
                                         B[0] (net)
                  0.12    0.04  100.04 ^ input65/A (BUFx2_ASAP7_75t_R)
     1    0.78    5.59   10.26  110.29 ^ input65/Y (BUFx2_ASAP7_75t_R)
                                         net65 (net)
                  5.59    0.02  110.32 ^ _1176_/B (HAxp5_ASAP7_75t_R)
     1    0.49    9.63    7.82  118.13 v _1176_/SN (HAxp5_ASAP7_75t_R)
                                         net130 (net)
                  9.63    0.02  118.15 v output130/A (BUFx2_ASAP7_75t_R)
     1    0.44    4.58   13.37  131.53 v output130/Y (BUFx2_ASAP7_75t_R)
                                         result[0] (net)
                  4.58    0.02  131.55 v result[0] (out)
                                131.55   data arrival time

                  0.00    0.00    0.00   clock virtual_clock (rise edge)
                          0.00    0.00   clock network delay (ideal)
                          0.00    0.00   clock reconvergence pessimism
                       -100.00 -100.00   output external delay
                               -100.00   data required time
-----------------------------------------------------------------------------
                               -100.00   data required time
                               -131.55   data arrival time
-----------------------------------------------------------------------------
                                231.55   slack (MET)



==========================================================================
detailed place report_checks -path_delay max
--------------------------------------------------------------------------
Startpoint: B[19] (input port clocked by virtual_clock)
Endpoint: result[58] (output port clocked by virtual_clock)
Path Group: virtual_clock
Path Type: max

Fanout     Cap    Slew   Delay    Time   Description
-----------------------------------------------------------------------------
                  0.00    0.00    0.00   clock virtual_clock (rise edge)
                          0.00    0.00   clock network delay (ideal)
                        100.00  100.00 ^ input external delay
     1    0.81    0.00    0.00  100.00 ^ B[19] (in)
                                         B[19] (net)
                  0.11    0.03  100.03 ^ input75/A (BUFx2_ASAP7_75t_R)
     1    0.81    5.69   10.30  110.34 ^ input75/Y (BUFx2_ASAP7_75t_R)
                                         net75 (net)
                  5.69    0.04  110.38 ^ _0755_/A (INVx1_ASAP7_75t_R)
     1    1.08    7.17    5.70  116.08 v _0755_/Y (INVx1_ASAP7_75t_R)
                                         _0133_ (net)
                  7.17    0.04  116.12 v _1157_/B (HAxp5_ASAP7_75t_R)
     7    5.08  102.58   76.16  192.28 v _1157_/SN (HAxp5_ASAP7_75t_R)
                                         _0135_ (net)
                102.59    0.42  192.71 v _0843_/A (OR4x1_ASAP7_75t_R)
     2    1.62   18.43   50.50  243.21 v _0843_/Y (OR4x1_ASAP7_75t_R)
                                         _0367_ (net)
                 18.43    0.12  243.34 v _0844_/A (OR2x2_ASAP7_75t_R)
     2    1.41    9.03   22.85  266.19 v _0844_/Y (OR2x2_ASAP7_75t_R)
                                         _0368_ (net)
                  9.03    0.06  266.25 v _0872_/E (OR5x1_ASAP7_75t_R)
     1    1.11   16.44   40.57  306.82 v _0872_/Y (OR5x1_ASAP7_75t_R)
                                         _0392_ (net)
                 16.44    0.06  306.87 v _0875_/A1 (OA221x2_ASAP7_75t_R)
     5    6.02   22.73   36.31  343.18 v _0875_/Y (OA221x2_ASAP7_75t_R)
                                         _0395_ (net)
                 22.81    0.74  343.92 v _0967_/A3 (OA31x2_ASAP7_75t_R)
     5    4.08   16.97   25.23  369.15 v _0967_/Y (OA31x2_ASAP7_75t_R)
                                         _0467_ (net)
                 17.00    0.39  369.54 v _1038_/A2 (OA211x2_ASAP7_75t_R)
     3    3.19   15.87   28.82  398.36 v _1038_/Y (OA211x2_ASAP7_75t_R)
                                         _0527_ (net)
                 15.93    0.50  398.86 v _1066_/A2 (OA21x2_ASAP7_75t_R)
     1    1.09    7.33   19.46  418.32 v _1066_/Y (OA21x2_ASAP7_75t_R)
                                         _0551_ (net)
                  7.33    0.05  418.36 v _1067_/A (XOR2x2_ASAP7_75t_R)
     1    0.68    9.47   26.16  444.52 ^ _1067_/Y (XOR2x2_ASAP7_75t_R)
                                         net183 (net)
                  9.47    0.03  444.55 ^ output183/A (BUFx2_ASAP7_75t_R)
     1    0.31    4.40   12.40  456.95 ^ output183/Y (BUFx2_ASAP7_75t_R)
                                         result[58] (net)
                  4.40    0.01  456.96 ^ result[58] (out)
                                456.96   data arrival time

                  0.00  500.00  500.00   clock virtual_clock (rise edge)
                          0.00  500.00   clock network delay (ideal)
                          0.00  500.00   clock reconvergence pessimism
                       -100.00  400.00   output external delay
                                400.00   data required time
-----------------------------------------------------------------------------
                                400.00   data required time
                               -456.96   data arrival time
-----------------------------------------------------------------------------
                                -56.96   slack (VIOLATED)



==========================================================================
detailed place report_checks -unconstrained
--------------------------------------------------------------------------
Startpoint: B[19] (input port clocked by virtual_clock)
Endpoint: result[58] (output port clocked by virtual_clock)
Path Group: virtual_clock
Path Type: max

Fanout     Cap    Slew   Delay    Time   Description
-----------------------------------------------------------------------------
                  0.00    0.00    0.00   clock virtual_clock (rise edge)
                          0.00    0.00   clock network delay (ideal)
                        100.00  100.00 ^ input external delay
     1    0.81    0.00    0.00  100.00 ^ B[19] (in)
                                         B[19] (net)
                  0.11    0.03  100.03 ^ input75/A (BUFx2_ASAP7_75t_R)
     1    0.81    5.69   10.30  110.34 ^ input75/Y (BUFx2_ASAP7_75t_R)
                                         net75 (net)
                  5.69    0.04  110.38 ^ _0755_/A (INVx1_ASAP7_75t_R)
     1    1.08    7.17    5.70  116.08 v _0755_/Y (INVx1_ASAP7_75t_R)
                                         _0133_ (net)
                  7.17    0.04  116.12 v _1157_/B (HAxp5_ASAP7_75t_R)
     7    5.08  102.58   76.16  192.28 v _1157_/SN (HAxp5_ASAP7_75t_R)
                                         _0135_ (net)
                102.59    0.42  192.71 v _0843_/A (OR4x1_ASAP7_75t_R)
     2    1.62   18.43   50.50  243.21 v _0843_/Y (OR4x1_ASAP7_75t_R)
                                         _0367_ (net)
                 18.43    0.12  243.34 v _0844_/A (OR2x2_ASAP7_75t_R)
     2    1.41    9.03   22.85  266.19 v _0844_/Y (OR2x2_ASAP7_75t_R)
                                         _0368_ (net)
                  9.03    0.06  266.25 v _0872_/E (OR5x1_ASAP7_75t_R)
     1    1.11   16.44   40.57  306.82 v _0872_/Y (OR5x1_ASAP7_75t_R)
                                         _0392_ (net)
                 16.44    0.06  306.87 v _0875_/A1 (OA221x2_ASAP7_75t_R)
     5    6.02   22.73   36.31  343.18 v _0875_/Y (OA221x2_ASAP7_75t_R)
                                         _0395_ (net)
                 22.81    0.74  343.92 v _0967_/A3 (OA31x2_ASAP7_75t_R)
     5    4.08   16.97   25.23  369.15 v _0967_/Y (OA31x2_ASAP7_75t_R)
                                         _0467_ (net)
                 17.00    0.39  369.54 v _1038_/A2 (OA211x2_ASAP7_75t_R)
     3    3.19   15.87   28.82  398.36 v _1038_/Y (OA211x2_ASAP7_75t_R)
                                         _0527_ (net)
                 15.93    0.50  398.86 v _1066_/A2 (OA21x2_ASAP7_75t_R)
     1    1.09    7.33   19.46  418.32 v _1066_/Y (OA21x2_ASAP7_75t_R)
                                         _0551_ (net)
                  7.33    0.05  418.36 v _1067_/A (XOR2x2_ASAP7_75t_R)
     1    0.68    9.47   26.16  444.52 ^ _1067_/Y (XOR2x2_ASAP7_75t_R)
                                         net183 (net)
                  9.47    0.03  444.55 ^ output183/A (BUFx2_ASAP7_75t_R)
     1    0.31    4.40   12.40  456.95 ^ output183/Y (BUFx2_ASAP7_75t_R)
                                         result[58] (net)
                  4.40    0.01  456.96 ^ result[58] (out)
                                456.96   data arrival time

                  0.00  500.00  500.00   clock virtual_clock (rise edge)
                          0.00  500.00   clock network delay (ideal)
                          0.00  500.00   clock reconvergence pessimism
                       -100.00  400.00   output external delay
                                400.00   data required time
-----------------------------------------------------------------------------
                                400.00   data required time
                               -456.96   data arrival time
-----------------------------------------------------------------------------
                                -56.96   slack (VIOLATED)



==========================================================================
detailed place report_check_types -max_slew -max_cap -max_fanout -violators
--------------------------------------------------------------------------

==========================================================================
detailed place max_slew_check_slack
--------------------------------------------------------------------------
153.74559020996094

==========================================================================
detailed place max_slew_check_limit
--------------------------------------------------------------------------
320.0

==========================================================================
detailed place max_slew_check_slack_limit
--------------------------------------------------------------------------
0.4805

==========================================================================
detailed place max_fanout_check_slack
--------------------------------------------------------------------------
1.0000000150474662e+30

==========================================================================
detailed place max_fanout_check_limit
--------------------------------------------------------------------------
1.0000000150474662e+30

==========================================================================
detailed place max_capacitance_check_slack
--------------------------------------------------------------------------
14.696314811706543

==========================================================================
detailed place max_capacitance_check_limit
--------------------------------------------------------------------------
23.040000915527344

==========================================================================
detailed place max_capacitance_check_slack_limit
--------------------------------------------------------------------------
0.6379

==========================================================================
detailed place max_slew_violation_count
--------------------------------------------------------------------------
max slew violation count 0

==========================================================================
detailed place max_fanout_violation_count
--------------------------------------------------------------------------
max fanout violation count 0

==========================================================================
detailed place max_cap_violation_count
--------------------------------------------------------------------------
max cap violation count 0

==========================================================================
detailed place setup_violation_count
--------------------------------------------------------------------------
setup violation count 44

==========================================================================
detailed place hold_violation_count
--------------------------------------------------------------------------
hold violation count 0

==========================================================================
detailed place critical path delay
--------------------------------------------------------------------------
456.9614

==========================================================================
detailed place critical path slack
--------------------------------------------------------------------------
-56.9614

==========================================================================
detailed place slack div critical path delay
--------------------------------------------------------------------------
-12.465254

==========================================================================
detailed place report_power
--------------------------------------------------------------------------
Group                  Internal  Switching    Leakage      Total
                          Power      Power      Power      Power (Watts)
----------------------------------------------------------------
Sequential             0.00e+00   0.00e+00   0.00e+00   0.00e+00   0.0%
Combinational          2.12e-04   1.40e-04   5.94e-08   3.52e-04 100.0%
Clock                  0.00e+00   0.00e+00   0.00e+00   0.00e+00   0.0%
Macro                  0.00e+00   0.00e+00   0.00e+00   0.00e+00   0.0%
Pad                    0.00e+00   0.00e+00   0.00e+00   0.00e+00   0.0%
----------------------------------------------------------------
Total                  2.12e-04   1.40e-04   5.94e-08   3.52e-04 100.0%
                          60.3%      39.7%       0.0%
