
==========================================================================
resizer report_tns
--------------------------------------------------------------------------
tns max -1469.63

==========================================================================
resizer report_wns
--------------------------------------------------------------------------
wns max -57.00

==========================================================================
resizer report_worst_slack
--------------------------------------------------------------------------
worst slack max -57.00

==========================================================================
resizer report_clock_min_period
--------------------------------------------------------------------------
virtual_clock period_min = 557.00 fmax = 1795.34

==========================================================================
resizer report_checks -path_delay min
--------------------------------------------------------------------------
Startpoint: B[0] (input port clocked by virtual_clock)
Endpoint: result[0] (output port clocked by virtual_clock)
Path Group: virtual_clock
Path Type: min

Fanout     Cap    Slew   Delay    Time   Description
-----------------------------------------------------------------------------
                  0.00    0.00    0.00   clock virtual_clock (rise edge)
                          0.00    0.00   clock network delay (ideal)
                        100.00  100.00 ^ input external delay
     1    0.82    0.00    0.00  100.00 ^ B[0] (in)
                                         B[0] (net)
                  0.13    0.04  100.04 ^ input65/A (BUFx2_ASAP7_75t_R)
     1    0.78    5.60   10.27  110.31 ^ input65/Y (BUFx2_ASAP7_75t_R)
                                         net65 (net)
                  5.60    0.03  110.33 ^ _1176_/B (HAxp5_ASAP7_75t_R)
     1    0.49    9.59    7.80  118.13 v _1176_/SN (HAxp5_ASAP7_75t_R)
                                         net130 (net)
                  9.59    0.02  118.15 v output130/A (BUFx2_ASAP7_75t_R)
     1    0.45    4.61   13.38  131.53 v output130/Y (BUFx2_ASAP7_75t_R)
                                         result[0] (net)
                  4.61    0.03  131.55 v result[0] (out)
                                131.55   data arrival time

                  0.00    0.00    0.00   clock virtual_clock (rise edge)
                          0.00    0.00   clock network delay (ideal)
                          0.00    0.00   clock reconvergence pessimism
                       -100.00 -100.00   output external delay
                               -100.00   data required time
-----------------------------------------------------------------------------
                               -100.00   data required time
                               -131.55   data arrival time
-----------------------------------------------------------------------------
                                231.55   slack (MET)



==========================================================================
resizer report_checks -path_delay max
--------------------------------------------------------------------------
Startpoint: B[19] (input port clocked by virtual_clock)
Endpoint: result[58] (output port clocked by virtual_clock)
Path Group: virtual_clock
Path Type: max

Fanout     Cap    Slew   Delay    Time   Description
-----------------------------------------------------------------------------
                  0.00    0.00    0.00   clock virtual_clock (rise edge)
                          0.00    0.00   clock network delay (ideal)
                        100.00  100.00 ^ input external delay
     1    0.85    0.00    0.00  100.00 ^ B[19] (in)
                                         B[19] (net)
                  0.12    0.04  100.04 ^ input75/A (BUFx2_ASAP7_75t_R)
     1    0.86    5.81   10.38  110.42 ^ input75/Y (BUFx2_ASAP7_75t_R)
                                         net75 (net)
                  5.81    0.05  110.46 ^ _0755_/A (INVx1_ASAP7_75t_R)
     1    1.05    7.03    5.66  116.12 v _0755_/Y (INVx1_ASAP7_75t_R)
                                         _0133_ (net)
                  7.03    0.04  116.16 v _1157_/B (HAxp5_ASAP7_75t_R)
     7    5.12  103.50   76.47  192.62 v _1157_/SN (HAxp5_ASAP7_75t_R)
                                         _0135_ (net)
                103.51    0.50  193.12 v _0843_/A (OR4x1_ASAP7_75t_R)
     2    1.59   18.29   50.56  243.68 v _0843_/Y (OR4x1_ASAP7_75t_R)
                                         _0367_ (net)
                 18.29    0.12  243.80 v _0844_/A (OR2x2_ASAP7_75t_R)
     2    1.37    8.90   22.74  266.54 v _0844_/Y (OR2x2_ASAP7_75t_R)
                                         _0368_ (net)
                  8.90    0.05  266.59 v _0872_/E (OR5x1_ASAP7_75t_R)
     1    1.02   15.76   40.09  306.68 v _0872_/Y (OR5x1_ASAP7_75t_R)
                                         _0392_ (net)
                 15.76    0.04  306.71 v _0875_/A1 (OA221x2_ASAP7_75t_R)
     5    6.11   22.88   36.26  342.98 v _0875_/Y (OA221x2_ASAP7_75t_R)
                                         _0395_ (net)
                 22.97    0.78  343.75 v _0967_/A3 (OA31x2_ASAP7_75t_R)
     5    4.13   17.11   25.32  369.08 v _0967_/Y (OA31x2_ASAP7_75t_R)
                                         _0467_ (net)
                 17.14    0.40  369.48 v _1038_/A2 (OA211x2_ASAP7_75t_R)
     3    3.20   15.78   28.93  398.40 v _1038_/Y (OA211x2_ASAP7_75t_R)
                                         _0527_ (net)
                 15.81    0.35  398.75 v _1066_/A2 (OA21x2_ASAP7_75t_R)
     1    1.10    7.38   19.45  418.20 v _1066_/Y (OA21x2_ASAP7_75t_R)
                                         _0551_ (net)
                  7.38    0.05  418.25 v _1067_/A (XOR2x2_ASAP7_75t_R)
     1    0.70    9.54   26.22  444.47 ^ _1067_/Y (XOR2x2_ASAP7_75t_R)
                                         net183 (net)
                  9.54    0.03  444.50 ^ output183/A (BUFx2_ASAP7_75t_R)
     1    0.35    4.50   12.48  456.98 ^ output183/Y (BUFx2_ASAP7_75t_R)
                                         result[58] (net)
                  4.50    0.02  457.00 ^ result[58] (out)
                                457.00   data arrival time

                  0.00  500.00  500.00   clock virtual_clock (rise edge)
                          0.00  500.00   clock network delay (ideal)
                          0.00  500.00   clock reconvergence pessimism
                       -100.00  400.00   output external delay
                                400.00   data required time
-----------------------------------------------------------------------------
                                400.00   data required time
                               -457.00   data arrival time
-----------------------------------------------------------------------------
                                -57.00   slack (VIOLATED)



==========================================================================
resizer report_checks -unconstrained
--------------------------------------------------------------------------
Startpoint: B[19] (input port clocked by virtual_clock)
Endpoint: result[58] (output port clocked by virtual_clock)
Path Group: virtual_clock
Path Type: max

Fanout     Cap    Slew   Delay    Time   Description
-----------------------------------------------------------------------------
                  0.00    0.00    0.00   clock virtual_clock (rise edge)
                          0.00    0.00   clock network delay (ideal)
                        100.00  100.00 ^ input external delay
     1    0.85    0.00    0.00  100.00 ^ B[19] (in)
                                         B[19] (net)
                  0.12    0.04  100.04 ^ input75/A (BUFx2_ASAP7_75t_R)
     1    0.86    5.81   10.38  110.42 ^ input75/Y (BUFx2_ASAP7_75t_R)
                                         net75 (net)
                  5.81    0.05  110.46 ^ _0755_/A (INVx1_ASAP7_75t_R)
     1    1.05    7.03    5.66  116.12 v _0755_/Y (INVx1_ASAP7_75t_R)
                                         _0133_ (net)
                  7.03    0.04  116.16 v _1157_/B (HAxp5_ASAP7_75t_R)
     7    5.12  103.50   76.47  192.62 v _1157_/SN (HAxp5_ASAP7_75t_R)
                                         _0135_ (net)
                103.51    0.50  193.12 v _0843_/A (OR4x1_ASAP7_75t_R)
     2    1.59   18.29   50.56  243.68 v _0843_/Y (OR4x1_ASAP7_75t_R)
                                         _0367_ (net)
                 18.29    0.12  243.80 v _0844_/A (OR2x2_ASAP7_75t_R)
     2    1.37    8.90   22.74  266.54 v _0844_/Y (OR2x2_ASAP7_75t_R)
                                         _0368_ (net)
                  8.90    0.05  266.59 v _0872_/E (OR5x1_ASAP7_75t_R)
     1    1.02   15.76   40.09  306.68 v _0872_/Y (OR5x1_ASAP7_75t_R)
                                         _0392_ (net)
                 15.76    0.04  306.71 v _0875_/A1 (OA221x2_ASAP7_75t_R)
     5    6.11   22.88   36.26  342.98 v _0875_/Y (OA221x2_ASAP7_75t_R)
                                         _0395_ (net)
                 22.97    0.78  343.75 v _0967_/A3 (OA31x2_ASAP7_75t_R)
     5    4.13   17.11   25.32  369.08 v _0967_/Y (OA31x2_ASAP7_75t_R)
                                         _0467_ (net)
                 17.14    0.40  369.48 v _1038_/A2 (OA211x2_ASAP7_75t_R)
     3    3.20   15.78   28.93  398.40 v _1038_/Y (OA211x2_ASAP7_75t_R)
                                         _0527_ (net)
                 15.81    0.35  398.75 v _1066_/A2 (OA21x2_ASAP7_75t_R)
     1    1.10    7.38   19.45  418.20 v _1066_/Y (OA21x2_ASAP7_75t_R)
                                         _0551_ (net)
                  7.38    0.05  418.25 v _1067_/A (XOR2x2_ASAP7_75t_R)
     1    0.70    9.54   26.22  444.47 ^ _1067_/Y (XOR2x2_ASAP7_75t_R)
                                         net183 (net)
                  9.54    0.03  444.50 ^ output183/A (BUFx2_ASAP7_75t_R)
     1    0.35    4.50   12.48  456.98 ^ output183/Y (BUFx2_ASAP7_75t_R)
                                         result[58] (net)
                  4.50    0.02  457.00 ^ result[58] (out)
                                457.00   data arrival time

                  0.00  500.00  500.00   clock virtual_clock (rise edge)
                          0.00  500.00   clock network delay (ideal)
                          0.00  500.00   clock reconvergence pessimism
                       -100.00  400.00   output external delay
                                400.00   data required time
-----------------------------------------------------------------------------
                                400.00   data required time
                               -457.00   data arrival time
-----------------------------------------------------------------------------
                                -57.00   slack (VIOLATED)



==========================================================================
resizer report_check_types -max_slew -max_cap -max_fanout -violators
--------------------------------------------------------------------------

==========================================================================
resizer max_slew_check_slack
--------------------------------------------------------------------------
153.43943786621094

==========================================================================
resizer max_slew_check_limit
--------------------------------------------------------------------------
320.0

==========================================================================
resizer max_slew_check_slack_limit
--------------------------------------------------------------------------
0.4795

==========================================================================
resizer max_fanout_check_slack
--------------------------------------------------------------------------
1.0000000150474662e+30

==========================================================================
resizer max_fanout_check_limit
--------------------------------------------------------------------------
1.0000000150474662e+30

==========================================================================
resizer max_capacitance_check_slack
--------------------------------------------------------------------------
14.6919527053833

==========================================================================
resizer max_capacitance_check_limit
--------------------------------------------------------------------------
23.040000915527344

==========================================================================
resizer max_capacitance_check_slack_limit
--------------------------------------------------------------------------
0.6377

==========================================================================
resizer max_slew_violation_count
--------------------------------------------------------------------------
max slew violation count 0

==========================================================================
resizer max_fanout_violation_count
--------------------------------------------------------------------------
max fanout violation count 0

==========================================================================
resizer max_cap_violation_count
--------------------------------------------------------------------------
max cap violation count 0

==========================================================================
resizer setup_violation_count
--------------------------------------------------------------------------
setup violation count 44

==========================================================================
resizer hold_violation_count
--------------------------------------------------------------------------
hold violation count 0

==========================================================================
resizer critical path delay
--------------------------------------------------------------------------
456.9972

==========================================================================
resizer critical path slack
--------------------------------------------------------------------------
-56.9972

==========================================================================
resizer slack div critical path delay
--------------------------------------------------------------------------
-12.472111

==========================================================================
resizer report_power
--------------------------------------------------------------------------
Group                  Internal  Switching    Leakage      Total
                          Power      Power      Power      Power (Watts)
----------------------------------------------------------------
Sequential             0.00e+00   0.00e+00   0.00e+00   0.00e+00   0.0%
Combinational          2.12e-04   1.41e-04   5.94e-08   3.53e-04 100.0%
Clock                  0.00e+00   0.00e+00   0.00e+00   0.00e+00   0.0%
Macro                  0.00e+00   0.00e+00   0.00e+00   0.00e+00   0.0%
Pad                    0.00e+00   0.00e+00   0.00e+00   0.00e+00   0.0%
----------------------------------------------------------------
Total                  2.12e-04   1.41e-04   5.94e-08   3.53e-04 100.0%
                          60.0%      40.0%       0.0%
