
==========================================================================
cts final report_tns
--------------------------------------------------------------------------
tns max -76.27

==========================================================================
cts final report_wns
--------------------------------------------------------------------------
wns max -10.46

==========================================================================
cts final report_worst_slack
--------------------------------------------------------------------------
worst slack max -10.46

==========================================================================
cts final report_clock_min_period
--------------------------------------------------------------------------
virtual_clock period_min = 510.46 fmax = 1959.01

==========================================================================
cts final report_clock_skew
--------------------------------------------------------------------------
Clock virtual_clock
No launch/capture paths found.


==========================================================================
cts final report_checks -path_delay min
--------------------------------------------------------------------------
Startpoint: B[0] (input port clocked by virtual_clock)
Endpoint: result[0] (output port clocked by virtual_clock)
Path Group: virtual_clock
Path Type: min

Fanout     Cap    Slew   Delay    Time   Description
-----------------------------------------------------------------------------
                  0.00    0.00    0.00   clock virtual_clock (rise edge)
                          0.00    0.00   clock network delay (ideal)
                        100.00  100.00 ^ input external delay
     1    0.77    0.00    0.00  100.00 ^ B[0] (in)
                                         B[0] (net)
                  0.12    0.04  100.04 ^ input65/A (BUFx2_ASAP7_75t_R)
     1    0.78    5.59   10.26  110.29 ^ input65/Y (BUFx2_ASAP7_75t_R)
                                         net65 (net)
                  5.59    0.02  110.32 ^ _1176_/B (HAxp5_ASAP7_75t_R)
     1    0.52    9.86    7.94  118.25 v _1176_/SN (HAxp5_ASAP7_75t_R)
                                         net130 (net)
                  9.86    0.02  118.27 v output130/A (BUFx2_ASAP7_75t_R)
     1    0.47    4.64   13.49  131.76 v output130/Y (BUFx2_ASAP7_75t_R)
                                         result[0] (net)
                  4.64    0.03  131.79 v result[0] (out)
                                131.79   data arrival time

                  0.00    0.00    0.00   clock virtual_clock (rise edge)
                          0.00    0.00   clock network delay (ideal)
                          0.00    0.00   clock reconvergence pessimism
                       -100.00 -100.00   output external delay
                               -100.00   data required time
-----------------------------------------------------------------------------
                               -100.00   data required time
                               -131.79   data arrival time
-----------------------------------------------------------------------------
                                231.79   slack (MET)



==========================================================================
cts final report_checks -path_delay max
--------------------------------------------------------------------------
Startpoint: B[20] (input port clocked by virtual_clock)
Endpoint: result[57] (output port clocked by virtual_clock)
Path Group: virtual_clock
Path Type: max

Fanout     Cap    Slew   Delay    Time   Description
-----------------------------------------------------------------------------
                  0.00    0.00    0.00   clock virtual_clock (rise edge)
                          0.00    0.00   clock network delay (ideal)
                        100.00  100.00 ^ input external delay
     1    2.84    0.00    0.00  100.00 ^ B[20] (in)
                                         B[20] (net)
                  0.43    0.13  100.13 ^ input77/A (BUFx12f_ASAP7_75t_R)
     1    2.13    4.82    9.19  109.32 ^ input77/Y (BUFx12f_ASAP7_75t_R)
                                         net77 (net)
                  4.82    0.12  109.44 ^ _0754_/A (INVx3_ASAP7_75t_R)
     1    1.17    3.56    3.68  113.12 v _0754_/Y (INVx3_ASAP7_75t_R)
                                         _0130_ (net)
                  3.56    0.05  113.17 v _1156_/A (HAxp5_ASAP7_75t_R)
     4    2.79   38.23   19.72  132.89 ^ _1156_/CON (HAxp5_ASAP7_75t_R)
                                         _0131_ (net)
     2    1.71   36.97   19.65  152.54 v _1156_/SN (HAxp5_ASAP7_75t_R)
                                         _0132_ (net)
                 36.97    0.12  152.65 v place369/A (BUFx3_ASAP7_75t_R)
     6    4.59   12.21   24.08  176.73 v place369/Y (BUFx3_ASAP7_75t_R)
                                         net369 (net)
                 12.22    0.10  176.83 v _0591_/B (OR4x1_ASAP7_75t_R)
     2    1.34   15.76   32.71  209.54 v _0591_/Y (OR4x1_ASAP7_75t_R)
                                         _0193_ (net)
                 15.76    0.05  209.59 v _0597_/C (OR3x1_ASAP7_75t_R)
     2    1.50   14.19   28.49  238.08 v _0597_/Y (OR3x1_ASAP7_75t_R)
                                         _0199_ (net)
                 14.19    0.10  238.18 v _0863_/D (OR4x1_ASAP7_75t_R)
     1    0.67   10.94   31.94  270.13 v _0863_/Y (OR4x1_ASAP7_75t_R)
                                         _0384_ (net)
                 10.94    0.03  270.16 v _0869_/A1 (OA211x2_ASAP7_75t_R)
     4    3.94   18.18   27.79  297.95 v _0869_/Y (OA211x2_ASAP7_75t_R)
                                         _0390_ (net)
                 18.27    0.72  298.67 v _0979_/A2 (OA211x2_ASAP7_75t_R)
     3    3.18   15.75   29.24  327.91 v _0979_/Y (OA211x2_ASAP7_75t_R)
                                         _0478_ (net)
                 15.77    0.27  328.18 v _1006_/A2 (OA21x2_ASAP7_75t_R)
     3    2.43   10.75   21.62  349.80 v _1006_/Y (OA21x2_ASAP7_75t_R)
                                         _0501_ (net)
                 10.77    0.21  350.01 v _1052_/A2 (OA211x2_ASAP7_75t_R)
     1    0.73    9.30   22.40  372.41 v _1052_/Y (OA211x2_ASAP7_75t_R)
                                         _0538_ (net)
                  9.30    0.03  372.45 v _1061_/B (OR3x1_ASAP7_75t_R)
     1    1.02   11.36   24.89  397.34 v _1061_/Y (OR3x1_ASAP7_75t_R)
                                         net182 (net)
                 11.36    0.07  397.41 v output182/A (BUFx3_ASAP7_75t_R)
     1    0.39    4.25   13.03  410.44 v output182/Y (BUFx3_ASAP7_75t_R)
                                         result[57] (net)
                  4.25    0.02  410.46 v result[57] (out)
                                410.46   data arrival time

                  0.00  500.00  500.00   clock virtual_clock (rise edge)
                          0.00  500.00   clock network delay (ideal)
                          0.00  500.00   clock reconvergence pessimism
                       -100.00  400.00   output external delay
                                400.00   data required time
-----------------------------------------------------------------------------
                                400.00   data required time
                               -410.46   data arrival time
-----------------------------------------------------------------------------
                                -10.46   slack (VIOLATED)



==========================================================================
cts final report_checks -unconstrained
--------------------------------------------------------------------------
Startpoint: B[20] (input port clocked by virtual_clock)
Endpoint: result[57] (output port clocked by virtual_clock)
Path Group: virtual_clock
Path Type: max

Fanout     Cap    Slew   Delay    Time   Description
-----------------------------------------------------------------------------
                  0.00    0.00    0.00   clock virtual_clock (rise edge)
                          0.00    0.00   clock network delay (ideal)
                        100.00  100.00 ^ input external delay
     1    2.84    0.00    0.00  100.00 ^ B[20] (in)
                                         B[20] (net)
                  0.43    0.13  100.13 ^ input77/A (BUFx12f_ASAP7_75t_R)
     1    2.13    4.82    9.19  109.32 ^ input77/Y (BUFx12f_ASAP7_75t_R)
                                         net77 (net)
                  4.82    0.12  109.44 ^ _0754_/A (INVx3_ASAP7_75t_R)
     1    1.17    3.56    3.68  113.12 v _0754_/Y (INVx3_ASAP7_75t_R)
                                         _0130_ (net)
                  3.56    0.05  113.17 v _1156_/A (HAxp5_ASAP7_75t_R)
     4    2.79   38.23   19.72  132.89 ^ _1156_/CON (HAxp5_ASAP7_75t_R)
                                         _0131_ (net)
     2    1.71   36.97   19.65  152.54 v _1156_/SN (HAxp5_ASAP7_75t_R)
                                         _0132_ (net)
                 36.97    0.12  152.65 v place369/A (BUFx3_ASAP7_75t_R)
     6    4.59   12.21   24.08  176.73 v place369/Y (BUFx3_ASAP7_75t_R)
                                         net369 (net)
                 12.22    0.10  176.83 v _0591_/B (OR4x1_ASAP7_75t_R)
     2    1.34   15.76   32.71  209.54 v _0591_/Y (OR4x1_ASAP7_75t_R)
                                         _0193_ (net)
                 15.76    0.05  209.59 v _0597_/C (OR3x1_ASAP7_75t_R)
     2    1.50   14.19   28.49  238.08 v _0597_/Y (OR3x1_ASAP7_75t_R)
                                         _0199_ (net)
                 14.19    0.10  238.18 v _0863_/D (OR4x1_ASAP7_75t_R)
     1    0.67   10.94   31.94  270.13 v _0863_/Y (OR4x1_ASAP7_75t_R)
                                         _0384_ (net)
                 10.94    0.03  270.16 v _0869_/A1 (OA211x2_ASAP7_75t_R)
     4    3.94   18.18   27.79  297.95 v _0869_/Y (OA211x2_ASAP7_75t_R)
                                         _0390_ (net)
                 18.27    0.72  298.67 v _0979_/A2 (OA211x2_ASAP7_75t_R)
     3    3.18   15.75   29.24  327.91 v _0979_/Y (OA211x2_ASAP7_75t_R)
                                         _0478_ (net)
                 15.77    0.27  328.18 v _1006_/A2 (OA21x2_ASAP7_75t_R)
     3    2.43   10.75   21.62  349.80 v _1006_/Y (OA21x2_ASAP7_75t_R)
                                         _0501_ (net)
                 10.77    0.21  350.01 v _1052_/A2 (OA211x2_ASAP7_75t_R)
     1    0.73    9.30   22.40  372.41 v _1052_/Y (OA211x2_ASAP7_75t_R)
                                         _0538_ (net)
                  9.30    0.03  372.45 v _1061_/B (OR3x1_ASAP7_75t_R)
     1    1.02   11.36   24.89  397.34 v _1061_/Y (OR3x1_ASAP7_75t_R)
                                         net182 (net)
                 11.36    0.07  397.41 v output182/A (BUFx3_ASAP7_75t_R)
     1    0.39    4.25   13.03  410.44 v output182/Y (BUFx3_ASAP7_75t_R)
                                         result[57] (net)
                  4.25    0.02  410.46 v result[57] (out)
                                410.46   data arrival time

                  0.00  500.00  500.00   clock virtual_clock (rise edge)
                          0.00  500.00   clock network delay (ideal)
                          0.00  500.00   clock reconvergence pessimism
                       -100.00  400.00   output external delay
                                400.00   data required time
-----------------------------------------------------------------------------
                                400.00   data required time
                               -410.46   data arrival time
-----------------------------------------------------------------------------
                                -10.46   slack (VIOLATED)



==========================================================================
cts final report_check_types -max_slew -max_cap -max_fanout -violators
--------------------------------------------------------------------------

==========================================================================
cts final max_slew_check_slack
--------------------------------------------------------------------------
153.74559020996094

==========================================================================
cts final max_slew_check_limit
--------------------------------------------------------------------------
320.0

==========================================================================
cts final max_slew_check_slack_limit
--------------------------------------------------------------------------
0.4805

==========================================================================
cts final max_fanout_check_slack
--------------------------------------------------------------------------
1.0000000150474662e+30

==========================================================================
cts final max_fanout_check_limit
--------------------------------------------------------------------------
1.0000000150474662e+30

==========================================================================
cts final max_capacitance_check_slack
--------------------------------------------------------------------------
14.696314811706543

==========================================================================
cts final max_capacitance_check_limit
--------------------------------------------------------------------------
23.040000915527344

==========================================================================
cts final max_capacitance_check_slack_limit
--------------------------------------------------------------------------
0.6379

==========================================================================
cts final max_slew_violation_count
--------------------------------------------------------------------------
max slew violation count 0

==========================================================================
cts final max_fanout_violation_count
--------------------------------------------------------------------------
max fanout violation count 0

==========================================================================
cts final max_cap_violation_count
--------------------------------------------------------------------------
max cap violation count 0

==========================================================================
cts final setup_violation_count
--------------------------------------------------------------------------
setup violation count 15

==========================================================================
cts final hold_violation_count
--------------------------------------------------------------------------
hold violation count 0

==========================================================================
cts final critical path delay
--------------------------------------------------------------------------
410.4619

==========================================================================
cts final critical path slack
--------------------------------------------------------------------------
-10.4619

==========================================================================
cts final slack div critical path delay
--------------------------------------------------------------------------
-2.548811

==========================================================================
cts final report_power
--------------------------------------------------------------------------
Group                  Internal  Switching    Leakage      Total
                          Power      Power      Power      Power (Watts)
----------------------------------------------------------------
Sequential             0.00e+00   0.00e+00   0.00e+00   0.00e+00   0.0%
Combinational          2.20e-04   1.43e-04   6.11e-08   3.63e-04 100.0%
Clock                  0.00e+00   0.00e+00   0.00e+00   0.00e+00   0.0%
Macro                  0.00e+00   0.00e+00   0.00e+00   0.00e+00   0.0%
Pad                    0.00e+00   0.00e+00   0.00e+00   0.00e+00   0.0%
----------------------------------------------------------------
Total                  2.20e-04   1.43e-04   6.11e-08   3.63e-04 100.0%
                          60.5%      39.5%       0.0%
