
==========================================================================
global route report_tns
--------------------------------------------------------------------------
tns max -257.02

==========================================================================
global route report_wns
--------------------------------------------------------------------------
wns max -16.90

==========================================================================
global route report_worst_slack
--------------------------------------------------------------------------
worst slack max -16.90

==========================================================================
global route report_clock_min_period
--------------------------------------------------------------------------
virtual_clock period_min = 516.90 fmax = 1934.61

==========================================================================
global route report_clock_skew
--------------------------------------------------------------------------
Clock virtual_clock
No launch/capture paths found.


==========================================================================
global route report_checks -path_delay min
--------------------------------------------------------------------------
Startpoint: B[0] (input port clocked by virtual_clock)
Endpoint: result[0] (output port clocked by virtual_clock)
Path Group: virtual_clock
Path Type: min

Fanout     Cap    Slew   Delay    Time   Description
-----------------------------------------------------------------------------
                  0.00    0.00    0.00   clock virtual_clock (rise edge)
                          0.00    0.00   clock network delay (ideal)
                        100.00  100.00 ^ input external delay
     1    0.90    0.00    0.00  100.00 ^ B[0] (in)
                                         B[0] (net)
                  0.21    0.07  100.07 ^ input65/A (BUFx2_ASAP7_75t_R)
     1    0.81    5.68   10.34  110.40 ^ input65/Y (BUFx2_ASAP7_75t_R)
                                         net65 (net)
                  5.68    0.04  110.44 ^ _1176_/B (HAxp5_ASAP7_75t_R)
     1    0.66   11.24    8.63  119.07 v _1176_/SN (HAxp5_ASAP7_75t_R)
                                         net130 (net)
                 11.24    0.05  119.12 v output130/A (BUFx2_ASAP7_75t_R)
     1    0.52    4.81   14.01  133.13 v output130/Y (BUFx2_ASAP7_75t_R)
                                         result[0] (net)
                  4.81    0.05  133.17 v result[0] (out)
                                133.17   data arrival time

                  0.00    0.00    0.00   clock virtual_clock (rise edge)
                          0.00    0.00   clock network delay (ideal)
                          0.00    0.00   clock reconvergence pessimism
                       -100.00 -100.00   output external delay
                               -100.00   data required time
-----------------------------------------------------------------------------
                               -100.00   data required time
                               -133.17   data arrival time
-----------------------------------------------------------------------------
                                233.17   slack (MET)



==========================================================================
global route report_checks -path_delay max
--------------------------------------------------------------------------
Startpoint: B[20] (input port clocked by virtual_clock)
Endpoint: result[57] (output port clocked by virtual_clock)
Path Group: virtual_clock
Path Type: max

Fanout     Cap    Slew   Delay    Time   Description
-----------------------------------------------------------------------------
                  0.00    0.00    0.00   clock virtual_clock (rise edge)
                          0.00    0.00   clock network delay (ideal)
                        100.00  100.00 ^ input external delay
     1    2.89    0.00    0.00  100.00 ^ B[20] (in)
                                         B[20] (net)
                  0.67    0.21  100.21 ^ input77/A (BUFx12f_ASAP7_75t_R)
     1    2.41    4.99    9.31  109.53 ^ input77/Y (BUFx12f_ASAP7_75t_R)
                                         net77 (net)
                  5.09    0.39  109.92 ^ _0754_/A (INVx3_ASAP7_75t_R)
     1    1.30    3.89    3.80  113.72 v _0754_/Y (INVx3_ASAP7_75t_R)
                                         _0130_ (net)
                  3.91    0.15  113.87 v _1156_/A (HAxp5_ASAP7_75t_R)
     4    2.95   39.90   20.50  134.37 ^ _1156_/CON (HAxp5_ASAP7_75t_R)
                                         _0131_ (net)
     2    1.94   41.57   21.08  155.45 v _1156_/SN (HAxp5_ASAP7_75t_R)
                                         _0132_ (net)
                 41.58    0.26  155.71 v place369/A (BUFx3_ASAP7_75t_R)
     5    4.25   11.86   24.67  180.38 v place369/Y (BUFx3_ASAP7_75t_R)
                                         net369 (net)
                 11.92    0.45  180.83 v _0591_/B (OR4x1_ASAP7_75t_R)
     2    1.52   16.98   33.39  214.22 v _0591_/Y (OR4x1_ASAP7_75t_R)
                                         _0193_ (net)
                 16.99    0.12  214.34 v _0597_/A (OR3x1_ASAP7_75t_R)
     2    1.56   14.57   27.61  241.96 v _0597_/Y (OR3x1_ASAP7_75t_R)
                                         _0199_ (net)
                 14.58    0.19  242.14 v _0863_/C (OR4x1_ASAP7_75t_R)
     1    0.86   12.17   32.43  274.57 v _0863_/Y (OR4x1_ASAP7_75t_R)
                                         _0384_ (net)
                 12.18    0.10  274.67 v _0869_/A2 (OA211x2_ASAP7_75t_R)
     4    4.17   19.16   28.57  303.24 v _0869_/Y (OA211x2_ASAP7_75t_R)
                                         _0390_ (net)
                 19.41    1.20  304.44 v _0979_/A1 (OA211x2_ASAP7_75t_R)
     3    3.45   16.75   28.86  333.31 v _0979_/Y (OA211x2_ASAP7_75t_R)
                                         _0478_ (net)
                 16.81    0.56  333.87 v _1006_/A1 (OA21x2_ASAP7_75t_R)
     3    2.72   11.65   21.57  355.44 v _1006_/Y (OA21x2_ASAP7_75t_R)
                                         _0501_ (net)
                 11.71    0.44  355.88 v _1052_/A2 (OA211x2_ASAP7_75t_R)
     1    0.83    9.53   22.88  378.76 v _1052_/Y (OA211x2_ASAP7_75t_R)
                                         _0538_ (net)
                  9.53    0.06  378.82 v _1061_/A (OR3x1_ASAP7_75t_R)
     1    1.23   12.66   24.24  403.07 v _1061_/Y (OR3x1_ASAP7_75t_R)
                                         net182 (net)
                 12.67    0.19  403.25 v output182/A (BUFx3_ASAP7_75t_R)
     1    0.54    4.52   13.60  416.85 v output182/Y (BUFx3_ASAP7_75t_R)
                                         result[57] (net)
                  4.52    0.05  416.90 v result[57] (out)
                                416.90   data arrival time

                  0.00  500.00  500.00   clock virtual_clock (rise edge)
                          0.00  500.00   clock network delay (ideal)
                          0.00  500.00   clock reconvergence pessimism
                       -100.00  400.00   output external delay
                                400.00   data required time
-----------------------------------------------------------------------------
                                400.00   data required time
                               -416.90   data arrival time
-----------------------------------------------------------------------------
                                -16.90   slack (VIOLATED)



==========================================================================
global route report_checks -unconstrained
--------------------------------------------------------------------------
Startpoint: B[20] (input port clocked by virtual_clock)
Endpoint: result[57] (output port clocked by virtual_clock)
Path Group: virtual_clock
Path Type: max

Fanout     Cap    Slew   Delay    Time   Description
-----------------------------------------------------------------------------
                  0.00    0.00    0.00   clock virtual_clock (rise edge)
                          0.00    0.00   clock network delay (ideal)
                        100.00  100.00 ^ input external delay
     1    2.89    0.00    0.00  100.00 ^ B[20] (in)
                                         B[20] (net)
                  0.67    0.21  100.21 ^ input77/A (BUFx12f_ASAP7_75t_R)
     1    2.41    4.99    9.31  109.53 ^ input77/Y (BUFx12f_ASAP7_75t_R)
                                         net77 (net)
                  5.09    0.39  109.92 ^ _0754_/A (INVx3_ASAP7_75t_R)
     1    1.30    3.89    3.80  113.72 v _0754_/Y (INVx3_ASAP7_75t_R)
                                         _0130_ (net)
                  3.91    0.15  113.87 v _1156_/A (HAxp5_ASAP7_75t_R)
     4    2.95   39.90   20.50  134.37 ^ _1156_/CON (HAxp5_ASAP7_75t_R)
                                         _0131_ (net)
     2    1.94   41.57   21.08  155.45 v _1156_/SN (HAxp5_ASAP7_75t_R)
                                         _0132_ (net)
                 41.58    0.26  155.71 v place369/A (BUFx3_ASAP7_75t_R)
     5    4.25   11.86   24.67  180.38 v place369/Y (BUFx3_ASAP7_75t_R)
                                         net369 (net)
                 11.92    0.45  180.83 v _0591_/B (OR4x1_ASAP7_75t_R)
     2    1.52   16.98   33.39  214.22 v _0591_/Y (OR4x1_ASAP7_75t_R)
                                         _0193_ (net)
                 16.99    0.12  214.34 v _0597_/A (OR3x1_ASAP7_75t_R)
     2    1.56   14.57   27.61  241.96 v _0597_/Y (OR3x1_ASAP7_75t_R)
                                         _0199_ (net)
                 14.58    0.19  242.14 v _0863_/C (OR4x1_ASAP7_75t_R)
     1    0.86   12.17   32.43  274.57 v _0863_/Y (OR4x1_ASAP7_75t_R)
                                         _0384_ (net)
                 12.18    0.10  274.67 v _0869_/A2 (OA211x2_ASAP7_75t_R)
     4    4.17   19.16   28.57  303.24 v _0869_/Y (OA211x2_ASAP7_75t_R)
                                         _0390_ (net)
                 19.41    1.20  304.44 v _0979_/A1 (OA211x2_ASAP7_75t_R)
     3    3.45   16.75   28.86  333.31 v _0979_/Y (OA211x2_ASAP7_75t_R)
                                         _0478_ (net)
                 16.81    0.56  333.87 v _1006_/A1 (OA21x2_ASAP7_75t_R)
     3    2.72   11.65   21.57  355.44 v _1006_/Y (OA21x2_ASAP7_75t_R)
                                         _0501_ (net)
                 11.71    0.44  355.88 v _1052_/A2 (OA211x2_ASAP7_75t_R)
     1    0.83    9.53   22.88  378.76 v _1052_/Y (OA211x2_ASAP7_75t_R)
                                         _0538_ (net)
                  9.53    0.06  378.82 v _1061_/A (OR3x1_ASAP7_75t_R)
     1    1.23   12.66   24.24  403.07 v _1061_/Y (OR3x1_ASAP7_75t_R)
                                         net182 (net)
                 12.67    0.19  403.25 v output182/A (BUFx3_ASAP7_75t_R)
     1    0.54    4.52   13.60  416.85 v output182/Y (BUFx3_ASAP7_75t_R)
                                         result[57] (net)
                  4.52    0.05  416.90 v result[57] (out)
                                416.90   data arrival time

                  0.00  500.00  500.00   clock virtual_clock (rise edge)
                          0.00  500.00   clock network delay (ideal)
                          0.00  500.00   clock reconvergence pessimism
                       -100.00  400.00   output external delay
                                400.00   data required time
-----------------------------------------------------------------------------
                                400.00   data required time
                               -416.90   data arrival time
-----------------------------------------------------------------------------
                                -16.90   slack (VIOLATED)



==========================================================================
global route report_check_types -max_slew -max_cap -max_fanout -violators
--------------------------------------------------------------------------

==========================================================================
global route max_slew_check_slack
--------------------------------------------------------------------------
142.26048278808594

==========================================================================
global route max_slew_check_limit
--------------------------------------------------------------------------
320.0

==========================================================================
global route max_slew_check_slack_limit
--------------------------------------------------------------------------
0.4446

==========================================================================
global route max_fanout_check_slack
--------------------------------------------------------------------------
1.0000000150474662e+30

==========================================================================
global route max_fanout_check_limit
--------------------------------------------------------------------------
1.0000000150474662e+30

==========================================================================
global route max_capacitance_check_slack
--------------------------------------------------------------------------
14.173834800720215

==========================================================================
global route max_capacitance_check_limit
--------------------------------------------------------------------------
23.040000915527344

==========================================================================
global route max_capacitance_check_slack_limit
--------------------------------------------------------------------------
0.6152

==========================================================================
global route max_slew_violation_count
--------------------------------------------------------------------------
max slew violation count 0

==========================================================================
global route max_fanout_violation_count
--------------------------------------------------------------------------
max fanout violation count 0

==========================================================================
global route max_cap_violation_count
--------------------------------------------------------------------------
max cap violation count 0

==========================================================================
global route setup_violation_count
--------------------------------------------------------------------------
setup violation count 29

==========================================================================
global route hold_violation_count
--------------------------------------------------------------------------
hold violation count 0

==========================================================================
global route critical path delay
--------------------------------------------------------------------------
416.9009

==========================================================================
global route critical path slack
--------------------------------------------------------------------------
-16.9009

==========================================================================
global route slack div critical path delay
--------------------------------------------------------------------------
-4.053937

==========================================================================
global route report_power
--------------------------------------------------------------------------
Group                  Internal  Switching    Leakage      Total
                          Power      Power      Power      Power (Watts)
----------------------------------------------------------------
Sequential             0.00e+00   0.00e+00   0.00e+00   0.00e+00   0.0%
Combinational          2.27e-04   1.60e-04   6.24e-08   3.86e-04 100.0%
Clock                  0.00e+00   0.00e+00   0.00e+00   0.00e+00   0.0%
Macro                  0.00e+00   0.00e+00   0.00e+00   0.00e+00   0.0%
Pad                    0.00e+00   0.00e+00   0.00e+00   0.00e+00   0.0%
----------------------------------------------------------------
Total                  2.27e-04   1.60e-04   6.24e-08   3.86e-04 100.0%
                          58.6%      41.3%       0.0%
