
==========================================================================
finish report_tns
--------------------------------------------------------------------------
tns max -27.26

==========================================================================
finish report_wns
--------------------------------------------------------------------------
wns max -4.06

==========================================================================
finish report_worst_slack
--------------------------------------------------------------------------
worst slack max -4.06

==========================================================================
finish report_clock_min_period
--------------------------------------------------------------------------
virtual_clock period_min = 504.06 fmax = 1983.89

==========================================================================
finish report_clock_skew
--------------------------------------------------------------------------
Clock virtual_clock
No launch/capture paths found.


==========================================================================
finish report_checks -path_delay min
--------------------------------------------------------------------------
Startpoint: B[0] (input port clocked by virtual_clock)
Endpoint: result[0] (output port clocked by virtual_clock)
Path Group: virtual_clock
Path Type: min

Fanout     Cap    Slew   Delay    Time   Description
-----------------------------------------------------------------------------
                  0.00    0.00    0.00   clock virtual_clock (rise edge)
                          0.00    0.00   clock network delay (ideal)
                        100.00  100.00 ^ input external delay
     1    0.68    0.00    0.00  100.00 ^ B[0] (in)
                                         B[0] (net)
                  0.12    0.04  100.04 ^ input65/A (BUFx2_ASAP7_75t_R)
     1    0.78    5.60   10.25  110.29 ^ input65/Y (BUFx2_ASAP7_75t_R)
                                         net65 (net)
                  5.60    0.06  110.35 ^ _1176_/B (HAxp5_ASAP7_75t_R)
     1    0.49    9.58    7.79  118.14 v _1176_/SN (HAxp5_ASAP7_75t_R)
                                         net130 (net)
                  9.58    0.04  118.17 v output130/A (BUFx2_ASAP7_75t_R)
     1    0.34    4.37   13.21  131.38 v output130/Y (BUFx2_ASAP7_75t_R)
                                         result[0] (net)
                  4.37    0.03  131.41 v result[0] (out)
                                131.41   data arrival time

                  0.00    0.00    0.00   clock virtual_clock (rise edge)
                          0.00    0.00   clock network delay (ideal)
                          0.00    0.00   clock reconvergence pessimism
                       -100.00 -100.00   output external delay
                               -100.00   data required time
-----------------------------------------------------------------------------
                               -100.00   data required time
                               -131.41   data arrival time
-----------------------------------------------------------------------------
                                231.41   slack (MET)



==========================================================================
finish report_checks -path_delay max
--------------------------------------------------------------------------
Startpoint: B[19] (input port clocked by virtual_clock)
Endpoint: result[36] (output port clocked by virtual_clock)
Path Group: virtual_clock
Path Type: max

Fanout     Cap    Slew   Delay    Time   Description
-----------------------------------------------------------------------------
                  0.00    0.00    0.00   clock virtual_clock (rise edge)
                          0.00    0.00   clock network delay (ideal)
                        100.00  100.00 ^ input external delay
     1    1.21    0.00    0.00  100.00 ^ B[19] (in)
                                         B[19] (net)
                  0.26    0.08  100.08 ^ input75/A (BUFx4f_ASAP7_75t_R)
     1    1.46    5.39    9.69  109.77 ^ input75/Y (BUFx4f_ASAP7_75t_R)
                                         net75 (net)
                  5.41    0.14  109.90 ^ _0755_/A (INVx2_ASAP7_75t_R)
     1    1.02    4.04    4.04  113.94 v _0755_/Y (INVx2_ASAP7_75t_R)
                                         _0133_ (net)
                  4.04    0.04  113.98 v _1157_/B (HAxp5_ASAP7_75t_R)
     2    1.53   25.27   13.54  127.52 ^ _1157_/CON (HAxp5_ASAP7_75t_R)
                                         _0134_ (net)
     1    0.72   17.80   11.91  139.44 v _1157_/SN (HAxp5_ASAP7_75t_R)
                                         _0135_ (net)
                 17.80    0.05  139.49 v rebuffer398/A (BUFx3_ASAP7_75t_R)
     7    5.71   13.82   19.91  159.40 v rebuffer398/Y (BUFx3_ASAP7_75t_R)
                                         net398 (net)
                 14.21    1.27  160.67 v _0843_/D (OR4x1_ASAP7_75t_R)
     2    1.49   16.45   35.61  196.27 v _0843_/Y (OR4x1_ASAP7_75t_R)
                                         _0367_ (net)
                 16.46    0.17  196.44 v place347/A (BUFx3_ASAP7_75t_R)
     1    1.00    5.34   15.27  211.71 v place347/Y (BUFx3_ASAP7_75t_R)
                                         net347 (net)
                  5.35    0.08  211.79 v _0849_/A1 (OA221x2_ASAP7_75t_R)
     2    1.44    9.93   26.44  238.22 v _0849_/Y (OA221x2_ASAP7_75t_R)
                                         _0373_ (net)
                  9.94    0.13  238.35 v _0874_/A2 (OA211x2_ASAP7_75t_R)
     1    1.11   10.21   22.88  261.23 v _0874_/Y (OA211x2_ASAP7_75t_R)
                                         _0394_ (net)
                 10.21    0.10  261.33 v _0875_/B2 (OA221x2_ASAP7_75t_R)
     4    4.87   20.42   29.66  290.99 v _0875_/Y (OA221x2_ASAP7_75t_R)
                                         _0395_ (net)
                 20.45    0.41  291.40 v rebuffer419/A (BUFx6f_ASAP7_75t_R)
     2    1.92    5.42   15.95  307.35 v rebuffer419/Y (BUFx6f_ASAP7_75t_R)
                                         net419 (net)
                  5.47    0.24  307.59 v _0882_/A1 (OA21x2_ASAP7_75t_R)
     3    2.27   10.37   18.41  326.01 v _0882_/Y (OA21x2_ASAP7_75t_R)
                                         _0400_ (net)
                 10.40    0.30  326.31 v _0917_/A (OR3x1_ASAP7_75t_R)
     1    0.66    9.28   22.19  348.50 v _0917_/Y (OR3x1_ASAP7_75t_R)
                                         _0426_ (net)
                  9.29    0.06  348.55 v _0922_/B (AND4x1_ASAP7_75t_R)
     1    1.06    9.60   14.95  363.50 v _0922_/Y (AND4x1_ASAP7_75t_R)
                                         _0431_ (net)
                  9.61    0.08  363.58 v _0923_/B (XOR2x2_ASAP7_75t_R)
     1    0.62    7.55   27.20  390.78 ^ _0923_/Y (XOR2x2_ASAP7_75t_R)
                                         net159 (net)
                  7.55    0.05  390.83 ^ output159/A (BUFx2_ASAP7_75t_R)
     1    1.08    6.56   12.98  403.81 ^ output159/Y (BUFx2_ASAP7_75t_R)
                                         result[36] (net)
                  6.60    0.25  404.06 ^ result[36] (out)
                                404.06   data arrival time

                  0.00  500.00  500.00   clock virtual_clock (rise edge)
                          0.00  500.00   clock network delay (ideal)
                          0.00  500.00   clock reconvergence pessimism
                       -100.00  400.00   output external delay
                                400.00   data required time
-----------------------------------------------------------------------------
                                400.00   data required time
                               -404.06   data arrival time
-----------------------------------------------------------------------------
                                 -4.06   slack (VIOLATED)



==========================================================================
finish report_checks -unconstrained
--------------------------------------------------------------------------
Startpoint: B[19] (input port clocked by virtual_clock)
Endpoint: result[36] (output port clocked by virtual_clock)
Path Group: virtual_clock
Path Type: max

Fanout     Cap    Slew   Delay    Time   Description
-----------------------------------------------------------------------------
                  0.00    0.00    0.00   clock virtual_clock (rise edge)
                          0.00    0.00   clock network delay (ideal)
                        100.00  100.00 ^ input external delay
     1    1.21    0.00    0.00  100.00 ^ B[19] (in)
                                         B[19] (net)
                  0.26    0.08  100.08 ^ input75/A (BUFx4f_ASAP7_75t_R)
     1    1.46    5.39    9.69  109.77 ^ input75/Y (BUFx4f_ASAP7_75t_R)
                                         net75 (net)
                  5.41    0.14  109.90 ^ _0755_/A (INVx2_ASAP7_75t_R)
     1    1.02    4.04    4.04  113.94 v _0755_/Y (INVx2_ASAP7_75t_R)
                                         _0133_ (net)
                  4.04    0.04  113.98 v _1157_/B (HAxp5_ASAP7_75t_R)
     2    1.53   25.27   13.54  127.52 ^ _1157_/CON (HAxp5_ASAP7_75t_R)
                                         _0134_ (net)
     1    0.72   17.80   11.91  139.44 v _1157_/SN (HAxp5_ASAP7_75t_R)
                                         _0135_ (net)
                 17.80    0.05  139.49 v rebuffer398/A (BUFx3_ASAP7_75t_R)
     7    5.71   13.82   19.91  159.40 v rebuffer398/Y (BUFx3_ASAP7_75t_R)
                                         net398 (net)
                 14.21    1.27  160.67 v _0843_/D (OR4x1_ASAP7_75t_R)
     2    1.49   16.45   35.61  196.27 v _0843_/Y (OR4x1_ASAP7_75t_R)
                                         _0367_ (net)
                 16.46    0.17  196.44 v place347/A (BUFx3_ASAP7_75t_R)
     1    1.00    5.34   15.27  211.71 v place347/Y (BUFx3_ASAP7_75t_R)
                                         net347 (net)
                  5.35    0.08  211.79 v _0849_/A1 (OA221x2_ASAP7_75t_R)
     2    1.44    9.93   26.44  238.22 v _0849_/Y (OA221x2_ASAP7_75t_R)
                                         _0373_ (net)
                  9.94    0.13  238.35 v _0874_/A2 (OA211x2_ASAP7_75t_R)
     1    1.11   10.21   22.88  261.23 v _0874_/Y (OA211x2_ASAP7_75t_R)
                                         _0394_ (net)
                 10.21    0.10  261.33 v _0875_/B2 (OA221x2_ASAP7_75t_R)
     4    4.87   20.42   29.66  290.99 v _0875_/Y (OA221x2_ASAP7_75t_R)
                                         _0395_ (net)
                 20.45    0.41  291.40 v rebuffer419/A (BUFx6f_ASAP7_75t_R)
     2    1.92    5.42   15.95  307.35 v rebuffer419/Y (BUFx6f_ASAP7_75t_R)
                                         net419 (net)
                  5.47    0.24  307.59 v _0882_/A1 (OA21x2_ASAP7_75t_R)
     3    2.27   10.37   18.41  326.01 v _0882_/Y (OA21x2_ASAP7_75t_R)
                                         _0400_ (net)
                 10.40    0.30  326.31 v _0917_/A (OR3x1_ASAP7_75t_R)
     1    0.66    9.28   22.19  348.50 v _0917_/Y (OR3x1_ASAP7_75t_R)
                                         _0426_ (net)
                  9.29    0.06  348.55 v _0922_/B (AND4x1_ASAP7_75t_R)
     1    1.06    9.60   14.95  363.50 v _0922_/Y (AND4x1_ASAP7_75t_R)
                                         _0431_ (net)
                  9.61    0.08  363.58 v _0923_/B (XOR2x2_ASAP7_75t_R)
     1    0.62    7.55   27.20  390.78 ^ _0923_/Y (XOR2x2_ASAP7_75t_R)
                                         net159 (net)
                  7.55    0.05  390.83 ^ output159/A (BUFx2_ASAP7_75t_R)
     1    1.08    6.56   12.98  403.81 ^ output159/Y (BUFx2_ASAP7_75t_R)
                                         result[36] (net)
                  6.60    0.25  404.06 ^ result[36] (out)
                                404.06   data arrival time

                  0.00  500.00  500.00   clock virtual_clock (rise edge)
                          0.00  500.00   clock network delay (ideal)
                          0.00  500.00   clock reconvergence pessimism
                       -100.00  400.00   output external delay
                                400.00   data required time
-----------------------------------------------------------------------------
                                400.00   data required time
                               -404.06   data arrival time
-----------------------------------------------------------------------------
                                 -4.06   slack (VIOLATED)



==========================================================================
finish report_check_types -max_slew -max_cap -max_fanout -violators
--------------------------------------------------------------------------

==========================================================================
finish max_slew_check_slack
--------------------------------------------------------------------------
153.94454956054688

==========================================================================
finish max_slew_check_limit
--------------------------------------------------------------------------
320.0

==========================================================================
finish max_slew_check_slack_limit
--------------------------------------------------------------------------
0.4811

==========================================================================
finish max_fanout_check_slack
--------------------------------------------------------------------------
1.0000000150474662e+30

==========================================================================
finish max_fanout_check_limit
--------------------------------------------------------------------------
1.0000000150474662e+30

==========================================================================
finish max_capacitance_check_slack
--------------------------------------------------------------------------
14.765705108642578

==========================================================================
finish max_capacitance_check_limit
--------------------------------------------------------------------------
23.040000915527344

==========================================================================
finish max_capacitance_check_slack_limit
--------------------------------------------------------------------------
0.6409

==========================================================================
finish max_slew_violation_count
--------------------------------------------------------------------------
max slew violation count 0

==========================================================================
finish max_fanout_violation_count
--------------------------------------------------------------------------
max fanout violation count 0

==========================================================================
finish max_cap_violation_count
--------------------------------------------------------------------------
max cap violation count 0

==========================================================================
finish setup_violation_count
--------------------------------------------------------------------------
setup violation count 9

==========================================================================
finish hold_violation_count
--------------------------------------------------------------------------
hold violation count 0

==========================================================================
finish critical path delay
--------------------------------------------------------------------------
404.0610

==========================================================================
finish critical path slack
--------------------------------------------------------------------------
-4.0610

==========================================================================
finish slack div critical path delay
--------------------------------------------------------------------------
-1.005046

==========================================================================
finish report_power
--------------------------------------------------------------------------
Group                  Internal  Switching    Leakage      Total
                          Power      Power      Power      Power (Watts)
----------------------------------------------------------------
Sequential             0.00e+00   0.00e+00   0.00e+00   0.00e+00   0.0%
Combinational          2.26e-04   1.37e-04   6.24e-08   3.63e-04 100.0%
Clock                  0.00e+00   0.00e+00   0.00e+00   0.00e+00   0.0%
Macro                  0.00e+00   0.00e+00   0.00e+00   0.00e+00   0.0%
Pad                    0.00e+00   0.00e+00   0.00e+00   0.00e+00   0.0%
----------------------------------------------------------------
Total                  2.26e-04   1.37e-04   6.24e-08   3.63e-04 100.0%
                          62.2%      37.8%       0.0%
