
==========================================================================
detailed place report_tns
--------------------------------------------------------------------------
tns max -4220.98

==========================================================================
detailed place report_wns
--------------------------------------------------------------------------
wns max -129.30

==========================================================================
detailed place report_worst_slack
--------------------------------------------------------------------------
worst slack max -129.30

==========================================================================
detailed place report_clock_min_period
--------------------------------------------------------------------------
core_clock period_min = 296.30 fmax = 3374.99

==========================================================================
detailed place report_checks -path_delay min
--------------------------------------------------------------------------
Startpoint: dpath.a_reg.out[13]$_DFFE_PP_
            (rising edge-triggered flip-flop clocked by core_clock)
Endpoint: dpath.a_reg.out[13]$_DFFE_PP_
          (rising edge-triggered flip-flop clocked by core_clock)
Path Group: core_clock
Path Type: min

Fanout     Cap    Slew   Delay    Time   Description
-----------------------------------------------------------------------------
                  0.00    0.00    0.00   clock core_clock (rise edge)
                          0.00    0.00   clock network delay (ideal)
                  0.00    0.00    0.00 ^ dpath.a_reg.out[13]$_DFFE_PP_/CLK (DFFHQNx1_ASAP7_75t_R)
     2    1.72   19.07   36.59   36.59 ^ dpath.a_reg.out[13]$_DFFE_PP_/QN (DFFHQNx1_ASAP7_75t_R)
                                         _015_ (net)
                 19.07    0.09   36.68 ^ _456_/A1 (AOI22x1_ASAP7_75t_R)
     1    0.68    7.43    7.54   44.22 v _456_/Y (AOI22x1_ASAP7_75t_R)
                                         _075_ (net)
                  7.43    0.03   44.25 v dpath.a_reg.out[13]$_DFFE_PP_/D (DFFHQNx1_ASAP7_75t_R)
                                 44.25   data arrival time

                  0.00    0.00    0.00   clock core_clock (rise edge)
                          0.00    0.00   clock network delay (ideal)
                          0.00    0.00   clock reconvergence pessimism
                                  0.00 ^ dpath.a_reg.out[13]$_DFFE_PP_/CLK (DFFHQNx1_ASAP7_75t_R)
                          8.52    8.52   library hold time
                                  8.52   data required time
-----------------------------------------------------------------------------
                                  8.52   data required time
                                -44.25   data arrival time
-----------------------------------------------------------------------------
                                 35.73   slack (MET)



==========================================================================
detailed place report_checks -path_delay max
--------------------------------------------------------------------------
Startpoint: dpath.a_reg.out[9]$_DFFE_PP_
            (rising edge-triggered flip-flop clocked by core_clock)
Endpoint: dpath.a_reg.out[9]$_DFFE_PP_
          (rising edge-triggered flip-flop clocked by core_clock)
Path Group: core_clock
Path Type: max

Fanout     Cap    Slew   Delay    Time   Description
-----------------------------------------------------------------------------
                  0.00    0.00    0.00   clock core_clock (rise edge)
                          0.00    0.00   clock network delay (ideal)
                  0.00    0.00    0.00 ^ dpath.a_reg.out[9]$_DFFE_PP_/CLK (DFFHQNx1_ASAP7_75t_R)
     1    0.74   12.41   32.25   32.25 ^ dpath.a_reg.out[9]$_DFFE_PP_/QN (DFFHQNx1_ASAP7_75t_R)
                                         _005_ (net)
                 12.41    0.03   32.28 ^ _407_/A (INVx1_ASAP7_75t_R)
     3    2.47   15.17   11.02   43.30 v _407_/Y (INVx1_ASAP7_75t_R)
                                         dpath.a_lt_b$in0[9] (net)
                 15.17    0.07   43.36 v _539_/B (HAxp5_ASAP7_75t_R)
     5    4.14   84.32   67.69  111.05 v _539_/SN (HAxp5_ASAP7_75t_R)
                                         _044_ (net)
                 84.32    0.26  111.31 v _304_/A (OR2x2_ASAP7_75t_R)
     2    1.34   10.65   33.94  145.25 v _304_/Y (OR2x2_ASAP7_75t_R)
                                         _121_ (net)
                 10.65    0.06  145.31 v _307_/A1 (OA211x2_ASAP7_75t_R)
     1    1.03    9.99   22.72  168.03 v _307_/Y (OA211x2_ASAP7_75t_R)
                                         _124_ (net)
                  9.99    0.04  168.07 v _308_/C (AOI221x1_ASAP7_75t_R)
     2    1.71   22.20   14.25  182.32 ^ _308_/Y (AOI221x1_ASAP7_75t_R)
                                         _125_ (net)
                 22.20    0.07  182.38 ^ _313_/C (AO211x2_ASAP7_75t_R)
     4    3.86   16.81   24.73  207.11 ^ _313_/Y (AO211x2_ASAP7_75t_R)
                                         _130_ (net)
                 16.81    0.14  207.26 ^ _427_/A (AND3x4_ASAP7_75t_R)
    14   12.07   28.89   34.29  241.54 ^ _427_/Y (AND3x4_ASAP7_75t_R)
                                         _210_ (net)
                 28.91    0.46  242.01 ^ _503_/B2 (AO221x2_ASAP7_75t_R)
     1    0.67    8.69   23.32  265.33 ^ _503_/Y (AO221x2_ASAP7_75t_R)
                                         _271_ (net)
                  8.69    0.02  265.35 ^ _504_/B2 (OA22x2_ASAP7_75t_R)
     1    0.75    6.67   15.84  281.19 ^ _504_/Y (OA22x2_ASAP7_75t_R)
                                         _086_ (net)
                  6.67    0.03  281.23 ^ dpath.a_reg.out[9]$_DFFE_PP_/D (DFFHQNx1_ASAP7_75t_R)
                                281.23   data arrival time

                  0.00  167.00  167.00   clock core_clock (rise edge)
                          0.00  167.00   clock network delay (ideal)
                          0.00  167.00   clock reconvergence pessimism
                                167.00 ^ dpath.a_reg.out[9]$_DFFE_PP_/CLK (DFFHQNx1_ASAP7_75t_R)
                        -15.07  151.93   library setup time
                                151.93   data required time
-----------------------------------------------------------------------------
                                151.93   data required time
                               -281.23   data arrival time
-----------------------------------------------------------------------------
                               -129.30   slack (VIOLATED)



==========================================================================
detailed place report_checks -unconstrained
--------------------------------------------------------------------------
Startpoint: dpath.a_reg.out[9]$_DFFE_PP_
            (rising edge-triggered flip-flop clocked by core_clock)
Endpoint: dpath.a_reg.out[9]$_DFFE_PP_
          (rising edge-triggered flip-flop clocked by core_clock)
Path Group: core_clock
Path Type: max

Fanout     Cap    Slew   Delay    Time   Description
-----------------------------------------------------------------------------
                  0.00    0.00    0.00   clock core_clock (rise edge)
                          0.00    0.00   clock network delay (ideal)
                  0.00    0.00    0.00 ^ dpath.a_reg.out[9]$_DFFE_PP_/CLK (DFFHQNx1_ASAP7_75t_R)
     1    0.74   12.41   32.25   32.25 ^ dpath.a_reg.out[9]$_DFFE_PP_/QN (DFFHQNx1_ASAP7_75t_R)
                                         _005_ (net)
                 12.41    0.03   32.28 ^ _407_/A (INVx1_ASAP7_75t_R)
     3    2.47   15.17   11.02   43.30 v _407_/Y (INVx1_ASAP7_75t_R)
                                         dpath.a_lt_b$in0[9] (net)
                 15.17    0.07   43.36 v _539_/B (HAxp5_ASAP7_75t_R)
     5    4.14   84.32   67.69  111.05 v _539_/SN (HAxp5_ASAP7_75t_R)
                                         _044_ (net)
                 84.32    0.26  111.31 v _304_/A (OR2x2_ASAP7_75t_R)
     2    1.34   10.65   33.94  145.25 v _304_/Y (OR2x2_ASAP7_75t_R)
                                         _121_ (net)
                 10.65    0.06  145.31 v _307_/A1 (OA211x2_ASAP7_75t_R)
     1    1.03    9.99   22.72  168.03 v _307_/Y (OA211x2_ASAP7_75t_R)
                                         _124_ (net)
                  9.99    0.04  168.07 v _308_/C (AOI221x1_ASAP7_75t_R)
     2    1.71   22.20   14.25  182.32 ^ _308_/Y (AOI221x1_ASAP7_75t_R)
                                         _125_ (net)
                 22.20    0.07  182.38 ^ _313_/C (AO211x2_ASAP7_75t_R)
     4    3.86   16.81   24.73  207.11 ^ _313_/Y (AO211x2_ASAP7_75t_R)
                                         _130_ (net)
                 16.81    0.14  207.26 ^ _427_/A (AND3x4_ASAP7_75t_R)
    14   12.07   28.89   34.29  241.54 ^ _427_/Y (AND3x4_ASAP7_75t_R)
                                         _210_ (net)
                 28.91    0.46  242.01 ^ _503_/B2 (AO221x2_ASAP7_75t_R)
     1    0.67    8.69   23.32  265.33 ^ _503_/Y (AO221x2_ASAP7_75t_R)
                                         _271_ (net)
                  8.69    0.02  265.35 ^ _504_/B2 (OA22x2_ASAP7_75t_R)
     1    0.75    6.67   15.84  281.19 ^ _504_/Y (OA22x2_ASAP7_75t_R)
                                         _086_ (net)
                  6.67    0.03  281.23 ^ dpath.a_reg.out[9]$_DFFE_PP_/D (DFFHQNx1_ASAP7_75t_R)
                                281.23   data arrival time

                  0.00  167.00  167.00   clock core_clock (rise edge)
                          0.00  167.00   clock network delay (ideal)
                          0.00  167.00   clock reconvergence pessimism
                                167.00 ^ dpath.a_reg.out[9]$_DFFE_PP_/CLK (DFFHQNx1_ASAP7_75t_R)
                        -15.07  151.93   library setup time
                                151.93   data required time
-----------------------------------------------------------------------------
                                151.93   data required time
                               -281.23   data arrival time
-----------------------------------------------------------------------------
                               -129.30   slack (VIOLATED)



==========================================================================
detailed place report_check_types -max_slew -max_cap -max_fanout -violators
--------------------------------------------------------------------------

==========================================================================
detailed place max_slew_check_slack
--------------------------------------------------------------------------
235.67864990234375

==========================================================================
detailed place max_slew_check_limit
--------------------------------------------------------------------------
320.0

==========================================================================
detailed place max_slew_check_slack_limit
--------------------------------------------------------------------------
0.7365

==========================================================================
detailed place max_fanout_check_slack
--------------------------------------------------------------------------
1.0000000150474662e+30

==========================================================================
detailed place max_fanout_check_limit
--------------------------------------------------------------------------
1.0000000150474662e+30

==========================================================================
detailed place max_capacitance_check_slack
--------------------------------------------------------------------------
18.38841438293457

==========================================================================
detailed place max_capacitance_check_limit
--------------------------------------------------------------------------
23.040000915527344

==========================================================================
detailed place max_capacitance_check_slack_limit
--------------------------------------------------------------------------
0.7981

==========================================================================
detailed place max_slew_violation_count
--------------------------------------------------------------------------
max slew violation count 0

==========================================================================
detailed place max_fanout_violation_count
--------------------------------------------------------------------------
max fanout violation count 0

==========================================================================
detailed place max_cap_violation_count
--------------------------------------------------------------------------
max cap violation count 0

==========================================================================
detailed place setup_violation_count
--------------------------------------------------------------------------
setup violation count 34

==========================================================================
detailed place hold_violation_count
--------------------------------------------------------------------------
hold violation count 0

==========================================================================
detailed place report_checks -path_delay max reg to reg
--------------------------------------------------------------------------
Startpoint: dpath.a_reg.out[9]$_DFFE_PP_
            (rising edge-triggered flip-flop clocked by core_clock)
Endpoint: dpath.a_reg.out[9]$_DFFE_PP_
          (rising edge-triggered flip-flop clocked by core_clock)
Path Group: core_clock
Path Type: max

  Delay    Time   Description
---------------------------------------------------------
   0.00    0.00   clock core_clock (rise edge)
   0.00    0.00   clock network delay (ideal)
   0.00    0.00 ^ dpath.a_reg.out[9]$_DFFE_PP_/CLK (DFFHQNx1_ASAP7_75t_R)
  32.25   32.25 ^ dpath.a_reg.out[9]$_DFFE_PP_/QN (DFFHQNx1_ASAP7_75t_R)
  11.05   43.30 v _407_/Y (INVx1_ASAP7_75t_R)
  67.75  111.05 v _539_/SN (HAxp5_ASAP7_75t_R)
  34.20  145.25 v _304_/Y (OR2x2_ASAP7_75t_R)
  22.77  168.03 v _307_/Y (OA211x2_ASAP7_75t_R)
  14.29  182.32 ^ _308_/Y (AOI221x1_ASAP7_75t_R)
  24.80  207.11 ^ _313_/Y (AO211x2_ASAP7_75t_R)
  34.43  241.54 ^ _427_/Y (AND3x4_ASAP7_75t_R)
  23.79  265.33 ^ _503_/Y (AO221x2_ASAP7_75t_R)
  15.86  281.19 ^ _504_/Y (OA22x2_ASAP7_75t_R)
   0.03  281.23 ^ dpath.a_reg.out[9]$_DFFE_PP_/D (DFFHQNx1_ASAP7_75t_R)
         281.23   data arrival time

 167.00  167.00   clock core_clock (rise edge)
   0.00  167.00   clock network delay (ideal)
   0.00  167.00   clock reconvergence pessimism
         167.00 ^ dpath.a_reg.out[9]$_DFFE_PP_/CLK (DFFHQNx1_ASAP7_75t_R)
 -15.07  151.93   library setup time
         151.93   data required time
---------------------------------------------------------
         151.93   data required time
        -281.23   data arrival time
---------------------------------------------------------
        -129.30   slack (VIOLATED)



==========================================================================
detailed place report_checks -path_delay min reg to reg
--------------------------------------------------------------------------
Startpoint: dpath.a_reg.out[13]$_DFFE_PP_
            (rising edge-triggered flip-flop clocked by core_clock)
Endpoint: dpath.a_reg.out[13]$_DFFE_PP_
          (rising edge-triggered flip-flop clocked by core_clock)
Path Group: core_clock
Path Type: min

  Delay    Time   Description
---------------------------------------------------------
   0.00    0.00   clock core_clock (rise edge)
   0.00    0.00   clock network delay (ideal)
   0.00    0.00 ^ dpath.a_reg.out[13]$_DFFE_PP_/CLK (DFFHQNx1_ASAP7_75t_R)
  36.59   36.59 ^ dpath.a_reg.out[13]$_DFFE_PP_/QN (DFFHQNx1_ASAP7_75t_R)
   7.63   44.22 v _456_/Y (AOI22x1_ASAP7_75t_R)
   0.03   44.25 v dpath.a_reg.out[13]$_DFFE_PP_/D (DFFHQNx1_ASAP7_75t_R)
          44.25   data arrival time

   0.00    0.00   clock core_clock (rise edge)
   0.00    0.00   clock network delay (ideal)
   0.00    0.00   clock reconvergence pessimism
           0.00 ^ dpath.a_reg.out[13]$_DFFE_PP_/CLK (DFFHQNx1_ASAP7_75t_R)
   8.52    8.52   library hold time
           8.52   data required time
---------------------------------------------------------
           8.52   data required time
         -44.25   data arrival time
---------------------------------------------------------
          35.73   slack (MET)



==========================================================================
detailed place critical path target clock latency max path
--------------------------------------------------------------------------
0

==========================================================================
detailed place critical path target clock latency min path
--------------------------------------------------------------------------
0

==========================================================================
detailed place critical path source clock latency min path
--------------------------------------------------------------------------
0

==========================================================================
detailed place critical path delay
--------------------------------------------------------------------------
281.2294

==========================================================================
detailed place critical path slack
--------------------------------------------------------------------------
-129.2971

==========================================================================
detailed place slack div critical path delay
--------------------------------------------------------------------------
-45.975670

==========================================================================
detailed place report_power
--------------------------------------------------------------------------
Group                  Internal  Switching    Leakage      Total
                          Power      Power      Power      Power (Watts)
----------------------------------------------------------------
Sequential             3.88e-04   2.59e-05   5.26e-09   4.14e-04  26.5%
Combinational          6.94e-04   4.56e-04   2.80e-08   1.15e-03  73.5%
Clock                  0.00e+00   0.00e+00   0.00e+00   0.00e+00   0.0%
Macro                  0.00e+00   0.00e+00   0.00e+00   0.00e+00   0.0%
Pad                    0.00e+00   0.00e+00   0.00e+00   0.00e+00   0.0%
----------------------------------------------------------------
Total                  1.08e-03   4.82e-04   3.33e-08   1.56e-03 100.0%
                          69.2%      30.8%       0.0%
