
==========================================================================
detailed place report_tns
--------------------------------------------------------------------------
tns max -828.82

==========================================================================
detailed place report_wns
--------------------------------------------------------------------------
wns max -41.00

==========================================================================
detailed place report_worst_slack
--------------------------------------------------------------------------
worst slack max -41.00

==========================================================================
detailed place report_clock_min_period
--------------------------------------------------------------------------
virtual_clock period_min = 541.00 fmax = 1848.43

==========================================================================
detailed place report_checks -path_delay min
--------------------------------------------------------------------------
Startpoint: B[0] (input port clocked by virtual_clock)
Endpoint: result[0] (output port clocked by virtual_clock)
Path Group: virtual_clock
Path Type: min

Fanout     Cap    Slew   Delay    Time   Description
-----------------------------------------------------------------------------
                  0.00    0.00    0.00   clock virtual_clock (rise edge)
                          0.00    0.00   clock network delay (ideal)
                        100.00  100.00 ^ input external delay
     1    0.67    0.00    0.00  100.00 ^ B[0] (in)
                                         B[0] (net)
                  0.08    0.03  100.03 ^ input65/A (BUFx2_ASAP7_75t_R)
     1    0.90    5.94   10.44  110.47 ^ input65/Y (BUFx2_ASAP7_75t_R)
                                         net65 (net)
                  5.94    0.05  110.51 ^ _1834_/B (HAxp5_ASAP7_75t_R)
     1    0.49    9.63    7.88  118.39 v _1834_/SN (HAxp5_ASAP7_75t_R)
                                         net130 (net)
                  9.63    0.02  118.41 v output130/A (BUFx2_ASAP7_75t_R)
     1    0.22    4.10   13.03  131.44 v output130/Y (BUFx2_ASAP7_75t_R)
                                         result[0] (net)
                  4.10    0.01  131.45 v result[0] (out)
                                131.45   data arrival time

                  0.00    0.00    0.00   clock virtual_clock (rise edge)
                          0.00    0.00   clock network delay (ideal)
                          0.00    0.00   clock reconvergence pessimism
                       -100.00 -100.00   output external delay
                               -100.00   data required time
-----------------------------------------------------------------------------
                               -100.00   data required time
                               -131.45   data arrival time
-----------------------------------------------------------------------------
                                231.45   slack (MET)



==========================================================================
detailed place report_checks -path_delay max
--------------------------------------------------------------------------
Startpoint: B[27] (input port clocked by virtual_clock)
Endpoint: result[60] (output port clocked by virtual_clock)
Path Group: virtual_clock
Path Type: max

Fanout     Cap    Slew   Delay    Time   Description
-----------------------------------------------------------------------------
                  0.00    0.00    0.00   clock virtual_clock (rise edge)
                          0.00    0.00   clock network delay (ideal)
                        100.00  100.00 ^ input external delay
     1    0.87    0.00    0.00  100.00 ^ B[27] (in)
                                         B[27] (net)
                  0.13    0.04  100.04 ^ input84/A (BUFx2_ASAP7_75t_R)
     1    0.89    5.90   10.43  110.47 ^ input84/Y (BUFx2_ASAP7_75t_R)
                                         net84 (net)
                  5.90    0.05  110.52 ^ _1088_/A (INVx1_ASAP7_75t_R)
     1    1.03    6.99    5.66  116.18 v _1088_/Y (INVx1_ASAP7_75t_R)
                                         _0109_ (net)
                  6.99    0.03  116.21 v _1807_/B (HAxp5_ASAP7_75t_R)
     4    8.96  180.45  118.82  235.03 v _1807_/SN (HAxp5_ASAP7_75t_R)
                                         _0111_ (net)
                180.53    2.05  237.08 v _1308_/A (NOR2x2_ASAP7_75t_R)
     3    5.76   53.77   38.42  275.49 ^ _1308_/Y (NOR2x2_ASAP7_75t_R)
                                         _0655_ (net)
                 53.78    0.19  275.68 ^ _1309_/B (NAND2x2_ASAP7_75t_R)
     3    3.90   23.16   18.05  293.73 v _1309_/Y (NAND2x2_ASAP7_75t_R)
                                         _0656_ (net)
                 23.16    0.16  293.89 v _1310_/B (NOR2x1_ASAP7_75t_R)
     3    4.46   36.66   24.19  318.07 ^ _1310_/Y (NOR2x1_ASAP7_75t_R)
                                         _0657_ (net)
                 36.66    0.09  318.17 ^ _1315_/B (NAND2x1_ASAP7_75t_R)
     2    4.08   30.34   22.43  340.60 v _1315_/Y (NAND2x1_ASAP7_75t_R)
                                         _0662_ (net)
                 30.35    0.15  340.75 v _1316_/A (INVx1_ASAP7_75t_R)
     1    1.51   16.70   13.77  354.52 ^ _1316_/Y (INVx1_ASAP7_75t_R)
                                         _0663_ (net)
                 16.70    0.07  354.59 ^ _1317_/B (OAI21x1_ASAP7_75t_R)
     2    4.73   28.26   17.66  372.26 v _1317_/Y (OAI21x1_ASAP7_75t_R)
                                         _0664_ (net)
                 28.45    1.32  373.58 v _1723_/A2 (AOI21x1_ASAP7_75t_R)
     2    2.31   21.81   16.61  390.19 ^ _1723_/Y (AOI21x1_ASAP7_75t_R)
                                         _0307_ (net)
                 21.81    0.11  390.30 ^ _1724_/A (INVx1_ASAP7_75t_R)
     1    1.20   11.32    9.45  399.76 v _1724_/Y (INVx1_ASAP7_75t_R)
                                         _0308_ (net)
                 11.32    0.05  399.81 v _1725_/A2 (AOI21x1_ASAP7_75t_R)
     1    2.10   39.20   12.63  412.44 ^ _1725_/Y (AOI21x1_ASAP7_75t_R)
                                         _0309_ (net)
                 39.20    0.09  412.53 ^ _1728_/A (NOR2x2_ASAP7_75t_R)
     1    0.70   13.41   14.22  426.75 v _1728_/Y (NOR2x2_ASAP7_75t_R)
                                         net186 (net)
                 13.41    0.03  426.79 v output186/A (BUFx2_ASAP7_75t_R)
     1    0.21    4.22   14.20  440.99 v output186/Y (BUFx2_ASAP7_75t_R)
                                         result[60] (net)
                  4.22    0.01  441.00 v result[60] (out)
                                441.00   data arrival time

                  0.00  500.00  500.00   clock virtual_clock (rise edge)
                          0.00  500.00   clock network delay (ideal)
                          0.00  500.00   clock reconvergence pessimism
                       -100.00  400.00   output external delay
                                400.00   data required time
-----------------------------------------------------------------------------
                                400.00   data required time
                               -441.00   data arrival time
-----------------------------------------------------------------------------
                                -41.00   slack (VIOLATED)



==========================================================================
detailed place report_checks -unconstrained
--------------------------------------------------------------------------
Startpoint: B[27] (input port clocked by virtual_clock)
Endpoint: result[60] (output port clocked by virtual_clock)
Path Group: virtual_clock
Path Type: max

Fanout     Cap    Slew   Delay    Time   Description
-----------------------------------------------------------------------------
                  0.00    0.00    0.00   clock virtual_clock (rise edge)
                          0.00    0.00   clock network delay (ideal)
                        100.00  100.00 ^ input external delay
     1    0.87    0.00    0.00  100.00 ^ B[27] (in)
                                         B[27] (net)
                  0.13    0.04  100.04 ^ input84/A (BUFx2_ASAP7_75t_R)
     1    0.89    5.90   10.43  110.47 ^ input84/Y (BUFx2_ASAP7_75t_R)
                                         net84 (net)
                  5.90    0.05  110.52 ^ _1088_/A (INVx1_ASAP7_75t_R)
     1    1.03    6.99    5.66  116.18 v _1088_/Y (INVx1_ASAP7_75t_R)
                                         _0109_ (net)
                  6.99    0.03  116.21 v _1807_/B (HAxp5_ASAP7_75t_R)
     4    8.96  180.45  118.82  235.03 v _1807_/SN (HAxp5_ASAP7_75t_R)
                                         _0111_ (net)
                180.53    2.05  237.08 v _1308_/A (NOR2x2_ASAP7_75t_R)
     3    5.76   53.77   38.42  275.49 ^ _1308_/Y (NOR2x2_ASAP7_75t_R)
                                         _0655_ (net)
                 53.78    0.19  275.68 ^ _1309_/B (NAND2x2_ASAP7_75t_R)
     3    3.90   23.16   18.05  293.73 v _1309_/Y (NAND2x2_ASAP7_75t_R)
                                         _0656_ (net)
                 23.16    0.16  293.89 v _1310_/B (NOR2x1_ASAP7_75t_R)
     3    4.46   36.66   24.19  318.07 ^ _1310_/Y (NOR2x1_ASAP7_75t_R)
                                         _0657_ (net)
                 36.66    0.09  318.17 ^ _1315_/B (NAND2x1_ASAP7_75t_R)
     2    4.08   30.34   22.43  340.60 v _1315_/Y (NAND2x1_ASAP7_75t_R)
                                         _0662_ (net)
                 30.35    0.15  340.75 v _1316_/A (INVx1_ASAP7_75t_R)
     1    1.51   16.70   13.77  354.52 ^ _1316_/Y (INVx1_ASAP7_75t_R)
                                         _0663_ (net)
                 16.70    0.07  354.59 ^ _1317_/B (OAI21x1_ASAP7_75t_R)
     2    4.73   28.26   17.66  372.26 v _1317_/Y (OAI21x1_ASAP7_75t_R)
                                         _0664_ (net)
                 28.45    1.32  373.58 v _1723_/A2 (AOI21x1_ASAP7_75t_R)
     2    2.31   21.81   16.61  390.19 ^ _1723_/Y (AOI21x1_ASAP7_75t_R)
                                         _0307_ (net)
                 21.81    0.11  390.30 ^ _1724_/A (INVx1_ASAP7_75t_R)
     1    1.20   11.32    9.45  399.76 v _1724_/Y (INVx1_ASAP7_75t_R)
                                         _0308_ (net)
                 11.32    0.05  399.81 v _1725_/A2 (AOI21x1_ASAP7_75t_R)
     1    2.10   39.20   12.63  412.44 ^ _1725_/Y (AOI21x1_ASAP7_75t_R)
                                         _0309_ (net)
                 39.20    0.09  412.53 ^ _1728_/A (NOR2x2_ASAP7_75t_R)
     1    0.70   13.41   14.22  426.75 v _1728_/Y (NOR2x2_ASAP7_75t_R)
                                         net186 (net)
                 13.41    0.03  426.79 v output186/A (BUFx2_ASAP7_75t_R)
     1    0.21    4.22   14.20  440.99 v output186/Y (BUFx2_ASAP7_75t_R)
                                         result[60] (net)
                  4.22    0.01  441.00 v result[60] (out)
                                441.00   data arrival time

                  0.00  500.00  500.00   clock virtual_clock (rise edge)
                          0.00  500.00   clock network delay (ideal)
                          0.00  500.00   clock reconvergence pessimism
                       -100.00  400.00   output external delay
                                400.00   data required time
-----------------------------------------------------------------------------
                                400.00   data required time
                               -441.00   data arrival time
-----------------------------------------------------------------------------
                                -41.00   slack (VIOLATED)



==========================================================================
detailed place report_check_types -max_slew -max_cap -max_fanout -violators
--------------------------------------------------------------------------

==========================================================================
detailed place max_slew_check_slack
--------------------------------------------------------------------------
123.48434448242188

==========================================================================
detailed place max_slew_check_limit
--------------------------------------------------------------------------
320.0

==========================================================================
detailed place max_slew_check_slack_limit
--------------------------------------------------------------------------
0.3859

==========================================================================
detailed place max_fanout_check_slack
--------------------------------------------------------------------------
1.0000000150474662e+30

==========================================================================
detailed place max_fanout_check_limit
--------------------------------------------------------------------------
1.0000000150474662e+30

==========================================================================
detailed place max_capacitance_check_slack
--------------------------------------------------------------------------
13.213632583618164

==========================================================================
detailed place max_capacitance_check_limit
--------------------------------------------------------------------------
23.040000915527344

==========================================================================
detailed place max_capacitance_check_slack_limit
--------------------------------------------------------------------------
0.5735

==========================================================================
detailed place max_slew_violation_count
--------------------------------------------------------------------------
max slew violation count 0

==========================================================================
detailed place max_fanout_violation_count
--------------------------------------------------------------------------
max fanout violation count 0

==========================================================================
detailed place max_cap_violation_count
--------------------------------------------------------------------------
max cap violation count 0

==========================================================================
detailed place setup_violation_count
--------------------------------------------------------------------------
setup violation count 46

==========================================================================
detailed place hold_violation_count
--------------------------------------------------------------------------
hold violation count 0

==========================================================================
detailed place critical path delay
--------------------------------------------------------------------------
440.9986

==========================================================================
detailed place critical path slack
--------------------------------------------------------------------------
-40.9986

==========================================================================
detailed place slack div critical path delay
--------------------------------------------------------------------------
-9.296764

==========================================================================
detailed place report_power
--------------------------------------------------------------------------
Group                  Internal  Switching    Leakage      Total
                          Power      Power      Power      Power (Watts)
----------------------------------------------------------------
Sequential             0.00e+00   0.00e+00   0.00e+00   0.00e+00   0.0%
Combinational          1.63e-04   2.65e-04   7.54e-08   4.28e-04 100.0%
Clock                  0.00e+00   0.00e+00   0.00e+00   0.00e+00   0.0%
Macro                  0.00e+00   0.00e+00   0.00e+00   0.00e+00   0.0%
Pad                    0.00e+00   0.00e+00   0.00e+00   0.00e+00   0.0%
----------------------------------------------------------------
Total                  1.63e-04   2.65e-04   7.54e-08   4.28e-04 100.0%
                          38.1%      61.9%       0.0%
