
==========================================================================
resizer report_tns
--------------------------------------------------------------------------
tns max -820.30

==========================================================================
resizer report_wns
--------------------------------------------------------------------------
wns max -40.84

==========================================================================
resizer report_worst_slack
--------------------------------------------------------------------------
worst slack max -40.84

==========================================================================
resizer report_clock_min_period
--------------------------------------------------------------------------
virtual_clock period_min = 540.84 fmax = 1848.98

==========================================================================
resizer report_checks -path_delay min
--------------------------------------------------------------------------
Startpoint: B[0] (input port clocked by virtual_clock)
Endpoint: result[0] (output port clocked by virtual_clock)
Path Group: virtual_clock
Path Type: min

Fanout     Cap    Slew   Delay    Time   Description
-----------------------------------------------------------------------------
                  0.00    0.00    0.00   clock virtual_clock (rise edge)
                          0.00    0.00   clock network delay (ideal)
                        100.00  100.00 ^ input external delay
     1    0.71    0.00    0.00  100.00 ^ B[0] (in)
                                         B[0] (net)
                  0.10    0.03  100.03 ^ input65/A (BUFx2_ASAP7_75t_R)
     1    0.77    5.56   10.23  110.26 ^ input65/Y (BUFx2_ASAP7_75t_R)
                                         net65 (net)
                  5.56    0.02  110.29 ^ _1834_/B (HAxp5_ASAP7_75t_R)
     1    0.52    9.89    7.94  118.23 v _1834_/SN (HAxp5_ASAP7_75t_R)
                                         net130 (net)
                  9.89    0.02  118.25 v output130/A (BUFx2_ASAP7_75t_R)
     1    0.28    4.24   13.22  131.46 v output130/Y (BUFx2_ASAP7_75t_R)
                                         result[0] (net)
                  4.24    0.01  131.47 v result[0] (out)
                                131.47   data arrival time

                  0.00    0.00    0.00   clock virtual_clock (rise edge)
                          0.00    0.00   clock network delay (ideal)
                          0.00    0.00   clock reconvergence pessimism
                       -100.00 -100.00   output external delay
                               -100.00   data required time
-----------------------------------------------------------------------------
                               -100.00   data required time
                               -131.47   data arrival time
-----------------------------------------------------------------------------
                                231.47   slack (MET)



==========================================================================
resizer report_checks -path_delay max
--------------------------------------------------------------------------
Startpoint: B[27] (input port clocked by virtual_clock)
Endpoint: result[60] (output port clocked by virtual_clock)
Path Group: virtual_clock
Path Type: max

Fanout     Cap    Slew   Delay    Time   Description
-----------------------------------------------------------------------------
                  0.00    0.00    0.00   clock virtual_clock (rise edge)
                          0.00    0.00   clock network delay (ideal)
                        100.00  100.00 ^ input external delay
     1    0.83    0.00    0.00  100.00 ^ B[27] (in)
                                         B[27] (net)
                  0.11    0.04  100.04 ^ input84/A (BUFx2_ASAP7_75t_R)
     1    0.76    5.55   10.23  110.27 ^ input84/Y (BUFx2_ASAP7_75t_R)
                                         net84 (net)
                  5.55    0.03  110.30 ^ _1088_/A (INVx1_ASAP7_75t_R)
     1    1.09    7.21    5.70  115.99 v _1088_/Y (INVx1_ASAP7_75t_R)
                                         _0109_ (net)
                  7.21    0.05  116.04 v _1807_/B (HAxp5_ASAP7_75t_R)
     4    9.01  181.53  119.22  235.26 v _1807_/SN (HAxp5_ASAP7_75t_R)
                                         _0111_ (net)
                181.61    2.13  237.40 v _1308_/A (NOR2x2_ASAP7_75t_R)
     3    5.72   53.63   38.36  275.76 ^ _1308_/Y (NOR2x2_ASAP7_75t_R)
                                         _0655_ (net)
                 53.63    0.17  275.94 ^ _1309_/B (NAND2x2_ASAP7_75t_R)
     3    3.85   22.96   17.92  293.86 v _1309_/Y (NAND2x2_ASAP7_75t_R)
                                         _0656_ (net)
                 22.96    0.13  293.99 v _1310_/B (NOR2x1_ASAP7_75t_R)
     3    4.48   36.74   24.18  318.17 ^ _1310_/Y (NOR2x1_ASAP7_75t_R)
                                         _0657_ (net)
                 36.74    0.12  318.29 ^ _1315_/B (NAND2x1_ASAP7_75t_R)
     2    4.22   31.03   22.84  341.13 v _1315_/Y (NAND2x1_ASAP7_75t_R)
                                         _0662_ (net)
                 31.04    0.16  341.29 v _1316_/A (INVx1_ASAP7_75t_R)
     1    1.44   16.40   13.63  354.91 ^ _1316_/Y (INVx1_ASAP7_75t_R)
                                         _0663_ (net)
                 16.40    0.05  354.97 ^ _1317_/B (OAI21x1_ASAP7_75t_R)
     2    4.84   28.71   17.77  372.73 v _1317_/Y (OAI21x1_ASAP7_75t_R)
                                         _0664_ (net)
                 28.92    1.42  374.15 v _1723_/A2 (AOI21x1_ASAP7_75t_R)
     2    2.25   21.42   16.51  390.66 ^ _1723_/Y (AOI21x1_ASAP7_75t_R)
                                         _0307_ (net)
                 21.42    0.10  390.76 ^ _1724_/A (INVx1_ASAP7_75t_R)
     1    1.12   10.83    9.11  399.88 v _1724_/Y (INVx1_ASAP7_75t_R)
                                         _0308_ (net)
                 10.83    0.04  399.91 v _1725_/A2 (AOI21x1_ASAP7_75t_R)
     1    2.06   39.15   12.42  412.33 ^ _1725_/Y (AOI21x1_ASAP7_75t_R)
                                         _0309_ (net)
                 39.15    0.08  412.41 ^ _1728_/A (NOR2x2_ASAP7_75t_R)
     1    0.68   13.32   14.15  426.56 v _1728_/Y (NOR2x2_ASAP7_75t_R)
                                         net186 (net)
                 13.32    0.03  426.59 v output186/A (BUFx2_ASAP7_75t_R)
     1    0.25    4.31   14.24  440.83 v output186/Y (BUFx2_ASAP7_75t_R)
                                         result[60] (net)
                  4.31    0.01  440.84 v result[60] (out)
                                440.84   data arrival time

                  0.00  500.00  500.00   clock virtual_clock (rise edge)
                          0.00  500.00   clock network delay (ideal)
                          0.00  500.00   clock reconvergence pessimism
                       -100.00  400.00   output external delay
                                400.00   data required time
-----------------------------------------------------------------------------
                                400.00   data required time
                               -440.84   data arrival time
-----------------------------------------------------------------------------
                                -40.84   slack (VIOLATED)



==========================================================================
resizer report_checks -unconstrained
--------------------------------------------------------------------------
Startpoint: B[27] (input port clocked by virtual_clock)
Endpoint: result[60] (output port clocked by virtual_clock)
Path Group: virtual_clock
Path Type: max

Fanout     Cap    Slew   Delay    Time   Description
-----------------------------------------------------------------------------
                  0.00    0.00    0.00   clock virtual_clock (rise edge)
                          0.00    0.00   clock network delay (ideal)
                        100.00  100.00 ^ input external delay
     1    0.83    0.00    0.00  100.00 ^ B[27] (in)
                                         B[27] (net)
                  0.11    0.04  100.04 ^ input84/A (BUFx2_ASAP7_75t_R)
     1    0.76    5.55   10.23  110.27 ^ input84/Y (BUFx2_ASAP7_75t_R)
                                         net84 (net)
                  5.55    0.03  110.30 ^ _1088_/A (INVx1_ASAP7_75t_R)
     1    1.09    7.21    5.70  115.99 v _1088_/Y (INVx1_ASAP7_75t_R)
                                         _0109_ (net)
                  7.21    0.05  116.04 v _1807_/B (HAxp5_ASAP7_75t_R)
     4    9.01  181.53  119.22  235.26 v _1807_/SN (HAxp5_ASAP7_75t_R)
                                         _0111_ (net)
                181.61    2.13  237.40 v _1308_/A (NOR2x2_ASAP7_75t_R)
     3    5.72   53.63   38.36  275.76 ^ _1308_/Y (NOR2x2_ASAP7_75t_R)
                                         _0655_ (net)
                 53.63    0.17  275.94 ^ _1309_/B (NAND2x2_ASAP7_75t_R)
     3    3.85   22.96   17.92  293.86 v _1309_/Y (NAND2x2_ASAP7_75t_R)
                                         _0656_ (net)
                 22.96    0.13  293.99 v _1310_/B (NOR2x1_ASAP7_75t_R)
     3    4.48   36.74   24.18  318.17 ^ _1310_/Y (NOR2x1_ASAP7_75t_R)
                                         _0657_ (net)
                 36.74    0.12  318.29 ^ _1315_/B (NAND2x1_ASAP7_75t_R)
     2    4.22   31.03   22.84  341.13 v _1315_/Y (NAND2x1_ASAP7_75t_R)
                                         _0662_ (net)
                 31.04    0.16  341.29 v _1316_/A (INVx1_ASAP7_75t_R)
     1    1.44   16.40   13.63  354.91 ^ _1316_/Y (INVx1_ASAP7_75t_R)
                                         _0663_ (net)
                 16.40    0.05  354.97 ^ _1317_/B (OAI21x1_ASAP7_75t_R)
     2    4.84   28.71   17.77  372.73 v _1317_/Y (OAI21x1_ASAP7_75t_R)
                                         _0664_ (net)
                 28.92    1.42  374.15 v _1723_/A2 (AOI21x1_ASAP7_75t_R)
     2    2.25   21.42   16.51  390.66 ^ _1723_/Y (AOI21x1_ASAP7_75t_R)
                                         _0307_ (net)
                 21.42    0.10  390.76 ^ _1724_/A (INVx1_ASAP7_75t_R)
     1    1.12   10.83    9.11  399.88 v _1724_/Y (INVx1_ASAP7_75t_R)
                                         _0308_ (net)
                 10.83    0.04  399.91 v _1725_/A2 (AOI21x1_ASAP7_75t_R)
     1    2.06   39.15   12.42  412.33 ^ _1725_/Y (AOI21x1_ASAP7_75t_R)
                                         _0309_ (net)
                 39.15    0.08  412.41 ^ _1728_/A (NOR2x2_ASAP7_75t_R)
     1    0.68   13.32   14.15  426.56 v _1728_/Y (NOR2x2_ASAP7_75t_R)
                                         net186 (net)
                 13.32    0.03  426.59 v output186/A (BUFx2_ASAP7_75t_R)
     1    0.25    4.31   14.24  440.83 v output186/Y (BUFx2_ASAP7_75t_R)
                                         result[60] (net)
                  4.31    0.01  440.84 v result[60] (out)
                                440.84   data arrival time

                  0.00  500.00  500.00   clock virtual_clock (rise edge)
                          0.00  500.00   clock network delay (ideal)
                          0.00  500.00   clock reconvergence pessimism
                       -100.00  400.00   output external delay
                                400.00   data required time
-----------------------------------------------------------------------------
                                400.00   data required time
                               -440.84   data arrival time
-----------------------------------------------------------------------------
                                -40.84   slack (VIOLATED)



==========================================================================
resizer report_check_types -max_slew -max_cap -max_fanout -violators
--------------------------------------------------------------------------

==========================================================================
resizer max_slew_check_slack
--------------------------------------------------------------------------
124.62389373779297

==========================================================================
resizer max_slew_check_limit
--------------------------------------------------------------------------
320.0

==========================================================================
resizer max_slew_check_slack_limit
--------------------------------------------------------------------------
0.3894

==========================================================================
resizer max_fanout_check_slack
--------------------------------------------------------------------------
1.0000000150474662e+30

==========================================================================
resizer max_fanout_check_limit
--------------------------------------------------------------------------
1.0000000150474662e+30

==========================================================================
resizer max_capacitance_check_slack
--------------------------------------------------------------------------
13.277275085449219

==========================================================================
resizer max_capacitance_check_limit
--------------------------------------------------------------------------
23.040000915527344

==========================================================================
resizer max_capacitance_check_slack_limit
--------------------------------------------------------------------------
0.5763

==========================================================================
resizer max_slew_violation_count
--------------------------------------------------------------------------
max slew violation count 0

==========================================================================
resizer max_fanout_violation_count
--------------------------------------------------------------------------
max fanout violation count 0

==========================================================================
resizer max_cap_violation_count
--------------------------------------------------------------------------
max cap violation count 0

==========================================================================
resizer setup_violation_count
--------------------------------------------------------------------------
setup violation count 46

==========================================================================
resizer hold_violation_count
--------------------------------------------------------------------------
hold violation count 0

==========================================================================
resizer critical path delay
--------------------------------------------------------------------------
440.8396

==========================================================================
resizer critical path slack
--------------------------------------------------------------------------
-40.8397

==========================================================================
resizer slack div critical path delay
--------------------------------------------------------------------------
-9.264072

==========================================================================
resizer report_power
--------------------------------------------------------------------------
Group                  Internal  Switching    Leakage      Total
                          Power      Power      Power      Power (Watts)
----------------------------------------------------------------
Sequential             0.00e+00   0.00e+00   0.00e+00   0.00e+00   0.0%
Combinational          1.63e-04   2.65e-04   7.54e-08   4.28e-04 100.0%
Clock                  0.00e+00   0.00e+00   0.00e+00   0.00e+00   0.0%
Macro                  0.00e+00   0.00e+00   0.00e+00   0.00e+00   0.0%
Pad                    0.00e+00   0.00e+00   0.00e+00   0.00e+00   0.0%
----------------------------------------------------------------
Total                  1.63e-04   2.65e-04   7.54e-08   4.28e-04 100.0%
                          38.1%      61.9%       0.0%
