
==========================================================================
cts final report_tns
--------------------------------------------------------------------------
tns max 0.00

==========================================================================
cts final report_wns
--------------------------------------------------------------------------
wns max 0.00

==========================================================================
cts final report_worst_slack
--------------------------------------------------------------------------
worst slack max 2.73

==========================================================================
cts final report_clock_min_period
--------------------------------------------------------------------------
virtual_clock period_min = 497.27 fmax = 2010.96

==========================================================================
cts final report_clock_skew
--------------------------------------------------------------------------
Clock virtual_clock
No launch/capture paths found.


==========================================================================
cts final report_checks -path_delay min
--------------------------------------------------------------------------
Startpoint: B[0] (input port clocked by virtual_clock)
Endpoint: result[0] (output port clocked by virtual_clock)
Path Group: virtual_clock
Path Type: min

Fanout     Cap    Slew   Delay    Time   Description
-----------------------------------------------------------------------------
                  0.00    0.00    0.00   clock virtual_clock (rise edge)
                          0.00    0.00   clock network delay (ideal)
                        100.00  100.00 ^ input external delay
     1    0.67    0.00    0.00  100.00 ^ B[0] (in)
                                         B[0] (net)
                  0.08    0.03  100.03 ^ input65/A (BUFx2_ASAP7_75t_R)
     1    0.86    5.82   10.38  110.40 ^ input65/Y (BUFx2_ASAP7_75t_R)
                                         net65 (net)
                  5.83    0.04  110.44 ^ _1834_/B (HAxp5_ASAP7_75t_R)
     1    0.58   10.51    8.30  118.74 v _1834_/SN (HAxp5_ASAP7_75t_R)
                                         net130 (net)
                 10.51    0.03  118.77 v output130/A (BUFx2_ASAP7_75t_R)
     1    0.24    4.18   13.35  132.12 v output130/Y (BUFx2_ASAP7_75t_R)
                                         result[0] (net)
                  4.18    0.01  132.13 v result[0] (out)
                                132.13   data arrival time

                  0.00    0.00    0.00   clock virtual_clock (rise edge)
                          0.00    0.00   clock network delay (ideal)
                          0.00    0.00   clock reconvergence pessimism
                       -100.00 -100.00   output external delay
                               -100.00   data required time
-----------------------------------------------------------------------------
                               -100.00   data required time
                               -132.13   data arrival time
-----------------------------------------------------------------------------
                                232.13   slack (MET)



==========================================================================
cts final report_checks -path_delay max
--------------------------------------------------------------------------
Startpoint: B[2] (input port clocked by virtual_clock)
Endpoint: result[43] (output port clocked by virtual_clock)
Path Group: virtual_clock
Path Type: max

Fanout     Cap    Slew   Delay    Time   Description
-----------------------------------------------------------------------------
                  0.00    0.00    0.00   clock virtual_clock (rise edge)
                          0.00    0.00   clock network delay (ideal)
                        100.00  100.00 ^ input external delay
     1    0.86    0.00    0.00  100.00 ^ B[2] (in)
                                         B[2] (net)
                  0.13    0.04  100.04 ^ input87/A (BUFx2_ASAP7_75t_R)
     1    0.73    5.47   10.19  110.23 ^ input87/Y (BUFx2_ASAP7_75t_R)
                                         net87 (net)
                  5.47    0.03  110.25 ^ _1113_/A (INVx1_ASAP7_75t_R)
     1    1.13    7.37    5.75  116.01 v _1113_/Y (INVx1_ASAP7_75t_R)
                                         _0184_ (net)
                  7.37    0.05  116.06 v _1832_/B (HAxp5_ASAP7_75t_R)
     6    6.69  133.84   95.91  211.97 v _1832_/SN (HAxp5_ASAP7_75t_R)
                                         _0186_ (net)
                133.84    0.37  212.34 v _0985_/A2 (OAI21x1_ASAP7_75t_R)
     3    3.90   46.49   35.78  248.12 ^ _0985_/Y (OAI21x1_ASAP7_75t_R)
                                         _0416_ (net)
                 46.49    0.25  248.38 ^ _0986_/B (AOI21x1_ASAP7_75t_R)
     3    3.90   35.72   21.00  269.38 v _0986_/Y (AOI21x1_ASAP7_75t_R)
                                         _0417_ (net)
                 35.72    0.19  269.57 v _0990_/A2 (OAI21x1_ASAP7_75t_R)
     4    6.09   43.99   28.52  298.08 ^ _0990_/Y (OAI21x1_ASAP7_75t_R)
                                         _0421_ (net)
                 44.00    0.20  298.29 ^ _1146_/A2 (AOI21x1_ASAP7_75t_R)
     3    3.41   24.62   17.65  315.94 v _1146_/Y (AOI21x1_ASAP7_75t_R)
                                         _0510_ (net)
                 24.63    0.27  316.21 v _1480_/A (INVx1_ASAP7_75t_R)
     1    1.56   15.74   12.79  329.01 ^ _1480_/Y (INVx1_ASAP7_75t_R)
                                         _0810_ (net)
                 15.75    0.23  329.24 ^ _1482_/A (AND2x2_ASAP7_75t_R)
     1    1.21    8.83   18.58  347.82 ^ _1482_/Y (AND2x2_ASAP7_75t_R)
                                         _0812_ (net)
                  8.84    0.06  347.88 ^ _1483_/B (NOR2x1_ASAP7_75t_R)
     1    2.43   19.12   11.99  359.87 v _1483_/Y (NOR2x1_ASAP7_75t_R)
                                         _0813_ (net)
                 19.14    0.36  360.22 v _1484_/A (XOR2x1_ASAP7_75t_R)
     1    0.93   11.86   23.06  383.28 v _1484_/Y (XOR2x1_ASAP7_75t_R)
                                         net167 (net)
                 11.86    0.07  383.35 v output167/A (BUFx2_ASAP7_75t_R)
     1    0.33    4.43   13.91  397.26 v output167/Y (BUFx2_ASAP7_75t_R)
                                         result[43] (net)
                  4.43    0.01  397.27 v result[43] (out)
                                397.27   data arrival time

                  0.00  500.00  500.00   clock virtual_clock (rise edge)
                          0.00  500.00   clock network delay (ideal)
                          0.00  500.00   clock reconvergence pessimism
                       -100.00  400.00   output external delay
                                400.00   data required time
-----------------------------------------------------------------------------
                                400.00   data required time
                               -397.27   data arrival time
-----------------------------------------------------------------------------
                                  2.73   slack (MET)



==========================================================================
cts final report_checks -unconstrained
--------------------------------------------------------------------------
Startpoint: B[2] (input port clocked by virtual_clock)
Endpoint: result[43] (output port clocked by virtual_clock)
Path Group: virtual_clock
Path Type: max

Fanout     Cap    Slew   Delay    Time   Description
-----------------------------------------------------------------------------
                  0.00    0.00    0.00   clock virtual_clock (rise edge)
                          0.00    0.00   clock network delay (ideal)
                        100.00  100.00 ^ input external delay
     1    0.86    0.00    0.00  100.00 ^ B[2] (in)
                                         B[2] (net)
                  0.13    0.04  100.04 ^ input87/A (BUFx2_ASAP7_75t_R)
     1    0.73    5.47   10.19  110.23 ^ input87/Y (BUFx2_ASAP7_75t_R)
                                         net87 (net)
                  5.47    0.03  110.25 ^ _1113_/A (INVx1_ASAP7_75t_R)
     1    1.13    7.37    5.75  116.01 v _1113_/Y (INVx1_ASAP7_75t_R)
                                         _0184_ (net)
                  7.37    0.05  116.06 v _1832_/B (HAxp5_ASAP7_75t_R)
     6    6.69  133.84   95.91  211.97 v _1832_/SN (HAxp5_ASAP7_75t_R)
                                         _0186_ (net)
                133.84    0.37  212.34 v _0985_/A2 (OAI21x1_ASAP7_75t_R)
     3    3.90   46.49   35.78  248.12 ^ _0985_/Y (OAI21x1_ASAP7_75t_R)
                                         _0416_ (net)
                 46.49    0.25  248.38 ^ _0986_/B (AOI21x1_ASAP7_75t_R)
     3    3.90   35.72   21.00  269.38 v _0986_/Y (AOI21x1_ASAP7_75t_R)
                                         _0417_ (net)
                 35.72    0.19  269.57 v _0990_/A2 (OAI21x1_ASAP7_75t_R)
     4    6.09   43.99   28.52  298.08 ^ _0990_/Y (OAI21x1_ASAP7_75t_R)
                                         _0421_ (net)
                 44.00    0.20  298.29 ^ _1146_/A2 (AOI21x1_ASAP7_75t_R)
     3    3.41   24.62   17.65  315.94 v _1146_/Y (AOI21x1_ASAP7_75t_R)
                                         _0510_ (net)
                 24.63    0.27  316.21 v _1480_/A (INVx1_ASAP7_75t_R)
     1    1.56   15.74   12.79  329.01 ^ _1480_/Y (INVx1_ASAP7_75t_R)
                                         _0810_ (net)
                 15.75    0.23  329.24 ^ _1482_/A (AND2x2_ASAP7_75t_R)
     1    1.21    8.83   18.58  347.82 ^ _1482_/Y (AND2x2_ASAP7_75t_R)
                                         _0812_ (net)
                  8.84    0.06  347.88 ^ _1483_/B (NOR2x1_ASAP7_75t_R)
     1    2.43   19.12   11.99  359.87 v _1483_/Y (NOR2x1_ASAP7_75t_R)
                                         _0813_ (net)
                 19.14    0.36  360.22 v _1484_/A (XOR2x1_ASAP7_75t_R)
     1    0.93   11.86   23.06  383.28 v _1484_/Y (XOR2x1_ASAP7_75t_R)
                                         net167 (net)
                 11.86    0.07  383.35 v output167/A (BUFx2_ASAP7_75t_R)
     1    0.33    4.43   13.91  397.26 v output167/Y (BUFx2_ASAP7_75t_R)
                                         result[43] (net)
                  4.43    0.01  397.27 v result[43] (out)
                                397.27   data arrival time

                  0.00  500.00  500.00   clock virtual_clock (rise edge)
                          0.00  500.00   clock network delay (ideal)
                          0.00  500.00   clock reconvergence pessimism
                       -100.00  400.00   output external delay
                                400.00   data required time
-----------------------------------------------------------------------------
                                400.00   data required time
                               -397.27   data arrival time
-----------------------------------------------------------------------------
                                  2.73   slack (MET)



==========================================================================
cts final report_check_types -max_slew -max_cap -max_fanout -violators
--------------------------------------------------------------------------

==========================================================================
cts final max_slew_check_slack
--------------------------------------------------------------------------
183.30564880371094

==========================================================================
cts final max_slew_check_limit
--------------------------------------------------------------------------
320.0

==========================================================================
cts final max_slew_check_slack_limit
--------------------------------------------------------------------------
0.5728

==========================================================================
cts final max_fanout_check_slack
--------------------------------------------------------------------------
1.0000000150474662e+30

==========================================================================
cts final max_fanout_check_limit
--------------------------------------------------------------------------
1.0000000150474662e+30

==========================================================================
cts final max_capacitance_check_slack
--------------------------------------------------------------------------
16.20890998840332

==========================================================================
cts final max_capacitance_check_limit
--------------------------------------------------------------------------
23.040000915527344

==========================================================================
cts final max_capacitance_check_slack_limit
--------------------------------------------------------------------------
0.7035

==========================================================================
cts final max_slew_violation_count
--------------------------------------------------------------------------
max slew violation count 0

==========================================================================
cts final max_fanout_violation_count
--------------------------------------------------------------------------
max fanout violation count 0

==========================================================================
cts final max_cap_violation_count
--------------------------------------------------------------------------
max cap violation count 0

==========================================================================
cts final setup_violation_count
--------------------------------------------------------------------------
setup violation count 0

==========================================================================
cts final hold_violation_count
--------------------------------------------------------------------------
hold violation count 0

==========================================================================
cts final critical path delay
--------------------------------------------------------------------------
397.2739

==========================================================================
cts final critical path slack
--------------------------------------------------------------------------
2.7261

==========================================================================
cts final slack div critical path delay
--------------------------------------------------------------------------
0.686202

==========================================================================
cts final report_power
--------------------------------------------------------------------------
Group                  Internal  Switching    Leakage      Total
                          Power      Power      Power      Power (Watts)
----------------------------------------------------------------
Sequential             0.00e+00   0.00e+00   0.00e+00   0.00e+00   0.0%
Combinational          1.98e-04   2.83e-04   8.21e-08   4.82e-04 100.0%
Clock                  0.00e+00   0.00e+00   0.00e+00   0.00e+00   0.0%
Macro                  0.00e+00   0.00e+00   0.00e+00   0.00e+00   0.0%
Pad                    0.00e+00   0.00e+00   0.00e+00   0.00e+00   0.0%
----------------------------------------------------------------
Total                  1.98e-04   2.83e-04   8.21e-08   4.82e-04 100.0%
                          41.2%      58.8%       0.0%
