
==========================================================================
global route report_tns
--------------------------------------------------------------------------
tns max -1.03

==========================================================================
global route report_wns
--------------------------------------------------------------------------
wns max -1.03

==========================================================================
global route report_worst_slack
--------------------------------------------------------------------------
worst slack max -1.03

==========================================================================
global route report_clock_min_period
--------------------------------------------------------------------------
virtual_clock period_min = 501.03 fmax = 1995.89

==========================================================================
global route report_clock_skew
--------------------------------------------------------------------------
Clock virtual_clock
No launch/capture paths found.


==========================================================================
global route report_checks -path_delay min
--------------------------------------------------------------------------
Startpoint: B[0] (input port clocked by virtual_clock)
Endpoint: result[0] (output port clocked by virtual_clock)
Path Group: virtual_clock
Path Type: min

Fanout     Cap    Slew   Delay    Time   Description
-----------------------------------------------------------------------------
                  0.00    0.00    0.00   clock virtual_clock (rise edge)
                          0.00    0.00   clock network delay (ideal)
                        100.00  100.00 ^ input external delay
     1    0.92    0.00    0.00  100.00 ^ B[0] (in)
                                         B[0] (net)
                  0.23    0.07  100.07 ^ input65/A (BUFx2_ASAP7_75t_R)
     1    0.91    5.96   10.48  110.55 ^ input65/Y (BUFx2_ASAP7_75t_R)
                                         net65 (net)
                  5.97    0.09  110.64 ^ _1834_/B (HAxp5_ASAP7_75t_R)
     1    0.67   11.37    8.75  119.38 v _1834_/SN (HAxp5_ASAP7_75t_R)
                                         net130 (net)
                 11.37    0.05  119.44 v output130/A (BUFx2_ASAP7_75t_R)
     1    0.30    4.33   13.70  133.14 v output130/Y (BUFx2_ASAP7_75t_R)
                                         result[0] (net)
                  4.33    0.02  133.16 v result[0] (out)
                                133.16   data arrival time

                  0.00    0.00    0.00   clock virtual_clock (rise edge)
                          0.00    0.00   clock network delay (ideal)
                          0.00    0.00   clock reconvergence pessimism
                       -100.00 -100.00   output external delay
                               -100.00   data required time
-----------------------------------------------------------------------------
                               -100.00   data required time
                               -133.16   data arrival time
-----------------------------------------------------------------------------
                                233.16   slack (MET)



==========================================================================
global route report_checks -path_delay max
--------------------------------------------------------------------------
Startpoint: B[3] (input port clocked by virtual_clock)
Endpoint: result[43] (output port clocked by virtual_clock)
Path Group: virtual_clock
Path Type: max

Fanout     Cap    Slew   Delay    Time   Description
-----------------------------------------------------------------------------
                  0.00    0.00    0.00   clock virtual_clock (rise edge)
                          0.00    0.00   clock network delay (ideal)
                        100.00  100.00 ^ input external delay
     1    1.02    0.00    0.00  100.00 ^ B[3] (in)
                                         B[3] (net)
                  0.26    0.08  100.08 ^ input98/A (BUFx2_ASAP7_75t_R)
     1    0.89    5.92   10.48  110.56 ^ input98/Y (BUFx2_ASAP7_75t_R)
                                         net98 (net)
                  5.93    0.07  110.63 ^ _1112_/A (INVx1_ASAP7_75t_R)
     1    1.12    7.44    5.86  116.49 v _1112_/Y (INVx1_ASAP7_75t_R)
                                         _0181_ (net)
                  7.44    0.07  116.56 v _1831_/B (HAxp5_ASAP7_75t_R)
     5    5.60  112.70   82.52  199.08 v _1831_/SN (HAxp5_ASAP7_75t_R)
                                         _0183_ (net)
                112.70    0.42  199.50 v _0981_/B (NOR2x1_ASAP7_75t_R)
     3    3.75   52.86   39.67  239.17 ^ _0981_/Y (NOR2x1_ASAP7_75t_R)
                                         _0412_ (net)
                 52.86    0.25  239.43 ^ _0982_/B (NAND2x1_ASAP7_75t_R)
     3    3.86   32.92   24.85  264.27 v _0982_/Y (NAND2x1_ASAP7_75t_R)
                                         _0413_ (net)
                 32.93    0.43  264.70 v _0990_/A1 (OAI21x1_ASAP7_75t_R)
     4    6.32   45.71   30.73  295.43 ^ _0990_/Y (OAI21x1_ASAP7_75t_R)
                                         _0421_ (net)
                 45.72    0.45  295.87 ^ _1146_/A2 (AOI21x1_ASAP7_75t_R)
     3    3.78   26.83   18.56  314.43 v _1146_/Y (AOI21x1_ASAP7_75t_R)
                                         _0510_ (net)
                 26.89    0.73  315.17 v _1480_/A (INVx1_ASAP7_75t_R)
     1    1.84   17.99   14.16  329.33 ^ _1480_/Y (INVx1_ASAP7_75t_R)
                                         _0810_ (net)
                 18.01    0.31  329.64 ^ _1482_/A (AND2x2_ASAP7_75t_R)
     1    1.29    9.17   19.22  348.86 ^ _1482_/Y (AND2x2_ASAP7_75t_R)
                                         _0812_ (net)
                  9.17    0.10  348.96 ^ _1483_/B (NOR2x1_ASAP7_75t_R)
     1    2.73   21.05   12.72  361.68 v _1483_/Y (NOR2x1_ASAP7_75t_R)
                                         _0813_ (net)
                 21.14    0.73  362.41 v _1484_/A (XOR2x1_ASAP7_75t_R)
     1    1.13   13.06   23.95  386.36 v _1484_/Y (XOR2x1_ASAP7_75t_R)
                                         net167 (net)
                 13.07    0.17  386.53 v output167/A (BUFx2_ASAP7_75t_R)
     1    0.45    4.72   14.46  400.99 v output167/Y (BUFx2_ASAP7_75t_R)
                                         result[43] (net)
                  4.72    0.04  401.03 v result[43] (out)
                                401.03   data arrival time

                  0.00  500.00  500.00   clock virtual_clock (rise edge)
                          0.00  500.00   clock network delay (ideal)
                          0.00  500.00   clock reconvergence pessimism
                       -100.00  400.00   output external delay
                                400.00   data required time
-----------------------------------------------------------------------------
                                400.00   data required time
                               -401.03   data arrival time
-----------------------------------------------------------------------------
                                 -1.03   slack (VIOLATED)



==========================================================================
global route report_checks -unconstrained
--------------------------------------------------------------------------
Startpoint: B[3] (input port clocked by virtual_clock)
Endpoint: result[43] (output port clocked by virtual_clock)
Path Group: virtual_clock
Path Type: max

Fanout     Cap    Slew   Delay    Time   Description
-----------------------------------------------------------------------------
                  0.00    0.00    0.00   clock virtual_clock (rise edge)
                          0.00    0.00   clock network delay (ideal)
                        100.00  100.00 ^ input external delay
     1    1.02    0.00    0.00  100.00 ^ B[3] (in)
                                         B[3] (net)
                  0.26    0.08  100.08 ^ input98/A (BUFx2_ASAP7_75t_R)
     1    0.89    5.92   10.48  110.56 ^ input98/Y (BUFx2_ASAP7_75t_R)
                                         net98 (net)
                  5.93    0.07  110.63 ^ _1112_/A (INVx1_ASAP7_75t_R)
     1    1.12    7.44    5.86  116.49 v _1112_/Y (INVx1_ASAP7_75t_R)
                                         _0181_ (net)
                  7.44    0.07  116.56 v _1831_/B (HAxp5_ASAP7_75t_R)
     5    5.60  112.70   82.52  199.08 v _1831_/SN (HAxp5_ASAP7_75t_R)
                                         _0183_ (net)
                112.70    0.42  199.50 v _0981_/B (NOR2x1_ASAP7_75t_R)
     3    3.75   52.86   39.67  239.17 ^ _0981_/Y (NOR2x1_ASAP7_75t_R)
                                         _0412_ (net)
                 52.86    0.25  239.43 ^ _0982_/B (NAND2x1_ASAP7_75t_R)
     3    3.86   32.92   24.85  264.27 v _0982_/Y (NAND2x1_ASAP7_75t_R)
                                         _0413_ (net)
                 32.93    0.43  264.70 v _0990_/A1 (OAI21x1_ASAP7_75t_R)
     4    6.32   45.71   30.73  295.43 ^ _0990_/Y (OAI21x1_ASAP7_75t_R)
                                         _0421_ (net)
                 45.72    0.45  295.87 ^ _1146_/A2 (AOI21x1_ASAP7_75t_R)
     3    3.78   26.83   18.56  314.43 v _1146_/Y (AOI21x1_ASAP7_75t_R)
                                         _0510_ (net)
                 26.89    0.73  315.17 v _1480_/A (INVx1_ASAP7_75t_R)
     1    1.84   17.99   14.16  329.33 ^ _1480_/Y (INVx1_ASAP7_75t_R)
                                         _0810_ (net)
                 18.01    0.31  329.64 ^ _1482_/A (AND2x2_ASAP7_75t_R)
     1    1.29    9.17   19.22  348.86 ^ _1482_/Y (AND2x2_ASAP7_75t_R)
                                         _0812_ (net)
                  9.17    0.10  348.96 ^ _1483_/B (NOR2x1_ASAP7_75t_R)
     1    2.73   21.05   12.72  361.68 v _1483_/Y (NOR2x1_ASAP7_75t_R)
                                         _0813_ (net)
                 21.14    0.73  362.41 v _1484_/A (XOR2x1_ASAP7_75t_R)
     1    1.13   13.06   23.95  386.36 v _1484_/Y (XOR2x1_ASAP7_75t_R)
                                         net167 (net)
                 13.07    0.17  386.53 v output167/A (BUFx2_ASAP7_75t_R)
     1    0.45    4.72   14.46  400.99 v output167/Y (BUFx2_ASAP7_75t_R)
                                         result[43] (net)
                  4.72    0.04  401.03 v result[43] (out)
                                401.03   data arrival time

                  0.00  500.00  500.00   clock virtual_clock (rise edge)
                          0.00  500.00   clock network delay (ideal)
                          0.00  500.00   clock reconvergence pessimism
                       -100.00  400.00   output external delay
                                400.00   data required time
-----------------------------------------------------------------------------
                                400.00   data required time
                               -401.03   data arrival time
-----------------------------------------------------------------------------
                                 -1.03   slack (VIOLATED)



==========================================================================
global route report_check_types -max_slew -max_cap -max_fanout -violators
--------------------------------------------------------------------------

==========================================================================
global route max_slew_check_slack
--------------------------------------------------------------------------
176.5713348388672

==========================================================================
global route max_slew_check_limit
--------------------------------------------------------------------------
320.0

==========================================================================
global route max_slew_check_slack_limit
--------------------------------------------------------------------------
0.5518

==========================================================================
global route max_fanout_check_slack
--------------------------------------------------------------------------
1.0000000150474662e+30

==========================================================================
global route max_fanout_check_limit
--------------------------------------------------------------------------
1.0000000150474662e+30

==========================================================================
global route max_capacitance_check_slack
--------------------------------------------------------------------------
15.912186622619629

==========================================================================
global route max_capacitance_check_limit
--------------------------------------------------------------------------
23.040000915527344

==========================================================================
global route max_capacitance_check_slack_limit
--------------------------------------------------------------------------
0.6906

==========================================================================
global route max_slew_violation_count
--------------------------------------------------------------------------
max slew violation count 0

==========================================================================
global route max_fanout_violation_count
--------------------------------------------------------------------------
max fanout violation count 0

==========================================================================
global route max_cap_violation_count
--------------------------------------------------------------------------
max cap violation count 0

==========================================================================
global route setup_violation_count
--------------------------------------------------------------------------
setup violation count 1

==========================================================================
global route hold_violation_count
--------------------------------------------------------------------------
hold violation count 0

==========================================================================
global route critical path delay
--------------------------------------------------------------------------
401.0297

==========================================================================
global route critical path slack
--------------------------------------------------------------------------
-1.0297

==========================================================================
global route slack div critical path delay
--------------------------------------------------------------------------
-0.256764

==========================================================================
global route report_power
--------------------------------------------------------------------------
Group                  Internal  Switching    Leakage      Total
                          Power      Power      Power      Power (Watts)
----------------------------------------------------------------
Sequential             0.00e+00   0.00e+00   0.00e+00   0.00e+00   0.0%
Combinational          2.02e-04   3.04e-04   8.27e-08   5.06e-04 100.0%
Clock                  0.00e+00   0.00e+00   0.00e+00   0.00e+00   0.0%
Macro                  0.00e+00   0.00e+00   0.00e+00   0.00e+00   0.0%
Pad                    0.00e+00   0.00e+00   0.00e+00   0.00e+00   0.0%
----------------------------------------------------------------
Total                  2.02e-04   3.04e-04   8.27e-08   5.06e-04 100.0%
                          39.9%      60.1%       0.0%
