
==========================================================================
global place report_tns
--------------------------------------------------------------------------
tns max -80.19

==========================================================================
global place report_wns
--------------------------------------------------------------------------
wns max -12.04

==========================================================================
global place report_worst_slack
--------------------------------------------------------------------------
worst slack max -12.04

==========================================================================
global place report_clock_min_period
--------------------------------------------------------------------------
clk period_min = 307.04 fmax = 3256.92

==========================================================================
global place report_checks -path_delay min
--------------------------------------------------------------------------
Startpoint: text_in_r[38]$_DFFE_PP_
            (rising edge-triggered flip-flop clocked by clk)
Endpoint: text_in_r[38]$_DFFE_PP_
          (rising edge-triggered flip-flop clocked by clk)
Path Group: clk
Path Type: min

Fanout     Cap    Slew   Delay    Time   Description
-----------------------------------------------------------------------------
                  0.00    0.00    0.00   clock clk (rise edge)
                          0.00    0.00   clock network delay (ideal)
                  0.00    0.00    0.00 ^ text_in_r[38]$_DFFE_PP_/CLK (DFFHQNx1_ASAP7_75t_SL)
     2    1.09   12.82   25.10   25.10 ^ text_in_r[38]$_DFFE_PP_/QN (DFFHQNx1_ASAP7_75t_SL)
                                         _00531_ (net)
                 12.82    0.03   25.14 ^ _28380_/B (NOR2x1_ASAP7_75t_SL)
     1    0.63    6.86    5.03   30.16 v _28380_/Y (NOR2x1_ASAP7_75t_SL)
                                         _06783_ (net)
                  6.86    0.02   30.18 v _28381_/B (AO21x1_ASAP7_75t_SL)
     1    0.73    5.74    9.14   39.32 v _28381_/Y (AO21x1_ASAP7_75t_SL)
                                         _01468_ (net)
                  5.74    0.03   39.36 v text_in_r[38]$_DFFE_PP_/D (DFFHQNx1_ASAP7_75t_SL)
                                 39.36   data arrival time

                  0.00    0.00    0.00   clock clk (rise edge)
                          0.00    0.00   clock network delay (ideal)
                          0.00    0.00   clock reconvergence pessimism
                                  0.00 ^ text_in_r[38]$_DFFE_PP_/CLK (DFFHQNx1_ASAP7_75t_SL)
                          6.75    6.75   library hold time
                                  6.75   data required time
-----------------------------------------------------------------------------
                                  6.75   data required time
                                -39.36   data arrival time
-----------------------------------------------------------------------------
                                 32.61   slack (MET)



==========================================================================
global place report_checks -path_delay max
--------------------------------------------------------------------------
Startpoint: sa33_sr[0]$_DFF_P_ (rising edge-triggered flip-flop clocked by clk)
Endpoint: sa21_sr[0]$_DFF_P_ (rising edge-triggered flip-flop clocked by clk)
Path Group: clk
Path Type: max

Fanout     Cap    Slew   Delay    Time   Description
-----------------------------------------------------------------------------
                  0.00    0.00    0.00   clock clk (rise edge)
                          0.00    0.00   clock network delay (ideal)
                  0.00    0.00    0.00 ^ sa33_sr[0]$_DFF_P_/CLK (DFFHQNx1_ASAP7_75t_SL)
     2    7.03   39.45   35.85   35.85 v sa33_sr[0]$_DFF_P_/QN (DFFHQNx1_ASAP7_75t_SL)
                                         _00695_ (net)
                 40.96    4.19   40.04 v _25041_/B (XOR2x2_ASAP7_75t_SL)
     1    1.48    9.20   24.55   64.59 ^ _25041_/Y (XOR2x2_ASAP7_75t_SL)
                                         _03702_ (net)
                  9.20    0.11   64.70 ^ _25043_/A (XNOR2x2_ASAP7_75t_SL)
     2    3.87   13.03   21.36   86.06 v _25043_/Y (XNOR2x2_ASAP7_75t_SL)
                                         _03704_ (net)
                 13.07    0.44   86.49 v _25045_/A (XNOR2x2_ASAP7_75t_SL)
     1    1.38    7.88   14.49  100.98 v _25045_/Y (XNOR2x2_ASAP7_75t_SL)
                                         _03706_ (net)
                  7.89    0.16  101.14 v _25047_/A2 (AO21x1_ASAP7_75t_SL)
     1    2.43   13.83   13.96  115.10 v _25047_/Y (AO21x1_ASAP7_75t_SL)
                                         _03708_ (net)
                 13.88    0.46  115.57 v _25048_/A (XNOR2x2_ASAP7_75t_SL)
     3    8.13   25.48   21.31  136.88 ^ _25048_/Y (XNOR2x2_ASAP7_75t_SL)
                                         _03709_ (net)
                 29.50    5.24  142.12 ^ _28783_/B (HAxp5_ASAP7_75t_SL)
     3    2.97   34.44   17.98  160.10 v _28783_/CON (HAxp5_ASAP7_75t_SL)
                                         _01300_ (net)
     3    3.03   37.09   14.79  174.88 ^ _28783_/SN (HAxp5_ASAP7_75t_SL)
                                         _01301_ (net)
                 37.09    0.08  174.96 ^ place6090/A (BUFx3_ASAP7_75t_SL)
     2    1.83    7.52   12.81  187.77 ^ place6090/Y (BUFx3_ASAP7_75t_SL)
                                         net6090 (net)
                  7.53    0.13  187.89 ^ place6091/A (BUFx3_ASAP7_75t_SL)
     7    8.16   16.94   14.09  201.98 ^ place6091/Y (BUFx3_ASAP7_75t_SL)
                                         net6091 (net)
                 17.19    1.14  203.12 ^ _25237_/A (NAND2x1_ASAP7_75t_SL)
     2    1.34    9.67    4.98  208.09 v _25237_/Y (NAND2x1_ASAP7_75t_SL)
                                         _03892_ (net)
                  9.67    0.03  208.12 v _25238_/B (OA211x2_ASAP7_75t_SL)
     1    0.86   10.60   19.81  227.93 v _25238_/Y (OA211x2_ASAP7_75t_SL)
                                         _03893_ (net)
                 10.60    0.05  227.98 v _25242_/C (OR4x1_ASAP7_75t_SL)
     1    0.71    9.15   17.50  245.48 v _25242_/Y (OR4x1_ASAP7_75t_SL)
                                         _03897_ (net)
                  9.15    0.03  245.51 v _25243_/E (AND5x1_ASAP7_75t_SL)
     1    0.64    6.07   13.57  259.08 v _25243_/Y (AND5x1_ASAP7_75t_SL)
                                         _03898_ (net)
                  6.07    0.03  259.11 v _25252_/B (OA211x2_ASAP7_75t_SL)
     1    1.54   11.66   19.95  279.06 v _25252_/Y (OA211x2_ASAP7_75t_SL)
                                         _03907_ (net)
                 11.68    0.21  279.27 v _25279_/C (OR4x1_ASAP7_75t_SL)
     1    2.70   17.10   22.56  301.83 v _25279_/Y (OR4x1_ASAP7_75t_SL)
                                         _00120_ (net)
                 17.19    0.67  302.51 v sa21_sr[0]$_DFF_P_/D (DFFHQNx1_ASAP7_75t_SL)
                                302.51   data arrival time

                  0.00  295.00  295.00   clock clk (rise edge)
                          0.00  295.00   clock network delay (ideal)
                          0.00  295.00   clock reconvergence pessimism
                                295.00 ^ sa21_sr[0]$_DFF_P_/CLK (DFFHQNx1_ASAP7_75t_SL)
                         -4.53  290.47   library setup time
                                290.47   data required time
-----------------------------------------------------------------------------
                                290.47   data required time
                               -302.51   data arrival time
-----------------------------------------------------------------------------
                                -12.04   slack (VIOLATED)



==========================================================================
global place report_checks -unconstrained
--------------------------------------------------------------------------
Startpoint: sa33_sr[0]$_DFF_P_ (rising edge-triggered flip-flop clocked by clk)
Endpoint: sa21_sr[0]$_DFF_P_ (rising edge-triggered flip-flop clocked by clk)
Path Group: clk
Path Type: max

Fanout     Cap    Slew   Delay    Time   Description
-----------------------------------------------------------------------------
                  0.00    0.00    0.00   clock clk (rise edge)
                          0.00    0.00   clock network delay (ideal)
                  0.00    0.00    0.00 ^ sa33_sr[0]$_DFF_P_/CLK (DFFHQNx1_ASAP7_75t_SL)
     2    7.03   39.45   35.85   35.85 v sa33_sr[0]$_DFF_P_/QN (DFFHQNx1_ASAP7_75t_SL)
                                         _00695_ (net)
                 40.96    4.19   40.04 v _25041_/B (XOR2x2_ASAP7_75t_SL)
     1    1.48    9.20   24.55   64.59 ^ _25041_/Y (XOR2x2_ASAP7_75t_SL)
                                         _03702_ (net)
                  9.20    0.11   64.70 ^ _25043_/A (XNOR2x2_ASAP7_75t_SL)
     2    3.87   13.03   21.36   86.06 v _25043_/Y (XNOR2x2_ASAP7_75t_SL)
                                         _03704_ (net)
                 13.07    0.44   86.49 v _25045_/A (XNOR2x2_ASAP7_75t_SL)
     1    1.38    7.88   14.49  100.98 v _25045_/Y (XNOR2x2_ASAP7_75t_SL)
                                         _03706_ (net)
                  7.89    0.16  101.14 v _25047_/A2 (AO21x1_ASAP7_75t_SL)
     1    2.43   13.83   13.96  115.10 v _25047_/Y (AO21x1_ASAP7_75t_SL)
                                         _03708_ (net)
                 13.88    0.46  115.57 v _25048_/A (XNOR2x2_ASAP7_75t_SL)
     3    8.13   25.48   21.31  136.88 ^ _25048_/Y (XNOR2x2_ASAP7_75t_SL)
                                         _03709_ (net)
                 29.50    5.24  142.12 ^ _28783_/B (HAxp5_ASAP7_75t_SL)
     3    2.97   34.44   17.98  160.10 v _28783_/CON (HAxp5_ASAP7_75t_SL)
                                         _01300_ (net)
     3    3.03   37.09   14.79  174.88 ^ _28783_/SN (HAxp5_ASAP7_75t_SL)
                                         _01301_ (net)
                 37.09    0.08  174.96 ^ place6090/A (BUFx3_ASAP7_75t_SL)
     2    1.83    7.52   12.81  187.77 ^ place6090/Y (BUFx3_ASAP7_75t_SL)
                                         net6090 (net)
                  7.53    0.13  187.89 ^ place6091/A (BUFx3_ASAP7_75t_SL)
     7    8.16   16.94   14.09  201.98 ^ place6091/Y (BUFx3_ASAP7_75t_SL)
                                         net6091 (net)
                 17.19    1.14  203.12 ^ _25237_/A (NAND2x1_ASAP7_75t_SL)
     2    1.34    9.67    4.98  208.09 v _25237_/Y (NAND2x1_ASAP7_75t_SL)
                                         _03892_ (net)
                  9.67    0.03  208.12 v _25238_/B (OA211x2_ASAP7_75t_SL)
     1    0.86   10.60   19.81  227.93 v _25238_/Y (OA211x2_ASAP7_75t_SL)
                                         _03893_ (net)
                 10.60    0.05  227.98 v _25242_/C (OR4x1_ASAP7_75t_SL)
     1    0.71    9.15   17.50  245.48 v _25242_/Y (OR4x1_ASAP7_75t_SL)
                                         _03897_ (net)
                  9.15    0.03  245.51 v _25243_/E (AND5x1_ASAP7_75t_SL)
     1    0.64    6.07   13.57  259.08 v _25243_/Y (AND5x1_ASAP7_75t_SL)
                                         _03898_ (net)
                  6.07    0.03  259.11 v _25252_/B (OA211x2_ASAP7_75t_SL)
     1    1.54   11.66   19.95  279.06 v _25252_/Y (OA211x2_ASAP7_75t_SL)
                                         _03907_ (net)
                 11.68    0.21  279.27 v _25279_/C (OR4x1_ASAP7_75t_SL)
     1    2.70   17.10   22.56  301.83 v _25279_/Y (OR4x1_ASAP7_75t_SL)
                                         _00120_ (net)
                 17.19    0.67  302.51 v sa21_sr[0]$_DFF_P_/D (DFFHQNx1_ASAP7_75t_SL)
                                302.51   data arrival time

                  0.00  295.00  295.00   clock clk (rise edge)
                          0.00  295.00   clock network delay (ideal)
                          0.00  295.00   clock reconvergence pessimism
                                295.00 ^ sa21_sr[0]$_DFF_P_/CLK (DFFHQNx1_ASAP7_75t_SL)
                         -4.53  290.47   library setup time
                                290.47   data required time
-----------------------------------------------------------------------------
                                290.47   data required time
                               -302.51   data arrival time
-----------------------------------------------------------------------------
                                -12.04   slack (VIOLATED)



==========================================================================
global place report_power
--------------------------------------------------------------------------
Group                  Internal  Switching    Leakage      Total
                          Power      Power      Power      Power (Watts)
----------------------------------------------------------------
Sequential             7.11e-03   1.74e-03   8.14e-06   8.86e-03   3.4%
Combinational          1.43e-01   1.08e-01   8.25e-05   2.50e-01  96.6%
Clock                  0.00e+00   0.00e+00   0.00e+00   0.00e+00   0.0%
Macro                  0.00e+00   0.00e+00   0.00e+00   0.00e+00   0.0%
Pad                    0.00e+00   0.00e+00   0.00e+00   0.00e+00   0.0%
----------------------------------------------------------------
Total                  1.50e-01   1.09e-01   9.07e-05   2.59e-01 100.0%
                          57.8%      42.2%       0.0%
