
==========================================================================
finish report_tns
--------------------------------------------------------------------------
tns max 0.00

==========================================================================
finish report_wns
--------------------------------------------------------------------------
wns max 0.00

==========================================================================
finish report_worst_slack
--------------------------------------------------------------------------
worst slack max 26.62

==========================================================================
finish report_clock_min_period
--------------------------------------------------------------------------
core_clock period_min = 473.38 fmax = 2112.48

==========================================================================
finish report_clock_skew
--------------------------------------------------------------------------
Clock core_clock
  46.37 source latency mul_a_reg[7]$_DFF_PN0_/CLK ^
 -41.85 target latency sum[1][10]$_DFF_PN0_/CLK ^
  -0.82 CRPR
--------------
   3.71 setup skew


==========================================================================
finish report_checks -path_delay min
--------------------------------------------------------------------------
Startpoint: rst_n (input port clocked by core_clock)
Endpoint: mul_out_reg[14]$_DFF_PN0_
          (removal check against rising-edge clock core_clock)
Path Group: asynchronous
Path Type: min

Fanout     Cap    Slew   Delay    Time   Description
-----------------------------------------------------------------------------
                          0.00    0.00   clock core_clock (rise edge)
                          0.00    0.00   clock network delay (propagated)
                        100.00  100.00 ^ input external delay
     1    0.63    0.00    0.00  100.00 ^ rst_n (in)
                                         rst_n (net)
                  0.14    0.04  100.04 ^ input102/A (BUFx2_ASAP7_75t_R)
     3    6.07   23.17   16.36  116.40 ^ input102/Y (BUFx2_ASAP7_75t_R)
                                         net101 (net)
                 23.95    2.36  118.76 ^ place135/A (BUFx3_ASAP7_75t_R)
    39   35.61   82.57   40.05  158.81 ^ place135/Y (BUFx3_ASAP7_75t_R)
                                         net134 (net)
                 82.67    1.91  160.71 ^ mul_out_reg[14]$_DFF_PN0_/RESETN (DFFASRHQNx1_ASAP7_75t_R)
                                160.71   data arrival time

                          0.00    0.00   clock core_clock (rise edge)
                          0.00    0.00   clock source latency
     1    3.15    0.00    0.00    0.00 ^ clk (in)
                                         clk (net)
                  2.83    0.89    0.89 ^ clkbuf_0_clk/A (BUFx8_ASAP7_75t_R)
     8   11.48   15.35   18.59   19.48 ^ clkbuf_0_clk/Y (BUFx8_ASAP7_75t_R)
                                         clknet_0_clk (net)
                 16.05    1.74   21.22 ^ clkbuf_3_7__f_clk/A (BUFx8_ASAP7_75t_R)
    16   11.94   16.21   22.38   43.60 ^ clkbuf_3_7__f_clk/Y (BUFx8_ASAP7_75t_R)
                                         clknet_3_7__leaf_clk (net)
                 18.99    3.51   47.11 ^ mul_out_reg[14]$_DFF_PN0_/CLK (DFFASRHQNx1_ASAP7_75t_R)
                          0.00   47.11   clock reconvergence pessimism
                         29.79   76.90   library removal time
                                 76.90   data required time
-----------------------------------------------------------------------------
                                 76.90   data required time
                               -160.71   data arrival time
-----------------------------------------------------------------------------
                                 83.81   slack (MET)


Startpoint: mul_out_reg[3]$_DFF_PN0_
            (rising edge-triggered flip-flop clocked by core_clock)
Endpoint: mul_out[3]$_DFF_PN0_
          (rising edge-triggered flip-flop clocked by core_clock)
Path Group: core_clock
Path Type: min

Fanout     Cap    Slew   Delay    Time   Description
-----------------------------------------------------------------------------
                          0.00    0.00   clock core_clock (rise edge)
                          0.00    0.00   clock source latency
     1    2.94    0.00    0.00    0.00 ^ clk (in)
                                         clk (net)
                  2.55    0.81    0.81 ^ clkbuf_0_clk/A (BUFx8_ASAP7_75t_R)
     8    9.82   14.26   17.86   18.67 ^ clkbuf_0_clk/Y (BUFx8_ASAP7_75t_R)
                                         clknet_0_clk (net)
                 14.73    1.41   20.07 ^ clkbuf_3_3__f_clk/A (BUFx8_ASAP7_75t_R)
    13    9.30   14.01   21.25   41.32 ^ clkbuf_3_3__f_clk/Y (BUFx8_ASAP7_75t_R)
                                         clknet_3_3__leaf_clk (net)
                 14.52    1.46   42.79 ^ mul_out_reg[3]$_DFF_PN0_/CLK (DFFASRHQNx1_ASAP7_75t_R)
     1    0.64   12.54   39.29   82.08 ^ mul_out_reg[3]$_DFF_PN0_/QN (DFFASRHQNx1_ASAP7_75t_R)
                                         _0101_ (net)
                 12.54    0.03   82.11 ^ _0900_/B (NOR2x1_ASAP7_75t_R)
     1    0.60    7.32    8.07   90.18 v _0900_/Y (NOR2x1_ASAP7_75t_R)
                                         _0017_ (net)
                  7.32    0.03   90.21 v mul_out[3]$_DFF_PN0_/D (DFFASRHQNx1_ASAP7_75t_R)
                                 90.21   data arrival time

                          0.00    0.00   clock core_clock (rise edge)
                          0.00    0.00   clock source latency
     1    3.15    0.00    0.00    0.00 ^ clk (in)
                                         clk (net)
                  2.83    0.89    0.89 ^ clkbuf_0_clk/A (BUFx8_ASAP7_75t_R)
     8   11.48   15.35   18.59   19.48 ^ clkbuf_0_clk/Y (BUFx8_ASAP7_75t_R)
                                         clknet_0_clk (net)
                 16.02    1.71   21.19 ^ clkbuf_3_2__f_clk/A (BUFx8_ASAP7_75t_R)
    16   12.16   16.32   22.55   43.74 ^ clkbuf_3_2__f_clk/Y (BUFx8_ASAP7_75t_R)
                                         clknet_3_2__leaf_clk (net)
                 19.20    3.59   47.33 ^ mul_out[3]$_DFF_PN0_/CLK (DFFASRHQNx1_ASAP7_75t_R)
                         -0.82   46.52   clock reconvergence pessimism
                         13.89   60.40   library hold time
                                 60.40   data required time
-----------------------------------------------------------------------------
                                 60.40   data required time
                                -90.21   data arrival time
-----------------------------------------------------------------------------
                                 29.81   slack (MET)



==========================================================================
finish report_checks -path_delay max
--------------------------------------------------------------------------
Startpoint: rst_n (input port clocked by core_clock)
Endpoint: sum[0][9]$_DFF_PN0_
          (recovery check against rising-edge clock core_clock)
Path Group: asynchronous
Path Type: max

Fanout     Cap    Slew   Delay    Time   Description
-----------------------------------------------------------------------------
                          0.00    0.00   clock core_clock (rise edge)
                          0.00    0.00   clock network delay (propagated)
                        100.00  100.00 ^ input external delay
     1    0.76    0.00    0.00  100.00 ^ rst_n (in)
                                         rst_n (net)
                  0.18    0.06  100.06 ^ input102/A (BUFx2_ASAP7_75t_R)
     3    6.64   25.02   16.85  116.91 ^ input102/Y (BUFx2_ASAP7_75t_R)
                                         net101 (net)
                 25.89    2.60  119.50 ^ place135/A (BUFx3_ASAP7_75t_R)
    39   39.77   91.98   43.12  162.62 ^ place135/Y (BUFx3_ASAP7_75t_R)
                                         net134 (net)
                 92.09    2.22  164.84 ^ place134/A (BUFx3_ASAP7_75t_R)
    46   47.45  112.85   44.06  208.90 ^ place134/Y (BUFx3_ASAP7_75t_R)
                                         net133 (net)
                173.37   46.79  255.69 ^ sum[0][9]$_DFF_PN0_/RESETN (DFFASRHQNx1_ASAP7_75t_R)
                                255.69   data arrival time

                        500.00  500.00   clock core_clock (rise edge)
                          0.00  500.00   clock source latency
     1    2.94    0.00    0.00  500.00 ^ clk (in)
                                         clk (net)
                  2.55    0.81  500.81 ^ clkbuf_0_clk/A (BUFx8_ASAP7_75t_R)
     8    9.82   14.26   17.86  518.67 ^ clkbuf_0_clk/Y (BUFx8_ASAP7_75t_R)
                                         clknet_0_clk (net)
                 14.67    1.31  519.98 ^ clkbuf_3_0__f_clk/A (BUFx8_ASAP7_75t_R)
    10    9.13   13.21   21.57  541.55 ^ clkbuf_3_0__f_clk/Y (BUFx8_ASAP7_75t_R)
                                         clknet_3_0__leaf_clk (net)
                 13.27    0.55  542.10 ^ sum[0][9]$_DFF_PN0_/CLK (DFFASRHQNx1_ASAP7_75t_R)
                          0.00  542.10   clock reconvergence pessimism
                         22.76  564.86   library recovery time
                                564.86   data required time
-----------------------------------------------------------------------------
                                564.86   data required time
                               -255.69   data arrival time
-----------------------------------------------------------------------------
                                309.17   slack (MET)


Startpoint: sum[1][8]$_DFF_PN0_
            (rising edge-triggered flip-flop clocked by core_clock)
Endpoint: mul_out_reg[15]$_DFF_PN0_
          (rising edge-triggered flip-flop clocked by core_clock)
Path Group: core_clock
Path Type: max

Fanout     Cap    Slew   Delay    Time   Description
-----------------------------------------------------------------------------
                          0.00    0.00   clock core_clock (rise edge)
                          0.00    0.00   clock source latency
     1    3.15    0.00    0.00    0.00 ^ clk (in)
                                         clk (net)
                  2.83    0.89    0.89 ^ clkbuf_0_clk/A (BUFx8_ASAP7_75t_R)
     8   11.48   15.35   18.59   19.48 ^ clkbuf_0_clk/Y (BUFx8_ASAP7_75t_R)
                                         clknet_0_clk (net)
                 15.86    1.50   20.98 ^ clkbuf_3_1__f_clk/A (BUFx8_ASAP7_75t_R)
    11   11.25   14.83   22.87   43.85 ^ clkbuf_3_1__f_clk/Y (BUFx8_ASAP7_75t_R)
                                         clknet_3_1__leaf_clk (net)
                 14.89    0.53   44.38 ^ sum[1][8]$_DFF_PN0_/CLK (DFFASRHQNx1_ASAP7_75t_R)
     1    0.81   13.74   40.21   84.59 ^ sum[1][8]$_DFF_PN0_/QN (DFFASRHQNx1_ASAP7_75t_R)
                                         _0124_ (net)
                 13.74    0.08   84.66 ^ _0949_/A (INVx1_ASAP7_75t_R)
     1    1.11    9.12    7.69   92.35 v _0949_/Y (INVx1_ASAP7_75t_R)
                                         sum[1][8] (net)
                  9.13    0.09   92.44 v _1047_/A (HAxp5_ASAP7_75t_R)
     4    5.44  109.91   80.40  172.85 v _1047_/SN (HAxp5_ASAP7_75t_R)
                                         _0282_ (net)
                109.92    0.66  173.51 v _0811_/B (OR2x2_ASAP7_75t_R)
     2    1.28   11.96   40.04  213.55 v _0811_/Y (OR2x2_ASAP7_75t_R)
                                         _0479_ (net)
                 11.96    0.07  213.63 v _0812_/B (OR2x2_ASAP7_75t_R)
     1    1.26    8.58   20.65  234.27 v _0812_/Y (OR2x2_ASAP7_75t_R)
                                         _0480_ (net)
                  8.59    0.10  234.37 v _0815_/A1 (OAI21x1_ASAP7_75t_R)
     2    3.50   26.78   15.65  250.02 ^ _0815_/Y (OAI21x1_ASAP7_75t_R)
                                         _0483_ (net)
                 26.82    0.57  250.58 ^ _0816_/A (XOR2x1_ASAP7_75t_R)
     1    1.88   23.73   24.26  274.84 ^ _0816_/Y (XOR2x1_ASAP7_75t_R)
                                         _0159_ (net)
                 23.75    0.36  275.20 ^ _1011_/CI (FAx1_ASAP7_75t_R)
     1    1.16   31.77   42.53  317.73 v _1011_/SN (FAx1_ASAP7_75t_R)
                                         _0578_ (net)
                 31.77    0.06  317.80 v _1051_/A (HAxp5_ASAP7_75t_R)
     4    5.70  115.53   90.93  408.72 v _1051_/SN (HAxp5_ASAP7_75t_R)
                                         _0290_ (net)
                115.55    0.90  409.63 v _0835_/B (OR2x2_ASAP7_75t_R)
     2    2.37   15.04   43.07  452.70 v _0835_/Y (OR2x2_ASAP7_75t_R)
                                         _0500_ (net)
                 15.05    0.15  452.85 v _0837_/A1 (OAI21x1_ASAP7_75t_R)
     2    2.39   21.63   14.93  467.78 ^ _0837_/Y (OAI21x1_ASAP7_75t_R)
                                         _0502_ (net)
                 21.66    0.41  468.19 ^ _0872_/A2 (AOI21x1_ASAP7_75t_R)
     1    1.08   11.46    9.29  477.48 v _0872_/Y (AOI21x1_ASAP7_75t_R)
                                         _0532_ (net)
                 11.47    0.10  477.58 v _0873_/A (XOR2x2_ASAP7_75t_R)
     1    0.63    7.63   27.39  504.97 ^ _0873_/Y (XOR2x2_ASAP7_75t_R)
                                         _0331_ (net)
                  7.63    0.05  505.02 ^ mul_out_reg[15]$_DFF_PN0_/D (DFFASRHQNx1_ASAP7_75t_R)
                                505.02   data arrival time

                        500.00  500.00   clock core_clock (rise edge)
                          0.00  500.00   clock source latency
     1    2.94    0.00    0.00  500.00 ^ clk (in)
                                         clk (net)
                  2.55    0.81  500.81 ^ clkbuf_0_clk/A (BUFx8_ASAP7_75t_R)
     8    9.82   14.26   17.86  518.67 ^ clkbuf_0_clk/Y (BUFx8_ASAP7_75t_R)
                                         clknet_0_clk (net)
                 14.75    1.42  520.09 ^ clkbuf_3_6__f_clk/A (BUFx8_ASAP7_75t_R)
    12    9.57   13.89   21.64  541.73 ^ clkbuf_3_6__f_clk/Y (BUFx8_ASAP7_75t_R)
                                         clknet_3_6__leaf_clk (net)
                 13.90    0.28  542.01 ^ mul_out_reg[15]$_DFF_PN0_/CLK (DFFASRHQNx1_ASAP7_75t_R)
                          0.82  542.83   clock reconvergence pessimism
                        -11.19  531.64   library setup time
                                531.64   data required time
-----------------------------------------------------------------------------
                                531.64   data required time
                               -505.02   data arrival time
-----------------------------------------------------------------------------
                                 26.62   slack (MET)



==========================================================================
finish report_checks -unconstrained
--------------------------------------------------------------------------
Startpoint: rst_n (input port clocked by core_clock)
Endpoint: sum[0][9]$_DFF_PN0_
          (recovery check against rising-edge clock core_clock)
Path Group: asynchronous
Path Type: max

Fanout     Cap    Slew   Delay    Time   Description
-----------------------------------------------------------------------------
                          0.00    0.00   clock core_clock (rise edge)
                          0.00    0.00   clock network delay (propagated)
                        100.00  100.00 ^ input external delay
     1    0.76    0.00    0.00  100.00 ^ rst_n (in)
                                         rst_n (net)
                  0.18    0.06  100.06 ^ input102/A (BUFx2_ASAP7_75t_R)
     3    6.64   25.02   16.85  116.91 ^ input102/Y (BUFx2_ASAP7_75t_R)
                                         net101 (net)
                 25.89    2.60  119.50 ^ place135/A (BUFx3_ASAP7_75t_R)
    39   39.77   91.98   43.12  162.62 ^ place135/Y (BUFx3_ASAP7_75t_R)
                                         net134 (net)
                 92.09    2.22  164.84 ^ place134/A (BUFx3_ASAP7_75t_R)
    46   47.45  112.85   44.06  208.90 ^ place134/Y (BUFx3_ASAP7_75t_R)
                                         net133 (net)
                173.37   46.79  255.69 ^ sum[0][9]$_DFF_PN0_/RESETN (DFFASRHQNx1_ASAP7_75t_R)
                                255.69   data arrival time

                        500.00  500.00   clock core_clock (rise edge)
                          0.00  500.00   clock source latency
     1    2.94    0.00    0.00  500.00 ^ clk (in)
                                         clk (net)
                  2.55    0.81  500.81 ^ clkbuf_0_clk/A (BUFx8_ASAP7_75t_R)
     8    9.82   14.26   17.86  518.67 ^ clkbuf_0_clk/Y (BUFx8_ASAP7_75t_R)
                                         clknet_0_clk (net)
                 14.67    1.31  519.98 ^ clkbuf_3_0__f_clk/A (BUFx8_ASAP7_75t_R)
    10    9.13   13.21   21.57  541.55 ^ clkbuf_3_0__f_clk/Y (BUFx8_ASAP7_75t_R)
                                         clknet_3_0__leaf_clk (net)
                 13.27    0.55  542.10 ^ sum[0][9]$_DFF_PN0_/CLK (DFFASRHQNx1_ASAP7_75t_R)
                          0.00  542.10   clock reconvergence pessimism
                         22.76  564.86   library recovery time
                                564.86   data required time
-----------------------------------------------------------------------------
                                564.86   data required time
                               -255.69   data arrival time
-----------------------------------------------------------------------------
                                309.17   slack (MET)


Startpoint: sum[1][8]$_DFF_PN0_
            (rising edge-triggered flip-flop clocked by core_clock)
Endpoint: mul_out_reg[15]$_DFF_PN0_
          (rising edge-triggered flip-flop clocked by core_clock)
Path Group: core_clock
Path Type: max

Fanout     Cap    Slew   Delay    Time   Description
-----------------------------------------------------------------------------
                          0.00    0.00   clock core_clock (rise edge)
                          0.00    0.00   clock source latency
     1    3.15    0.00    0.00    0.00 ^ clk (in)
                                         clk (net)
                  2.83    0.89    0.89 ^ clkbuf_0_clk/A (BUFx8_ASAP7_75t_R)
     8   11.48   15.35   18.59   19.48 ^ clkbuf_0_clk/Y (BUFx8_ASAP7_75t_R)
                                         clknet_0_clk (net)
                 15.86    1.50   20.98 ^ clkbuf_3_1__f_clk/A (BUFx8_ASAP7_75t_R)
    11   11.25   14.83   22.87   43.85 ^ clkbuf_3_1__f_clk/Y (BUFx8_ASAP7_75t_R)
                                         clknet_3_1__leaf_clk (net)
                 14.89    0.53   44.38 ^ sum[1][8]$_DFF_PN0_/CLK (DFFASRHQNx1_ASAP7_75t_R)
     1    0.81   13.74   40.21   84.59 ^ sum[1][8]$_DFF_PN0_/QN (DFFASRHQNx1_ASAP7_75t_R)
                                         _0124_ (net)
                 13.74    0.08   84.66 ^ _0949_/A (INVx1_ASAP7_75t_R)
     1    1.11    9.12    7.69   92.35 v _0949_/Y (INVx1_ASAP7_75t_R)
                                         sum[1][8] (net)
                  9.13    0.09   92.44 v _1047_/A (HAxp5_ASAP7_75t_R)
     4    5.44  109.91   80.40  172.85 v _1047_/SN (HAxp5_ASAP7_75t_R)
                                         _0282_ (net)
                109.92    0.66  173.51 v _0811_/B (OR2x2_ASAP7_75t_R)
     2    1.28   11.96   40.04  213.55 v _0811_/Y (OR2x2_ASAP7_75t_R)
                                         _0479_ (net)
                 11.96    0.07  213.63 v _0812_/B (OR2x2_ASAP7_75t_R)
     1    1.26    8.58   20.65  234.27 v _0812_/Y (OR2x2_ASAP7_75t_R)
                                         _0480_ (net)
                  8.59    0.10  234.37 v _0815_/A1 (OAI21x1_ASAP7_75t_R)
     2    3.50   26.78   15.65  250.02 ^ _0815_/Y (OAI21x1_ASAP7_75t_R)
                                         _0483_ (net)
                 26.82    0.57  250.58 ^ _0816_/A (XOR2x1_ASAP7_75t_R)
     1    1.88   23.73   24.26  274.84 ^ _0816_/Y (XOR2x1_ASAP7_75t_R)
                                         _0159_ (net)
                 23.75    0.36  275.20 ^ _1011_/CI (FAx1_ASAP7_75t_R)
     1    1.16   31.77   42.53  317.73 v _1011_/SN (FAx1_ASAP7_75t_R)
                                         _0578_ (net)
                 31.77    0.06  317.80 v _1051_/A (HAxp5_ASAP7_75t_R)
     4    5.70  115.53   90.93  408.72 v _1051_/SN (HAxp5_ASAP7_75t_R)
                                         _0290_ (net)
                115.55    0.90  409.63 v _0835_/B (OR2x2_ASAP7_75t_R)
     2    2.37   15.04   43.07  452.70 v _0835_/Y (OR2x2_ASAP7_75t_R)
                                         _0500_ (net)
                 15.05    0.15  452.85 v _0837_/A1 (OAI21x1_ASAP7_75t_R)
     2    2.39   21.63   14.93  467.78 ^ _0837_/Y (OAI21x1_ASAP7_75t_R)
                                         _0502_ (net)
                 21.66    0.41  468.19 ^ _0872_/A2 (AOI21x1_ASAP7_75t_R)
     1    1.08   11.46    9.29  477.48 v _0872_/Y (AOI21x1_ASAP7_75t_R)
                                         _0532_ (net)
                 11.47    0.10  477.58 v _0873_/A (XOR2x2_ASAP7_75t_R)
     1    0.63    7.63   27.39  504.97 ^ _0873_/Y (XOR2x2_ASAP7_75t_R)
                                         _0331_ (net)
                  7.63    0.05  505.02 ^ mul_out_reg[15]$_DFF_PN0_/D (DFFASRHQNx1_ASAP7_75t_R)
                                505.02   data arrival time

                        500.00  500.00   clock core_clock (rise edge)
                          0.00  500.00   clock source latency
     1    2.94    0.00    0.00  500.00 ^ clk (in)
                                         clk (net)
                  2.55    0.81  500.81 ^ clkbuf_0_clk/A (BUFx8_ASAP7_75t_R)
     8    9.82   14.26   17.86  518.67 ^ clkbuf_0_clk/Y (BUFx8_ASAP7_75t_R)
                                         clknet_0_clk (net)
                 14.75    1.42  520.09 ^ clkbuf_3_6__f_clk/A (BUFx8_ASAP7_75t_R)
    12    9.57   13.89   21.64  541.73 ^ clkbuf_3_6__f_clk/Y (BUFx8_ASAP7_75t_R)
                                         clknet_3_6__leaf_clk (net)
                 13.90    0.28  542.01 ^ mul_out_reg[15]$_DFF_PN0_/CLK (DFFASRHQNx1_ASAP7_75t_R)
                          0.82  542.83   clock reconvergence pessimism
                        -11.19  531.64   library setup time
                                531.64   data required time
-----------------------------------------------------------------------------
                                531.64   data required time
                               -505.02   data arrival time
-----------------------------------------------------------------------------
                                 26.62   slack (MET)



==========================================================================
finish report_check_types -max_slew -max_cap -max_fanout -violators
--------------------------------------------------------------------------

==========================================================================
finish max_slew_check_slack
--------------------------------------------------------------------------
146.490966796875

==========================================================================
finish max_slew_check_limit
--------------------------------------------------------------------------
320.0

==========================================================================
finish max_slew_check_slack_limit
--------------------------------------------------------------------------
0.4578

==========================================================================
finish max_fanout_check_slack
--------------------------------------------------------------------------
1.0000000150474662e+30

==========================================================================
finish max_fanout_check_limit
--------------------------------------------------------------------------
1.0000000150474662e+30

==========================================================================
finish max_capacitance_check_slack
--------------------------------------------------------------------------
17.338485717773438

==========================================================================
finish max_capacitance_check_limit
--------------------------------------------------------------------------
23.040000915527344

==========================================================================
finish max_capacitance_check_slack_limit
--------------------------------------------------------------------------
0.7525

==========================================================================
finish max_slew_violation_count
--------------------------------------------------------------------------
max slew violation count 0

==========================================================================
finish max_fanout_violation_count
--------------------------------------------------------------------------
max fanout violation count 0

==========================================================================
finish max_cap_violation_count
--------------------------------------------------------------------------
max cap violation count 0

==========================================================================
finish setup_violation_count
--------------------------------------------------------------------------
setup violation count 0

==========================================================================
finish hold_violation_count
--------------------------------------------------------------------------
hold violation count 0

==========================================================================
finish report_checks -path_delay max reg to reg
--------------------------------------------------------------------------
Startpoint: sum[1][8]$_DFF_PN0_
            (rising edge-triggered flip-flop clocked by core_clock)
Endpoint: mul_out_reg[15]$_DFF_PN0_
          (rising edge-triggered flip-flop clocked by core_clock)
Path Group: core_clock
Path Type: max

  Delay    Time   Description
---------------------------------------------------------
   0.00    0.00   clock core_clock (rise edge)
   0.00    0.00   clock source latency
   0.00    0.00 ^ clk (in)
  19.48   19.48 ^ clkbuf_0_clk/Y (BUFx8_ASAP7_75t_R)
  24.37   43.85 ^ clkbuf_3_1__f_clk/Y (BUFx8_ASAP7_75t_R)
   0.53   44.38 ^ sum[1][8]$_DFF_PN0_/CLK (DFFASRHQNx1_ASAP7_75t_R)
  40.21   84.59 ^ sum[1][8]$_DFF_PN0_/QN (DFFASRHQNx1_ASAP7_75t_R)
   7.77   92.35 v _0949_/Y (INVx1_ASAP7_75t_R)
  80.49  172.85 v _1047_/SN (HAxp5_ASAP7_75t_R)
  40.71  213.55 v _0811_/Y (OR2x2_ASAP7_75t_R)
  20.72  234.27 v _0812_/Y (OR2x2_ASAP7_75t_R)
  15.75  250.02 ^ _0815_/Y (OAI21x1_ASAP7_75t_R)
  24.83  274.84 ^ _0816_/Y (XOR2x1_ASAP7_75t_R)
  42.89  317.73 v _1011_/SN (FAx1_ASAP7_75t_R)
  90.99  408.72 v _1051_/SN (HAxp5_ASAP7_75t_R)
  43.98  452.70 v _0835_/Y (OR2x2_ASAP7_75t_R)
  15.08  467.78 ^ _0837_/Y (OAI21x1_ASAP7_75t_R)
   9.70  477.48 v _0872_/Y (AOI21x1_ASAP7_75t_R)
  27.49  504.97 ^ _0873_/Y (XOR2x2_ASAP7_75t_R)
   0.05  505.02 ^ mul_out_reg[15]$_DFF_PN0_/D (DFFASRHQNx1_ASAP7_75t_R)
         505.02   data arrival time

 500.00  500.00   clock core_clock (rise edge)
   0.00  500.00   clock source latency
   0.00  500.00 ^ clk (in)
  18.67  518.67 ^ clkbuf_0_clk/Y (BUFx8_ASAP7_75t_R)
  23.06  541.73 ^ clkbuf_3_6__f_clk/Y (BUFx8_ASAP7_75t_R)
   0.28  542.01 ^ mul_out_reg[15]$_DFF_PN0_/CLK (DFFASRHQNx1_ASAP7_75t_R)
   0.82  542.83   clock reconvergence pessimism
 -11.19  531.64   library setup time
         531.64   data required time
---------------------------------------------------------
         531.64   data required time
        -505.02   data arrival time
---------------------------------------------------------
          26.62   slack (MET)



==========================================================================
finish report_checks -path_delay min reg to reg
--------------------------------------------------------------------------
Startpoint: mul_out_reg[3]$_DFF_PN0_
            (rising edge-triggered flip-flop clocked by core_clock)
Endpoint: mul_out[3]$_DFF_PN0_
          (rising edge-triggered flip-flop clocked by core_clock)
Path Group: core_clock
Path Type: min

  Delay    Time   Description
---------------------------------------------------------
   0.00    0.00   clock core_clock (rise edge)
   0.00    0.00   clock source latency
   0.00    0.00 ^ clk (in)
  18.67   18.67 ^ clkbuf_0_clk/Y (BUFx8_ASAP7_75t_R)
  22.66   41.32 ^ clkbuf_3_3__f_clk/Y (BUFx8_ASAP7_75t_R)
   1.46   42.79 ^ mul_out_reg[3]$_DFF_PN0_/CLK (DFFASRHQNx1_ASAP7_75t_R)
  39.29   82.08 ^ mul_out_reg[3]$_DFF_PN0_/QN (DFFASRHQNx1_ASAP7_75t_R)
   8.10   90.18 v _0900_/Y (NOR2x1_ASAP7_75t_R)
   0.03   90.21 v mul_out[3]$_DFF_PN0_/D (DFFASRHQNx1_ASAP7_75t_R)
          90.21   data arrival time

   0.00    0.00   clock core_clock (rise edge)
   0.00    0.00   clock source latency
   0.00    0.00 ^ clk (in)
  19.48   19.48 ^ clkbuf_0_clk/Y (BUFx8_ASAP7_75t_R)
  24.26   43.74 ^ clkbuf_3_2__f_clk/Y (BUFx8_ASAP7_75t_R)
   3.59   47.33 ^ mul_out[3]$_DFF_PN0_/CLK (DFFASRHQNx1_ASAP7_75t_R)
  -0.82   46.52   clock reconvergence pessimism
  13.89   60.40   library hold time
          60.40   data required time
---------------------------------------------------------
          60.40   data required time
         -90.21   data arrival time
---------------------------------------------------------
          29.81   slack (MET)



==========================================================================
finish critical path target clock latency max path
--------------------------------------------------------------------------
42.1004

==========================================================================
finish critical path target clock latency min path
--------------------------------------------------------------------------
47.1103

==========================================================================
finish critical path source clock latency min path
--------------------------------------------------------------------------
0.0000

==========================================================================
finish critical path delay
--------------------------------------------------------------------------
505.0161

==========================================================================
finish critical path slack
--------------------------------------------------------------------------
26.6234

==========================================================================
finish slack div critical path delay
--------------------------------------------------------------------------
5.271792

==========================================================================
finish report_power
--------------------------------------------------------------------------
Group                  Internal  Switching    Leakage      Total
                          Power      Power      Power      Power (Watts)
----------------------------------------------------------------
Sequential             1.16e-04   2.51e-05   3.53e-09   1.41e-04  31.7%
Combinational          3.77e-05   5.11e-05   4.60e-08   8.88e-05  20.0%
Clock                  9.29e-05   1.22e-04   1.85e-09   2.15e-04  48.3%
Macro                  0.00e+00   0.00e+00   0.00e+00   0.00e+00   0.0%
Pad                    0.00e+00   0.00e+00   0.00e+00   0.00e+00   0.0%
----------------------------------------------------------------
Total                  2.46e-04   1.98e-04   5.14e-08   4.44e-04 100.0%
                          55.4%      44.6%       0.0%
