
==========================================================================
resizer report_tns
--------------------------------------------------------------------------
tns max -506.86

==========================================================================
resizer report_wns
--------------------------------------------------------------------------
wns max -40.71

==========================================================================
resizer report_worst_slack
--------------------------------------------------------------------------
worst slack max -40.71

==========================================================================
resizer report_clock_min_period
--------------------------------------------------------------------------
clk period_min = 720.71 fmax = 1387.51

==========================================================================
resizer report_checks -path_delay min
--------------------------------------------------------------------------
Startpoint: rst (input port clocked by clk)
Endpoint: fdct_zigzag.dct_mod.ddin[6]$_DFFE_PN0P_
          (removal check against rising-edge clock clk)
Path Group: asynchronous
Path Type: min

Fanout     Cap    Slew   Delay    Time   Description
-----------------------------------------------------------------------------
                  0.00    0.00    0.00   clock clk (rise edge)
                          0.00    0.00   clock network delay (ideal)
                        136.00  136.00 ^ input external delay
     1    0.83    0.00    0.00  136.00 ^ rst (in)
                                         rst (net)
                  0.14    0.04  136.04 ^ input85/A (BUFx2_ASAP7_75t_R)
     9   27.09   95.16   29.20  165.24 ^ input85/Y (BUFx2_ASAP7_75t_R)
                                         net84 (net)
                113.80   21.85  187.09 ^ fdct_zigzag.dct_mod.ddin[6]$_DFFE_PN0P_/RESETN (DFFASRHQNx1_ASAP7_75t_R)
                                187.09   data arrival time

                  0.00    0.00    0.00   clock clk (rise edge)
                          0.00    0.00   clock network delay (ideal)
                          0.00    0.00   clock reconvergence pessimism
                                  0.00 ^ fdct_zigzag.dct_mod.ddin[6]$_DFFE_PN0P_/CLK (DFFASRHQNx1_ASAP7_75t_R)
                         27.13   27.13   library removal time
                                 27.13   data required time
-----------------------------------------------------------------------------
                                 27.13   data required time
                               -187.09   data arrival time
-----------------------------------------------------------------------------
                                159.96   slack (MET)


Startpoint: dqnr_doe$_DFFE_PP_ (rising edge-triggered flip-flop clocked by clk)
Endpoint: rle.ddstrb$_DFF_P_ (rising edge-triggered flip-flop clocked by clk)
Path Group: clk
Path Type: min

Fanout     Cap    Slew   Delay    Time   Description
-----------------------------------------------------------------------------
                  0.00    0.00    0.00   clock clk (rise edge)
                          0.00    0.00   clock network delay (ideal)
                  0.00    0.00    0.00 ^ dqnr_doe$_DFFE_PP_/CLK (DFFHQNx1_ASAP7_75t_R)
     1    0.58   11.38   31.52   31.52 ^ dqnr_doe$_DFFE_PP_/QN (DFFHQNx1_ASAP7_75t_R)
                                         _004206_ (net)
                 11.38    0.02   31.54 ^ _066455_/A (INVx1_ASAP7_75t_R)
     2    1.17    8.81    7.43   38.97 v _066455_/Y (INVx1_ASAP7_75t_R)
                                         dc_diff_doe (net)
                  8.82    0.06   39.03 v rle.ddstrb$_DFF_P_/D (DFFHQNx1_ASAP7_75t_R)
                                 39.03   data arrival time

                  0.00    0.00    0.00   clock clk (rise edge)
                          0.00    0.00   clock network delay (ideal)
                          0.00    0.00   clock reconvergence pessimism
                                  0.00 ^ rle.ddstrb$_DFF_P_/CLK (DFFHQNx1_ASAP7_75t_R)
                          8.39    8.39   library hold time
                                  8.39   data required time
-----------------------------------------------------------------------------
                                  8.39   data required time
                                -39.03   data arrival time
-----------------------------------------------------------------------------
                                 30.63   slack (MET)



==========================================================================
resizer report_checks -path_delay max
--------------------------------------------------------------------------
Startpoint: rst (input port clocked by clk)
Endpoint: rle.rle.size[0]$_DFFE_PN0P_
          (recovery check against rising-edge clock clk)
Path Group: asynchronous
Path Type: max

Fanout     Cap    Slew   Delay    Time   Description
-----------------------------------------------------------------------------
                  0.00    0.00    0.00   clock clk (rise edge)
                          0.00    0.00   clock network delay (ideal)
                        136.00  136.00 ^ input external delay
     1    0.96    0.00    0.00  136.00 ^ rst (in)
                                         rst (net)
                  0.16    0.05  136.05 ^ input85/A (BUFx2_ASAP7_75t_R)
     9   28.13   98.76   29.75  165.80 ^ input85/Y (BUFx2_ASAP7_75t_R)
                                         net84 (net)
                140.58   35.56  201.36 ^ place10770/A (BUFx3_ASAP7_75t_R)
     8   21.78   52.87   44.37  245.73 ^ place10770/Y (BUFx3_ASAP7_75t_R)
                                         net10769 (net)
                 56.05    6.95  252.68 ^ place10769/A (BUFx3_ASAP7_75t_R)
    10   12.10   29.26   31.20  283.89 ^ place10769/Y (BUFx3_ASAP7_75t_R)
                                         net10768 (net)
                 29.76    2.09  285.97 ^ place10767/A (BUFx3_ASAP7_75t_R)
    10    9.66   23.70   25.41  311.38 ^ place10767/Y (BUFx3_ASAP7_75t_R)
                                         net10766 (net)
                 23.78    0.82  312.20 ^ rle.rle.size[0]$_DFFE_PN0P_/RESETN (DFFASRHQNx1_ASAP7_75t_R)
                                312.20   data arrival time

                  0.00  680.00  680.00   clock clk (rise edge)
                          0.00  680.00   clock network delay (ideal)
                          0.00  680.00   clock reconvergence pessimism
                                680.00 ^ rle.rle.size[0]$_DFFE_PN0P_/CLK (DFFASRHQNx1_ASAP7_75t_R)
                         11.21  691.21   library recovery time
                                691.21   data required time
-----------------------------------------------------------------------------
                                691.21   data required time
                               -312.20   data arrival time
-----------------------------------------------------------------------------
                                379.01   slack (MET)


Startpoint: fdct_zigzag.dct_mod.ddin[3]$_DFFE_PN0P_
            (rising edge-triggered flip-flop clocked by clk)
Endpoint: fdct_zigzag.dct_mod.dct_block_0.dct_unit_2.macu.mult_res[18]$_DFFE_PP_
          (rising edge-triggered flip-flop clocked by clk)
Path Group: clk
Path Type: max

Fanout     Cap    Slew   Delay    Time   Description
-----------------------------------------------------------------------------
                  0.00    0.00    0.00   clock clk (rise edge)
                          0.00    0.00   clock network delay (ideal)
                  0.00    0.00    0.00 ^ fdct_zigzag.dct_mod.ddin[3]$_DFFE_PN0P_/CLK (DFFASRHQNx1_ASAP7_75t_R)
     2    3.17   29.54   45.64   45.64 ^ fdct_zigzag.dct_mod.ddin[3]$_DFFE_PN0P_/QN (DFFASRHQNx1_ASAP7_75t_R)
                                         _001417_ (net)
                 29.54    0.07   45.71 ^ place10151/A (BUFx3_ASAP7_75t_R)
     7   20.97   50.89   24.85   70.56 ^ place10151/Y (BUFx3_ASAP7_75t_R)
                                         net10150 (net)
                 89.30   25.43   95.99 ^ place10144/A (BUFx3_ASAP7_75t_R)
     9   14.23   35.91   34.73  130.72 ^ place10144/Y (BUFx3_ASAP7_75t_R)
                                         net10143 (net)
                 38.67    5.30  136.02 ^ _062053_/B (NOR2x1_ASAP7_75t_R)
     2    1.46   24.25   16.68  152.70 v _062053_/Y (NOR2x1_ASAP7_75t_R)
                                         _008731_ (net)
                 24.25    0.04  152.74 v _066504_/A (INVx1_ASAP7_75t_R)
     4    8.83   57.54   33.05  185.78 ^ _066504_/Y (INVx1_ASAP7_75t_R)
                                         _009679_ (net)
                 57.55    0.35  186.14 ^ _105250_/A (FAx1_ASAP7_75t_R)
     4    6.31  148.25  126.07  312.21 v _105250_/SN (FAx1_ASAP7_75t_R)
                                         _009761_ (net)
                148.26    0.55  312.76 v _100725_/A (INVx1_ASAP7_75t_R)
     2    3.72   54.29   42.24  355.01 ^ _100725_/Y (INVx1_ASAP7_75t_R)
                                         _009754_ (net)
                 54.29    0.12  355.13 ^ _105265_/CI (FAx1_ASAP7_75t_R)
     2    3.37   81.30   85.21  440.34 v _105265_/SN (FAx1_ASAP7_75t_R)
                                         _009788_ (net)
                 81.30    0.17  440.51 v _105266_/B (FAx1_ASAP7_75t_R)
     1    1.10   47.78   39.89  480.40 ^ _105266_/CON (FAx1_ASAP7_75t_R)
                                         _009789_ (net)
     1    0.84   30.06   17.75  498.15 v _105266_/SN (FAx1_ASAP7_75t_R)
                                         _009795_ (net)
                 30.06    0.04  498.19 v _097830_/A (INVx1_ASAP7_75t_R)
     1    2.37   21.56   16.84  515.03 ^ _097830_/Y (INVx1_ASAP7_75t_R)
                                         _009790_ (net)
                 21.56    0.14  515.17 ^ _105267_/B (FAx1_ASAP7_75t_R)
     1    1.13   25.84   20.59  535.76 v _105267_/CON (FAx1_ASAP7_75t_R)
                                         _009791_ (net)
     1    0.75   30.83   16.00  551.76 ^ _105267_/SN (FAx1_ASAP7_75t_R)
                                         _009792_ (net)
                 30.83    0.03  551.79 ^ _100724_/A (INVx1_ASAP7_75t_R)
     1    1.11   12.49   10.21  562.00 v _100724_/Y (INVx1_ASAP7_75t_R)
                                         _009793_ (net)
                 12.49    0.05  562.05 v _108792_/B (HAxp5_ASAP7_75t_R)
     2    1.50   32.93   34.62  596.67 v _108792_/SN (HAxp5_ASAP7_75t_R)
                                         _019833_ (net)
                 32.93    0.06  596.72 v _069341_/A (INVx1_ASAP7_75t_R)
     2    2.41   22.47   17.68  614.40 ^ _069341_/Y (INVx1_ASAP7_75t_R)
                                         _031893_ (net)
                 22.47    0.12  614.52 ^ _069347_/B (NAND2x1_ASAP7_75t_R)
     2    1.90   16.14   13.12  627.64 v _069347_/Y (NAND2x1_ASAP7_75t_R)
                                         _031898_ (net)
                 16.14    0.04  627.68 v _069349_/A2 (OA21x2_ASAP7_75t_R)
     1    0.65    6.13   18.78  646.46 v _069349_/Y (OA21x2_ASAP7_75t_R)
                                         _031900_ (net)
                  6.13    0.03  646.49 v _069350_/B1 (OA31x2_ASAP7_75t_R)
     1    1.38    9.43   19.20  665.69 v _069350_/Y (OA31x2_ASAP7_75t_R)
                                         _031901_ (net)
                  9.44    0.12  665.81 v _069356_/A (XOR2x2_ASAP7_75t_R)
     1    0.72    7.83   26.94  692.74 ^ _069356_/Y (XOR2x2_ASAP7_75t_R)
                                         _031907_ (net)
                  7.83    0.03  692.77 ^ _069358_/A1 (AO21x1_ASAP7_75t_R)
     1    0.69    7.89   12.71  705.49 ^ _069358_/Y (AO21x1_ASAP7_75t_R)
                                         _025662_ (net)
                  7.89    0.03  705.51 ^ fdct_zigzag.dct_mod.dct_block_0.dct_unit_2.macu.mult_res[18]$_DFFE_PP_/D (DFFHQNx1_ASAP7_75t_R)
                                705.51   data arrival time

                  0.00  680.00  680.00   clock clk (rise edge)
                          0.00  680.00   clock network delay (ideal)
                          0.00  680.00   clock reconvergence pessimism
                                680.00 ^ fdct_zigzag.dct_mod.dct_block_0.dct_unit_2.macu.mult_res[18]$_DFFE_PP_/CLK (DFFHQNx1_ASAP7_75t_R)
                        -15.20  664.80   library setup time
                                664.80   data required time
-----------------------------------------------------------------------------
                                664.80   data required time
                               -705.51   data arrival time
-----------------------------------------------------------------------------
                                -40.71   slack (VIOLATED)



==========================================================================
resizer report_checks -unconstrained
--------------------------------------------------------------------------
Startpoint: rst (input port clocked by clk)
Endpoint: rle.rle.size[0]$_DFFE_PN0P_
          (recovery check against rising-edge clock clk)
Path Group: asynchronous
Path Type: max

Fanout     Cap    Slew   Delay    Time   Description
-----------------------------------------------------------------------------
                  0.00    0.00    0.00   clock clk (rise edge)
                          0.00    0.00   clock network delay (ideal)
                        136.00  136.00 ^ input external delay
     1    0.96    0.00    0.00  136.00 ^ rst (in)
                                         rst (net)
                  0.16    0.05  136.05 ^ input85/A (BUFx2_ASAP7_75t_R)
     9   28.13   98.76   29.75  165.80 ^ input85/Y (BUFx2_ASAP7_75t_R)
                                         net84 (net)
                140.58   35.56  201.36 ^ place10770/A (BUFx3_ASAP7_75t_R)
     8   21.78   52.87   44.37  245.73 ^ place10770/Y (BUFx3_ASAP7_75t_R)
                                         net10769 (net)
                 56.05    6.95  252.68 ^ place10769/A (BUFx3_ASAP7_75t_R)
    10   12.10   29.26   31.20  283.89 ^ place10769/Y (BUFx3_ASAP7_75t_R)
                                         net10768 (net)
                 29.76    2.09  285.97 ^ place10767/A (BUFx3_ASAP7_75t_R)
    10    9.66   23.70   25.41  311.38 ^ place10767/Y (BUFx3_ASAP7_75t_R)
                                         net10766 (net)
                 23.78    0.82  312.20 ^ rle.rle.size[0]$_DFFE_PN0P_/RESETN (DFFASRHQNx1_ASAP7_75t_R)
                                312.20   data arrival time

                  0.00  680.00  680.00   clock clk (rise edge)
                          0.00  680.00   clock network delay (ideal)
                          0.00  680.00   clock reconvergence pessimism
                                680.00 ^ rle.rle.size[0]$_DFFE_PN0P_/CLK (DFFASRHQNx1_ASAP7_75t_R)
                         11.21  691.21   library recovery time
                                691.21   data required time
-----------------------------------------------------------------------------
                                691.21   data required time
                               -312.20   data arrival time
-----------------------------------------------------------------------------
                                379.01   slack (MET)


Startpoint: fdct_zigzag.dct_mod.ddin[3]$_DFFE_PN0P_
            (rising edge-triggered flip-flop clocked by clk)
Endpoint: fdct_zigzag.dct_mod.dct_block_0.dct_unit_2.macu.mult_res[18]$_DFFE_PP_
          (rising edge-triggered flip-flop clocked by clk)
Path Group: clk
Path Type: max

Fanout     Cap    Slew   Delay    Time   Description
-----------------------------------------------------------------------------
                  0.00    0.00    0.00   clock clk (rise edge)
                          0.00    0.00   clock network delay (ideal)
                  0.00    0.00    0.00 ^ fdct_zigzag.dct_mod.ddin[3]$_DFFE_PN0P_/CLK (DFFASRHQNx1_ASAP7_75t_R)
     2    3.17   29.54   45.64   45.64 ^ fdct_zigzag.dct_mod.ddin[3]$_DFFE_PN0P_/QN (DFFASRHQNx1_ASAP7_75t_R)
                                         _001417_ (net)
                 29.54    0.07   45.71 ^ place10151/A (BUFx3_ASAP7_75t_R)
     7   20.97   50.89   24.85   70.56 ^ place10151/Y (BUFx3_ASAP7_75t_R)
                                         net10150 (net)
                 89.30   25.43   95.99 ^ place10144/A (BUFx3_ASAP7_75t_R)
     9   14.23   35.91   34.73  130.72 ^ place10144/Y (BUFx3_ASAP7_75t_R)
                                         net10143 (net)
                 38.67    5.30  136.02 ^ _062053_/B (NOR2x1_ASAP7_75t_R)
     2    1.46   24.25   16.68  152.70 v _062053_/Y (NOR2x1_ASAP7_75t_R)
                                         _008731_ (net)
                 24.25    0.04  152.74 v _066504_/A (INVx1_ASAP7_75t_R)
     4    8.83   57.54   33.05  185.78 ^ _066504_/Y (INVx1_ASAP7_75t_R)
                                         _009679_ (net)
                 57.55    0.35  186.14 ^ _105250_/A (FAx1_ASAP7_75t_R)
     4    6.31  148.25  126.07  312.21 v _105250_/SN (FAx1_ASAP7_75t_R)
                                         _009761_ (net)
                148.26    0.55  312.76 v _100725_/A (INVx1_ASAP7_75t_R)
     2    3.72   54.29   42.24  355.01 ^ _100725_/Y (INVx1_ASAP7_75t_R)
                                         _009754_ (net)
                 54.29    0.12  355.13 ^ _105265_/CI (FAx1_ASAP7_75t_R)
     2    3.37   81.30   85.21  440.34 v _105265_/SN (FAx1_ASAP7_75t_R)
                                         _009788_ (net)
                 81.30    0.17  440.51 v _105266_/B (FAx1_ASAP7_75t_R)
     1    1.10   47.78   39.89  480.40 ^ _105266_/CON (FAx1_ASAP7_75t_R)
                                         _009789_ (net)
     1    0.84   30.06   17.75  498.15 v _105266_/SN (FAx1_ASAP7_75t_R)
                                         _009795_ (net)
                 30.06    0.04  498.19 v _097830_/A (INVx1_ASAP7_75t_R)
     1    2.37   21.56   16.84  515.03 ^ _097830_/Y (INVx1_ASAP7_75t_R)
                                         _009790_ (net)
                 21.56    0.14  515.17 ^ _105267_/B (FAx1_ASAP7_75t_R)
     1    1.13   25.84   20.59  535.76 v _105267_/CON (FAx1_ASAP7_75t_R)
                                         _009791_ (net)
     1    0.75   30.83   16.00  551.76 ^ _105267_/SN (FAx1_ASAP7_75t_R)
                                         _009792_ (net)
                 30.83    0.03  551.79 ^ _100724_/A (INVx1_ASAP7_75t_R)
     1    1.11   12.49   10.21  562.00 v _100724_/Y (INVx1_ASAP7_75t_R)
                                         _009793_ (net)
                 12.49    0.05  562.05 v _108792_/B (HAxp5_ASAP7_75t_R)
     2    1.50   32.93   34.62  596.67 v _108792_/SN (HAxp5_ASAP7_75t_R)
                                         _019833_ (net)
                 32.93    0.06  596.72 v _069341_/A (INVx1_ASAP7_75t_R)
     2    2.41   22.47   17.68  614.40 ^ _069341_/Y (INVx1_ASAP7_75t_R)
                                         _031893_ (net)
                 22.47    0.12  614.52 ^ _069347_/B (NAND2x1_ASAP7_75t_R)
     2    1.90   16.14   13.12  627.64 v _069347_/Y (NAND2x1_ASAP7_75t_R)
                                         _031898_ (net)
                 16.14    0.04  627.68 v _069349_/A2 (OA21x2_ASAP7_75t_R)
     1    0.65    6.13   18.78  646.46 v _069349_/Y (OA21x2_ASAP7_75t_R)
                                         _031900_ (net)
                  6.13    0.03  646.49 v _069350_/B1 (OA31x2_ASAP7_75t_R)
     1    1.38    9.43   19.20  665.69 v _069350_/Y (OA31x2_ASAP7_75t_R)
                                         _031901_ (net)
                  9.44    0.12  665.81 v _069356_/A (XOR2x2_ASAP7_75t_R)
     1    0.72    7.83   26.94  692.74 ^ _069356_/Y (XOR2x2_ASAP7_75t_R)
                                         _031907_ (net)
                  7.83    0.03  692.77 ^ _069358_/A1 (AO21x1_ASAP7_75t_R)
     1    0.69    7.89   12.71  705.49 ^ _069358_/Y (AO21x1_ASAP7_75t_R)
                                         _025662_ (net)
                  7.89    0.03  705.51 ^ fdct_zigzag.dct_mod.dct_block_0.dct_unit_2.macu.mult_res[18]$_DFFE_PP_/D (DFFHQNx1_ASAP7_75t_R)
                                705.51   data arrival time

                  0.00  680.00  680.00   clock clk (rise edge)
                          0.00  680.00   clock network delay (ideal)
                          0.00  680.00   clock reconvergence pessimism
                                680.00 ^ fdct_zigzag.dct_mod.dct_block_0.dct_unit_2.macu.mult_res[18]$_DFFE_PP_/CLK (DFFHQNx1_ASAP7_75t_R)
                        -15.20  664.80   library setup time
                                664.80   data required time
-----------------------------------------------------------------------------
                                664.80   data required time
                               -705.51   data arrival time
-----------------------------------------------------------------------------
                                -40.71   slack (VIOLATED)



==========================================================================
resizer report_check_types -max_slew -max_cap -max_fanout -violators
--------------------------------------------------------------------------

==========================================================================
resizer max_slew_check_slack
--------------------------------------------------------------------------
112.23426055908203

==========================================================================
resizer max_slew_check_limit
--------------------------------------------------------------------------
320.0

==========================================================================
resizer max_slew_check_slack_limit
--------------------------------------------------------------------------
0.3507

==========================================================================
resizer max_fanout_check_slack
--------------------------------------------------------------------------
0.0

==========================================================================
resizer max_fanout_check_limit
--------------------------------------------------------------------------
10.0

==========================================================================
resizer max_fanout_check_slack_limit
--------------------------------------------------------------------------
0.0000

==========================================================================
resizer max_capacitance_check_slack
--------------------------------------------------------------------------
10.669404983520508

==========================================================================
resizer max_capacitance_check_limit
--------------------------------------------------------------------------
23.040000915527344

==========================================================================
resizer max_capacitance_check_slack_limit
--------------------------------------------------------------------------
0.4631

==========================================================================
resizer max_slew_violation_count
--------------------------------------------------------------------------
max slew violation count 0

==========================================================================
resizer max_fanout_violation_count
--------------------------------------------------------------------------
max fanout violation count 0

==========================================================================
resizer max_cap_violation_count
--------------------------------------------------------------------------
max cap violation count 0

==========================================================================
resizer setup_violation_count
--------------------------------------------------------------------------
setup violation count 37

==========================================================================
resizer hold_violation_count
--------------------------------------------------------------------------
hold violation count 0

==========================================================================
resizer report_checks -path_delay max reg to reg
--------------------------------------------------------------------------
Startpoint: fdct_zigzag.dct_mod.ddin[3]$_DFFE_PN0P_
            (rising edge-triggered flip-flop clocked by clk)
Endpoint: fdct_zigzag.dct_mod.dct_block_0.dct_unit_2.macu.mult_res[18]$_DFFE_PP_
          (rising edge-triggered flip-flop clocked by clk)
Path Group: clk
Path Type: max

  Delay    Time   Description
---------------------------------------------------------
   0.00    0.00   clock clk (rise edge)
   0.00    0.00   clock network delay (ideal)
   0.00    0.00 ^ fdct_zigzag.dct_mod.ddin[3]$_DFFE_PN0P_/CLK (DFFASRHQNx1_ASAP7_75t_R)
  45.64   45.64 ^ fdct_zigzag.dct_mod.ddin[3]$_DFFE_PN0P_/QN (DFFASRHQNx1_ASAP7_75t_R)
  24.92   70.56 ^ place10151/Y (BUFx3_ASAP7_75t_R)
  60.17  130.72 ^ place10144/Y (BUFx3_ASAP7_75t_R)
  21.97  152.70 v _062053_/Y (NOR2x1_ASAP7_75t_R)
  33.09  185.78 ^ _066504_/Y (INVx1_ASAP7_75t_R)
 126.42  312.21 v _105250_/SN (FAx1_ASAP7_75t_R)
  42.80  355.01 ^ _100725_/Y (INVx1_ASAP7_75t_R)
  85.33  440.34 v _105265_/SN (FAx1_ASAP7_75t_R)
  40.06  480.40 ^ _105266_/CON (FAx1_ASAP7_75t_R)
  17.75  498.15 v _105266_/SN (FAx1_ASAP7_75t_R)
  16.88  515.03 ^ _097830_/Y (INVx1_ASAP7_75t_R)
  20.73  535.76 v _105267_/CON (FAx1_ASAP7_75t_R)
  16.00  551.76 ^ _105267_/SN (FAx1_ASAP7_75t_R)
  10.24  562.00 v _100724_/Y (INVx1_ASAP7_75t_R)
  34.67  596.67 v _108792_/SN (HAxp5_ASAP7_75t_R)
  17.73  614.40 ^ _069341_/Y (INVx1_ASAP7_75t_R)
  13.24  627.64 v _069347_/Y (NAND2x1_ASAP7_75t_R)
  18.82  646.46 v _069349_/Y (OA21x2_ASAP7_75t_R)
  19.23  665.69 v _069350_/Y (OA31x2_ASAP7_75t_R)
  27.06  692.74 ^ _069356_/Y (XOR2x2_ASAP7_75t_R)
  12.74  705.49 ^ _069358_/Y (AO21x1_ASAP7_75t_R)
   0.03  705.51 ^ fdct_zigzag.dct_mod.dct_block_0.dct_unit_2.macu.mult_res[18]$_DFFE_PP_/D (DFFHQNx1_ASAP7_75t_R)
         705.51   data arrival time

 680.00  680.00   clock clk (rise edge)
   0.00  680.00   clock network delay (ideal)
   0.00  680.00   clock reconvergence pessimism
         680.00 ^ fdct_zigzag.dct_mod.dct_block_0.dct_unit_2.macu.mult_res[18]$_DFFE_PP_/CLK (DFFHQNx1_ASAP7_75t_R)
 -15.20  664.80   library setup time
         664.80   data required time
---------------------------------------------------------
         664.80   data required time
        -705.51   data arrival time
---------------------------------------------------------
         -40.71   slack (VIOLATED)



==========================================================================
resizer report_checks -path_delay min reg to reg
--------------------------------------------------------------------------
Startpoint: dqnr_doe$_DFFE_PP_ (rising edge-triggered flip-flop clocked by clk)
Endpoint: rle.ddstrb$_DFF_P_ (rising edge-triggered flip-flop clocked by clk)
Path Group: clk
Path Type: min

  Delay    Time   Description
---------------------------------------------------------
   0.00    0.00   clock clk (rise edge)
   0.00    0.00   clock network delay (ideal)
   0.00    0.00 ^ dqnr_doe$_DFFE_PP_/CLK (DFFHQNx1_ASAP7_75t_R)
  31.52   31.52 ^ dqnr_doe$_DFFE_PP_/QN (DFFHQNx1_ASAP7_75t_R)
   7.45   38.97 v _066455_/Y (INVx1_ASAP7_75t_R)
   0.06   39.03 v rle.ddstrb$_DFF_P_/D (DFFHQNx1_ASAP7_75t_R)
          39.03   data arrival time

   0.00    0.00   clock clk (rise edge)
   0.00    0.00   clock network delay (ideal)
   0.00    0.00   clock reconvergence pessimism
           0.00 ^ rle.ddstrb$_DFF_P_/CLK (DFFHQNx1_ASAP7_75t_R)
   8.39    8.39   library hold time
           8.39   data required time
---------------------------------------------------------
           8.39   data required time
         -39.03   data arrival time
---------------------------------------------------------
          30.63   slack (MET)



==========================================================================
resizer critical path target clock latency max path
--------------------------------------------------------------------------
0.0000

==========================================================================
resizer critical path target clock latency min path
--------------------------------------------------------------------------
0.0000

==========================================================================
resizer critical path source clock latency min path
--------------------------------------------------------------------------
0.0000

==========================================================================
resizer critical path delay
--------------------------------------------------------------------------
705.5126

==========================================================================
resizer critical path slack
--------------------------------------------------------------------------
-40.7143

==========================================================================
resizer slack div critical path delay
--------------------------------------------------------------------------
-5.770882

==========================================================================
resizer report_power
--------------------------------------------------------------------------
Group                  Internal  Switching    Leakage      Total
                          Power      Power      Power      Power (Watts)
----------------------------------------------------------------
Sequential             1.83e-02   3.81e-03   6.74e-07   2.21e-02  20.6%
Combinational          3.67e-02   4.82e-02   3.45e-06   8.49e-02  79.4%
Clock                  0.00e+00   0.00e+00   0.00e+00   0.00e+00   0.0%
Macro                  0.00e+00   0.00e+00   0.00e+00   0.00e+00   0.0%
Pad                    0.00e+00   0.00e+00   0.00e+00   0.00e+00   0.0%
----------------------------------------------------------------
Total                  5.50e-02   5.20e-02   4.13e-06   1.07e-01 100.0%
                          51.4%      48.6%       0.0%
