
==========================================================================
finish report_tns
--------------------------------------------------------------------------
tns max 0.00

==========================================================================
finish report_wns
--------------------------------------------------------------------------
wns max 0.00

==========================================================================
finish report_worst_slack
--------------------------------------------------------------------------
worst slack max 16.91

==========================================================================
finish report_clock_min_period
--------------------------------------------------------------------------
clk period_min = 663.09 fmax = 1508.10

==========================================================================
finish report_clock_skew
--------------------------------------------------------------------------
Clock clk
 141.06 source latency fdct_zigzag.dct_mod.ddin[4]$_DFFE_PN0P_/CLK ^
-111.78 target latency fdct_zigzag.dct_mod.dct_block_2.dct_unit_0.macu.mult_res[12]$_DFFE_PP_/CLK ^
  -1.74 CRPR
--------------
  27.54 setup skew


==========================================================================
finish report_checks -path_delay min
--------------------------------------------------------------------------
Startpoint: rst (input port clocked by clk)
Endpoint: fdct_zigzag.dct_mod.ddin[2]$_DFFE_PN0P_
          (removal check against rising-edge clock clk)
Path Group: asynchronous
Path Type: min

Fanout     Cap    Slew   Delay    Time   Description
-----------------------------------------------------------------------------
                          0.00    0.00   clock clk (rise edge)
                          0.00    0.00   clock network delay (propagated)
                        136.00  136.00 ^ input external delay
     1    0.64    0.00    0.00  136.00 ^ rst (in)
                                         rst (net)
                  0.14    0.05  136.05 ^ hold11464/A (BUFx2_ASAP7_75t_R)
     1    0.55    5.00    9.90  145.95 ^ hold11464/Y (BUFx2_ASAP7_75t_R)
                                         net11463 (net)
                  5.00    0.05  146.00 ^ hold11459/A (BUFx2_ASAP7_75t_R)
     1    0.58    5.09   11.44  157.44 ^ hold11459/Y (BUFx2_ASAP7_75t_R)
                                         net11458 (net)
                  5.09    0.07  157.50 ^ input85/A (BUFx2_ASAP7_75t_R)
     3   16.27   57.95   25.60  183.11 ^ input85/Y (BUFx2_ASAP7_75t_R)
                                         net84 (net)
                 59.33    5.02  188.12 ^ hold11460/A (BUFx2_ASAP7_75t_R)
     7   14.94   52.60   39.15  227.27 ^ hold11460/Y (BUFx2_ASAP7_75t_R)
                                         net11459 (net)
                 54.16    5.00  232.27 ^ fdct_zigzag.dct_mod.ddin[2]$_DFFE_PN0P_/RESETN (DFFASRHQNx1_ASAP7_75t_R)
                                232.27   data arrival time

                          0.00    0.00   clock clk (rise edge)
                          0.00    0.00   clock source latency
     1   11.69    0.00    0.00    0.00 ^ clk (in)
                                         clk (net)
                 33.95   10.71   10.71 ^ clkbuf_0_clk/A (BUFx24_ASAP7_75t_R)
     4   17.11   13.48   25.48   36.19 ^ clkbuf_0_clk/Y (BUFx24_ASAP7_75t_R)
                                         clknet_0_clk (net)
                 20.11    4.87   41.05 ^ clkbuf_2_2_0_clk/A (BUFx24_ASAP7_75t_R)
     4   17.63   13.15   21.73   62.79 ^ clkbuf_2_2_0_clk/Y (BUFx24_ASAP7_75t_R)
                                         clknet_2_2_0_clk (net)
                 22.68    5.85   68.64 ^ clkbuf_4_9_0_clk/A (BUFx24_ASAP7_75t_R)
    14   51.47   28.32   24.96   93.60 ^ clkbuf_4_9_0_clk/Y (BUFx24_ASAP7_75t_R)
                                         clknet_4_9_0_clk (net)
                 50.01   13.59  107.19 ^ clkbuf_leaf_31_clk/A (BUFx24_ASAP7_75t_R)
    25   16.62   13.90   29.47  136.66 ^ clkbuf_leaf_31_clk/Y (BUFx24_ASAP7_75t_R)
                                         clknet_leaf_31_clk (net)
                 14.22    1.00  137.66 ^ fdct_zigzag.dct_mod.ddin[2]$_DFFE_PN0P_/CLK (DFFASRHQNx1_ASAP7_75t_R)
                          0.00  137.66   clock reconvergence pessimism
                         24.83  162.49   library removal time
                                162.49   data required time
-----------------------------------------------------------------------------
                                162.49   data required time
                               -232.27   data arrival time
-----------------------------------------------------------------------------
                                 69.78   slack (MET)


Startpoint: dqnr_doe$_DFFE_PP_ (rising edge-triggered flip-flop clocked by clk)
Endpoint: rle.ddstrb$_DFF_P_ (rising edge-triggered flip-flop clocked by clk)
Path Group: clk
Path Type: min

Fanout     Cap    Slew   Delay    Time   Description
-----------------------------------------------------------------------------
                          0.00    0.00   clock clk (rise edge)
                          0.00    0.00   clock source latency
     1   11.09    0.00    0.00    0.00 ^ clk (in)
                                         clk (net)
                 31.14    9.82    9.82 ^ clkbuf_0_clk/A (BUFx24_ASAP7_75t_R)
     4   14.71   12.23   24.62   34.45 ^ clkbuf_0_clk/Y (BUFx24_ASAP7_75t_R)
                                         clknet_0_clk (net)
                 17.49    4.11   38.56 ^ clkbuf_2_1_0_clk/A (BUFx24_ASAP7_75t_R)
     4   13.34   11.01   20.73   59.29 ^ clkbuf_2_1_0_clk/Y (BUFx24_ASAP7_75t_R)
                                         clknet_2_1_0_clk (net)
                 18.85    4.89   64.18 ^ clkbuf_4_5_0_clk/A (BUFx24_ASAP7_75t_R)
    13   38.44   23.54   24.04   88.23 ^ clkbuf_4_5_0_clk/Y (BUFx24_ASAP7_75t_R)
                                         clknet_4_5_0_clk (net)
                 34.62    8.41   96.64 ^ clkbuf_leaf_146_clk/A (BUFx24_ASAP7_75t_R)
    22   12.69   11.74   25.54  122.18 ^ clkbuf_leaf_146_clk/Y (BUFx24_ASAP7_75t_R)
                                         clknet_leaf_146_clk (net)
                 13.53    2.29  124.47 ^ dqnr_doe$_DFFE_PP_/CLK (DFFHQNx1_ASAP7_75t_R)
     1    0.55   11.22   35.45  159.91 ^ dqnr_doe$_DFFE_PP_/QN (DFFHQNx1_ASAP7_75t_R)
                                         _004206_ (net)
                 11.22    0.04  159.95 ^ _066455_/A (INVx1_ASAP7_75t_R)
     2    1.18    8.82    7.39  167.35 v _066455_/Y (INVx1_ASAP7_75t_R)
                                         dc_diff_doe (net)
                  8.82    0.09  167.44 v rle.ddstrb$_DFF_P_/D (DFFHQNx1_ASAP7_75t_R)
                                167.44   data arrival time

                          0.00    0.00   clock clk (rise edge)
                          0.00    0.00   clock source latency
     1   11.69    0.00    0.00    0.00 ^ clk (in)
                                         clk (net)
                 33.95   10.71   10.71 ^ clkbuf_0_clk/A (BUFx24_ASAP7_75t_R)
     4   17.11   13.48   25.48   36.19 ^ clkbuf_0_clk/Y (BUFx24_ASAP7_75t_R)
                                         clknet_0_clk (net)
                 19.97    4.81   41.00 ^ clkbuf_2_1_0_clk/A (BUFx24_ASAP7_75t_R)
     4   15.74   12.15   21.58   62.58 ^ clkbuf_2_1_0_clk/Y (BUFx24_ASAP7_75t_R)
                                         clknet_2_1_0_clk (net)
                 21.88    5.77   68.35 ^ clkbuf_4_5_0_clk/A (BUFx24_ASAP7_75t_R)
    13   48.72   27.07   25.90   94.26 ^ clkbuf_4_5_0_clk/Y (BUFx24_ASAP7_75t_R)
                                         clknet_4_5_0_clk (net)
                 33.66    6.68  100.93 ^ clkbuf_leaf_147_clk/A (BUFx24_ASAP7_75t_R)
    21   15.72   13.09   25.95  126.88 ^ clkbuf_leaf_147_clk/Y (BUFx24_ASAP7_75t_R)
                                         clknet_leaf_147_clk (net)
                 14.20    1.94  128.82 ^ rle.ddstrb$_DFF_P_/CLK (DFFHQNx1_ASAP7_75t_R)
                         -6.03  122.79   clock reconvergence pessimism
                         11.89  134.68   library hold time
                                134.68   data required time
-----------------------------------------------------------------------------
                                134.68   data required time
                               -167.44   data arrival time
-----------------------------------------------------------------------------
                                 32.76   slack (MET)



==========================================================================
finish report_checks -path_delay max
--------------------------------------------------------------------------
Startpoint: rst (input port clocked by clk)
Endpoint: qnr.dep[12]$_DFFE_PN0P_ (recovery check against rising-edge clock clk)
Path Group: asynchronous
Path Type: max

Fanout     Cap    Slew   Delay    Time   Description
-----------------------------------------------------------------------------
                          0.00    0.00   clock clk (rise edge)
                          0.00    0.00   clock network delay (propagated)
                        136.00  136.00 ^ input external delay
     1    0.77    0.00    0.00  136.00 ^ rst (in)
                                         rst (net)
                  0.18    0.06  136.06 ^ hold11464/A (BUFx2_ASAP7_75t_R)
     1    0.68    5.34   10.11  146.17 ^ hold11464/Y (BUFx2_ASAP7_75t_R)
                                         net11463 (net)
                  5.34    0.06  146.23 ^ hold11459/A (BUFx2_ASAP7_75t_R)
     1    0.71    5.44   11.75  157.98 ^ hold11459/Y (BUFx2_ASAP7_75t_R)
                                         net11458 (net)
                  5.44    0.08  158.06 ^ input85/A (BUFx2_ASAP7_75t_R)
     3   16.70   59.43   26.04  184.10 ^ input85/Y (BUFx2_ASAP7_75t_R)
                                         net84 (net)
                 77.50   17.42  201.52 ^ place10770/A (BUFx3_ASAP7_75t_R)
     8   20.14   49.43   36.70  238.21 ^ place10770/Y (BUFx3_ASAP7_75t_R)
                                         net10769 (net)
                 53.21    7.26  245.47 ^ place10769/A (BUFx3_ASAP7_75t_R)
    10   11.29   28.19   29.65  275.12 ^ place10769/Y (BUFx3_ASAP7_75t_R)
                                         net10768 (net)
                 29.85    3.64  278.77 ^ place10768/A (BUFx3_ASAP7_75t_R)
    10    9.04   22.81   24.56  303.33 ^ place10768/Y (BUFx3_ASAP7_75t_R)
                                         net10767 (net)
                 23.31    1.85  305.17 ^ qnr.dep[12]$_DFFE_PN0P_/RESETN (DFFASRHQNx1_ASAP7_75t_R)
                                305.17   data arrival time

                        680.00  680.00   clock clk (rise edge)
                          0.00  680.00   clock source latency
     1   11.09    0.00    0.00  680.00 ^ clk (in)
                                         clk (net)
                 31.14    9.82  689.82 ^ clkbuf_0_clk/A (BUFx24_ASAP7_75t_R)
     4   14.71   12.23   24.62  714.45 ^ clkbuf_0_clk/Y (BUFx24_ASAP7_75t_R)
                                         clknet_0_clk (net)
                 17.49    4.11  718.56 ^ clkbuf_2_1_0_clk/A (BUFx24_ASAP7_75t_R)
     4   13.34   11.01   20.73  739.29 ^ clkbuf_2_1_0_clk/Y (BUFx24_ASAP7_75t_R)
                                         clknet_2_1_0_clk (net)
                 18.85    4.89  744.18 ^ clkbuf_4_5_0_clk/A (BUFx24_ASAP7_75t_R)
    13   38.44   23.54   24.04  768.23 ^ clkbuf_4_5_0_clk/Y (BUFx24_ASAP7_75t_R)
                                         clknet_4_5_0_clk (net)
                 34.62    8.41  776.64 ^ clkbuf_leaf_146_clk/A (BUFx24_ASAP7_75t_R)
    22   12.69   11.74   25.54  802.18 ^ clkbuf_leaf_146_clk/Y (BUFx24_ASAP7_75t_R)
                                         clknet_leaf_146_clk (net)
                 13.34    2.14  804.32 ^ qnr.dep[12]$_DFFE_PN0P_/CLK (DFFASRHQNx1_ASAP7_75t_R)
                          0.00  804.32   clock reconvergence pessimism
                         15.70  820.02   library recovery time
                                820.02   data required time
-----------------------------------------------------------------------------
                                820.02   data required time
                               -305.17   data arrival time
-----------------------------------------------------------------------------
                                514.85   slack (MET)


Startpoint: fdct_zigzag.dct_mod.ddin[5]$_DFFE_PN0P_
            (rising edge-triggered flip-flop clocked by clk)
Endpoint: fdct_zigzag.dct_mod.dct_block_0.dct_unit_3.macu.mult_res[18]$_DFFE_PP_
          (rising edge-triggered flip-flop clocked by clk)
Path Group: clk
Path Type: max

Fanout     Cap    Slew   Delay    Time   Description
-----------------------------------------------------------------------------
                          0.00    0.00   clock clk (rise edge)
                          0.00    0.00   clock source latency
     1   11.69    0.00    0.00    0.00 ^ clk (in)
                                         clk (net)
                 33.95   10.71   10.71 ^ clkbuf_0_clk/A (BUFx24_ASAP7_75t_R)
     4   17.11   13.48   25.48   36.19 ^ clkbuf_0_clk/Y (BUFx24_ASAP7_75t_R)
                                         clknet_0_clk (net)
                 20.11    4.87   41.05 ^ clkbuf_2_2_0_clk/A (BUFx24_ASAP7_75t_R)
     4   17.63   13.15   21.73   62.79 ^ clkbuf_2_2_0_clk/Y (BUFx24_ASAP7_75t_R)
                                         clknet_2_2_0_clk (net)
                 22.68    5.85   68.64 ^ clkbuf_4_9_0_clk/A (BUFx24_ASAP7_75t_R)
    14   51.47   28.32   24.96   93.60 ^ clkbuf_4_9_0_clk/Y (BUFx24_ASAP7_75t_R)
                                         clknet_4_9_0_clk (net)
                 51.13   14.07  107.68 ^ clkbuf_leaf_29_clk/A (BUFx24_ASAP7_75t_R)
    21   17.35   14.32   29.74  137.42 ^ clkbuf_leaf_29_clk/Y (BUFx24_ASAP7_75t_R)
                                         clknet_leaf_29_clk (net)
                 14.77    1.28  138.70 ^ fdct_zigzag.dct_mod.ddin[5]$_DFFE_PN0P_/CLK (DFFASRHQNx1_ASAP7_75t_R)
     2    2.11   23.17   46.23  184.93 v fdct_zigzag.dct_mod.ddin[5]$_DFFE_PN0P_/QN (DFFASRHQNx1_ASAP7_75t_R)
                                         _009259_ (net)
                 23.17    0.06  185.00 v place10100/A (BUFx6f_ASAP7_75t_R)
     6   17.38   20.04   20.30  205.30 v place10100/Y (BUFx6f_ASAP7_75t_R)
                                         net10099 (net)
                 30.40    7.17  212.46 v place10099/A (BUFx3_ASAP7_75t_R)
     9   18.00   39.65   23.15  235.61 v place10099/Y (BUFx3_ASAP7_75t_R)
                                         net10098 (net)
                 66.73   18.24  253.86 v place10097/A (BUFx6f_ASAP7_75t_R)
     5   11.42   16.99   27.15  281.01 v place10097/Y (BUFx6f_ASAP7_75t_R)
                                         net10096 (net)
                 27.18    6.97  287.98 v place10095/A (BUFx3_ASAP7_75t_R)
     9   12.77   27.58   26.65  314.62 v place10095/Y (BUFx3_ASAP7_75t_R)
                                         net10094 (net)
                 29.34    3.72  318.35 v _062888_/B (NOR2x1_ASAP7_75t_R)
     3    7.59   66.47   35.19  353.53 ^ _062888_/Y (NOR2x1_ASAP7_75t_R)
                                         _010022_ (net)
                 66.63    1.85  355.38 ^ _105377_/A (FAx1_ASAP7_75t_R)
     2    1.50   40.64   57.79  413.18 v _105377_/SN (FAx1_ASAP7_75t_R)
                                         _010090_ (net)
                 40.64    0.10  413.27 v place9174/A (BUFx3_ASAP7_75t_R)
     3    5.52   13.76   25.74  439.01 v place9174/Y (BUFx3_ASAP7_75t_R)
                                         net9173 (net)
                 13.80    0.42  439.43 v _105394_/CI (FAx1_ASAP7_75t_R)
     2    3.51   84.96   73.57  513.00 v _105394_/SN (FAx1_ASAP7_75t_R)
                                         _010129_ (net)
                 84.97    0.56  513.56 v _105395_/B (FAx1_ASAP7_75t_R)
     1    1.08   48.30   40.30  553.86 ^ _105395_/CON (FAx1_ASAP7_75t_R)
                                         _010130_ (net)
     1    0.71   28.69   16.96  570.82 v _105395_/SN (FAx1_ASAP7_75t_R)
                                         _010136_ (net)
                 28.69    0.05  570.87 v _097845_/A (INVx1_ASAP7_75t_R)
     1    2.21   20.26   15.95  586.82 ^ _097845_/Y (INVx1_ASAP7_75t_R)
                                         _010131_ (net)
                 20.26    0.06  586.88 ^ _105396_/B (FAx1_ASAP7_75t_R)
     1    1.19   24.57   20.54  607.41 v _105396_/CON (FAx1_ASAP7_75t_R)
                                         _010132_ (net)
     1    0.85   31.91   16.25  623.66 ^ _105396_/SN (FAx1_ASAP7_75t_R)
                                         _010133_ (net)
                 31.92    0.10  623.76 ^ _100566_/A (INVx1_ASAP7_75t_R)
     1    1.10   12.64   10.25  634.01 v _100566_/Y (INVx1_ASAP7_75t_R)
                                         _010134_ (net)
                 12.64    0.10  634.10 v _108845_/B (HAxp5_ASAP7_75t_R)
     2    1.59   34.79   35.62  669.73 v _108845_/SN (HAxp5_ASAP7_75t_R)
                                         _020043_ (net)
                 34.79    0.18  669.91 v _069747_/A (INVx1_ASAP7_75t_R)
     2    2.44   23.19   18.21  688.11 ^ _069747_/Y (INVx1_ASAP7_75t_R)
                                         _032245_ (net)
                 23.20    0.22  688.34 ^ _069751_/B (NAND2x1_ASAP7_75t_R)
     2    1.94   16.60   13.35  701.69 v _069751_/Y (NAND2x1_ASAP7_75t_R)
                                         _032248_ (net)
                 16.60    0.11  701.79 v _069753_/A2 (OA21x2_ASAP7_75t_R)
     1    0.61    6.07   18.85  720.65 v _069753_/Y (OA21x2_ASAP7_75t_R)
                                         _032250_ (net)
                  6.07    0.05  720.69 v _069754_/B1 (OA31x2_ASAP7_75t_R)
     1    1.06    8.52   18.59  739.28 v _069754_/Y (OA31x2_ASAP7_75t_R)
                                         _032251_ (net)
                  8.52    0.09  739.37 v _069760_/A (XOR2x2_ASAP7_75t_R)
     1    0.93    8.51   27.07  766.44 ^ _069760_/Y (XOR2x2_ASAP7_75t_R)
                                         _032257_ (net)
                  8.51    0.09  766.53 ^ _069762_/A1 (AO21x1_ASAP7_75t_R)
     1    0.85    8.82   13.30  779.83 ^ _069762_/Y (AO21x1_ASAP7_75t_R)
                                         _025716_ (net)
                  8.82    0.05  779.88 ^ fdct_zigzag.dct_mod.dct_block_0.dct_unit_3.macu.mult_res[18]$_DFFE_PP_/D (DFFHQNx1_ASAP7_75t_R)
                                779.88   data arrival time

                        680.00  680.00   clock clk (rise edge)
                          0.00  680.00   clock source latency
     1   11.09    0.00    0.00  680.00 ^ clk (in)
                                         clk (net)
                 31.14    9.82  689.82 ^ clkbuf_0_clk/A (BUFx24_ASAP7_75t_R)
     4   14.71   12.23   24.62  714.45 ^ clkbuf_0_clk/Y (BUFx24_ASAP7_75t_R)
                                         clknet_0_clk (net)
                 18.18    4.43  718.88 ^ clkbuf_2_0_0_clk/A (BUFx24_ASAP7_75t_R)
     4   14.84   11.54   20.93  739.81 ^ clkbuf_2_0_0_clk/Y (BUFx24_ASAP7_75t_R)
                                         clknet_2_0_0_clk (net)
                 19.84    5.06  744.87 ^ clkbuf_4_2_0_clk/A (BUFx24_ASAP7_75t_R)
    16   41.43   25.18   25.02  769.89 ^ clkbuf_4_2_0_clk/Y (BUFx24_ASAP7_75t_R)
                                         clknet_4_2_0_clk (net)
                 29.53    5.35  775.23 ^ clkbuf_leaf_8_clk/A (BUFx24_ASAP7_75t_R)
    24   12.92   11.58   24.58  799.82 ^ clkbuf_leaf_8_clk/Y (BUFx24_ASAP7_75t_R)
                                         clknet_leaf_8_clk (net)
                 11.96    0.99  800.80 ^ fdct_zigzag.dct_mod.dct_block_0.dct_unit_3.macu.mult_res[18]$_DFFE_PP_/CLK (DFFHQNx1_ASAP7_75t_R)
                          1.74  802.54   clock reconvergence pessimism
                         -5.74  796.80   library setup time
                                796.80   data required time
-----------------------------------------------------------------------------
                                796.80   data required time
                               -779.88   data arrival time
-----------------------------------------------------------------------------
                                 16.91   slack (MET)



==========================================================================
finish report_checks -unconstrained
--------------------------------------------------------------------------
Startpoint: rst (input port clocked by clk)
Endpoint: qnr.dep[12]$_DFFE_PN0P_ (recovery check against rising-edge clock clk)
Path Group: asynchronous
Path Type: max

Fanout     Cap    Slew   Delay    Time   Description
-----------------------------------------------------------------------------
                          0.00    0.00   clock clk (rise edge)
                          0.00    0.00   clock network delay (propagated)
                        136.00  136.00 ^ input external delay
     1    0.77    0.00    0.00  136.00 ^ rst (in)
                                         rst (net)
                  0.18    0.06  136.06 ^ hold11464/A (BUFx2_ASAP7_75t_R)
     1    0.68    5.34   10.11  146.17 ^ hold11464/Y (BUFx2_ASAP7_75t_R)
                                         net11463 (net)
                  5.34    0.06  146.23 ^ hold11459/A (BUFx2_ASAP7_75t_R)
     1    0.71    5.44   11.75  157.98 ^ hold11459/Y (BUFx2_ASAP7_75t_R)
                                         net11458 (net)
                  5.44    0.08  158.06 ^ input85/A (BUFx2_ASAP7_75t_R)
     3   16.70   59.43   26.04  184.10 ^ input85/Y (BUFx2_ASAP7_75t_R)
                                         net84 (net)
                 77.50   17.42  201.52 ^ place10770/A (BUFx3_ASAP7_75t_R)
     8   20.14   49.43   36.70  238.21 ^ place10770/Y (BUFx3_ASAP7_75t_R)
                                         net10769 (net)
                 53.21    7.26  245.47 ^ place10769/A (BUFx3_ASAP7_75t_R)
    10   11.29   28.19   29.65  275.12 ^ place10769/Y (BUFx3_ASAP7_75t_R)
                                         net10768 (net)
                 29.85    3.64  278.77 ^ place10768/A (BUFx3_ASAP7_75t_R)
    10    9.04   22.81   24.56  303.33 ^ place10768/Y (BUFx3_ASAP7_75t_R)
                                         net10767 (net)
                 23.31    1.85  305.17 ^ qnr.dep[12]$_DFFE_PN0P_/RESETN (DFFASRHQNx1_ASAP7_75t_R)
                                305.17   data arrival time

                        680.00  680.00   clock clk (rise edge)
                          0.00  680.00   clock source latency
     1   11.09    0.00    0.00  680.00 ^ clk (in)
                                         clk (net)
                 31.14    9.82  689.82 ^ clkbuf_0_clk/A (BUFx24_ASAP7_75t_R)
     4   14.71   12.23   24.62  714.45 ^ clkbuf_0_clk/Y (BUFx24_ASAP7_75t_R)
                                         clknet_0_clk (net)
                 17.49    4.11  718.56 ^ clkbuf_2_1_0_clk/A (BUFx24_ASAP7_75t_R)
     4   13.34   11.01   20.73  739.29 ^ clkbuf_2_1_0_clk/Y (BUFx24_ASAP7_75t_R)
                                         clknet_2_1_0_clk (net)
                 18.85    4.89  744.18 ^ clkbuf_4_5_0_clk/A (BUFx24_ASAP7_75t_R)
    13   38.44   23.54   24.04  768.23 ^ clkbuf_4_5_0_clk/Y (BUFx24_ASAP7_75t_R)
                                         clknet_4_5_0_clk (net)
                 34.62    8.41  776.64 ^ clkbuf_leaf_146_clk/A (BUFx24_ASAP7_75t_R)
    22   12.69   11.74   25.54  802.18 ^ clkbuf_leaf_146_clk/Y (BUFx24_ASAP7_75t_R)
                                         clknet_leaf_146_clk (net)
                 13.34    2.14  804.32 ^ qnr.dep[12]$_DFFE_PN0P_/CLK (DFFASRHQNx1_ASAP7_75t_R)
                          0.00  804.32   clock reconvergence pessimism
                         15.70  820.02   library recovery time
                                820.02   data required time
-----------------------------------------------------------------------------
                                820.02   data required time
                               -305.17   data arrival time
-----------------------------------------------------------------------------
                                514.85   slack (MET)


Startpoint: fdct_zigzag.dct_mod.ddin[5]$_DFFE_PN0P_
            (rising edge-triggered flip-flop clocked by clk)
Endpoint: fdct_zigzag.dct_mod.dct_block_0.dct_unit_3.macu.mult_res[18]$_DFFE_PP_
          (rising edge-triggered flip-flop clocked by clk)
Path Group: clk
Path Type: max

Fanout     Cap    Slew   Delay    Time   Description
-----------------------------------------------------------------------------
                          0.00    0.00   clock clk (rise edge)
                          0.00    0.00   clock source latency
     1   11.69    0.00    0.00    0.00 ^ clk (in)
                                         clk (net)
                 33.95   10.71   10.71 ^ clkbuf_0_clk/A (BUFx24_ASAP7_75t_R)
     4   17.11   13.48   25.48   36.19 ^ clkbuf_0_clk/Y (BUFx24_ASAP7_75t_R)
                                         clknet_0_clk (net)
                 20.11    4.87   41.05 ^ clkbuf_2_2_0_clk/A (BUFx24_ASAP7_75t_R)
     4   17.63   13.15   21.73   62.79 ^ clkbuf_2_2_0_clk/Y (BUFx24_ASAP7_75t_R)
                                         clknet_2_2_0_clk (net)
                 22.68    5.85   68.64 ^ clkbuf_4_9_0_clk/A (BUFx24_ASAP7_75t_R)
    14   51.47   28.32   24.96   93.60 ^ clkbuf_4_9_0_clk/Y (BUFx24_ASAP7_75t_R)
                                         clknet_4_9_0_clk (net)
                 51.13   14.07  107.68 ^ clkbuf_leaf_29_clk/A (BUFx24_ASAP7_75t_R)
    21   17.35   14.32   29.74  137.42 ^ clkbuf_leaf_29_clk/Y (BUFx24_ASAP7_75t_R)
                                         clknet_leaf_29_clk (net)
                 14.77    1.28  138.70 ^ fdct_zigzag.dct_mod.ddin[5]$_DFFE_PN0P_/CLK (DFFASRHQNx1_ASAP7_75t_R)
     2    2.11   23.17   46.23  184.93 v fdct_zigzag.dct_mod.ddin[5]$_DFFE_PN0P_/QN (DFFASRHQNx1_ASAP7_75t_R)
                                         _009259_ (net)
                 23.17    0.06  185.00 v place10100/A (BUFx6f_ASAP7_75t_R)
     6   17.38   20.04   20.30  205.30 v place10100/Y (BUFx6f_ASAP7_75t_R)
                                         net10099 (net)
                 30.40    7.17  212.46 v place10099/A (BUFx3_ASAP7_75t_R)
     9   18.00   39.65   23.15  235.61 v place10099/Y (BUFx3_ASAP7_75t_R)
                                         net10098 (net)
                 66.73   18.24  253.86 v place10097/A (BUFx6f_ASAP7_75t_R)
     5   11.42   16.99   27.15  281.01 v place10097/Y (BUFx6f_ASAP7_75t_R)
                                         net10096 (net)
                 27.18    6.97  287.98 v place10095/A (BUFx3_ASAP7_75t_R)
     9   12.77   27.58   26.65  314.62 v place10095/Y (BUFx3_ASAP7_75t_R)
                                         net10094 (net)
                 29.34    3.72  318.35 v _062888_/B (NOR2x1_ASAP7_75t_R)
     3    7.59   66.47   35.19  353.53 ^ _062888_/Y (NOR2x1_ASAP7_75t_R)
                                         _010022_ (net)
                 66.63    1.85  355.38 ^ _105377_/A (FAx1_ASAP7_75t_R)
     2    1.50   40.64   57.79  413.18 v _105377_/SN (FAx1_ASAP7_75t_R)
                                         _010090_ (net)
                 40.64    0.10  413.27 v place9174/A (BUFx3_ASAP7_75t_R)
     3    5.52   13.76   25.74  439.01 v place9174/Y (BUFx3_ASAP7_75t_R)
                                         net9173 (net)
                 13.80    0.42  439.43 v _105394_/CI (FAx1_ASAP7_75t_R)
     2    3.51   84.96   73.57  513.00 v _105394_/SN (FAx1_ASAP7_75t_R)
                                         _010129_ (net)
                 84.97    0.56  513.56 v _105395_/B (FAx1_ASAP7_75t_R)
     1    1.08   48.30   40.30  553.86 ^ _105395_/CON (FAx1_ASAP7_75t_R)
                                         _010130_ (net)
     1    0.71   28.69   16.96  570.82 v _105395_/SN (FAx1_ASAP7_75t_R)
                                         _010136_ (net)
                 28.69    0.05  570.87 v _097845_/A (INVx1_ASAP7_75t_R)
     1    2.21   20.26   15.95  586.82 ^ _097845_/Y (INVx1_ASAP7_75t_R)
                                         _010131_ (net)
                 20.26    0.06  586.88 ^ _105396_/B (FAx1_ASAP7_75t_R)
     1    1.19   24.57   20.54  607.41 v _105396_/CON (FAx1_ASAP7_75t_R)
                                         _010132_ (net)
     1    0.85   31.91   16.25  623.66 ^ _105396_/SN (FAx1_ASAP7_75t_R)
                                         _010133_ (net)
                 31.92    0.10  623.76 ^ _100566_/A (INVx1_ASAP7_75t_R)
     1    1.10   12.64   10.25  634.01 v _100566_/Y (INVx1_ASAP7_75t_R)
                                         _010134_ (net)
                 12.64    0.10  634.10 v _108845_/B (HAxp5_ASAP7_75t_R)
     2    1.59   34.79   35.62  669.73 v _108845_/SN (HAxp5_ASAP7_75t_R)
                                         _020043_ (net)
                 34.79    0.18  669.91 v _069747_/A (INVx1_ASAP7_75t_R)
     2    2.44   23.19   18.21  688.11 ^ _069747_/Y (INVx1_ASAP7_75t_R)
                                         _032245_ (net)
                 23.20    0.22  688.34 ^ _069751_/B (NAND2x1_ASAP7_75t_R)
     2    1.94   16.60   13.35  701.69 v _069751_/Y (NAND2x1_ASAP7_75t_R)
                                         _032248_ (net)
                 16.60    0.11  701.79 v _069753_/A2 (OA21x2_ASAP7_75t_R)
     1    0.61    6.07   18.85  720.65 v _069753_/Y (OA21x2_ASAP7_75t_R)
                                         _032250_ (net)
                  6.07    0.05  720.69 v _069754_/B1 (OA31x2_ASAP7_75t_R)
     1    1.06    8.52   18.59  739.28 v _069754_/Y (OA31x2_ASAP7_75t_R)
                                         _032251_ (net)
                  8.52    0.09  739.37 v _069760_/A (XOR2x2_ASAP7_75t_R)
     1    0.93    8.51   27.07  766.44 ^ _069760_/Y (XOR2x2_ASAP7_75t_R)
                                         _032257_ (net)
                  8.51    0.09  766.53 ^ _069762_/A1 (AO21x1_ASAP7_75t_R)
     1    0.85    8.82   13.30  779.83 ^ _069762_/Y (AO21x1_ASAP7_75t_R)
                                         _025716_ (net)
                  8.82    0.05  779.88 ^ fdct_zigzag.dct_mod.dct_block_0.dct_unit_3.macu.mult_res[18]$_DFFE_PP_/D (DFFHQNx1_ASAP7_75t_R)
                                779.88   data arrival time

                        680.00  680.00   clock clk (rise edge)
                          0.00  680.00   clock source latency
     1   11.09    0.00    0.00  680.00 ^ clk (in)
                                         clk (net)
                 31.14    9.82  689.82 ^ clkbuf_0_clk/A (BUFx24_ASAP7_75t_R)
     4   14.71   12.23   24.62  714.45 ^ clkbuf_0_clk/Y (BUFx24_ASAP7_75t_R)
                                         clknet_0_clk (net)
                 18.18    4.43  718.88 ^ clkbuf_2_0_0_clk/A (BUFx24_ASAP7_75t_R)
     4   14.84   11.54   20.93  739.81 ^ clkbuf_2_0_0_clk/Y (BUFx24_ASAP7_75t_R)
                                         clknet_2_0_0_clk (net)
                 19.84    5.06  744.87 ^ clkbuf_4_2_0_clk/A (BUFx24_ASAP7_75t_R)
    16   41.43   25.18   25.02  769.89 ^ clkbuf_4_2_0_clk/Y (BUFx24_ASAP7_75t_R)
                                         clknet_4_2_0_clk (net)
                 29.53    5.35  775.23 ^ clkbuf_leaf_8_clk/A (BUFx24_ASAP7_75t_R)
    24   12.92   11.58   24.58  799.82 ^ clkbuf_leaf_8_clk/Y (BUFx24_ASAP7_75t_R)
                                         clknet_leaf_8_clk (net)
                 11.96    0.99  800.80 ^ fdct_zigzag.dct_mod.dct_block_0.dct_unit_3.macu.mult_res[18]$_DFFE_PP_/CLK (DFFHQNx1_ASAP7_75t_R)
                          1.74  802.54   clock reconvergence pessimism
                         -5.74  796.80   library setup time
                                796.80   data required time
-----------------------------------------------------------------------------
                                796.80   data required time
                               -779.88   data arrival time
-----------------------------------------------------------------------------
                                 16.91   slack (MET)



==========================================================================
finish report_check_types -max_slew -max_cap -max_fanout -violators
--------------------------------------------------------------------------
max fanout

Pin                                   Limit Fanout  Slack
---------------------------------------------------------
clkbuf_leaf_180_clk/Y                    10     28    -18 (VIOLATED)
clkbuf_leaf_171_clk/Y                    10     27    -17 (VIOLATED)
clkbuf_leaf_117_clk/Y                    10     26    -16 (VIOLATED)
clkbuf_leaf_120_clk/Y                    10     26    -16 (VIOLATED)
clkbuf_leaf_122_clk/Y                    10     26    -16 (VIOLATED)
clkbuf_leaf_169_clk/Y                    10     26    -16 (VIOLATED)
clkbuf_leaf_172_clk/Y                    10     26    -16 (VIOLATED)
clkbuf_leaf_182_clk/Y                    10     26    -16 (VIOLATED)
clkbuf_leaf_203_clk/Y                    10     26    -16 (VIOLATED)
clkbuf_leaf_205_clk/Y                    10     26    -16 (VIOLATED)
clkbuf_leaf_207_clk/Y                    10     26    -16 (VIOLATED)
clkbuf_leaf_95_clk/Y                     10     26    -16 (VIOLATED)
clkbuf_leaf_97_clk/Y                     10     26    -16 (VIOLATED)
clkbuf_leaf_101_clk/Y                    10     25    -15 (VIOLATED)
clkbuf_leaf_126_clk/Y                    10     25    -15 (VIOLATED)
clkbuf_leaf_137_clk/Y                    10     25    -15 (VIOLATED)
clkbuf_leaf_139_clk/Y                    10     25    -15 (VIOLATED)
clkbuf_leaf_158_clk/Y                    10     25    -15 (VIOLATED)
clkbuf_leaf_179_clk/Y                    10     25    -15 (VIOLATED)
clkbuf_leaf_21_clk/Y                     10     25    -15 (VIOLATED)
clkbuf_leaf_31_clk/Y                     10     25    -15 (VIOLATED)
clkbuf_leaf_35_clk/Y                     10     25    -15 (VIOLATED)
clkbuf_leaf_38_clk/Y                     10     25    -15 (VIOLATED)
clkbuf_leaf_43_clk/Y                     10     25    -15 (VIOLATED)
clkbuf_leaf_44_clk/Y                     10     25    -15 (VIOLATED)
clkbuf_leaf_46_clk/Y                     10     25    -15 (VIOLATED)
clkbuf_leaf_73_clk/Y                     10     25    -15 (VIOLATED)
clkbuf_leaf_75_clk/Y                     10     25    -15 (VIOLATED)
clkbuf_leaf_83_clk/Y                     10     25    -15 (VIOLATED)
clkbuf_leaf_121_clk/Y                    10     24    -14 (VIOLATED)
clkbuf_leaf_12_clk/Y                     10     24    -14 (VIOLATED)
clkbuf_leaf_14_clk/Y                     10     24    -14 (VIOLATED)
clkbuf_leaf_150_clk/Y                    10     24    -14 (VIOLATED)
clkbuf_leaf_151_clk/Y                    10     24    -14 (VIOLATED)
clkbuf_leaf_153_clk/Y                    10     24    -14 (VIOLATED)
clkbuf_leaf_154_clk/Y                    10     24    -14 (VIOLATED)
clkbuf_leaf_155_clk/Y                    10     24    -14 (VIOLATED)
clkbuf_leaf_168_clk/Y                    10     24    -14 (VIOLATED)
clkbuf_leaf_178_clk/Y                    10     24    -14 (VIOLATED)
clkbuf_leaf_183_clk/Y                    10     24    -14 (VIOLATED)
clkbuf_leaf_186_clk/Y                    10     24    -14 (VIOLATED)
clkbuf_leaf_18_clk/Y                     10     24    -14 (VIOLATED)
clkbuf_leaf_190_clk/Y                    10     24    -14 (VIOLATED)
clkbuf_leaf_194_clk/Y                    10     24    -14 (VIOLATED)
clkbuf_leaf_195_clk/Y                    10     24    -14 (VIOLATED)
clkbuf_leaf_199_clk/Y                    10     24    -14 (VIOLATED)
clkbuf_leaf_19_clk/Y                     10     24    -14 (VIOLATED)
clkbuf_leaf_200_clk/Y                    10     24    -14 (VIOLATED)
clkbuf_leaf_25_clk/Y                     10     24    -14 (VIOLATED)
clkbuf_leaf_26_clk/Y                     10     24    -14 (VIOLATED)
clkbuf_leaf_28_clk/Y                     10     24    -14 (VIOLATED)
clkbuf_leaf_2_clk/Y                      10     24    -14 (VIOLATED)
clkbuf_leaf_41_clk/Y                     10     24    -14 (VIOLATED)
clkbuf_leaf_65_clk/Y                     10     24    -14 (VIOLATED)
clkbuf_leaf_66_clk/Y                     10     24    -14 (VIOLATED)
clkbuf_leaf_7_clk/Y                      10     24    -14 (VIOLATED)
clkbuf_leaf_8_clk/Y                      10     24    -14 (VIOLATED)
clkbuf_leaf_90_clk/Y                     10     24    -14 (VIOLATED)
clkbuf_leaf_92_clk/Y                     10     24    -14 (VIOLATED)
clkbuf_leaf_0_clk/Y                      10     23    -13 (VIOLATED)
clkbuf_leaf_10_clk/Y                     10     23    -13 (VIOLATED)
clkbuf_leaf_125_clk/Y                    10     23    -13 (VIOLATED)
clkbuf_leaf_130_clk/Y                    10     23    -13 (VIOLATED)
clkbuf_leaf_141_clk/Y                    10     23    -13 (VIOLATED)
clkbuf_leaf_152_clk/Y                    10     23    -13 (VIOLATED)
clkbuf_leaf_156_clk/Y                    10     23    -13 (VIOLATED)
clkbuf_leaf_157_clk/Y                    10     23    -13 (VIOLATED)
clkbuf_leaf_159_clk/Y                    10     23    -13 (VIOLATED)
clkbuf_leaf_16_clk/Y                     10     23    -13 (VIOLATED)
clkbuf_leaf_181_clk/Y                    10     23    -13 (VIOLATED)
clkbuf_leaf_187_clk/Y                    10     23    -13 (VIOLATED)
clkbuf_leaf_191_clk/Y                    10     23    -13 (VIOLATED)
clkbuf_leaf_192_clk/Y                    10     23    -13 (VIOLATED)
clkbuf_leaf_198_clk/Y                    10     23    -13 (VIOLATED)
clkbuf_leaf_1_clk/Y                      10     23    -13 (VIOLATED)
clkbuf_leaf_204_clk/Y                    10     23    -13 (VIOLATED)
clkbuf_leaf_206_clk/Y                    10     23    -13 (VIOLATED)
clkbuf_leaf_208_clk/Y                    10     23    -13 (VIOLATED)
clkbuf_leaf_20_clk/Y                     10     23    -13 (VIOLATED)
clkbuf_leaf_210_clk/Y                    10     23    -13 (VIOLATED)
clkbuf_leaf_212_clk/Y                    10     23    -13 (VIOLATED)
clkbuf_leaf_23_clk/Y                     10     23    -13 (VIOLATED)
clkbuf_leaf_32_clk/Y                     10     23    -13 (VIOLATED)
clkbuf_leaf_3_clk/Y                      10     23    -13 (VIOLATED)
clkbuf_leaf_67_clk/Y                     10     23    -13 (VIOLATED)
clkbuf_leaf_6_clk/Y                      10     23    -13 (VIOLATED)
clkbuf_leaf_74_clk/Y                     10     23    -13 (VIOLATED)
clkbuf_leaf_84_clk/Y                     10     23    -13 (VIOLATED)
clkbuf_leaf_91_clk/Y                     10     23    -13 (VIOLATED)
clkbuf_leaf_114_clk/Y                    10     22    -12 (VIOLATED)
clkbuf_leaf_116_clk/Y                    10     22    -12 (VIOLATED)
clkbuf_leaf_124_clk/Y                    10     22    -12 (VIOLATED)
clkbuf_leaf_132_clk/Y                    10     22    -12 (VIOLATED)
clkbuf_leaf_138_clk/Y                    10     22    -12 (VIOLATED)
clkbuf_leaf_142_clk/Y                    10     22    -12 (VIOLATED)
clkbuf_leaf_146_clk/Y                    10     22    -12 (VIOLATED)
clkbuf_leaf_15_clk/Y                     10     22    -12 (VIOLATED)
clkbuf_leaf_160_clk/Y                    10     22    -12 (VIOLATED)
clkbuf_leaf_163_clk/Y                    10     22    -12 (VIOLATED)
clkbuf_leaf_166_clk/Y                    10     22    -12 (VIOLATED)
clkbuf_leaf_167_clk/Y                    10     22    -12 (VIOLATED)
clkbuf_leaf_170_clk/Y                    10     22    -12 (VIOLATED)
clkbuf_leaf_173_clk/Y                    10     22    -12 (VIOLATED)
clkbuf_leaf_174_clk/Y                    10     22    -12 (VIOLATED)
clkbuf_leaf_189_clk/Y                    10     22    -12 (VIOLATED)
clkbuf_leaf_22_clk/Y                     10     22    -12 (VIOLATED)
clkbuf_leaf_33_clk/Y                     10     22    -12 (VIOLATED)
clkbuf_leaf_50_clk/Y                     10     22    -12 (VIOLATED)
clkbuf_leaf_54_clk/Y                     10     22    -12 (VIOLATED)
clkbuf_leaf_59_clk/Y                     10     22    -12 (VIOLATED)
clkbuf_leaf_60_clk/Y                     10     22    -12 (VIOLATED)
clkbuf_leaf_71_clk/Y                     10     22    -12 (VIOLATED)
clkbuf_leaf_76_clk/Y                     10     22    -12 (VIOLATED)
clkbuf_leaf_77_clk/Y                     10     22    -12 (VIOLATED)
clkbuf_leaf_86_clk/Y                     10     22    -12 (VIOLATED)
clkbuf_leaf_88_clk/Y                     10     22    -12 (VIOLATED)
clkbuf_leaf_94_clk/Y                     10     22    -12 (VIOLATED)
clkbuf_leaf_104_clk/Y                    10     21    -11 (VIOLATED)
clkbuf_leaf_105_clk/Y                    10     21    -11 (VIOLATED)
clkbuf_leaf_106_clk/Y                    10     21    -11 (VIOLATED)
clkbuf_leaf_110_clk/Y                    10     21    -11 (VIOLATED)
clkbuf_leaf_113_clk/Y                    10     21    -11 (VIOLATED)
clkbuf_leaf_115_clk/Y                    10     21    -11 (VIOLATED)
clkbuf_leaf_11_clk/Y                     10     21    -11 (VIOLATED)
clkbuf_leaf_128_clk/Y                    10     21    -11 (VIOLATED)
clkbuf_leaf_129_clk/Y                    10     21    -11 (VIOLATED)
clkbuf_leaf_131_clk/Y                    10     21    -11 (VIOLATED)
clkbuf_leaf_136_clk/Y                    10     21    -11 (VIOLATED)
clkbuf_leaf_140_clk/Y                    10     21    -11 (VIOLATED)
clkbuf_leaf_143_clk/Y                    10     21    -11 (VIOLATED)
clkbuf_leaf_147_clk/Y                    10     21    -11 (VIOLATED)
clkbuf_leaf_148_clk/Y                    10     21    -11 (VIOLATED)
clkbuf_leaf_164_clk/Y                    10     21    -11 (VIOLATED)
clkbuf_leaf_196_clk/Y                    10     21    -11 (VIOLATED)
clkbuf_leaf_197_clk/Y                    10     21    -11 (VIOLATED)
clkbuf_leaf_211_clk/Y                    10     21    -11 (VIOLATED)
clkbuf_leaf_24_clk/Y                     10     21    -11 (VIOLATED)
clkbuf_leaf_29_clk/Y                     10     21    -11 (VIOLATED)
clkbuf_leaf_37_clk/Y                     10     21    -11 (VIOLATED)
clkbuf_leaf_42_clk/Y                     10     21    -11 (VIOLATED)
clkbuf_leaf_51_clk/Y                     10     21    -11 (VIOLATED)
clkbuf_leaf_52_clk/Y                     10     21    -11 (VIOLATED)
clkbuf_leaf_53_clk/Y                     10     21    -11 (VIOLATED)
clkbuf_leaf_55_clk/Y                     10     21    -11 (VIOLATED)
clkbuf_leaf_63_clk/Y                     10     21    -11 (VIOLATED)
clkbuf_leaf_64_clk/Y                     10     21    -11 (VIOLATED)
clkbuf_leaf_72_clk/Y                     10     21    -11 (VIOLATED)
clkbuf_leaf_80_clk/Y                     10     21    -11 (VIOLATED)
clkbuf_leaf_82_clk/Y                     10     21    -11 (VIOLATED)
clkbuf_leaf_87_clk/Y                     10     21    -11 (VIOLATED)
clkbuf_leaf_108_clk/Y                    10     20    -10 (VIOLATED)
clkbuf_leaf_111_clk/Y                    10     20    -10 (VIOLATED)
clkbuf_leaf_119_clk/Y                    10     20    -10 (VIOLATED)
clkbuf_leaf_123_clk/Y                    10     20    -10 (VIOLATED)
clkbuf_leaf_127_clk/Y                    10     20    -10 (VIOLATED)
clkbuf_leaf_149_clk/Y                    10     20    -10 (VIOLATED)
clkbuf_leaf_184_clk/Y                    10     20    -10 (VIOLATED)
clkbuf_leaf_193_clk/Y                    10     20    -10 (VIOLATED)
clkbuf_leaf_202_clk/Y                    10     20    -10 (VIOLATED)
clkbuf_leaf_209_clk/Y                    10     20    -10 (VIOLATED)
clkbuf_leaf_30_clk/Y                     10     20    -10 (VIOLATED)
clkbuf_leaf_36_clk/Y                     10     20    -10 (VIOLATED)
clkbuf_leaf_48_clk/Y                     10     20    -10 (VIOLATED)
clkbuf_leaf_56_clk/Y                     10     20    -10 (VIOLATED)
clkbuf_leaf_61_clk/Y                     10     20    -10 (VIOLATED)
clkbuf_leaf_89_clk/Y                     10     20    -10 (VIOLATED)
clkbuf_leaf_9_clk/Y                      10     20    -10 (VIOLATED)
clkbuf_leaf_102_clk/Y                    10     19     -9 (VIOLATED)
clkbuf_leaf_107_clk/Y                    10     19     -9 (VIOLATED)
clkbuf_leaf_135_clk/Y                    10     19     -9 (VIOLATED)
clkbuf_leaf_161_clk/Y                    10     19     -9 (VIOLATED)
clkbuf_leaf_175_clk/Y                    10     19     -9 (VIOLATED)
clkbuf_leaf_176_clk/Y                    10     19     -9 (VIOLATED)
clkbuf_leaf_177_clk/Y                    10     19     -9 (VIOLATED)
clkbuf_leaf_185_clk/Y                    10     19     -9 (VIOLATED)
clkbuf_leaf_201_clk/Y                    10     19     -9 (VIOLATED)
clkbuf_leaf_27_clk/Y                     10     19     -9 (VIOLATED)
clkbuf_leaf_45_clk/Y                     10     19     -9 (VIOLATED)
clkbuf_leaf_68_clk/Y                     10     19     -9 (VIOLATED)
clkbuf_leaf_70_clk/Y                     10     19     -9 (VIOLATED)
clkbuf_leaf_81_clk/Y                     10     19     -9 (VIOLATED)
clkbuf_leaf_96_clk/Y                     10     19     -9 (VIOLATED)
clkbuf_leaf_100_clk/Y                    10     18     -8 (VIOLATED)
clkbuf_leaf_112_clk/Y                    10     18     -8 (VIOLATED)
clkbuf_leaf_162_clk/Y                    10     18     -8 (VIOLATED)
clkbuf_leaf_188_clk/Y                    10     18     -8 (VIOLATED)
clkbuf_leaf_34_clk/Y                     10     18     -8 (VIOLATED)
clkbuf_leaf_40_clk/Y                     10     18     -8 (VIOLATED)
clkbuf_leaf_47_clk/Y                     10     18     -8 (VIOLATED)
clkbuf_leaf_4_clk/Y                      10     18     -8 (VIOLATED)
clkbuf_leaf_62_clk/Y                     10     18     -8 (VIOLATED)
clkbuf_leaf_69_clk/Y                     10     18     -8 (VIOLATED)
clkbuf_leaf_93_clk/Y                     10     18     -8 (VIOLATED)
clkbuf_leaf_99_clk/Y                     10     18     -8 (VIOLATED)
clkbuf_leaf_133_clk/Y                    10     17     -7 (VIOLATED)
clkbuf_leaf_98_clk/Y                     10     17     -7 (VIOLATED)
clkbuf_4_0_0_clk/Y                       10     16     -6 (VIOLATED)
clkbuf_4_2_0_clk/Y                       10     16     -6 (VIOLATED)
clkbuf_4_6_0_clk/Y                       10     16     -6 (VIOLATED)
clkbuf_leaf_165_clk/Y                    10     16     -6 (VIOLATED)
clkbuf_leaf_17_clk/Y                     10     16     -6 (VIOLATED)
clkbuf_leaf_5_clk/Y                      10     16     -6 (VIOLATED)
clkbuf_leaf_79_clk/Y                     10     16     -6 (VIOLATED)
clkbuf_4_1_0_clk/Y                       10     15     -5 (VIOLATED)
clkbuf_leaf_118_clk/Y                    10     15     -5 (VIOLATED)
clkbuf_leaf_134_clk/Y                    10     15     -5 (VIOLATED)
clkbuf_leaf_49_clk/Y                     10     15     -5 (VIOLATED)
clkbuf_4_11_0_clk/Y                      10     14     -4 (VIOLATED)
clkbuf_4_12_0_clk/Y                      10     14     -4 (VIOLATED)
clkbuf_4_13_0_clk/Y                      10     14     -4 (VIOLATED)
clkbuf_4_14_0_clk/Y                      10     14     -4 (VIOLATED)
clkbuf_4_3_0_clk/Y                       10     14     -4 (VIOLATED)
clkbuf_4_7_0_clk/Y                       10     14     -4 (VIOLATED)
clkbuf_4_8_0_clk/Y                       10     14     -4 (VIOLATED)
clkbuf_4_9_0_clk/Y                       10     14     -4 (VIOLATED)
clkbuf_leaf_13_clk/Y                     10     14     -4 (VIOLATED)
clkbuf_leaf_39_clk/Y                     10     14     -4 (VIOLATED)
clkbuf_leaf_57_clk/Y                     10     14     -4 (VIOLATED)
clkbuf_leaf_78_clk/Y                     10     14     -4 (VIOLATED)
clkbuf_leaf_85_clk/Y                     10     14     -4 (VIOLATED)
clkbuf_4_5_0_clk/Y                       10     13     -3 (VIOLATED)
clkbuf_leaf_103_clk/Y                    10     13     -3 (VIOLATED)
clkbuf_leaf_109_clk/Y                    10     13     -3 (VIOLATED)
clkbuf_leaf_145_clk/Y                    10     13     -3 (VIOLATED)
clkbuf_leaf_58_clk/Y                     10     13     -3 (VIOLATED)
clkbuf_4_10_0_clk/Y                      10     12     -2 (VIOLATED)
clkbuf_4_15_0_clk/Y                      10     12     -2 (VIOLATED)
clkbuf_4_4_0_clk/Y                       10     11        (VIOLATED)
clkbuf_leaf_144_clk/Y                    10     11        (VIOLATED)


==========================================================================
finish max_slew_check_slack
--------------------------------------------------------------------------
134.46182250976562

==========================================================================
finish max_slew_check_limit
--------------------------------------------------------------------------
320.0

==========================================================================
finish max_slew_check_slack_limit
--------------------------------------------------------------------------
0.4202

==========================================================================
finish max_fanout_check_slack
--------------------------------------------------------------------------
-18.0

==========================================================================
finish max_fanout_check_limit
--------------------------------------------------------------------------
10.0

==========================================================================
finish max_fanout_check_slack_limit
--------------------------------------------------------------------------
-1.8000

==========================================================================
finish max_capacitance_check_slack
--------------------------------------------------------------------------
11.32025146484375

==========================================================================
finish max_capacitance_check_limit
--------------------------------------------------------------------------
23.040000915527344

==========================================================================
finish max_capacitance_check_slack_limit
--------------------------------------------------------------------------
0.4913

==========================================================================
finish max_slew_violation_count
--------------------------------------------------------------------------
max slew violation count 0

==========================================================================
finish max_fanout_violation_count
--------------------------------------------------------------------------
max fanout violation count 229

==========================================================================
finish max_cap_violation_count
--------------------------------------------------------------------------
max cap violation count 0

==========================================================================
finish setup_violation_count
--------------------------------------------------------------------------
setup violation count 0

==========================================================================
finish hold_violation_count
--------------------------------------------------------------------------
hold violation count 0

==========================================================================
finish report_checks -path_delay max reg to reg
--------------------------------------------------------------------------
Startpoint: fdct_zigzag.dct_mod.ddin[5]$_DFFE_PN0P_
            (rising edge-triggered flip-flop clocked by clk)
Endpoint: fdct_zigzag.dct_mod.dct_block_0.dct_unit_3.macu.mult_res[18]$_DFFE_PP_
          (rising edge-triggered flip-flop clocked by clk)
Path Group: clk
Path Type: max

  Delay    Time   Description
---------------------------------------------------------
   0.00    0.00   clock clk (rise edge)
   0.00    0.00   clock source latency
   0.00    0.00 ^ clk (in)
  36.19   36.19 ^ clkbuf_0_clk/Y (BUFx24_ASAP7_75t_R)
  26.60   62.79 ^ clkbuf_2_2_0_clk/Y (BUFx24_ASAP7_75t_R)
  30.82   93.60 ^ clkbuf_4_9_0_clk/Y (BUFx24_ASAP7_75t_R)
  43.82  137.42 ^ clkbuf_leaf_29_clk/Y (BUFx24_ASAP7_75t_R)
   1.28  138.70 ^ fdct_zigzag.dct_mod.ddin[5]$_DFFE_PN0P_/CLK (DFFASRHQNx1_ASAP7_75t_R)
  46.23  184.93 v fdct_zigzag.dct_mod.ddin[5]$_DFFE_PN0P_/QN (DFFASRHQNx1_ASAP7_75t_R)
  20.36  205.30 v place10100/Y (BUFx6f_ASAP7_75t_R)
  30.32  235.61 v place10099/Y (BUFx3_ASAP7_75t_R)
  45.39  281.01 v place10097/Y (BUFx6f_ASAP7_75t_R)
  33.62  314.62 v place10095/Y (BUFx3_ASAP7_75t_R)
  38.91  353.53 ^ _062888_/Y (NOR2x1_ASAP7_75t_R)
  59.64  413.18 v _105377_/SN (FAx1_ASAP7_75t_R)
  25.83  439.01 v place9174/Y (BUFx3_ASAP7_75t_R)
  73.99  513.00 v _105394_/SN (FAx1_ASAP7_75t_R)
  40.86  553.86 ^ _105395_/CON (FAx1_ASAP7_75t_R)
  16.96  570.82 v _105395_/SN (FAx1_ASAP7_75t_R)
  16.00  586.82 ^ _097845_/Y (INVx1_ASAP7_75t_R)
  20.59  607.41 v _105396_/CON (FAx1_ASAP7_75t_R)
  16.25  623.66 ^ _105396_/SN (FAx1_ASAP7_75t_R)
  10.35  634.01 v _100566_/Y (INVx1_ASAP7_75t_R)
  35.72  669.73 v _108845_/SN (HAxp5_ASAP7_75t_R)
  18.39  688.11 ^ _069747_/Y (INVx1_ASAP7_75t_R)
  13.57  701.69 v _069751_/Y (NAND2x1_ASAP7_75t_R)
  18.96  720.65 v _069753_/Y (OA21x2_ASAP7_75t_R)
  18.63  739.28 v _069754_/Y (OA31x2_ASAP7_75t_R)
  27.16  766.44 ^ _069760_/Y (XOR2x2_ASAP7_75t_R)
  13.39  779.83 ^ _069762_/Y (AO21x1_ASAP7_75t_R)
   0.05  779.88 ^ fdct_zigzag.dct_mod.dct_block_0.dct_unit_3.macu.mult_res[18]$_DFFE_PP_/D (DFFHQNx1_ASAP7_75t_R)
         779.88   data arrival time

 680.00  680.00   clock clk (rise edge)
   0.00  680.00   clock source latency
   0.00  680.00 ^ clk (in)
  34.45  714.45 ^ clkbuf_0_clk/Y (BUFx24_ASAP7_75t_R)
  25.36  739.81 ^ clkbuf_2_0_0_clk/Y (BUFx24_ASAP7_75t_R)
  30.08  769.89 ^ clkbuf_4_2_0_clk/Y (BUFx24_ASAP7_75t_R)
  29.93  799.82 ^ clkbuf_leaf_8_clk/Y (BUFx24_ASAP7_75t_R)
   0.99  800.80 ^ fdct_zigzag.dct_mod.dct_block_0.dct_unit_3.macu.mult_res[18]$_DFFE_PP_/CLK (DFFHQNx1_ASAP7_75t_R)
   1.74  802.54   clock reconvergence pessimism
  -5.74  796.80   library setup time
         796.80   data required time
---------------------------------------------------------
         796.80   data required time
        -779.88   data arrival time
---------------------------------------------------------
          16.91   slack (MET)



==========================================================================
finish report_checks -path_delay min reg to reg
--------------------------------------------------------------------------
Startpoint: dqnr_doe$_DFFE_PP_ (rising edge-triggered flip-flop clocked by clk)
Endpoint: rle.ddstrb$_DFF_P_ (rising edge-triggered flip-flop clocked by clk)
Path Group: clk
Path Type: min

  Delay    Time   Description
---------------------------------------------------------
   0.00    0.00   clock clk (rise edge)
   0.00    0.00   clock source latency
   0.00    0.00 ^ clk (in)
  34.45   34.45 ^ clkbuf_0_clk/Y (BUFx24_ASAP7_75t_R)
  24.85   59.29 ^ clkbuf_2_1_0_clk/Y (BUFx24_ASAP7_75t_R)
  28.93   88.23 ^ clkbuf_4_5_0_clk/Y (BUFx24_ASAP7_75t_R)
  33.95  122.18 ^ clkbuf_leaf_146_clk/Y (BUFx24_ASAP7_75t_R)
   2.29  124.47 ^ dqnr_doe$_DFFE_PP_/CLK (DFFHQNx1_ASAP7_75t_R)
  35.45  159.91 ^ dqnr_doe$_DFFE_PP_/QN (DFFHQNx1_ASAP7_75t_R)
   7.43  167.35 v _066455_/Y (INVx1_ASAP7_75t_R)
   0.09  167.44 v rle.ddstrb$_DFF_P_/D (DFFHQNx1_ASAP7_75t_R)
         167.44   data arrival time

   0.00    0.00   clock clk (rise edge)
   0.00    0.00   clock source latency
   0.00    0.00 ^ clk (in)
  36.19   36.19 ^ clkbuf_0_clk/Y (BUFx24_ASAP7_75t_R)
  26.39   62.58 ^ clkbuf_2_1_0_clk/Y (BUFx24_ASAP7_75t_R)
  31.68   94.26 ^ clkbuf_4_5_0_clk/Y (BUFx24_ASAP7_75t_R)
  32.62  126.88 ^ clkbuf_leaf_147_clk/Y (BUFx24_ASAP7_75t_R)
   1.94  128.82 ^ rle.ddstrb$_DFF_P_/CLK (DFFHQNx1_ASAP7_75t_R)
  -6.03  122.79   clock reconvergence pessimism
  11.89  134.68   library hold time
         134.68   data required time
---------------------------------------------------------
         134.68   data required time
        -167.44   data arrival time
---------------------------------------------------------
          32.76   slack (MET)



==========================================================================
finish critical path target clock latency max path
--------------------------------------------------------------------------
124.3165

==========================================================================
finish critical path target clock latency min path
--------------------------------------------------------------------------
137.6583

==========================================================================
finish critical path source clock latency min path
--------------------------------------------------------------------------
0.0000

==========================================================================
finish critical path delay
--------------------------------------------------------------------------
779.8830

==========================================================================
finish critical path slack
--------------------------------------------------------------------------
16.9146

==========================================================================
finish slack div critical path delay
--------------------------------------------------------------------------
2.168864

==========================================================================
finish report_power
--------------------------------------------------------------------------
Group                  Internal  Switching    Leakage      Total
                          Power      Power      Power      Power (Watts)
----------------------------------------------------------------
Sequential             1.79e-02   3.78e-03   6.74e-07   2.17e-02  18.5%
Combinational          3.76e-02   4.83e-02   3.48e-06   8.59e-02  73.4%
Clock                  5.65e-03   3.81e-03   1.38e-07   9.46e-03   8.1%
Macro                  0.00e+00   0.00e+00   0.00e+00   0.00e+00   0.0%
Pad                    0.00e+00   0.00e+00   0.00e+00   0.00e+00   0.0%
----------------------------------------------------------------
Total                  6.11e-02   5.59e-02   4.29e-06   1.17e-01 100.0%
                          52.2%      47.7%       0.0%
