
==========================================================================
floorplan final report_tns
--------------------------------------------------------------------------
tns max 0.00

==========================================================================
floorplan final report_wns
--------------------------------------------------------------------------
wns max 0.00

==========================================================================
floorplan final report_worst_slack
--------------------------------------------------------------------------
worst slack max 271.77

==========================================================================
floorplan final report_clock_min_period
--------------------------------------------------------------------------
core_clock period_min = 228.23 fmax = 4381.58

==========================================================================
floorplan final report_checks -path_delay min
--------------------------------------------------------------------------
Startpoint: RST (input port clocked by core_clock)
Endpoint: ST_cr[0]$_DFF_PP1_
          (removal check against rising-edge clock core_clock)
Path Group: asynchronous
Path Type: min

Fanout     Cap    Slew   Delay    Time   Description
-----------------------------------------------------------------------------
                  0.00    0.00    0.00   clock core_clock (rise edge)
                          0.00    0.00   clock network delay (ideal)
                        100.00  100.00 v input external delay
     1    0.98    0.00    0.00  100.00 v RST (in)
                                         RST (net)
                  0.00    0.00  100.00 v _28_/A (INVx2_ASAP7_75t_R)
     7    4.85   14.90    7.83  107.83 ^ _28_/Y (INVx2_ASAP7_75t_R)
                                         _12_ (net)
                 14.90    0.00  107.83 ^ ST_cr[0]$_DFF_PP1_/SETN (DFFASRHQNx1_ASAP7_75t_R)
                                107.83   data arrival time

                  0.00    0.00    0.00   clock core_clock (rise edge)
                          0.00    0.00   clock network delay (ideal)
                          0.00    0.00   clock reconvergence pessimism
                                  0.00 ^ ST_cr[0]$_DFF_PP1_/CLK (DFFASRHQNx1_ASAP7_75t_R)
                         15.72   15.72   library removal time
                                 15.72   data required time
-----------------------------------------------------------------------------
                                 15.72   data required time
                               -107.83   data arrival time
-----------------------------------------------------------------------------
                                 92.11   slack (MET)


Startpoint: ST_cr[2]$_DFF_PP0_
            (rising edge-triggered flip-flop clocked by core_clock)
Endpoint: ST_cr[5]$_DFF_PP0_
          (rising edge-triggered flip-flop clocked by core_clock)
Path Group: core_clock
Path Type: min

Fanout     Cap    Slew   Delay    Time   Description
-----------------------------------------------------------------------------
                  0.00    0.00    0.00   clock core_clock (rise edge)
                          0.00    0.00   clock network delay (ideal)
                  0.00    0.00    0.00 ^ ST_cr[2]$_DFF_PP0_/CLK (DFFASRHQNx1_ASAP7_75t_R)
     2    1.04   15.68   37.01   37.01 ^ ST_cr[2]$_DFF_PP0_/QN (DFFASRHQNx1_ASAP7_75t_R)
                                         _09_ (net)
                 15.68    0.00   37.01 ^ _18_/B (NOR2x1_ASAP7_75t_R)
     1    0.55    6.75    8.55   45.56 v _18_/Y (NOR2x1_ASAP7_75t_R)
                                         _05_ (net)
                  6.75    0.00   45.56 v ST_cr[5]$_DFF_PP0_/D (DFFASRHQNx1_ASAP7_75t_R)
                                 45.56   data arrival time

                  0.00    0.00    0.00   clock core_clock (rise edge)
                          0.00    0.00   clock network delay (ideal)
                          0.00    0.00   clock reconvergence pessimism
                                  0.00 ^ ST_cr[5]$_DFF_PP0_/CLK (DFFASRHQNx1_ASAP7_75t_R)
                          9.21    9.21   library hold time
                                  9.21   data required time
-----------------------------------------------------------------------------
                                  9.21   data required time
                                -45.56   data arrival time
-----------------------------------------------------------------------------
                                 36.34   slack (MET)



==========================================================================
floorplan final report_checks -path_delay max
--------------------------------------------------------------------------
Startpoint: RST (input port clocked by core_clock)
Endpoint: ST_cr[0]$_DFF_PP1_
          (recovery check against rising-edge clock core_clock)
Path Group: asynchronous
Path Type: max

Fanout     Cap    Slew   Delay    Time   Description
-----------------------------------------------------------------------------
                  0.00    0.00    0.00   clock core_clock (rise edge)
                          0.00    0.00   clock network delay (ideal)
                        100.00  100.00 v input external delay
     1    1.32    0.00    0.00  100.00 v RST (in)
                                         RST (net)
                  0.00    0.00  100.00 v _28_/A (INVx2_ASAP7_75t_R)
     7    5.78   17.74    9.10  109.10 ^ _28_/Y (INVx2_ASAP7_75t_R)
                                         _12_ (net)
                 17.74    0.00  109.10 ^ ST_cr[0]$_DFF_PP1_/SETN (DFFASRHQNx1_ASAP7_75t_R)
                                109.10   data arrival time

                  0.00  500.00  500.00   clock core_clock (rise edge)
                          0.00  500.00   clock network delay (ideal)
                          0.00  500.00   clock reconvergence pessimism
                                500.00 ^ ST_cr[0]$_DFF_PP1_/CLK (DFFASRHQNx1_ASAP7_75t_R)
                          1.88  501.88   library recovery time
                                501.88   data required time
-----------------------------------------------------------------------------
                                501.88   data required time
                               -109.10   data arrival time
-----------------------------------------------------------------------------
                                392.78   slack (MET)


Startpoint: RST (input port clocked by core_clock)
Endpoint: MATCH (output port clocked by core_clock)
Path Group: core_clock
Path Type: max

Fanout     Cap    Slew   Delay    Time   Description
-----------------------------------------------------------------------------
                  0.00    0.00    0.00   clock core_clock (rise edge)
                          0.00    0.00   clock network delay (ideal)
                        100.00  100.00 v input external delay
     1    1.32    0.00    0.00  100.00 v RST (in)
                                         RST (net)
                  0.00    0.00  100.00 v _28_/A (INVx2_ASAP7_75t_R)
     7    5.78   17.74    9.10  109.10 ^ _28_/Y (INVx2_ASAP7_75t_R)
                                         _12_ (net)
                 17.74    0.00  109.10 ^ _29_/B (AND3x1_ASAP7_75t_R)
     1    0.00    5.84   19.13  128.23 ^ _29_/Y (AND3x1_ASAP7_75t_R)
                                         MATCH (net)
                  5.84    0.00  128.23 ^ MATCH (out)
                                128.23   data arrival time

                  0.00  500.00  500.00   clock core_clock (rise edge)
                          0.00  500.00   clock network delay (ideal)
                          0.00  500.00   clock reconvergence pessimism
                       -100.00  400.00   output external delay
                                400.00   data required time
-----------------------------------------------------------------------------
                                400.00   data required time
                               -128.23   data arrival time
-----------------------------------------------------------------------------
                                271.77   slack (MET)



==========================================================================
floorplan final report_checks -unconstrained
--------------------------------------------------------------------------
Startpoint: RST (input port clocked by core_clock)
Endpoint: ST_cr[0]$_DFF_PP1_
          (recovery check against rising-edge clock core_clock)
Path Group: asynchronous
Path Type: max

Fanout     Cap    Slew   Delay    Time   Description
-----------------------------------------------------------------------------
                  0.00    0.00    0.00   clock core_clock (rise edge)
                          0.00    0.00   clock network delay (ideal)
                        100.00  100.00 v input external delay
     1    1.32    0.00    0.00  100.00 v RST (in)
                                         RST (net)
                  0.00    0.00  100.00 v _28_/A (INVx2_ASAP7_75t_R)
     7    5.78   17.74    9.10  109.10 ^ _28_/Y (INVx2_ASAP7_75t_R)
                                         _12_ (net)
                 17.74    0.00  109.10 ^ ST_cr[0]$_DFF_PP1_/SETN (DFFASRHQNx1_ASAP7_75t_R)
                                109.10   data arrival time

                  0.00  500.00  500.00   clock core_clock (rise edge)
                          0.00  500.00   clock network delay (ideal)
                          0.00  500.00   clock reconvergence pessimism
                                500.00 ^ ST_cr[0]$_DFF_PP1_/CLK (DFFASRHQNx1_ASAP7_75t_R)
                          1.88  501.88   library recovery time
                                501.88   data required time
-----------------------------------------------------------------------------
                                501.88   data required time
                               -109.10   data arrival time
-----------------------------------------------------------------------------
                                392.78   slack (MET)


Startpoint: RST (input port clocked by core_clock)
Endpoint: MATCH (output port clocked by core_clock)
Path Group: core_clock
Path Type: max

Fanout     Cap    Slew   Delay    Time   Description
-----------------------------------------------------------------------------
                  0.00    0.00    0.00   clock core_clock (rise edge)
                          0.00    0.00   clock network delay (ideal)
                        100.00  100.00 v input external delay
     1    1.32    0.00    0.00  100.00 v RST (in)
                                         RST (net)
                  0.00    0.00  100.00 v _28_/A (INVx2_ASAP7_75t_R)
     7    5.78   17.74    9.10  109.10 ^ _28_/Y (INVx2_ASAP7_75t_R)
                                         _12_ (net)
                 17.74    0.00  109.10 ^ _29_/B (AND3x1_ASAP7_75t_R)
     1    0.00    5.84   19.13  128.23 ^ _29_/Y (AND3x1_ASAP7_75t_R)
                                         MATCH (net)
                  5.84    0.00  128.23 ^ MATCH (out)
                                128.23   data arrival time

                  0.00  500.00  500.00   clock core_clock (rise edge)
                          0.00  500.00   clock network delay (ideal)
                          0.00  500.00   clock reconvergence pessimism
                       -100.00  400.00   output external delay
                                400.00   data required time
-----------------------------------------------------------------------------
                                400.00   data required time
                               -128.23   data arrival time
-----------------------------------------------------------------------------
                                271.77   slack (MET)



==========================================================================
floorplan final report_power
--------------------------------------------------------------------------
Group                  Internal  Switching    Leakage      Total
                          Power      Power      Power      Power (Watts)
----------------------------------------------------------------
Sequential             4.35e-06   6.82e-07   1.08e-10   5.03e-06  58.8%
Combinational          1.58e-06   1.94e-06   1.50e-09   3.53e-06  41.2%
Clock                  0.00e+00   0.00e+00   0.00e+00   0.00e+00   0.0%
Macro                  0.00e+00   0.00e+00   0.00e+00   0.00e+00   0.0%
Pad                    0.00e+00   0.00e+00   0.00e+00   0.00e+00   0.0%
----------------------------------------------------------------
Total                  5.93e-06   2.63e-06   1.61e-09   8.56e-06 100.0%
                          69.3%      30.7%       0.0%
