
==========================================================================
detailed place report_tns
--------------------------------------------------------------------------
tns max 0.00

==========================================================================
detailed place report_wns
--------------------------------------------------------------------------
wns max 0.00

==========================================================================
detailed place report_worst_slack
--------------------------------------------------------------------------
worst slack max 240.66

==========================================================================
detailed place report_clock_min_period
--------------------------------------------------------------------------
core_clock period_min = 259.34 fmax = 3855.93

==========================================================================
detailed place report_checks -path_delay min
--------------------------------------------------------------------------
Startpoint: RST (input port clocked by core_clock)
Endpoint: ST_cr[0]$_DFF_PP1_
          (removal check against rising-edge clock core_clock)
Path Group: asynchronous
Path Type: min

Fanout     Cap    Slew   Delay    Time   Description
-----------------------------------------------------------------------------
                  0.00    0.00    0.00   clock core_clock (rise edge)
                          0.00    0.00   clock network delay (ideal)
                        100.00  100.00 v input external delay
     1    0.68    0.00    0.00  100.00 v RST (in)
                                         RST (net)
                  0.09    0.03  100.03 v input8/A (BUFx2_ASAP7_75t_R)
     1    1.08    6.00   11.22  111.25 v input8/Y (BUFx2_ASAP7_75t_R)
                                         net7 (net)
                  6.01    0.05  111.30 v _28_/A (INVx2_ASAP7_75t_R)
     7    5.76   19.15   10.92  122.22 ^ _28_/Y (INVx2_ASAP7_75t_R)
                                         _12_ (net)
                 19.16    0.14  122.35 ^ ST_cr[0]$_DFF_PP1_/SETN (DFFASRHQNx1_ASAP7_75t_R)
                                122.35   data arrival time

                  0.00    0.00    0.00   clock core_clock (rise edge)
                          0.00    0.00   clock network delay (ideal)
                          0.00    0.00   clock reconvergence pessimism
                                  0.00 ^ ST_cr[0]$_DFF_PP1_/CLK (DFFASRHQNx1_ASAP7_75t_R)
                         15.14   15.14   library removal time
                                 15.14   data required time
-----------------------------------------------------------------------------
                                 15.14   data required time
                               -122.35   data arrival time
-----------------------------------------------------------------------------
                                107.22   slack (MET)


Startpoint: ST_cr[2]$_DFF_PP0_
            (rising edge-triggered flip-flop clocked by core_clock)
Endpoint: ST_cr[5]$_DFF_PP0_
          (rising edge-triggered flip-flop clocked by core_clock)
Path Group: core_clock
Path Type: min

Fanout     Cap    Slew   Delay    Time   Description
-----------------------------------------------------------------------------
                  0.00    0.00    0.00   clock core_clock (rise edge)
                          0.00    0.00   clock network delay (ideal)
                  0.00    0.00    0.00 ^ ST_cr[2]$_DFF_PP0_/CLK (DFFASRHQNx1_ASAP7_75t_R)
     2    1.50   18.68   39.16   39.16 ^ ST_cr[2]$_DFF_PP0_/QN (DFFASRHQNx1_ASAP7_75t_R)
                                         _09_ (net)
                 18.69    0.11   39.27 ^ _18_/B (NOR2x1_ASAP7_75t_R)
     1    0.60    8.87    9.34   48.61 v _18_/Y (NOR2x1_ASAP7_75t_R)
                                         _05_ (net)
                  8.87    0.02   48.63 v ST_cr[5]$_DFF_PP0_/D (DFFASRHQNx1_ASAP7_75t_R)
                                 48.63   data arrival time

                  0.00    0.00    0.00   clock core_clock (rise edge)
                          0.00    0.00   clock network delay (ideal)
                          0.00    0.00   clock reconvergence pessimism
                                  0.00 ^ ST_cr[5]$_DFF_PP0_/CLK (DFFASRHQNx1_ASAP7_75t_R)
                          8.97    8.97   library hold time
                                  8.97   data required time
-----------------------------------------------------------------------------
                                  8.97   data required time
                                -48.63   data arrival time
-----------------------------------------------------------------------------
                                 39.66   slack (MET)



==========================================================================
detailed place report_checks -path_delay max
--------------------------------------------------------------------------
Startpoint: RST (input port clocked by core_clock)
Endpoint: ST_cr[0]$_DFF_PP1_
          (recovery check against rising-edge clock core_clock)
Path Group: asynchronous
Path Type: max

Fanout     Cap    Slew   Delay    Time   Description
-----------------------------------------------------------------------------
                  0.00    0.00    0.00   clock core_clock (rise edge)
                          0.00    0.00   clock network delay (ideal)
                        100.00  100.00 v input external delay
     1    0.82    0.00    0.00  100.00 v RST (in)
                                         RST (net)
                  0.11    0.03  100.03 v input8/A (BUFx2_ASAP7_75t_R)
     1    1.42    6.87   11.74  111.77 v input8/Y (BUFx2_ASAP7_75t_R)
                                         net7 (net)
                  6.87    0.06  111.83 v _28_/A (INVx2_ASAP7_75t_R)
     7    6.69   22.15   12.41  124.25 ^ _28_/Y (INVx2_ASAP7_75t_R)
                                         _12_ (net)
                 22.15    0.16  124.40 ^ ST_cr[0]$_DFF_PP1_/SETN (DFFASRHQNx1_ASAP7_75t_R)
                                124.40   data arrival time

                  0.00  500.00  500.00   clock core_clock (rise edge)
                          0.00  500.00   clock network delay (ideal)
                          0.00  500.00   clock reconvergence pessimism
                                500.00 ^ ST_cr[0]$_DFF_PP1_/CLK (DFFASRHQNx1_ASAP7_75t_R)
                          2.52  502.52   library recovery time
                                502.52   data required time
-----------------------------------------------------------------------------
                                502.52   data required time
                               -124.40   data arrival time
-----------------------------------------------------------------------------
                                378.12   slack (MET)


Startpoint: RST (input port clocked by core_clock)
Endpoint: MATCH (output port clocked by core_clock)
Path Group: core_clock
Path Type: max

Fanout     Cap    Slew   Delay    Time   Description
-----------------------------------------------------------------------------
                  0.00    0.00    0.00   clock core_clock (rise edge)
                          0.00    0.00   clock network delay (ideal)
                        100.00  100.00 v input external delay
     1    0.82    0.00    0.00  100.00 v RST (in)
                                         RST (net)
                  0.11    0.03  100.03 v input8/A (BUFx2_ASAP7_75t_R)
     1    1.42    6.87   11.74  111.77 v input8/Y (BUFx2_ASAP7_75t_R)
                                         net7 (net)
                  6.87    0.06  111.83 v _28_/A (INVx2_ASAP7_75t_R)
     7    6.69   22.15   12.41  124.25 ^ _28_/Y (INVx2_ASAP7_75t_R)
                                         _12_ (net)
                 22.16    0.25  124.49 ^ _29_/B (AND3x1_ASAP7_75t_R)
     1    0.59    9.60   22.44  146.94 ^ _29_/Y (AND3x1_ASAP7_75t_R)
                                         net8 (net)
                  9.60    0.02  146.95 ^ output9/A (BUFx2_ASAP7_75t_R)
     1    0.27    4.31   12.38  159.33 ^ output9/Y (BUFx2_ASAP7_75t_R)
                                         MATCH (net)
                  4.31    0.01  159.34 ^ MATCH (out)
                                159.34   data arrival time

                  0.00  500.00  500.00   clock core_clock (rise edge)
                          0.00  500.00   clock network delay (ideal)
                          0.00  500.00   clock reconvergence pessimism
                       -100.00  400.00   output external delay
                                400.00   data required time
-----------------------------------------------------------------------------
                                400.00   data required time
                               -159.34   data arrival time
-----------------------------------------------------------------------------
                                240.66   slack (MET)



==========================================================================
detailed place report_checks -unconstrained
--------------------------------------------------------------------------
Startpoint: RST (input port clocked by core_clock)
Endpoint: ST_cr[0]$_DFF_PP1_
          (recovery check against rising-edge clock core_clock)
Path Group: asynchronous
Path Type: max

Fanout     Cap    Slew   Delay    Time   Description
-----------------------------------------------------------------------------
                  0.00    0.00    0.00   clock core_clock (rise edge)
                          0.00    0.00   clock network delay (ideal)
                        100.00  100.00 v input external delay
     1    0.82    0.00    0.00  100.00 v RST (in)
                                         RST (net)
                  0.11    0.03  100.03 v input8/A (BUFx2_ASAP7_75t_R)
     1    1.42    6.87   11.74  111.77 v input8/Y (BUFx2_ASAP7_75t_R)
                                         net7 (net)
                  6.87    0.06  111.83 v _28_/A (INVx2_ASAP7_75t_R)
     7    6.69   22.15   12.41  124.25 ^ _28_/Y (INVx2_ASAP7_75t_R)
                                         _12_ (net)
                 22.15    0.16  124.40 ^ ST_cr[0]$_DFF_PP1_/SETN (DFFASRHQNx1_ASAP7_75t_R)
                                124.40   data arrival time

                  0.00  500.00  500.00   clock core_clock (rise edge)
                          0.00  500.00   clock network delay (ideal)
                          0.00  500.00   clock reconvergence pessimism
                                500.00 ^ ST_cr[0]$_DFF_PP1_/CLK (DFFASRHQNx1_ASAP7_75t_R)
                          2.52  502.52   library recovery time
                                502.52   data required time
-----------------------------------------------------------------------------
                                502.52   data required time
                               -124.40   data arrival time
-----------------------------------------------------------------------------
                                378.12   slack (MET)


Startpoint: RST (input port clocked by core_clock)
Endpoint: MATCH (output port clocked by core_clock)
Path Group: core_clock
Path Type: max

Fanout     Cap    Slew   Delay    Time   Description
-----------------------------------------------------------------------------
                  0.00    0.00    0.00   clock core_clock (rise edge)
                          0.00    0.00   clock network delay (ideal)
                        100.00  100.00 v input external delay
     1    0.82    0.00    0.00  100.00 v RST (in)
                                         RST (net)
                  0.11    0.03  100.03 v input8/A (BUFx2_ASAP7_75t_R)
     1    1.42    6.87   11.74  111.77 v input8/Y (BUFx2_ASAP7_75t_R)
                                         net7 (net)
                  6.87    0.06  111.83 v _28_/A (INVx2_ASAP7_75t_R)
     7    6.69   22.15   12.41  124.25 ^ _28_/Y (INVx2_ASAP7_75t_R)
                                         _12_ (net)
                 22.16    0.25  124.49 ^ _29_/B (AND3x1_ASAP7_75t_R)
     1    0.59    9.60   22.44  146.94 ^ _29_/Y (AND3x1_ASAP7_75t_R)
                                         net8 (net)
                  9.60    0.02  146.95 ^ output9/A (BUFx2_ASAP7_75t_R)
     1    0.27    4.31   12.38  159.33 ^ output9/Y (BUFx2_ASAP7_75t_R)
                                         MATCH (net)
                  4.31    0.01  159.34 ^ MATCH (out)
                                159.34   data arrival time

                  0.00  500.00  500.00   clock core_clock (rise edge)
                          0.00  500.00   clock network delay (ideal)
                          0.00  500.00   clock reconvergence pessimism
                       -100.00  400.00   output external delay
                                400.00   data required time
-----------------------------------------------------------------------------
                                400.00   data required time
                               -159.34   data arrival time
-----------------------------------------------------------------------------
                                240.66   slack (MET)



==========================================================================
detailed place report_check_types -max_slew -max_cap -max_fanout -violators
--------------------------------------------------------------------------

==========================================================================
detailed place max_slew_check_slack
--------------------------------------------------------------------------
294.7762451171875

==========================================================================
detailed place max_slew_check_limit
--------------------------------------------------------------------------
320.0

==========================================================================
detailed place max_slew_check_slack_limit
--------------------------------------------------------------------------
0.9212

==========================================================================
detailed place max_fanout_check_slack
--------------------------------------------------------------------------
1.0000000150474662e+30

==========================================================================
detailed place max_fanout_check_limit
--------------------------------------------------------------------------
1.0000000150474662e+30

==========================================================================
detailed place max_capacitance_check_slack
--------------------------------------------------------------------------
22.332164764404297

==========================================================================
detailed place max_capacitance_check_limit
--------------------------------------------------------------------------
23.040000915527344

==========================================================================
detailed place max_capacitance_check_slack_limit
--------------------------------------------------------------------------
0.9693

==========================================================================
detailed place max_slew_violation_count
--------------------------------------------------------------------------
max slew violation count 0

==========================================================================
detailed place max_fanout_violation_count
--------------------------------------------------------------------------
max fanout violation count 0

==========================================================================
detailed place max_cap_violation_count
--------------------------------------------------------------------------
max cap violation count 0

==========================================================================
detailed place setup_violation_count
--------------------------------------------------------------------------
setup violation count 0

==========================================================================
detailed place hold_violation_count
--------------------------------------------------------------------------
hold violation count 0

==========================================================================
detailed place report_checks -path_delay max reg to reg
--------------------------------------------------------------------------
Startpoint: ST_cr[2]$_DFF_PP0_
            (rising edge-triggered flip-flop clocked by core_clock)
Endpoint: ST_cr[3]$_DFF_PP0_
          (rising edge-triggered flip-flop clocked by core_clock)
Path Group: core_clock
Path Type: max

  Delay    Time   Description
---------------------------------------------------------
   0.00    0.00   clock core_clock (rise edge)
   0.00    0.00   clock network delay (ideal)
   0.00    0.00 ^ ST_cr[2]$_DFF_PP0_/CLK (DFFASRHQNx1_ASAP7_75t_R)
  41.72   41.72 ^ ST_cr[2]$_DFF_PP0_/QN (DFFASRHQNx1_ASAP7_75t_R)
  35.66   77.38 ^ _22_/Y (AND4x2_ASAP7_75t_R)
   8.37   85.75 v _23_/Y (NOR2x2_ASAP7_75t_R)
   0.03   85.78 v ST_cr[3]$_DFF_PP0_/D (DFFASRHQNx1_ASAP7_75t_R)
          85.78   data arrival time

 500.00  500.00   clock core_clock (rise edge)
   0.00  500.00   clock network delay (ideal)
   0.00  500.00   clock reconvergence pessimism
         500.00 ^ ST_cr[3]$_DFF_PP0_/CLK (DFFASRHQNx1_ASAP7_75t_R)
  -6.28  493.72   library setup time
         493.72   data required time
---------------------------------------------------------
         493.72   data required time
         -85.78   data arrival time
---------------------------------------------------------
         407.94   slack (MET)



==========================================================================
detailed place report_checks -path_delay min reg to reg
--------------------------------------------------------------------------
Startpoint: ST_cr[2]$_DFF_PP0_
            (rising edge-triggered flip-flop clocked by core_clock)
Endpoint: ST_cr[5]$_DFF_PP0_
          (rising edge-triggered flip-flop clocked by core_clock)
Path Group: core_clock
Path Type: min

  Delay    Time   Description
---------------------------------------------------------
   0.00    0.00   clock core_clock (rise edge)
   0.00    0.00   clock network delay (ideal)
   0.00    0.00 ^ ST_cr[2]$_DFF_PP0_/CLK (DFFASRHQNx1_ASAP7_75t_R)
  39.16   39.16 ^ ST_cr[2]$_DFF_PP0_/QN (DFFASRHQNx1_ASAP7_75t_R)
   9.45   48.61 v _18_/Y (NOR2x1_ASAP7_75t_R)
   0.02   48.63 v ST_cr[5]$_DFF_PP0_/D (DFFASRHQNx1_ASAP7_75t_R)
          48.63   data arrival time

   0.00    0.00   clock core_clock (rise edge)
   0.00    0.00   clock network delay (ideal)
   0.00    0.00   clock reconvergence pessimism
           0.00 ^ ST_cr[5]$_DFF_PP0_/CLK (DFFASRHQNx1_ASAP7_75t_R)
   8.97    8.97   library hold time
           8.97   data required time
---------------------------------------------------------
           8.97   data required time
         -48.63   data arrival time
---------------------------------------------------------
          39.66   slack (MET)



==========================================================================
detailed place critical path target clock latency max path
--------------------------------------------------------------------------
0.0000

==========================================================================
detailed place critical path target clock latency min path
--------------------------------------------------------------------------
0.0000

==========================================================================
detailed place critical path source clock latency min path
--------------------------------------------------------------------------
0.0000

==========================================================================
detailed place critical path delay
--------------------------------------------------------------------------
159.3408

==========================================================================
detailed place critical path slack
--------------------------------------------------------------------------
240.6592

==========================================================================
detailed place slack div critical path delay
--------------------------------------------------------------------------
151.034261

==========================================================================
detailed place report_power
--------------------------------------------------------------------------
Group                  Internal  Switching    Leakage      Total
                          Power      Power      Power      Power (Watts)
----------------------------------------------------------------
Sequential             4.35e-06   7.98e-07   1.08e-10   5.14e-06  55.7%
Combinational          1.87e-06   2.23e-06   1.65e-09   4.10e-06  44.3%
Clock                  0.00e+00   0.00e+00   0.00e+00   0.00e+00   0.0%
Macro                  0.00e+00   0.00e+00   0.00e+00   0.00e+00   0.0%
Pad                    0.00e+00   0.00e+00   0.00e+00   0.00e+00   0.0%
----------------------------------------------------------------
Total                  6.21e-06   3.03e-06   1.76e-09   9.24e-06 100.0%
                          67.2%      32.7%       0.0%
