
==========================================================================
cts final report_tns
--------------------------------------------------------------------------
tns max 0.00

==========================================================================
cts final report_wns
--------------------------------------------------------------------------
wns max 0.00

==========================================================================
cts final report_worst_slack
--------------------------------------------------------------------------
worst slack max 240.51

==========================================================================
cts final report_clock_min_period
--------------------------------------------------------------------------
core_clock period_min = 259.49 fmax = 3853.72

==========================================================================
cts final report_clock_skew
--------------------------------------------------------------------------
Clock core_clock
  26.23 source latency ST_cr[2]$_DFF_PP0_/CLK ^
 -24.89 target latency ST_cr[5]$_DFF_PP0_/CLK ^
  -0.43 CRPR
--------------
   0.91 setup skew


==========================================================================
cts final report_checks -path_delay min
--------------------------------------------------------------------------
Startpoint: RST (input port clocked by core_clock)
Endpoint: ST_cr[4]$_DFF_PP0_
          (removal check against rising-edge clock core_clock)
Path Group: asynchronous
Path Type: min

Fanout     Cap    Slew   Delay    Time   Description
-----------------------------------------------------------------------------
                          0.00    0.00   clock core_clock (rise edge)
                          0.00    0.00   clock network delay (propagated)
                        100.00  100.00 v input external delay
     1    0.72    0.00    0.00  100.00 v RST (in)
                                         RST (net)
                  0.10    0.03  100.03 v input8/A (BUFx2_ASAP7_75t_R)
     1    1.13    6.13   11.29  111.33 v input8/Y (BUFx2_ASAP7_75t_R)
                                         net7 (net)
                  6.13    0.06  111.38 v _28_/A (INVx2_ASAP7_75t_R)
     7    5.77   19.19   10.97  122.35 ^ _28_/Y (INVx2_ASAP7_75t_R)
                                         _12_ (net)
                 19.20    0.23  122.58 ^ ST_cr[4]$_DFF_PP0_/RESETN (DFFASRHQNx1_ASAP7_75t_R)
                                122.58   data arrival time

                          0.00    0.00   clock core_clock (rise edge)
                          0.00    0.00   clock source latency
     1    0.96    0.00    0.00    0.00 ^ CLK (in)
                                         CLK (net)
                  0.27    0.09    0.09 ^ clkbuf_0_CLK/A (BUFx2_ASAP7_75t_R)
     2    1.55    7.86   11.53   11.62 ^ clkbuf_0_CLK/Y (BUFx2_ASAP7_75t_R)
                                         clknet_0_CLK (net)
                  7.86    0.09   11.71 ^ clkbuf_1_1__f_CLK/A (BUFx2_ASAP7_75t_R)
     3    1.92    8.99   14.46   26.17 ^ clkbuf_1_1__f_CLK/Y (BUFx2_ASAP7_75t_R)
                                         clknet_1_1__leaf_CLK (net)
                  9.00    0.06   26.23 ^ ST_cr[4]$_DFF_PP0_/CLK (DFFASRHQNx1_ASAP7_75t_R)
                          0.00   26.23   clock reconvergence pessimism
                         21.56   47.79   library removal time
                                 47.79   data required time
-----------------------------------------------------------------------------
                                 47.79   data required time
                               -122.58   data arrival time
-----------------------------------------------------------------------------
                                 74.79   slack (MET)


Startpoint: ST_cr[2]$_DFF_PP0_
            (rising edge-triggered flip-flop clocked by core_clock)
Endpoint: ST_cr[5]$_DFF_PP0_
          (rising edge-triggered flip-flop clocked by core_clock)
Path Group: core_clock
Path Type: min

Fanout     Cap    Slew   Delay    Time   Description
-----------------------------------------------------------------------------
                          0.00    0.00   clock core_clock (rise edge)
                          0.00    0.00   clock source latency
     1    0.83    0.00    0.00    0.00 ^ CLK (in)
                                         CLK (net)
                  0.23    0.07    0.07 ^ clkbuf_0_CLK/A (BUFx2_ASAP7_75t_R)
     2    1.30    7.08   11.11   11.18 ^ clkbuf_0_CLK/Y (BUFx2_ASAP7_75t_R)
                                         clknet_0_CLK (net)
                  7.09    0.07   11.26 ^ clkbuf_1_1__f_CLK/A (BUFx2_ASAP7_75t_R)
     3    1.56    7.89   13.65   24.90 ^ clkbuf_1_1__f_CLK/Y (BUFx2_ASAP7_75t_R)
                                         clknet_1_1__leaf_CLK (net)
                  7.89    0.05   24.96 ^ ST_cr[2]$_DFF_PP0_/CLK (DFFASRHQNx1_ASAP7_75t_R)
     2    1.51   18.75   41.60   66.56 ^ ST_cr[2]$_DFF_PP0_/QN (DFFASRHQNx1_ASAP7_75t_R)
                                         _09_ (net)
                 18.76    0.11   66.67 ^ _18_/B (NOR2x1_ASAP7_75t_R)
     1    0.62    9.00    9.44   76.11 v _18_/Y (NOR2x1_ASAP7_75t_R)
                                         _05_ (net)
                  9.00    0.02   76.14 v ST_cr[5]$_DFF_PP0_/D (DFFASRHQNx1_ASAP7_75t_R)
                                 76.14   data arrival time

                          0.00    0.00   clock core_clock (rise edge)
                          0.00    0.00   clock source latency
     1    0.96    0.00    0.00    0.00 ^ CLK (in)
                                         CLK (net)
                  0.27    0.09    0.09 ^ clkbuf_0_CLK/A (BUFx2_ASAP7_75t_R)
     2    1.55    7.86   11.53   11.62 ^ clkbuf_0_CLK/Y (BUFx2_ASAP7_75t_R)
                                         clknet_0_CLK (net)
                  7.86    0.07   11.68 ^ clkbuf_1_0__f_CLK/A (BUFx2_ASAP7_75t_R)
     3    1.88    8.88   14.39   26.07 ^ clkbuf_1_0__f_CLK/Y (BUFx2_ASAP7_75t_R)
                                         clknet_1_0__leaf_CLK (net)
                  8.88    0.09   26.16 ^ ST_cr[5]$_DFF_PP0_/CLK (DFFASRHQNx1_ASAP7_75t_R)
                         -0.43   25.73   clock reconvergence pessimism
                         11.18   36.91   library hold time
                                 36.91   data required time
-----------------------------------------------------------------------------
                                 36.91   data required time
                                -76.14   data arrival time
-----------------------------------------------------------------------------
                                 39.23   slack (MET)



==========================================================================
cts final report_checks -path_delay max
--------------------------------------------------------------------------
Startpoint: RST (input port clocked by core_clock)
Endpoint: ST_cr[0]$_DFF_PP1_
          (recovery check against rising-edge clock core_clock)
Path Group: asynchronous
Path Type: max

Fanout     Cap    Slew   Delay    Time   Description
-----------------------------------------------------------------------------
                          0.00    0.00   clock core_clock (rise edge)
                          0.00    0.00   clock network delay (propagated)
                        100.00  100.00 v input external delay
     1    0.85    0.00    0.00  100.00 v RST (in)
                                         RST (net)
                  0.12    0.04  100.04 v input8/A (BUFx2_ASAP7_75t_R)
     1    1.46    7.00   11.81  111.84 v input8/Y (BUFx2_ASAP7_75t_R)
                                         net7 (net)
                  7.00    0.07  111.92 v _28_/A (INVx2_ASAP7_75t_R)
     7    6.70   22.18   12.46  124.38 ^ _28_/Y (INVx2_ASAP7_75t_R)
                                         _12_ (net)
                 22.19    0.17  124.55 ^ ST_cr[0]$_DFF_PP1_/SETN (DFFASRHQNx1_ASAP7_75t_R)
                                124.55   data arrival time

                        500.00  500.00   clock core_clock (rise edge)
                          0.00  500.00   clock source latency
     1    0.83    0.00    0.00  500.00 ^ CLK (in)
                                         CLK (net)
                  0.23    0.07  500.07 ^ clkbuf_0_CLK/A (BUFx2_ASAP7_75t_R)
     2    1.30    7.08   11.11  511.18 ^ clkbuf_0_CLK/Y (BUFx2_ASAP7_75t_R)
                                         clknet_0_CLK (net)
                  7.08    0.05  511.24 ^ clkbuf_1_0__f_CLK/A (BUFx2_ASAP7_75t_R)
     3    1.52    7.76   13.58  524.82 ^ clkbuf_1_0__f_CLK/Y (BUFx2_ASAP7_75t_R)
                                         clknet_1_0__leaf_CLK (net)
                  7.76    0.06  524.88 ^ ST_cr[0]$_DFF_PP1_/CLK (DFFASRHQNx1_ASAP7_75t_R)
                          0.00  524.88   clock reconvergence pessimism
                          5.12  530.00   library recovery time
                                530.00   data required time
-----------------------------------------------------------------------------
                                530.00   data required time
                               -124.55   data arrival time
-----------------------------------------------------------------------------
                                405.45   slack (MET)


Startpoint: RST (input port clocked by core_clock)
Endpoint: MATCH (output port clocked by core_clock)
Path Group: core_clock
Path Type: max

Fanout     Cap    Slew   Delay    Time   Description
-----------------------------------------------------------------------------
                          0.00    0.00   clock core_clock (rise edge)
                          0.00    0.00   clock network delay (propagated)
                        100.00  100.00 v input external delay
     1    0.85    0.00    0.00  100.00 v RST (in)
                                         RST (net)
                  0.12    0.04  100.04 v input8/A (BUFx2_ASAP7_75t_R)
     1    1.46    7.00   11.81  111.84 v input8/Y (BUFx2_ASAP7_75t_R)
                                         net7 (net)
                  7.00    0.07  111.92 v _28_/A (INVx2_ASAP7_75t_R)
     7    6.70   22.18   12.46  124.38 ^ _28_/Y (INVx2_ASAP7_75t_R)
                                         _12_ (net)
                 22.19    0.25  124.63 ^ _29_/B (AND3x1_ASAP7_75t_R)
     1    0.59    9.60   22.45  147.08 ^ _29_/Y (AND3x1_ASAP7_75t_R)
                                         net8 (net)
                  9.60    0.02  147.10 ^ output9/A (BUFx2_ASAP7_75t_R)
     1    0.27    4.31   12.38  159.48 ^ output9/Y (BUFx2_ASAP7_75t_R)
                                         MATCH (net)
                  4.31    0.01  159.49 ^ MATCH (out)
                                159.49   data arrival time

                        500.00  500.00   clock core_clock (rise edge)
                          0.00  500.00   clock network delay (propagated)
                          0.00  500.00   clock reconvergence pessimism
                       -100.00  400.00   output external delay
                                400.00   data required time
-----------------------------------------------------------------------------
                                400.00   data required time
                               -159.49   data arrival time
-----------------------------------------------------------------------------
                                240.51   slack (MET)



==========================================================================
cts final report_checks -unconstrained
--------------------------------------------------------------------------
Startpoint: RST (input port clocked by core_clock)
Endpoint: ST_cr[0]$_DFF_PP1_
          (recovery check against rising-edge clock core_clock)
Path Group: asynchronous
Path Type: max

Fanout     Cap    Slew   Delay    Time   Description
-----------------------------------------------------------------------------
                          0.00    0.00   clock core_clock (rise edge)
                          0.00    0.00   clock network delay (propagated)
                        100.00  100.00 v input external delay
     1    0.85    0.00    0.00  100.00 v RST (in)
                                         RST (net)
                  0.12    0.04  100.04 v input8/A (BUFx2_ASAP7_75t_R)
     1    1.46    7.00   11.81  111.84 v input8/Y (BUFx2_ASAP7_75t_R)
                                         net7 (net)
                  7.00    0.07  111.92 v _28_/A (INVx2_ASAP7_75t_R)
     7    6.70   22.18   12.46  124.38 ^ _28_/Y (INVx2_ASAP7_75t_R)
                                         _12_ (net)
                 22.19    0.17  124.55 ^ ST_cr[0]$_DFF_PP1_/SETN (DFFASRHQNx1_ASAP7_75t_R)
                                124.55   data arrival time

                        500.00  500.00   clock core_clock (rise edge)
                          0.00  500.00   clock source latency
     1    0.83    0.00    0.00  500.00 ^ CLK (in)
                                         CLK (net)
                  0.23    0.07  500.07 ^ clkbuf_0_CLK/A (BUFx2_ASAP7_75t_R)
     2    1.30    7.08   11.11  511.18 ^ clkbuf_0_CLK/Y (BUFx2_ASAP7_75t_R)
                                         clknet_0_CLK (net)
                  7.08    0.05  511.24 ^ clkbuf_1_0__f_CLK/A (BUFx2_ASAP7_75t_R)
     3    1.52    7.76   13.58  524.82 ^ clkbuf_1_0__f_CLK/Y (BUFx2_ASAP7_75t_R)
                                         clknet_1_0__leaf_CLK (net)
                  7.76    0.06  524.88 ^ ST_cr[0]$_DFF_PP1_/CLK (DFFASRHQNx1_ASAP7_75t_R)
                          0.00  524.88   clock reconvergence pessimism
                          5.12  530.00   library recovery time
                                530.00   data required time
-----------------------------------------------------------------------------
                                530.00   data required time
                               -124.55   data arrival time
-----------------------------------------------------------------------------
                                405.45   slack (MET)


Startpoint: RST (input port clocked by core_clock)
Endpoint: MATCH (output port clocked by core_clock)
Path Group: core_clock
Path Type: max

Fanout     Cap    Slew   Delay    Time   Description
-----------------------------------------------------------------------------
                          0.00    0.00   clock core_clock (rise edge)
                          0.00    0.00   clock network delay (propagated)
                        100.00  100.00 v input external delay
     1    0.85    0.00    0.00  100.00 v RST (in)
                                         RST (net)
                  0.12    0.04  100.04 v input8/A (BUFx2_ASAP7_75t_R)
     1    1.46    7.00   11.81  111.84 v input8/Y (BUFx2_ASAP7_75t_R)
                                         net7 (net)
                  7.00    0.07  111.92 v _28_/A (INVx2_ASAP7_75t_R)
     7    6.70   22.18   12.46  124.38 ^ _28_/Y (INVx2_ASAP7_75t_R)
                                         _12_ (net)
                 22.19    0.25  124.63 ^ _29_/B (AND3x1_ASAP7_75t_R)
     1    0.59    9.60   22.45  147.08 ^ _29_/Y (AND3x1_ASAP7_75t_R)
                                         net8 (net)
                  9.60    0.02  147.10 ^ output9/A (BUFx2_ASAP7_75t_R)
     1    0.27    4.31   12.38  159.48 ^ output9/Y (BUFx2_ASAP7_75t_R)
                                         MATCH (net)
                  4.31    0.01  159.49 ^ MATCH (out)
                                159.49   data arrival time

                        500.00  500.00   clock core_clock (rise edge)
                          0.00  500.00   clock network delay (propagated)
                          0.00  500.00   clock reconvergence pessimism
                       -100.00  400.00   output external delay
                                400.00   data required time
-----------------------------------------------------------------------------
                                400.00   data required time
                               -159.49   data arrival time
-----------------------------------------------------------------------------
                                240.51   slack (MET)



==========================================================================
cts final report_check_types -max_slew -max_cap -max_fanout -violators
--------------------------------------------------------------------------

==========================================================================
cts final max_slew_check_slack
--------------------------------------------------------------------------
294.7572326660156

==========================================================================
cts final max_slew_check_limit
--------------------------------------------------------------------------
320.0

==========================================================================
cts final max_slew_check_slack_limit
--------------------------------------------------------------------------
0.9211

==========================================================================
cts final max_fanout_check_slack
--------------------------------------------------------------------------
1.0000000150474662e+30

==========================================================================
cts final max_fanout_check_limit
--------------------------------------------------------------------------
1.0000000150474662e+30

==========================================================================
cts final max_capacitance_check_slack
--------------------------------------------------------------------------
22.332164764404297

==========================================================================
cts final max_capacitance_check_limit
--------------------------------------------------------------------------
23.040000915527344

==========================================================================
cts final max_capacitance_check_slack_limit
--------------------------------------------------------------------------
0.9693

==========================================================================
cts final max_slew_violation_count
--------------------------------------------------------------------------
max slew violation count 0

==========================================================================
cts final max_fanout_violation_count
--------------------------------------------------------------------------
max fanout violation count 0

==========================================================================
cts final max_cap_violation_count
--------------------------------------------------------------------------
max cap violation count 0

==========================================================================
cts final setup_violation_count
--------------------------------------------------------------------------
setup violation count 0

==========================================================================
cts final hold_violation_count
--------------------------------------------------------------------------
hold violation count 0

==========================================================================
cts final report_checks -path_delay max reg to reg
--------------------------------------------------------------------------
Startpoint: ST_cr[0]$_DFF_PP1_
            (rising edge-triggered flip-flop clocked by core_clock)
Endpoint: ST_cr[3]$_DFF_PP0_
          (rising edge-triggered flip-flop clocked by core_clock)
Path Group: core_clock
Path Type: max

  Delay    Time   Description
---------------------------------------------------------
   0.00    0.00   clock core_clock (rise edge)
   0.00    0.00   clock source latency
   0.00    0.00 ^ CLK (in)
  11.62   11.62 ^ clkbuf_0_CLK/Y (BUFx2_ASAP7_75t_R)
  14.45   26.07 ^ clkbuf_1_0__f_CLK/Y (BUFx2_ASAP7_75t_R)
   0.07   26.15 ^ ST_cr[0]$_DFF_PP1_/CLK (DFFASRHQNx1_ASAP7_75t_R)
  44.36   70.51 ^ ST_cr[0]$_DFF_PP1_/QN (DFFASRHQNx1_ASAP7_75t_R)
  35.52  106.03 ^ _22_/Y (AND4x2_ASAP7_75t_R)
   8.38  114.41 v _23_/Y (NOR2x2_ASAP7_75t_R)
   0.03  114.44 v ST_cr[3]$_DFF_PP0_/D (DFFASRHQNx1_ASAP7_75t_R)
         114.44   data arrival time

 500.00  500.00   clock core_clock (rise edge)
   0.00  500.00   clock source latency
   0.00  500.00 ^ CLK (in)
  11.18  511.18 ^ clkbuf_0_CLK/Y (BUFx2_ASAP7_75t_R)
  13.72  524.90 ^ clkbuf_1_1__f_CLK/Y (BUFx2_ASAP7_75t_R)
   0.06  524.96 ^ ST_cr[3]$_DFF_PP0_/CLK (DFFASRHQNx1_ASAP7_75t_R)
   0.43  525.40   clock reconvergence pessimism
  -4.15  521.24   library setup time
         521.24   data required time
---------------------------------------------------------
         521.24   data required time
        -114.44   data arrival time
---------------------------------------------------------
         406.81   slack (MET)



==========================================================================
cts final report_checks -path_delay min reg to reg
--------------------------------------------------------------------------
Startpoint: ST_cr[2]$_DFF_PP0_
            (rising edge-triggered flip-flop clocked by core_clock)
Endpoint: ST_cr[5]$_DFF_PP0_
          (rising edge-triggered flip-flop clocked by core_clock)
Path Group: core_clock
Path Type: min

  Delay    Time   Description
---------------------------------------------------------
   0.00    0.00   clock core_clock (rise edge)
   0.00    0.00   clock source latency
   0.00    0.00 ^ CLK (in)
  11.18   11.18 ^ clkbuf_0_CLK/Y (BUFx2_ASAP7_75t_R)
  13.72   24.90 ^ clkbuf_1_1__f_CLK/Y (BUFx2_ASAP7_75t_R)
   0.05   24.96 ^ ST_cr[2]$_DFF_PP0_/CLK (DFFASRHQNx1_ASAP7_75t_R)
  41.60   66.56 ^ ST_cr[2]$_DFF_PP0_/QN (DFFASRHQNx1_ASAP7_75t_R)
   9.55   76.11 v _18_/Y (NOR2x1_ASAP7_75t_R)
   0.02   76.14 v ST_cr[5]$_DFF_PP0_/D (DFFASRHQNx1_ASAP7_75t_R)
          76.14   data arrival time

   0.00    0.00   clock core_clock (rise edge)
   0.00    0.00   clock source latency
   0.00    0.00 ^ CLK (in)
  11.62   11.62 ^ clkbuf_0_CLK/Y (BUFx2_ASAP7_75t_R)
  14.45   26.07 ^ clkbuf_1_0__f_CLK/Y (BUFx2_ASAP7_75t_R)
   0.09   26.16 ^ ST_cr[5]$_DFF_PP0_/CLK (DFFASRHQNx1_ASAP7_75t_R)
  -0.43   25.73   clock reconvergence pessimism
  11.18   36.91   library hold time
          36.91   data required time
---------------------------------------------------------
          36.91   data required time
         -76.14   data arrival time
---------------------------------------------------------
          39.23   slack (MET)



==========================================================================
cts final critical path target clock latency max path
--------------------------------------------------------------------------
24.8761

==========================================================================
cts final critical path target clock latency min path
--------------------------------------------------------------------------
26.2300

==========================================================================
cts final critical path source clock latency min path
--------------------------------------------------------------------------
0.0000

==========================================================================
cts final critical path delay
--------------------------------------------------------------------------
159.4896

==========================================================================
cts final critical path slack
--------------------------------------------------------------------------
240.5104

==========================================================================
cts final slack div critical path delay
--------------------------------------------------------------------------
150.800052

==========================================================================
cts final report_power
--------------------------------------------------------------------------
Group                  Internal  Switching    Leakage      Total
                          Power      Power      Power      Power (Watts)
----------------------------------------------------------------
Sequential             4.29e-06   7.97e-07   1.08e-10   5.08e-06  21.6%
Combinational          1.87e-06   2.25e-06   1.65e-09   4.12e-06  17.5%
Clock                  7.95e-06   6.35e-06   1.30e-10   1.43e-05  60.8%
Macro                  0.00e+00   0.00e+00   0.00e+00   0.00e+00   0.0%
Pad                    0.00e+00   0.00e+00   0.00e+00   0.00e+00   0.0%
----------------------------------------------------------------
Total                  1.41e-05   9.39e-06   1.89e-09   2.35e-05 100.0%
                          60.0%      40.0%       0.0%
