
==========================================================================
finish report_tns
--------------------------------------------------------------------------
tns max -454.00

==========================================================================
finish report_wns
--------------------------------------------------------------------------
wns max -16.90

==========================================================================
finish report_worst_slack
--------------------------------------------------------------------------
worst slack max -16.90

==========================================================================
finish report_clock_min_period
--------------------------------------------------------------------------
core_clock period_min = 186.90 fmax = 5350.37

==========================================================================
finish report_clock_skew
--------------------------------------------------------------------------
Clock core_clock
  33.13 source latency dpath.b_reg.out[2]$_DFFE_PP_/CLK ^
 -31.14 target latency dpath.a_reg.out[8]$_DFFE_PP_/CLK ^
  -0.32 CRPR
--------------
   1.66 setup skew


==========================================================================
finish report_checks -path_delay min
--------------------------------------------------------------------------
Startpoint: dpath.a_reg.out[11]$_DFFE_PP_
            (rising edge-triggered flip-flop clocked by core_clock)
Endpoint: dpath.a_reg.out[11]$_DFFE_PP_
          (rising edge-triggered flip-flop clocked by core_clock)
Path Group: core_clock
Path Type: min

Fanout     Cap    Slew   Delay    Time   Description
-----------------------------------------------------------------------------
                          0.00    0.00   clock core_clock (rise edge)
                          0.00    0.00   clock source latency
     1    1.36    0.00    0.00    0.00 ^ clk (in)
                                         clk (net)
                  0.45    0.14    0.14 ^ clkbuf_0_clk/A (BUFx4_ASAP7_75t_SL)
     4    3.35    9.56   13.53   13.67 ^ clkbuf_0_clk/Y (BUFx4_ASAP7_75t_SL)
                                         clknet_0_clk (net)
                  9.66    0.49   14.16 ^ clkbuf_2_3__f_clk/A (BUFx4_ASAP7_75t_SL)
     9    6.00   12.48   17.07   31.24 ^ clkbuf_2_3__f_clk/Y (BUFx4_ASAP7_75t_SL)
                                         clknet_2_3__leaf_clk (net)
                 12.50    0.26   31.49 ^ dpath.a_reg.out[11]$_DFFE_PP_/CLK (DFFHQNx1_ASAP7_75t_SL)
     2    1.36   14.07   27.82   59.31 ^ dpath.a_reg.out[11]$_DFFE_PP_/QN (DFFHQNx1_ASAP7_75t_SL)
                                         _017_ (net)
                 14.07    0.09   59.40 ^ place201/A (BUFx3_ASAP7_75t_SL)
     1    1.24    5.62   10.18   69.59 ^ place201/Y (BUFx3_ASAP7_75t_SL)
                                         net201 (net)
                  5.64    0.17   69.75 ^ _445_/A1 (AOI22x1_ASAP7_75t_SL)
     1    0.71    6.54    4.16   73.92 v _445_/Y (AOI22x1_ASAP7_75t_SL)
                                         _073_ (net)
                  6.54    0.06   73.98 v dpath.a_reg.out[11]$_DFFE_PP_/D (DFFHQNx1_ASAP7_75t_SL)
                                 73.98   data arrival time

                          0.00    0.00   clock core_clock (rise edge)
                          0.00    0.00   clock source latency
     1    1.49    0.00    0.00    0.00 ^ clk (in)
                                         clk (net)
                  0.52    0.17    0.17 ^ clkbuf_0_clk/A (BUFx4_ASAP7_75t_SL)
     4    3.84   10.17   13.83   13.99 ^ clkbuf_0_clk/Y (BUFx4_ASAP7_75t_SL)
                                         clknet_0_clk (net)
                 10.29    0.57   14.56 ^ clkbuf_2_3__f_clk/A (BUFx4_ASAP7_75t_SL)
     9    6.83   13.53   17.64   32.20 ^ clkbuf_2_3__f_clk/Y (BUFx4_ASAP7_75t_SL)
                                         clknet_2_3__leaf_clk (net)
                 13.55    0.29   32.49 ^ dpath.a_reg.out[11]$_DFFE_PP_/CLK (DFFHQNx1_ASAP7_75t_SL)
                         -1.00   31.49   clock reconvergence pessimism
                          7.81   39.30   library hold time
                                 39.30   data required time
-----------------------------------------------------------------------------
                                 39.30   data required time
                                -73.98   data arrival time
-----------------------------------------------------------------------------
                                 34.68   slack (MET)



==========================================================================
finish report_checks -path_delay max
--------------------------------------------------------------------------
Startpoint: dpath.a_reg.out[8]$_DFFE_PP_
            (rising edge-triggered flip-flop clocked by core_clock)
Endpoint: dpath.b_reg.out[1]$_DFFE_PP_
          (rising edge-triggered flip-flop clocked by core_clock)
Path Group: core_clock
Path Type: max

Fanout     Cap    Slew   Delay    Time   Description
-----------------------------------------------------------------------------
                          0.00    0.00   clock core_clock (rise edge)
                          0.00    0.00   clock source latency
     1    1.49    0.00    0.00    0.00 ^ clk (in)
                                         clk (net)
                  0.52    0.17    0.17 ^ clkbuf_0_clk/A (BUFx4_ASAP7_75t_SL)
     4    3.84   10.17   13.83   13.99 ^ clkbuf_0_clk/Y (BUFx4_ASAP7_75t_SL)
                                         clknet_0_clk (net)
                 10.35    0.69   14.68 ^ clkbuf_2_1__f_clk/A (BUFx4_ASAP7_75t_SL)
     9    6.11   12.69   17.22   31.90 ^ clkbuf_2_1__f_clk/Y (BUFx4_ASAP7_75t_SL)
                                         clknet_2_1__leaf_clk (net)
                 12.72    0.31   32.21 ^ dpath.a_reg.out[8]$_DFFE_PP_/CLK (DFFHQNx1_ASAP7_75t_SL)
     1    0.75   10.78   23.57   55.77 v dpath.a_reg.out[8]$_DFFE_PP_/QN (DFFHQNx1_ASAP7_75t_SL)
                                         _006_ (net)
                 10.78    0.03   55.80 v _412_/A (INVx1_ASAP7_75t_SL)
     2    2.12   13.29    8.08   63.88 ^ _412_/Y (INVx1_ASAP7_75t_SL)
                                         dpath.a_lt_b$in0[8] (net)
                 13.29    0.15   64.04 ^ _544_/A (HAxp5_ASAP7_75t_SL)
     2    1.71   23.27   10.18   74.22 v _544_/CON (HAxp5_ASAP7_75t_SL)
                                         _046_ (net)
     1    1.51   21.69    9.27   83.49 ^ _544_/SN (HAxp5_ASAP7_75t_SL)
                                         _047_ (net)
                 21.69    0.12   83.62 ^ place165/A (BUFx6f_ASAP7_75t_SL)
     8    6.09    8.90   12.06   95.68 ^ place165/Y (BUFx6f_ASAP7_75t_SL)
                                         net165 (net)
                  8.90    0.12   95.80 ^ _308_/A (OR2x2_ASAP7_75t_SL)
     2    1.45    7.01   11.76  107.56 ^ _308_/Y (OR2x2_ASAP7_75t_SL)
                                         _123_ (net)
                  7.02    0.14  107.70 ^ _311_/A2 (OA211x2_ASAP7_75t_SL)
     1    1.09    8.38   14.05  121.75 ^ _311_/Y (OA211x2_ASAP7_75t_SL)
                                         _126_ (net)
                  8.38    0.08  121.83 ^ _312_/C (AOI221x1_ASAP7_75t_SL)
     2    1.77   24.69   10.48  132.32 v _312_/Y (AOI221x1_ASAP7_75t_SL)
                                         _127_ (net)
                 24.69    0.10  132.42 v _317_/C (AO211x2_ASAP7_75t_SL)
     7    6.77   18.86   20.42  152.84 v _317_/Y (AO211x2_ASAP7_75t_SL)
                                         _132_ (net)
                 18.91    0.55  153.39 v _512_/A1 (AO21x2_ASAP7_75t_SL)
     1    2.43   10.40   17.09  170.48 v _512_/Y (AO21x2_ASAP7_75t_SL)
                                         _277_ (net)
                 10.41    0.18  170.66 v _513_/B (NAND2x2_ASAP7_75t_SL)
     3    4.13   26.29    9.04  179.70 ^ _513_/Y (NAND2x2_ASAP7_75t_SL)
                                         _278_ (net)
                 26.33    0.47  180.18 ^ clone338/A (BUFx3_ASAP7_75t_SL)
     4    4.38   11.14   13.71  193.89 ^ clone338/Y (BUFx3_ASAP7_75t_SL)
                                         net338 (net)
                 11.48    1.03  194.92 ^ _524_/C1 (OA222x2_ASAP7_75t_SL)
     1    0.96    9.91   18.45  213.37 ^ _524_/Y (OA222x2_ASAP7_75t_SL)
                                         _094_ (net)
                  9.91    0.13  213.50 ^ dpath.b_reg.out[1]$_DFFE_PP_/D (DFFHQNx1_ASAP7_75t_SL)
                                213.50   data arrival time

                        170.00  170.00   clock core_clock (rise edge)
                          0.00  170.00   clock source latency
     1    1.36    0.00    0.00  170.00 ^ clk (in)
                                         clk (net)
                  0.45    0.14  170.14 ^ clkbuf_0_clk/A (BUFx4_ASAP7_75t_SL)
     4    3.35    9.56   13.53  183.67 ^ clkbuf_0_clk/Y (BUFx4_ASAP7_75t_SL)
                                         clknet_0_clk (net)
                  9.72    0.62  184.29 ^ clkbuf_2_0__f_clk/A (BUFx4_ASAP7_75t_SL)
     9    5.66   12.11   16.86  201.15 ^ clkbuf_2_0__f_clk/Y (BUFx4_ASAP7_75t_SL)
                                         clknet_2_0__leaf_clk (net)
                 12.17    0.45  201.60 ^ dpath.b_reg.out[1]$_DFFE_PP_/CLK (DFFHQNx1_ASAP7_75t_SL)
                          0.32  201.92   clock reconvergence pessimism
                         -5.33  196.60   library setup time
                                196.60   data required time
-----------------------------------------------------------------------------
                                196.60   data required time
                               -213.50   data arrival time
-----------------------------------------------------------------------------
                                -16.90   slack (VIOLATED)



==========================================================================
finish report_checks -unconstrained
--------------------------------------------------------------------------
Startpoint: dpath.a_reg.out[8]$_DFFE_PP_
            (rising edge-triggered flip-flop clocked by core_clock)
Endpoint: dpath.b_reg.out[1]$_DFFE_PP_
          (rising edge-triggered flip-flop clocked by core_clock)
Path Group: core_clock
Path Type: max

Fanout     Cap    Slew   Delay    Time   Description
-----------------------------------------------------------------------------
                          0.00    0.00   clock core_clock (rise edge)
                          0.00    0.00   clock source latency
     1    1.49    0.00    0.00    0.00 ^ clk (in)
                                         clk (net)
                  0.52    0.17    0.17 ^ clkbuf_0_clk/A (BUFx4_ASAP7_75t_SL)
     4    3.84   10.17   13.83   13.99 ^ clkbuf_0_clk/Y (BUFx4_ASAP7_75t_SL)
                                         clknet_0_clk (net)
                 10.35    0.69   14.68 ^ clkbuf_2_1__f_clk/A (BUFx4_ASAP7_75t_SL)
     9    6.11   12.69   17.22   31.90 ^ clkbuf_2_1__f_clk/Y (BUFx4_ASAP7_75t_SL)
                                         clknet_2_1__leaf_clk (net)
                 12.72    0.31   32.21 ^ dpath.a_reg.out[8]$_DFFE_PP_/CLK (DFFHQNx1_ASAP7_75t_SL)
     1    0.75   10.78   23.57   55.77 v dpath.a_reg.out[8]$_DFFE_PP_/QN (DFFHQNx1_ASAP7_75t_SL)
                                         _006_ (net)
                 10.78    0.03   55.80 v _412_/A (INVx1_ASAP7_75t_SL)
     2    2.12   13.29    8.08   63.88 ^ _412_/Y (INVx1_ASAP7_75t_SL)
                                         dpath.a_lt_b$in0[8] (net)
                 13.29    0.15   64.04 ^ _544_/A (HAxp5_ASAP7_75t_SL)
     2    1.71   23.27   10.18   74.22 v _544_/CON (HAxp5_ASAP7_75t_SL)
                                         _046_ (net)
     1    1.51   21.69    9.27   83.49 ^ _544_/SN (HAxp5_ASAP7_75t_SL)
                                         _047_ (net)
                 21.69    0.12   83.62 ^ place165/A (BUFx6f_ASAP7_75t_SL)
     8    6.09    8.90   12.06   95.68 ^ place165/Y (BUFx6f_ASAP7_75t_SL)
                                         net165 (net)
                  8.90    0.12   95.80 ^ _308_/A (OR2x2_ASAP7_75t_SL)
     2    1.45    7.01   11.76  107.56 ^ _308_/Y (OR2x2_ASAP7_75t_SL)
                                         _123_ (net)
                  7.02    0.14  107.70 ^ _311_/A2 (OA211x2_ASAP7_75t_SL)
     1    1.09    8.38   14.05  121.75 ^ _311_/Y (OA211x2_ASAP7_75t_SL)
                                         _126_ (net)
                  8.38    0.08  121.83 ^ _312_/C (AOI221x1_ASAP7_75t_SL)
     2    1.77   24.69   10.48  132.32 v _312_/Y (AOI221x1_ASAP7_75t_SL)
                                         _127_ (net)
                 24.69    0.10  132.42 v _317_/C (AO211x2_ASAP7_75t_SL)
     7    6.77   18.86   20.42  152.84 v _317_/Y (AO211x2_ASAP7_75t_SL)
                                         _132_ (net)
                 18.91    0.55  153.39 v _512_/A1 (AO21x2_ASAP7_75t_SL)
     1    2.43   10.40   17.09  170.48 v _512_/Y (AO21x2_ASAP7_75t_SL)
                                         _277_ (net)
                 10.41    0.18  170.66 v _513_/B (NAND2x2_ASAP7_75t_SL)
     3    4.13   26.29    9.04  179.70 ^ _513_/Y (NAND2x2_ASAP7_75t_SL)
                                         _278_ (net)
                 26.33    0.47  180.18 ^ clone338/A (BUFx3_ASAP7_75t_SL)
     4    4.38   11.14   13.71  193.89 ^ clone338/Y (BUFx3_ASAP7_75t_SL)
                                         net338 (net)
                 11.48    1.03  194.92 ^ _524_/C1 (OA222x2_ASAP7_75t_SL)
     1    0.96    9.91   18.45  213.37 ^ _524_/Y (OA222x2_ASAP7_75t_SL)
                                         _094_ (net)
                  9.91    0.13  213.50 ^ dpath.b_reg.out[1]$_DFFE_PP_/D (DFFHQNx1_ASAP7_75t_SL)
                                213.50   data arrival time

                        170.00  170.00   clock core_clock (rise edge)
                          0.00  170.00   clock source latency
     1    1.36    0.00    0.00  170.00 ^ clk (in)
                                         clk (net)
                  0.45    0.14  170.14 ^ clkbuf_0_clk/A (BUFx4_ASAP7_75t_SL)
     4    3.35    9.56   13.53  183.67 ^ clkbuf_0_clk/Y (BUFx4_ASAP7_75t_SL)
                                         clknet_0_clk (net)
                  9.72    0.62  184.29 ^ clkbuf_2_0__f_clk/A (BUFx4_ASAP7_75t_SL)
     9    5.66   12.11   16.86  201.15 ^ clkbuf_2_0__f_clk/Y (BUFx4_ASAP7_75t_SL)
                                         clknet_2_0__leaf_clk (net)
                 12.17    0.45  201.60 ^ dpath.b_reg.out[1]$_DFFE_PP_/CLK (DFFHQNx1_ASAP7_75t_SL)
                          0.32  201.92   clock reconvergence pessimism
                         -5.33  196.60   library setup time
                                196.60   data required time
-----------------------------------------------------------------------------
                                196.60   data required time
                               -213.50   data arrival time
-----------------------------------------------------------------------------
                                -16.90   slack (VIOLATED)



==========================================================================
finish report_check_types -max_slew -max_cap -max_fanout -violators
--------------------------------------------------------------------------

==========================================================================
finish max_slew_check_slack
--------------------------------------------------------------------------
261.0235290527344

==========================================================================
finish max_slew_check_limit
--------------------------------------------------------------------------
320.0

==========================================================================
finish max_slew_check_slack_limit
--------------------------------------------------------------------------
0.8157

==========================================================================
finish max_fanout_check_slack
--------------------------------------------------------------------------
1.0000000150474662e+30

==========================================================================
finish max_fanout_check_limit
--------------------------------------------------------------------------
1.0000000150474662e+30

==========================================================================
finish max_capacitance_check_slack
--------------------------------------------------------------------------
15.77315616607666

==========================================================================
finish max_capacitance_check_limit
--------------------------------------------------------------------------
23.040000915527344

==========================================================================
finish max_capacitance_check_slack_limit
--------------------------------------------------------------------------
0.6846

==========================================================================
finish max_slew_violation_count
--------------------------------------------------------------------------
max slew violation count 0

==========================================================================
finish max_fanout_violation_count
--------------------------------------------------------------------------
max fanout violation count 0

==========================================================================
finish max_cap_violation_count
--------------------------------------------------------------------------
max cap violation count 0

==========================================================================
finish setup_violation_count
--------------------------------------------------------------------------
setup violation count 34

==========================================================================
finish hold_violation_count
--------------------------------------------------------------------------
hold violation count 0

==========================================================================
finish report_checks -path_delay max reg to reg
--------------------------------------------------------------------------
Startpoint: dpath.a_reg.out[8]$_DFFE_PP_
            (rising edge-triggered flip-flop clocked by core_clock)
Endpoint: dpath.b_reg.out[1]$_DFFE_PP_
          (rising edge-triggered flip-flop clocked by core_clock)
Path Group: core_clock
Path Type: max

  Delay    Time   Description
---------------------------------------------------------
   0.00    0.00   clock core_clock (rise edge)
   0.00    0.00   clock source latency
   0.00    0.00 ^ clk (in)
  13.99   13.99 ^ clkbuf_0_clk/Y (BUFx4_ASAP7_75t_SL)
  17.91   31.90 ^ clkbuf_2_1__f_clk/Y (BUFx4_ASAP7_75t_SL)
   0.31   32.21 ^ dpath.a_reg.out[8]$_DFFE_PP_/CLK (DFFHQNx1_ASAP7_75t_SL)
  23.57   55.77 v dpath.a_reg.out[8]$_DFFE_PP_/QN (DFFHQNx1_ASAP7_75t_SL)
   8.11   63.88 ^ _412_/Y (INVx1_ASAP7_75t_SL)
  10.34   74.22 v _544_/CON (HAxp5_ASAP7_75t_SL)
   9.27   83.49 ^ _544_/SN (HAxp5_ASAP7_75t_SL)
  12.18   95.68 ^ place165/Y (BUFx6f_ASAP7_75t_SL)
  11.88  107.56 ^ _308_/Y (OR2x2_ASAP7_75t_SL)
  14.19  121.75 ^ _311_/Y (OA211x2_ASAP7_75t_SL)
  10.57  132.32 v _312_/Y (AOI221x1_ASAP7_75t_SL)
  20.52  152.84 v _317_/Y (AO211x2_ASAP7_75t_SL)
  17.65  170.48 v _512_/Y (AO21x2_ASAP7_75t_SL)
   9.22  179.70 ^ _513_/Y (NAND2x2_ASAP7_75t_SL)
  14.18  193.89 ^ clone338/Y (BUFx3_ASAP7_75t_SL)
  19.48  213.37 ^ _524_/Y (OA222x2_ASAP7_75t_SL)
   0.13  213.50 ^ dpath.b_reg.out[1]$_DFFE_PP_/D (DFFHQNx1_ASAP7_75t_SL)
         213.50   data arrival time

 170.00  170.00   clock core_clock (rise edge)
   0.00  170.00   clock source latency
   0.00  170.00 ^ clk (in)
  13.67  183.67 ^ clkbuf_0_clk/Y (BUFx4_ASAP7_75t_SL)
  17.48  201.15 ^ clkbuf_2_0__f_clk/Y (BUFx4_ASAP7_75t_SL)
   0.45  201.60 ^ dpath.b_reg.out[1]$_DFFE_PP_/CLK (DFFHQNx1_ASAP7_75t_SL)
   0.32  201.92   clock reconvergence pessimism
  -5.33  196.60   library setup time
         196.60   data required time
---------------------------------------------------------
         196.60   data required time
        -213.50   data arrival time
---------------------------------------------------------
         -16.90   slack (VIOLATED)



==========================================================================
finish report_checks -path_delay min reg to reg
--------------------------------------------------------------------------
Startpoint: dpath.a_reg.out[11]$_DFFE_PP_
            (rising edge-triggered flip-flop clocked by core_clock)
Endpoint: dpath.a_reg.out[11]$_DFFE_PP_
          (rising edge-triggered flip-flop clocked by core_clock)
Path Group: core_clock
Path Type: min

  Delay    Time   Description
---------------------------------------------------------
   0.00    0.00   clock core_clock (rise edge)
   0.00    0.00   clock source latency
   0.00    0.00 ^ clk (in)
  13.67   13.67 ^ clkbuf_0_clk/Y (BUFx4_ASAP7_75t_SL)
  17.57   31.24 ^ clkbuf_2_3__f_clk/Y (BUFx4_ASAP7_75t_SL)
   0.26   31.49 ^ dpath.a_reg.out[11]$_DFFE_PP_/CLK (DFFHQNx1_ASAP7_75t_SL)
  27.82   59.31 ^ dpath.a_reg.out[11]$_DFFE_PP_/QN (DFFHQNx1_ASAP7_75t_SL)
  10.27   69.59 ^ place201/Y (BUFx3_ASAP7_75t_SL)
   4.33   73.92 v _445_/Y (AOI22x1_ASAP7_75t_SL)
   0.06   73.98 v dpath.a_reg.out[11]$_DFFE_PP_/D (DFFHQNx1_ASAP7_75t_SL)
          73.98   data arrival time

   0.00    0.00   clock core_clock (rise edge)
   0.00    0.00   clock source latency
   0.00    0.00 ^ clk (in)
  13.99   13.99 ^ clkbuf_0_clk/Y (BUFx4_ASAP7_75t_SL)
  18.21   32.20 ^ clkbuf_2_3__f_clk/Y (BUFx4_ASAP7_75t_SL)
   0.29   32.49 ^ dpath.a_reg.out[11]$_DFFE_PP_/CLK (DFFHQNx1_ASAP7_75t_SL)
  -1.00   31.49   clock reconvergence pessimism
   7.81   39.30   library hold time
          39.30   data required time
---------------------------------------------------------
          39.30   data required time
         -73.98   data arrival time
---------------------------------------------------------
          34.68   slack (MET)



==========================================================================
finish critical path target clock latency max path
--------------------------------------------------------------------------
0

==========================================================================
finish critical path target clock latency min path
--------------------------------------------------------------------------
0

==========================================================================
finish critical path source clock latency min path
--------------------------------------------------------------------------
0

==========================================================================
finish critical path delay
--------------------------------------------------------------------------
213.4982

==========================================================================
finish critical path slack
--------------------------------------------------------------------------
-16.9029

==========================================================================
finish slack div critical path delay
--------------------------------------------------------------------------
-7.917116

==========================================================================
finish report_power
--------------------------------------------------------------------------
Group                  Internal  Switching    Leakage      Total
                          Power      Power      Power      Power (Watts)
----------------------------------------------------------------
Sequential             4.41e-04   2.98e-05   5.04e-07   4.71e-04  21.7%
Combinational          9.78e-04   5.04e-04   2.20e-06   1.48e-03  68.3%
Clock                  1.14e-04   1.04e-04   4.29e-08   2.17e-04  10.0%
Macro                  0.00e+00   0.00e+00   0.00e+00   0.00e+00   0.0%
Pad                    0.00e+00   0.00e+00   0.00e+00   0.00e+00   0.0%
----------------------------------------------------------------
Total                  1.53e-03   6.37e-04   2.75e-06   2.17e-03 100.0%
                          70.5%      29.3%       0.1%
