
==========================================================================
resizer report_tns
--------------------------------------------------------------------------
tns max -16.88

==========================================================================
resizer report_wns
--------------------------------------------------------------------------
wns max -5.13

==========================================================================
resizer report_worst_slack
--------------------------------------------------------------------------
worst slack max -5.13

==========================================================================
resizer report_clock_min_period
--------------------------------------------------------------------------
core_clock period_min = 205.13 fmax = 4874.85

==========================================================================
resizer report_checks -path_delay min
--------------------------------------------------------------------------
Startpoint: rst_n (input port clocked by core_clock)
Endpoint: a4_ff1[13]$_DFF_PN0_
          (removal check against rising-edge clock core_clock)
Path Group: asynchronous
Path Type: min

Fanout     Cap    Slew   Delay    Time   Description
-----------------------------------------------------------------------------
                  0.00    0.00    0.00   clock core_clock (rise edge)
                          0.00    0.00   clock network delay (ideal)
                         40.00   40.00 ^ input external delay
     1    1.11    0.00    0.00   40.00 ^ rst_n (in)
                                         rst_n (net)
                  0.17    0.05   40.05 ^ input490/A (BUFx8_ASAP7_75t_SL)
   119  112.86   88.94   34.06   74.11 ^ input490/Y (BUFx8_ASAP7_75t_SL)
                                         net489 (net)
                 89.03    2.06   76.17 ^ a4_ff1[13]$_DFF_PN0_/RESETN (DFFASRHQNx1_ASAP7_75t_SL)
                                 76.17   data arrival time

                  0.00    0.00    0.00   clock core_clock (rise edge)
                          0.00    0.00   clock network delay (ideal)
                          0.00    0.00   clock reconvergence pessimism
                                  0.00 ^ a4_ff1[13]$_DFF_PN0_/CLK (DFFASRHQNx1_ASAP7_75t_SL)
                         25.39   25.39   library removal time
                                 25.39   data required time
-----------------------------------------------------------------------------
                                 25.39   data required time
                                -76.17   data arrival time
-----------------------------------------------------------------------------
                                 50.78   slack (MET)


Startpoint: s1_ff2[9]$_DFF_PN0_
            (rising edge-triggered flip-flop clocked by core_clock)
Endpoint: s1_ff3[9]$_DFF_PN0_
          (rising edge-triggered flip-flop clocked by core_clock)
Path Group: core_clock
Path Type: min

Fanout     Cap    Slew   Delay    Time   Description
-----------------------------------------------------------------------------
                  0.00    0.00    0.00   clock core_clock (rise edge)
                          0.00    0.00   clock network delay (ideal)
                  0.00    0.00    0.00 ^ s1_ff2[9]$_DFF_PN0_/CLK (DFFASRHQNx1_ASAP7_75t_SL)
     1    0.58   11.29   25.74   25.74 ^ s1_ff2[9]$_DFF_PN0_/QN (DFFASRHQNx1_ASAP7_75t_SL)
                                         _0293_ (net)
                 11.29    0.02   25.75 ^ _1435_/A (INVx1_ASAP7_75t_SL)
     1    0.62    6.03    3.72   29.47 v _1435_/Y (INVx1_ASAP7_75t_SL)
                                         s1_ff2[9] (net)
                  6.03    0.02   29.49 v s1_ff3[9]$_DFF_PN0_/D (DFFASRHQNx1_ASAP7_75t_SL)
                                 29.49   data arrival time

                  0.00    0.00    0.00   clock core_clock (rise edge)
                          0.00    0.00   clock network delay (ideal)
                          0.00    0.00   clock reconvergence pessimism
                                  0.00 ^ s1_ff3[9]$_DFF_PN0_/CLK (DFFASRHQNx1_ASAP7_75t_SL)
                          7.85    7.85   library hold time
                                  7.85   data required time
-----------------------------------------------------------------------------
                                  7.85   data required time
                                -29.49   data arrival time
-----------------------------------------------------------------------------
                                 21.64   slack (MET)



==========================================================================
resizer report_checks -path_delay max
--------------------------------------------------------------------------
Startpoint: rst_n (input port clocked by core_clock)
Endpoint: s2[0]$_DFFE_PN0P_
          (recovery check against rising-edge clock core_clock)
Path Group: asynchronous
Path Type: max

Fanout     Cap    Slew   Delay    Time   Description
-----------------------------------------------------------------------------
                  0.00    0.00    0.00   clock core_clock (rise edge)
                          0.00    0.00   clock network delay (ideal)
                         40.00   40.00 ^ input external delay
     1    1.29    0.00    0.00   40.00 ^ rst_n (in)
                                         rst_n (net)
                  0.20    0.06   40.06 ^ input490/A (BUFx8_ASAP7_75t_SL)
   119  125.24   98.33   36.45   76.52 ^ input490/Y (BUFx8_ASAP7_75t_SL)
                                         net489 (net)
                108.57   16.54   93.06 ^ load_slew558/A (BUFx16f_ASAP7_75t_SL)
    78   81.84   38.32   23.41  116.47 ^ load_slew558/Y (BUFx16f_ASAP7_75t_SL)
                                         net557 (net)
                 61.84   14.43  130.90 ^ load_slew557/A (BUFx16f_ASAP7_75t_SL)
    88   90.38   43.70   22.23  153.13 ^ load_slew557/Y (BUFx16f_ASAP7_75t_SL)
                                         net556 (net)
                 95.63   28.10  181.22 ^ s2[0]$_DFFE_PN0P_/RESETN (DFFASRHQNx1_ASAP7_75t_SL)
                                181.22   data arrival time

                  0.00  200.00  200.00   clock core_clock (rise edge)
                          0.00  200.00   clock network delay (ideal)
                          0.00  200.00   clock reconvergence pessimism
                                200.00 ^ s2[0]$_DFFE_PN0P_/CLK (DFFASRHQNx1_ASAP7_75t_SL)
                         -0.48  199.52   library recovery time
                                199.52   data required time
-----------------------------------------------------------------------------
                                199.52   data required time
                               -181.22   data arrival time
-----------------------------------------------------------------------------
                                 18.30   slack (MET)


Startpoint: addb[4] (input port clocked by core_clock)
Endpoint: s1[11]$_DFFE_PN0P_
          (rising edge-triggered flip-flop clocked by core_clock)
Path Group: core_clock
Path Type: max

Fanout     Cap    Slew   Delay    Time   Description
-----------------------------------------------------------------------------
                  0.00    0.00    0.00   clock core_clock (rise edge)
                          0.00    0.00   clock network delay (ideal)
                         40.00   40.00 v input external delay
     1    0.90    0.00    0.00   40.00 v addb[4] (in)
                                         addb[4] (net)
                  0.13    0.04   40.04 v input469/A (BUFx2_ASAP7_75t_SL)
     1    1.28    5.63    8.76   48.80 v input469/Y (BUFx2_ASAP7_75t_SL)
                                         net468 (net)
                  5.63    0.05   48.85 v _2192_/A (HAxp5_ASAP7_75t_SL)
     5    8.26  108.62   68.46  117.31 v _2192_/SN (HAxp5_ASAP7_75t_SL)
                                         _0475_ (net)
                108.70    1.71  119.02 v _1664_/A2 (OAI21x1_ASAP7_75t_SL)
     4    4.72   51.04   25.41  144.43 ^ _1664_/Y (OAI21x1_ASAP7_75t_SL)
                                         _0724_ (net)
                 51.05    0.49  144.93 ^ _1666_/A2 (AOI21x1_ASAP7_75t_SL)
     2    2.87   24.26    9.31  154.24 v _1666_/Y (AOI21x1_ASAP7_75t_SL)
                                         _0726_ (net)
                 24.26    0.17  154.41 v _1670_/A2 (OAI21x1_ASAP7_75t_SL)
     2    2.38   19.72   11.14  165.55 ^ _1670_/Y (OAI21x1_ASAP7_75t_SL)
                                         _0730_ (net)
                 19.72    0.09  165.64 ^ _1681_/A1 (OA21x2_ASAP7_75t_SL)
     1    1.30    7.71   14.30  179.94 ^ _1681_/Y (OA21x2_ASAP7_75t_SL)
                                         _0741_ (net)
                  7.71    0.05  179.99 ^ _1682_/A2 (OAI21x1_ASAP7_75t_SL)
     1    2.57   22.17    7.44  187.43 v _1682_/Y (OAI21x1_ASAP7_75t_SL)
                                         _0742_ (net)
                 22.17    0.14  187.57 v _1683_/B (NAND2x2_ASAP7_75t_SL)
     1    0.82   11.19    6.93  194.50 ^ _1683_/Y (NAND2x2_ASAP7_75t_SL)
                                         _0506_ (net)
                 11.19    0.04  194.54 ^ s1[11]$_DFFE_PN0P_/D (DFFASRHQNx1_ASAP7_75t_SL)
                                194.54   data arrival time

                  0.00  200.00  200.00   clock core_clock (rise edge)
                          0.00  200.00   clock network delay (ideal)
                          0.00  200.00   clock reconvergence pessimism
                                200.00 ^ s1[11]$_DFFE_PN0P_/CLK (DFFASRHQNx1_ASAP7_75t_SL)
                        -10.60  189.40   library setup time
                                189.40   data required time
-----------------------------------------------------------------------------
                                189.40   data required time
                               -194.54   data arrival time
-----------------------------------------------------------------------------
                                 -5.13   slack (VIOLATED)



==========================================================================
resizer report_checks -unconstrained
--------------------------------------------------------------------------
Startpoint: rst_n (input port clocked by core_clock)
Endpoint: s2[0]$_DFFE_PN0P_
          (recovery check against rising-edge clock core_clock)
Path Group: asynchronous
Path Type: max

Fanout     Cap    Slew   Delay    Time   Description
-----------------------------------------------------------------------------
                  0.00    0.00    0.00   clock core_clock (rise edge)
                          0.00    0.00   clock network delay (ideal)
                         40.00   40.00 ^ input external delay
     1    1.29    0.00    0.00   40.00 ^ rst_n (in)
                                         rst_n (net)
                  0.20    0.06   40.06 ^ input490/A (BUFx8_ASAP7_75t_SL)
   119  125.24   98.33   36.45   76.52 ^ input490/Y (BUFx8_ASAP7_75t_SL)
                                         net489 (net)
                108.57   16.54   93.06 ^ load_slew558/A (BUFx16f_ASAP7_75t_SL)
    78   81.84   38.32   23.41  116.47 ^ load_slew558/Y (BUFx16f_ASAP7_75t_SL)
                                         net557 (net)
                 61.84   14.43  130.90 ^ load_slew557/A (BUFx16f_ASAP7_75t_SL)
    88   90.38   43.70   22.23  153.13 ^ load_slew557/Y (BUFx16f_ASAP7_75t_SL)
                                         net556 (net)
                 95.63   28.10  181.22 ^ s2[0]$_DFFE_PN0P_/RESETN (DFFASRHQNx1_ASAP7_75t_SL)
                                181.22   data arrival time

                  0.00  200.00  200.00   clock core_clock (rise edge)
                          0.00  200.00   clock network delay (ideal)
                          0.00  200.00   clock reconvergence pessimism
                                200.00 ^ s2[0]$_DFFE_PN0P_/CLK (DFFASRHQNx1_ASAP7_75t_SL)
                         -0.48  199.52   library recovery time
                                199.52   data required time
-----------------------------------------------------------------------------
                                199.52   data required time
                               -181.22   data arrival time
-----------------------------------------------------------------------------
                                 18.30   slack (MET)


Startpoint: addb[4] (input port clocked by core_clock)
Endpoint: s1[11]$_DFFE_PN0P_
          (rising edge-triggered flip-flop clocked by core_clock)
Path Group: core_clock
Path Type: max

Fanout     Cap    Slew   Delay    Time   Description
-----------------------------------------------------------------------------
                  0.00    0.00    0.00   clock core_clock (rise edge)
                          0.00    0.00   clock network delay (ideal)
                         40.00   40.00 v input external delay
     1    0.90    0.00    0.00   40.00 v addb[4] (in)
                                         addb[4] (net)
                  0.13    0.04   40.04 v input469/A (BUFx2_ASAP7_75t_SL)
     1    1.28    5.63    8.76   48.80 v input469/Y (BUFx2_ASAP7_75t_SL)
                                         net468 (net)
                  5.63    0.05   48.85 v _2192_/A (HAxp5_ASAP7_75t_SL)
     5    8.26  108.62   68.46  117.31 v _2192_/SN (HAxp5_ASAP7_75t_SL)
                                         _0475_ (net)
                108.70    1.71  119.02 v _1664_/A2 (OAI21x1_ASAP7_75t_SL)
     4    4.72   51.04   25.41  144.43 ^ _1664_/Y (OAI21x1_ASAP7_75t_SL)
                                         _0724_ (net)
                 51.05    0.49  144.93 ^ _1666_/A2 (AOI21x1_ASAP7_75t_SL)
     2    2.87   24.26    9.31  154.24 v _1666_/Y (AOI21x1_ASAP7_75t_SL)
                                         _0726_ (net)
                 24.26    0.17  154.41 v _1670_/A2 (OAI21x1_ASAP7_75t_SL)
     2    2.38   19.72   11.14  165.55 ^ _1670_/Y (OAI21x1_ASAP7_75t_SL)
                                         _0730_ (net)
                 19.72    0.09  165.64 ^ _1681_/A1 (OA21x2_ASAP7_75t_SL)
     1    1.30    7.71   14.30  179.94 ^ _1681_/Y (OA21x2_ASAP7_75t_SL)
                                         _0741_ (net)
                  7.71    0.05  179.99 ^ _1682_/A2 (OAI21x1_ASAP7_75t_SL)
     1    2.57   22.17    7.44  187.43 v _1682_/Y (OAI21x1_ASAP7_75t_SL)
                                         _0742_ (net)
                 22.17    0.14  187.57 v _1683_/B (NAND2x2_ASAP7_75t_SL)
     1    0.82   11.19    6.93  194.50 ^ _1683_/Y (NAND2x2_ASAP7_75t_SL)
                                         _0506_ (net)
                 11.19    0.04  194.54 ^ s1[11]$_DFFE_PN0P_/D (DFFASRHQNx1_ASAP7_75t_SL)
                                194.54   data arrival time

                  0.00  200.00  200.00   clock core_clock (rise edge)
                          0.00  200.00   clock network delay (ideal)
                          0.00  200.00   clock reconvergence pessimism
                                200.00 ^ s1[11]$_DFFE_PN0P_/CLK (DFFASRHQNx1_ASAP7_75t_SL)
                        -10.60  189.40   library setup time
                                189.40   data required time
-----------------------------------------------------------------------------
                                189.40   data required time
                               -194.54   data arrival time
-----------------------------------------------------------------------------
                                 -5.13   slack (VIOLATED)



==========================================================================
resizer report_check_types -max_slew -max_cap -max_fanout -violators
--------------------------------------------------------------------------

==========================================================================
resizer max_slew_check_slack
--------------------------------------------------------------------------
189.70602416992188

==========================================================================
resizer max_slew_check_limit
--------------------------------------------------------------------------
320.0

==========================================================================
resizer max_slew_check_slack_limit
--------------------------------------------------------------------------
0.5928

==========================================================================
resizer max_fanout_check_slack
--------------------------------------------------------------------------
1.0000000150474662e+30

==========================================================================
resizer max_fanout_check_limit
--------------------------------------------------------------------------
1.0000000150474662e+30

==========================================================================
resizer max_capacitance_check_slack
--------------------------------------------------------------------------
14.780383110046387

==========================================================================
resizer max_capacitance_check_limit
--------------------------------------------------------------------------
23.040000915527344

==========================================================================
resizer max_capacitance_check_slack_limit
--------------------------------------------------------------------------
0.6415

==========================================================================
resizer max_slew_violation_count
--------------------------------------------------------------------------
max slew violation count 0

==========================================================================
resizer max_fanout_violation_count
--------------------------------------------------------------------------
max fanout violation count 0

==========================================================================
resizer max_cap_violation_count
--------------------------------------------------------------------------
max cap violation count 0

==========================================================================
resizer setup_violation_count
--------------------------------------------------------------------------
setup violation count 8

==========================================================================
resizer hold_violation_count
--------------------------------------------------------------------------
hold violation count 0

==========================================================================
resizer report_checks -path_delay max reg to reg
--------------------------------------------------------------------------
Startpoint: c3$_DFFE_PN0P_
            (rising edge-triggered flip-flop clocked by core_clock)
Endpoint: s4[14]$_DFFE_PN0P_
          (rising edge-triggered flip-flop clocked by core_clock)
Path Group: core_clock
Path Type: max

  Delay    Time   Description
---------------------------------------------------------
   0.00    0.00   clock core_clock (rise edge)
   0.00    0.00   clock network delay (ideal)
   0.00    0.00 ^ c3$_DFFE_PN0P_/CLK (DFFASRHQNx1_ASAP7_75t_SL)
  31.11   31.11 ^ c3$_DFFE_PN0P_/QN (DFFASRHQNx1_ASAP7_75t_SL)
  12.68   43.80 v _1207_/Y (INVx1_ASAP7_75t_SL)
  14.51   58.31 ^ _2141_/CON (FAx1_ASAP7_75t_SL)
  15.64   73.95 v _1139_/Y (INVx1_ASAP7_75t_SL)
  20.31   94.26 ^ _2142_/CON (FAx1_ASAP7_75t_SL)
  10.85  105.11 v _1613_/Y (NOR2x1_ASAP7_75t_SL)
  18.57  123.67 ^ _1615_/Y (OAI21x1_ASAP7_75t_SL)
  11.09  134.76 v _2030_/Y (OAI21x1_ASAP7_75t_SL)
  16.76  151.52 v _2089_/Y (AND2x2_ASAP7_75t_SL)
   6.73  158.24 ^ _2091_/Y (NOR2x1_ASAP7_75t_SL)
   5.68  163.92 v _2092_/Y (AOI21x1_ASAP7_75t_SL)
   6.94  170.86 ^ _2094_/Y (AOI21x1_ASAP7_75t_SL)
   0.03  170.90 ^ s4[14]$_DFFE_PN0P_/D (DFFASRHQNx1_ASAP7_75t_SL)
         170.90   data arrival time

 200.00  200.00   clock core_clock (rise edge)
   0.00  200.00   clock network delay (ideal)
   0.00  200.00   clock reconvergence pessimism
         200.00 ^ s4[14]$_DFFE_PN0P_/CLK (DFFASRHQNx1_ASAP7_75t_SL)
 -10.60  189.40   library setup time
         189.40   data required time
---------------------------------------------------------
         189.40   data required time
        -170.90   data arrival time
---------------------------------------------------------
          18.50   slack (MET)



==========================================================================
resizer report_checks -path_delay min reg to reg
--------------------------------------------------------------------------
Startpoint: s1_ff2[9]$_DFF_PN0_
            (rising edge-triggered flip-flop clocked by core_clock)
Endpoint: s1_ff3[9]$_DFF_PN0_
          (rising edge-triggered flip-flop clocked by core_clock)
Path Group: core_clock
Path Type: min

  Delay    Time   Description
---------------------------------------------------------
   0.00    0.00   clock core_clock (rise edge)
   0.00    0.00   clock network delay (ideal)
   0.00    0.00 ^ s1_ff2[9]$_DFF_PN0_/CLK (DFFASRHQNx1_ASAP7_75t_SL)
  25.74   25.74 ^ s1_ff2[9]$_DFF_PN0_/QN (DFFASRHQNx1_ASAP7_75t_SL)
   3.73   29.47 v _1435_/Y (INVx1_ASAP7_75t_SL)
   0.02   29.49 v s1_ff3[9]$_DFF_PN0_/D (DFFASRHQNx1_ASAP7_75t_SL)
          29.49   data arrival time

   0.00    0.00   clock core_clock (rise edge)
   0.00    0.00   clock network delay (ideal)
   0.00    0.00   clock reconvergence pessimism
           0.00 ^ s1_ff3[9]$_DFF_PN0_/CLK (DFFASRHQNx1_ASAP7_75t_SL)
   7.85    7.85   library hold time
           7.85   data required time
---------------------------------------------------------
           7.85   data required time
         -29.49   data arrival time
---------------------------------------------------------
          21.64   slack (MET)



==========================================================================
resizer critical path target clock latency max path
--------------------------------------------------------------------------
0.0000

==========================================================================
resizer critical path target clock latency min path
--------------------------------------------------------------------------
0.0000

==========================================================================
resizer critical path source clock latency min path
--------------------------------------------------------------------------
0.0000

==========================================================================
resizer critical path delay
--------------------------------------------------------------------------
194.5383

==========================================================================
resizer critical path slack
--------------------------------------------------------------------------
-5.1347

==========================================================================
resizer slack div critical path delay
--------------------------------------------------------------------------
-2.639429

==========================================================================
resizer report_power
--------------------------------------------------------------------------
Group                  Internal  Switching    Leakage      Total
                          Power      Power      Power      Power (Watts)
----------------------------------------------------------------
Sequential             2.64e-03   1.20e-04   2.81e-06   2.76e-03  65.1%
Combinational          7.50e-04   7.23e-04   4.46e-06   1.48e-03  34.9%
Clock                  0.00e+00   0.00e+00   0.00e+00   0.00e+00   0.0%
Macro                  0.00e+00   0.00e+00   0.00e+00   0.00e+00   0.0%
Pad                    0.00e+00   0.00e+00   0.00e+00   0.00e+00   0.0%
----------------------------------------------------------------
Total                  3.39e-03   8.42e-04   7.27e-06   4.24e-03 100.0%
                          79.9%      19.9%       0.2%
