
==========================================================================
global route report_tns
--------------------------------------------------------------------------
tns max 0.00

==========================================================================
global route report_wns
--------------------------------------------------------------------------
wns max 0.00

==========================================================================
global route report_worst_slack
--------------------------------------------------------------------------
worst slack max 8.37

==========================================================================
global route report_clock_min_period
--------------------------------------------------------------------------
core_clock period_min = 191.63 fmax = 5218.45

==========================================================================
global route report_clock_skew
--------------------------------------------------------------------------
Clock core_clock
  58.27 source latency b3_ff2[5]$_DFF_PN0_/CLK ^
 -53.66 target latency s3[5]$_DFFE_PN0P_/CLK ^
  -0.22 CRPR
--------------
   4.39 setup skew


==========================================================================
global route report_checks -path_delay min
--------------------------------------------------------------------------
Startpoint: rst_n (input port clocked by core_clock)
Endpoint: b4_ff1[11]$_DFF_PN0_
          (removal check against rising-edge clock core_clock)
Path Group: asynchronous
Path Type: min

Fanout     Cap    Slew   Delay    Time   Description
-----------------------------------------------------------------------------
                          0.00    0.00   clock core_clock (rise edge)
                          0.00    0.00   clock network delay (propagated)
                         40.00   40.00 ^ input external delay
     1    1.04    0.00    0.00   40.00 ^ rst_n (in)
                                         rst_n (net)
                  0.22    0.07   40.07 ^ hold756/A (BUFx2_ASAP7_75t_SL)
     1    1.17    5.67    8.63   48.70 ^ hold756/Y (BUFx2_ASAP7_75t_SL)
                                         net755 (net)
                  5.68    0.12   48.82 ^ input490/A (BUFx8_ASAP7_75t_SL)
    54   58.28   42.16   16.69   65.51 ^ input490/Y (BUFx8_ASAP7_75t_SL)
                                         net489 (net)
                 75.11   18.58   84.09 ^ b4_ff1[11]$_DFF_PN0_/RESETN (DFFASRHQNx1_ASAP7_75t_SL)
                                 84.09   data arrival time

                          0.00    0.00   clock core_clock (rise edge)
                          0.00    0.00   clock source latency
     1    5.27    0.00    0.00    0.00 ^ clk (in)
                                         clk (net)
                  3.60    1.14    1.14 ^ clkbuf_0_clk/A (BUFx8_ASAP7_75t_SL)
     2    4.20    8.41   12.97   14.10 ^ clkbuf_0_clk/Y (BUFx8_ASAP7_75t_SL)
                                         clknet_0_clk (net)
                  8.58    0.62   14.72 ^ clkbuf_1_0__f_clk/A (BUFx8_ASAP7_75t_SL)
     8   31.18   27.86   20.36   35.07 ^ clkbuf_1_0__f_clk/Y (BUFx8_ASAP7_75t_SL)
                                         clknet_1_0__leaf_clk (net)
                 30.26    4.33   39.40 ^ clkbuf_leaf_14_clk/A (BUFx16f_ASAP7_75t_SL)
    25   18.99   13.62   16.12   55.53 ^ clkbuf_leaf_14_clk/Y (BUFx16f_ASAP7_75t_SL)
                                         clknet_leaf_14_clk (net)
                 14.64    1.92   57.44 ^ b4_ff1[11]$_DFF_PN0_/CLK (DFFASRHQNx1_ASAP7_75t_SL)
                          0.00   57.44   clock reconvergence pessimism
                         25.30   82.75   library removal time
                                 82.75   data required time
-----------------------------------------------------------------------------
                                 82.75   data required time
                                -84.09   data arrival time
-----------------------------------------------------------------------------
                                  1.35   slack (MET)


Startpoint: adda[35] (input port clocked by core_clock)
Endpoint: a3_ff1[3]$_DFF_PN0_
          (rising edge-triggered flip-flop clocked by core_clock)
Path Group: core_clock
Path Type: min

Fanout     Cap    Slew   Delay    Time   Description
-----------------------------------------------------------------------------
                          0.00    0.00   clock core_clock (rise edge)
                          0.00    0.00   clock network delay (propagated)
                         40.00   40.00 v input external delay
     1    1.07    0.00    0.00   40.00 v adda[35] (in)
                                         adda[35] (net)
                  0.23    0.07   40.07 v hold582/A (BUFx2_ASAP7_75t_SL)
     1    0.96    5.02    8.38   48.45 v hold582/Y (BUFx2_ASAP7_75t_SL)
                                         net581 (net)
                  5.03    0.13   48.59 v input389/A (BUFx2_ASAP7_75t_SL)
     1    0.60    4.57    9.03   57.62 v input389/Y (BUFx2_ASAP7_75t_SL)
                                         net388 (net)
                  4.57    0.03   57.65 v hold583/A (BUFx2_ASAP7_75t_SL)
     1    0.93    5.15    9.31   66.96 v hold583/Y (BUFx2_ASAP7_75t_SL)
                                         net582 (net)
                  5.16    0.11   67.08 v a3_ff1[3]$_DFF_PN0_/D (DFFASRHQNx1_ASAP7_75t_SL)
                                 67.08   data arrival time

                          0.00    0.00   clock core_clock (rise edge)
                          0.00    0.00   clock source latency
     1    5.27    0.00    0.00    0.00 ^ clk (in)
                                         clk (net)
                  3.60    1.14    1.14 ^ clkbuf_0_clk/A (BUFx8_ASAP7_75t_SL)
     2    4.20    8.41   12.97   14.10 ^ clkbuf_0_clk/Y (BUFx8_ASAP7_75t_SL)
                                         clknet_0_clk (net)
                  8.58    0.62   14.72 ^ clkbuf_1_0__f_clk/A (BUFx8_ASAP7_75t_SL)
     8   31.18   27.86   20.36   35.07 ^ clkbuf_1_0__f_clk/Y (BUFx8_ASAP7_75t_SL)
                                         clknet_1_0__leaf_clk (net)
                 30.15    4.24   39.31 ^ clkbuf_leaf_2_clk/A (BUFx16f_ASAP7_75t_SL)
    25   19.42   13.90   16.05   55.37 ^ clkbuf_leaf_2_clk/Y (BUFx16f_ASAP7_75t_SL)
                                         clknet_leaf_2_clk (net)
                 15.63    2.53   57.89 ^ a3_ff1[3]$_DFF_PN0_/CLK (DFFASRHQNx1_ASAP7_75t_SL)
                          0.00   57.89   clock reconvergence pessimism
                          9.19   67.08   library hold time
                                 67.08   data required time
-----------------------------------------------------------------------------
                                 67.08   data required time
                                -67.08   data arrival time
-----------------------------------------------------------------------------
                                  0.00   slack (VIOLATED)



==========================================================================
global route report_checks -path_delay max
--------------------------------------------------------------------------
Startpoint: rst_n (input port clocked by core_clock)
Endpoint: s2_ff1[3]$_DFF_PN0_
          (recovery check against rising-edge clock core_clock)
Path Group: asynchronous
Path Type: max

Fanout     Cap    Slew   Delay    Time   Description
-----------------------------------------------------------------------------
                          0.00    0.00   clock core_clock (rise edge)
                          0.00    0.00   clock network delay (propagated)
                         40.00   40.00 ^ input external delay
     1    1.15    0.00    0.00   40.00 ^ rst_n (in)
                                         rst_n (net)
                  0.25    0.08   40.08 ^ hold756/A (BUFx2_ASAP7_75t_SL)
     1    1.35    6.11    8.85   48.93 ^ hold756/Y (BUFx2_ASAP7_75t_SL)
                                         net755 (net)
                  6.13    0.14   49.07 ^ input490/A (BUFx8_ASAP7_75t_SL)
    54   64.46   46.27   17.17   66.24 ^ input490/Y (BUFx8_ASAP7_75t_SL)
                                         net489 (net)
                 85.44   21.69   87.93 ^ load_slew558/A (BUFx16f_ASAP7_75t_SL)
    78   87.09   26.02   20.47  108.40 ^ load_slew558/Y (BUFx16f_ASAP7_75t_SL)
                                         net557 (net)
                 98.65   27.64  136.04 ^ load_slew557/A (BUFx16f_ASAP7_75t_SL)
    88   97.12   30.99   21.23  157.27 ^ load_slew557/Y (BUFx16f_ASAP7_75t_SL)
                                         net556 (net)
                191.47   60.47  217.73 ^ s2_ff1[3]$_DFF_PN0_/RESETN (DFFASRHQNx1_ASAP7_75t_SL)
                                217.73   data arrival time

                        200.00  200.00   clock core_clock (rise edge)
                          0.00  200.00   clock source latency
     1    5.08    0.00    0.00  200.00 ^ clk (in)
                                         clk (net)
                  3.38    1.07  201.07 ^ clkbuf_0_clk/A (BUFx8_ASAP7_75t_SL)
     2    3.83    8.21   12.81  213.88 ^ clkbuf_0_clk/Y (BUFx8_ASAP7_75t_SL)
                                         clknet_0_clk (net)
                  8.33    0.55  214.43 ^ clkbuf_1_1__f_clk/A (BUFx8_ASAP7_75t_SL)
     8   26.02   23.70   19.48  233.92 ^ clkbuf_1_1__f_clk/Y (BUFx8_ASAP7_75t_SL)
                                         clknet_1_1__leaf_clk (net)
                 25.30    3.28  237.20 ^ clkbuf_leaf_7_clk/A (BUFx16f_ASAP7_75t_SL)
    26   17.16   12.65   15.32  252.51 ^ clkbuf_leaf_7_clk/Y (BUFx16f_ASAP7_75t_SL)
                                         clknet_leaf_7_clk (net)
                 12.79    0.69  253.20 ^ s2_ff1[3]$_DFF_PN0_/CLK (DFFASRHQNx1_ASAP7_75t_SL)
                          0.00  253.20   clock reconvergence pessimism
                        -13.18  240.02   library recovery time
                                240.02   data required time
-----------------------------------------------------------------------------
                                240.02   data required time
                               -217.73   data arrival time
-----------------------------------------------------------------------------
                                 22.28   slack (MET)


Startpoint: c3$_DFFE_PN0P_
            (rising edge-triggered flip-flop clocked by core_clock)
Endpoint: s4[14]$_DFFE_PN0P_
          (rising edge-triggered flip-flop clocked by core_clock)
Path Group: core_clock
Path Type: max

Fanout     Cap    Slew   Delay    Time   Description
-----------------------------------------------------------------------------
                          0.00    0.00   clock core_clock (rise edge)
                          0.00    0.00   clock source latency
     1    5.27    0.00    0.00    0.00 ^ clk (in)
                                         clk (net)
                  3.60    1.14    1.14 ^ clkbuf_0_clk/A (BUFx8_ASAP7_75t_SL)
     2    4.20    8.41   12.97   14.10 ^ clkbuf_0_clk/Y (BUFx8_ASAP7_75t_SL)
                                         clknet_0_clk (net)
                  8.58    0.62   14.72 ^ clkbuf_1_0__f_clk/A (BUFx8_ASAP7_75t_SL)
     8   31.18   27.86   20.36   35.07 ^ clkbuf_1_0__f_clk/Y (BUFx8_ASAP7_75t_SL)
                                         clknet_1_0__leaf_clk (net)
                 29.81    3.93   39.00 ^ clkbuf_leaf_13_clk/A (BUFx16f_ASAP7_75t_SL)
    23   19.22   13.67   16.16   55.17 ^ clkbuf_leaf_13_clk/Y (BUFx16f_ASAP7_75t_SL)
                                         clknet_leaf_13_clk (net)
                 14.29    1.49   56.66 ^ c3$_DFFE_PN0P_/CLK (DFFASRHQNx1_ASAP7_75t_SL)
     2    2.51   20.47   33.73   90.39 ^ c3$_DFFE_PN0P_/QN (DFFASRHQNx1_ASAP7_75t_SL)
                                         _0065_ (net)
                 20.47    0.13   90.52 ^ _1207_/A (INVx1_ASAP7_75t_SL)
     1    4.69   25.87   12.94  103.45 v _1207_/Y (INVx1_ASAP7_75t_SL)
                                         c3 (net)
                 26.47    2.17  105.62 v _2141_/A (FAx1_ASAP7_75t_SL)
     1    0.95   27.49   13.97  119.59 ^ _2141_/CON (FAx1_ASAP7_75t_SL)
                                         _0370_ (net)
                 27.49    0.10  119.69 ^ _1139_/A (INVx1_ASAP7_75t_SL)
     3    5.43   29.36   15.93  135.62 v _1139_/Y (INVx1_ASAP7_75t_SL)
                                         _0372_ (net)
                 29.40    0.63  136.25 v _2142_/CI (FAx1_ASAP7_75t_SL)
     2    2.11   37.07   21.02  157.27 ^ _2142_/CON (FAx1_ASAP7_75t_SL)
                                         _0373_ (net)
                 37.08    0.24  157.51 ^ _1613_/B (NOR2x1_ASAP7_75t_SL)
     2    2.32   25.84   11.41  168.92 v _1613_/Y (NOR2x1_ASAP7_75t_SL)
                                         _0676_ (net)
                 25.85    0.23  169.15 v _1615_/A2 (OAI21x1_ASAP7_75t_SL)
     5    6.57   38.04   18.96  188.12 ^ _1615_/Y (OAI21x1_ASAP7_75t_SL)
                                         _0678_ (net)
                 38.20    1.35  189.46 ^ _2030_/A2 (OAI21x1_ASAP7_75t_SL)
     3    3.63   23.42   10.53  200.00 v _2030_/Y (OAI21x1_ASAP7_75t_SL)
                                         _1043_ (net)
                 23.44    0.35  200.35 v _2089_/A (AND2x2_ASAP7_75t_SL)
     2    3.00   10.67   16.73  217.08 v _2089_/Y (AND2x2_ASAP7_75t_SL)
                                         _1098_ (net)
                 10.75    0.51  217.59 v _2091_/B (NOR2x1_ASAP7_75t_SL)
     1    1.40   12.00    6.73  224.32 ^ _2091_/Y (NOR2x1_ASAP7_75t_SL)
                                         _1100_ (net)
                 12.00    0.15  224.47 ^ _2092_/A2 (AOI21x1_ASAP7_75t_SL)
     1    1.33   17.10    5.63  230.10 v _2092_/Y (AOI21x1_ASAP7_75t_SL)
                                         _1101_ (net)
                 17.10    0.08  230.18 v _2094_/A2 (AOI21x1_ASAP7_75t_SL)
     1    0.91   12.18    7.20  237.38 ^ _2094_/Y (AOI21x1_ASAP7_75t_SL)
                                         _0557_ (net)
                 12.18    0.10  237.47 ^ s4[14]$_DFFE_PN0P_/D (DFFASRHQNx1_ASAP7_75t_SL)
                                237.47   data arrival time

                        200.00  200.00   clock core_clock (rise edge)
                          0.00  200.00   clock source latency
     1    5.08    0.00    0.00  200.00 ^ clk (in)
                                         clk (net)
                  3.38    1.07  201.07 ^ clkbuf_0_clk/A (BUFx8_ASAP7_75t_SL)
     2    3.83    8.21   12.81  213.88 ^ clkbuf_0_clk/Y (BUFx8_ASAP7_75t_SL)
                                         clknet_0_clk (net)
                  8.33    0.55  214.43 ^ clkbuf_1_1__f_clk/A (BUFx8_ASAP7_75t_SL)
     8   26.02   23.70   19.48  233.92 ^ clkbuf_1_1__f_clk/Y (BUFx8_ASAP7_75t_SL)
                                         clknet_1_1__leaf_clk (net)
                 24.83    2.78  236.70 ^ clkbuf_leaf_12_clk/A (BUFx16f_ASAP7_75t_SL)
    20   16.31   12.45   14.84  251.54 ^ clkbuf_leaf_12_clk/Y (BUFx16f_ASAP7_75t_SL)
                                         clknet_leaf_12_clk (net)
                 14.44    2.52  254.06 ^ s4[14]$_DFFE_PN0P_/CLK (DFFASRHQNx1_ASAP7_75t_SL)
                          0.22  254.28   clock reconvergence pessimism
                         -8.43  245.85   library setup time
                                245.85   data required time
-----------------------------------------------------------------------------
                                245.85   data required time
                               -237.47   data arrival time
-----------------------------------------------------------------------------
                                  8.37   slack (MET)



==========================================================================
global route report_checks -unconstrained
--------------------------------------------------------------------------
Startpoint: rst_n (input port clocked by core_clock)
Endpoint: s2_ff1[3]$_DFF_PN0_
          (recovery check against rising-edge clock core_clock)
Path Group: asynchronous
Path Type: max

Fanout     Cap    Slew   Delay    Time   Description
-----------------------------------------------------------------------------
                          0.00    0.00   clock core_clock (rise edge)
                          0.00    0.00   clock network delay (propagated)
                         40.00   40.00 ^ input external delay
     1    1.15    0.00    0.00   40.00 ^ rst_n (in)
                                         rst_n (net)
                  0.25    0.08   40.08 ^ hold756/A (BUFx2_ASAP7_75t_SL)
     1    1.35    6.11    8.85   48.93 ^ hold756/Y (BUFx2_ASAP7_75t_SL)
                                         net755 (net)
                  6.13    0.14   49.07 ^ input490/A (BUFx8_ASAP7_75t_SL)
    54   64.46   46.27   17.17   66.24 ^ input490/Y (BUFx8_ASAP7_75t_SL)
                                         net489 (net)
                 85.44   21.69   87.93 ^ load_slew558/A (BUFx16f_ASAP7_75t_SL)
    78   87.09   26.02   20.47  108.40 ^ load_slew558/Y (BUFx16f_ASAP7_75t_SL)
                                         net557 (net)
                 98.65   27.64  136.04 ^ load_slew557/A (BUFx16f_ASAP7_75t_SL)
    88   97.12   30.99   21.23  157.27 ^ load_slew557/Y (BUFx16f_ASAP7_75t_SL)
                                         net556 (net)
                191.47   60.47  217.73 ^ s2_ff1[3]$_DFF_PN0_/RESETN (DFFASRHQNx1_ASAP7_75t_SL)
                                217.73   data arrival time

                        200.00  200.00   clock core_clock (rise edge)
                          0.00  200.00   clock source latency
     1    5.08    0.00    0.00  200.00 ^ clk (in)
                                         clk (net)
                  3.38    1.07  201.07 ^ clkbuf_0_clk/A (BUFx8_ASAP7_75t_SL)
     2    3.83    8.21   12.81  213.88 ^ clkbuf_0_clk/Y (BUFx8_ASAP7_75t_SL)
                                         clknet_0_clk (net)
                  8.33    0.55  214.43 ^ clkbuf_1_1__f_clk/A (BUFx8_ASAP7_75t_SL)
     8   26.02   23.70   19.48  233.92 ^ clkbuf_1_1__f_clk/Y (BUFx8_ASAP7_75t_SL)
                                         clknet_1_1__leaf_clk (net)
                 25.30    3.28  237.20 ^ clkbuf_leaf_7_clk/A (BUFx16f_ASAP7_75t_SL)
    26   17.16   12.65   15.32  252.51 ^ clkbuf_leaf_7_clk/Y (BUFx16f_ASAP7_75t_SL)
                                         clknet_leaf_7_clk (net)
                 12.79    0.69  253.20 ^ s2_ff1[3]$_DFF_PN0_/CLK (DFFASRHQNx1_ASAP7_75t_SL)
                          0.00  253.20   clock reconvergence pessimism
                        -13.18  240.02   library recovery time
                                240.02   data required time
-----------------------------------------------------------------------------
                                240.02   data required time
                               -217.73   data arrival time
-----------------------------------------------------------------------------
                                 22.28   slack (MET)


Startpoint: c3$_DFFE_PN0P_
            (rising edge-triggered flip-flop clocked by core_clock)
Endpoint: s4[14]$_DFFE_PN0P_
          (rising edge-triggered flip-flop clocked by core_clock)
Path Group: core_clock
Path Type: max

Fanout     Cap    Slew   Delay    Time   Description
-----------------------------------------------------------------------------
                          0.00    0.00   clock core_clock (rise edge)
                          0.00    0.00   clock source latency
     1    5.27    0.00    0.00    0.00 ^ clk (in)
                                         clk (net)
                  3.60    1.14    1.14 ^ clkbuf_0_clk/A (BUFx8_ASAP7_75t_SL)
     2    4.20    8.41   12.97   14.10 ^ clkbuf_0_clk/Y (BUFx8_ASAP7_75t_SL)
                                         clknet_0_clk (net)
                  8.58    0.62   14.72 ^ clkbuf_1_0__f_clk/A (BUFx8_ASAP7_75t_SL)
     8   31.18   27.86   20.36   35.07 ^ clkbuf_1_0__f_clk/Y (BUFx8_ASAP7_75t_SL)
                                         clknet_1_0__leaf_clk (net)
                 29.81    3.93   39.00 ^ clkbuf_leaf_13_clk/A (BUFx16f_ASAP7_75t_SL)
    23   19.22   13.67   16.16   55.17 ^ clkbuf_leaf_13_clk/Y (BUFx16f_ASAP7_75t_SL)
                                         clknet_leaf_13_clk (net)
                 14.29    1.49   56.66 ^ c3$_DFFE_PN0P_/CLK (DFFASRHQNx1_ASAP7_75t_SL)
     2    2.51   20.47   33.73   90.39 ^ c3$_DFFE_PN0P_/QN (DFFASRHQNx1_ASAP7_75t_SL)
                                         _0065_ (net)
                 20.47    0.13   90.52 ^ _1207_/A (INVx1_ASAP7_75t_SL)
     1    4.69   25.87   12.94  103.45 v _1207_/Y (INVx1_ASAP7_75t_SL)
                                         c3 (net)
                 26.47    2.17  105.62 v _2141_/A (FAx1_ASAP7_75t_SL)
     1    0.95   27.49   13.97  119.59 ^ _2141_/CON (FAx1_ASAP7_75t_SL)
                                         _0370_ (net)
                 27.49    0.10  119.69 ^ _1139_/A (INVx1_ASAP7_75t_SL)
     3    5.43   29.36   15.93  135.62 v _1139_/Y (INVx1_ASAP7_75t_SL)
                                         _0372_ (net)
                 29.40    0.63  136.25 v _2142_/CI (FAx1_ASAP7_75t_SL)
     2    2.11   37.07   21.02  157.27 ^ _2142_/CON (FAx1_ASAP7_75t_SL)
                                         _0373_ (net)
                 37.08    0.24  157.51 ^ _1613_/B (NOR2x1_ASAP7_75t_SL)
     2    2.32   25.84   11.41  168.92 v _1613_/Y (NOR2x1_ASAP7_75t_SL)
                                         _0676_ (net)
                 25.85    0.23  169.15 v _1615_/A2 (OAI21x1_ASAP7_75t_SL)
     5    6.57   38.04   18.96  188.12 ^ _1615_/Y (OAI21x1_ASAP7_75t_SL)
                                         _0678_ (net)
                 38.20    1.35  189.46 ^ _2030_/A2 (OAI21x1_ASAP7_75t_SL)
     3    3.63   23.42   10.53  200.00 v _2030_/Y (OAI21x1_ASAP7_75t_SL)
                                         _1043_ (net)
                 23.44    0.35  200.35 v _2089_/A (AND2x2_ASAP7_75t_SL)
     2    3.00   10.67   16.73  217.08 v _2089_/Y (AND2x2_ASAP7_75t_SL)
                                         _1098_ (net)
                 10.75    0.51  217.59 v _2091_/B (NOR2x1_ASAP7_75t_SL)
     1    1.40   12.00    6.73  224.32 ^ _2091_/Y (NOR2x1_ASAP7_75t_SL)
                                         _1100_ (net)
                 12.00    0.15  224.47 ^ _2092_/A2 (AOI21x1_ASAP7_75t_SL)
     1    1.33   17.10    5.63  230.10 v _2092_/Y (AOI21x1_ASAP7_75t_SL)
                                         _1101_ (net)
                 17.10    0.08  230.18 v _2094_/A2 (AOI21x1_ASAP7_75t_SL)
     1    0.91   12.18    7.20  237.38 ^ _2094_/Y (AOI21x1_ASAP7_75t_SL)
                                         _0557_ (net)
                 12.18    0.10  237.47 ^ s4[14]$_DFFE_PN0P_/D (DFFASRHQNx1_ASAP7_75t_SL)
                                237.47   data arrival time

                        200.00  200.00   clock core_clock (rise edge)
                          0.00  200.00   clock source latency
     1    5.08    0.00    0.00  200.00 ^ clk (in)
                                         clk (net)
                  3.38    1.07  201.07 ^ clkbuf_0_clk/A (BUFx8_ASAP7_75t_SL)
     2    3.83    8.21   12.81  213.88 ^ clkbuf_0_clk/Y (BUFx8_ASAP7_75t_SL)
                                         clknet_0_clk (net)
                  8.33    0.55  214.43 ^ clkbuf_1_1__f_clk/A (BUFx8_ASAP7_75t_SL)
     8   26.02   23.70   19.48  233.92 ^ clkbuf_1_1__f_clk/Y (BUFx8_ASAP7_75t_SL)
                                         clknet_1_1__leaf_clk (net)
                 24.83    2.78  236.70 ^ clkbuf_leaf_12_clk/A (BUFx16f_ASAP7_75t_SL)
    20   16.31   12.45   14.84  251.54 ^ clkbuf_leaf_12_clk/Y (BUFx16f_ASAP7_75t_SL)
                                         clknet_leaf_12_clk (net)
                 14.44    2.52  254.06 ^ s4[14]$_DFFE_PN0P_/CLK (DFFASRHQNx1_ASAP7_75t_SL)
                          0.22  254.28   clock reconvergence pessimism
                         -8.43  245.85   library setup time
                                245.85   data required time
-----------------------------------------------------------------------------
                                245.85   data required time
                               -237.47   data arrival time
-----------------------------------------------------------------------------
                                  8.37   slack (MET)



==========================================================================
global route report_check_types -max_slew -max_cap -max_fanout -violators
--------------------------------------------------------------------------

==========================================================================
global route max_slew_check_slack
--------------------------------------------------------------------------
119.97444915771484

==========================================================================
global route max_slew_check_limit
--------------------------------------------------------------------------
320.0

==========================================================================
global route max_slew_check_slack_limit
--------------------------------------------------------------------------
0.3749

==========================================================================
global route max_fanout_check_slack
--------------------------------------------------------------------------
1.0000000150474662e+30

==========================================================================
global route max_fanout_check_limit
--------------------------------------------------------------------------
1.0000000150474662e+30

==========================================================================
global route max_capacitance_check_slack
--------------------------------------------------------------------------
14.103110313415527

==========================================================================
global route max_capacitance_check_limit
--------------------------------------------------------------------------
23.040000915527344

==========================================================================
global route max_capacitance_check_slack_limit
--------------------------------------------------------------------------
0.6121

==========================================================================
global route max_slew_violation_count
--------------------------------------------------------------------------
max slew violation count 0

==========================================================================
global route max_fanout_violation_count
--------------------------------------------------------------------------
max fanout violation count 0

==========================================================================
global route max_cap_violation_count
--------------------------------------------------------------------------
max cap violation count 0

==========================================================================
global route setup_violation_count
--------------------------------------------------------------------------
setup violation count 0

==========================================================================
global route hold_violation_count
--------------------------------------------------------------------------
hold violation count 1

==========================================================================
global route report_checks -path_delay max reg to reg
--------------------------------------------------------------------------
Startpoint: c3$_DFFE_PN0P_
            (rising edge-triggered flip-flop clocked by core_clock)
Endpoint: s4[14]$_DFFE_PN0P_
          (rising edge-triggered flip-flop clocked by core_clock)
Path Group: core_clock
Path Type: max

  Delay    Time   Description
---------------------------------------------------------
   0.00    0.00   clock core_clock (rise edge)
   0.00    0.00   clock source latency
   0.00    0.00 ^ clk (in)
  14.10   14.10 ^ clkbuf_0_clk/Y (BUFx8_ASAP7_75t_SL)
  20.97   35.07 ^ clkbuf_1_0__f_clk/Y (BUFx8_ASAP7_75t_SL)
  20.09   55.17 ^ clkbuf_leaf_13_clk/Y (BUFx16f_ASAP7_75t_SL)
   1.49   56.66 ^ c3$_DFFE_PN0P_/CLK (DFFASRHQNx1_ASAP7_75t_SL)
  33.73   90.39 ^ c3$_DFFE_PN0P_/QN (DFFASRHQNx1_ASAP7_75t_SL)
  13.07  103.45 v _1207_/Y (INVx1_ASAP7_75t_SL)
  16.14  119.59 ^ _2141_/CON (FAx1_ASAP7_75t_SL)
  16.03  135.62 v _1139_/Y (INVx1_ASAP7_75t_SL)
  21.65  157.27 ^ _2142_/CON (FAx1_ASAP7_75t_SL)
  11.65  168.92 v _1613_/Y (NOR2x1_ASAP7_75t_SL)
  19.20  188.12 ^ _1615_/Y (OAI21x1_ASAP7_75t_SL)
  11.88  200.00 v _2030_/Y (OAI21x1_ASAP7_75t_SL)
  17.08  217.08 v _2089_/Y (AND2x2_ASAP7_75t_SL)
   7.24  224.32 ^ _2091_/Y (NOR2x1_ASAP7_75t_SL)
   5.78  230.10 v _2092_/Y (AOI21x1_ASAP7_75t_SL)
   7.28  237.38 ^ _2094_/Y (AOI21x1_ASAP7_75t_SL)
   0.10  237.47 ^ s4[14]$_DFFE_PN0P_/D (DFFASRHQNx1_ASAP7_75t_SL)
         237.47   data arrival time

 200.00  200.00   clock core_clock (rise edge)
   0.00  200.00   clock source latency
   0.00  200.00 ^ clk (in)
  13.88  213.88 ^ clkbuf_0_clk/Y (BUFx8_ASAP7_75t_SL)
  20.03  233.92 ^ clkbuf_1_1__f_clk/Y (BUFx8_ASAP7_75t_SL)
  17.62  251.54 ^ clkbuf_leaf_12_clk/Y (BUFx16f_ASAP7_75t_SL)
   2.52  254.06 ^ s4[14]$_DFFE_PN0P_/CLK (DFFASRHQNx1_ASAP7_75t_SL)
   0.22  254.28   clock reconvergence pessimism
  -8.43  245.85   library setup time
         245.85   data required time
---------------------------------------------------------
         245.85   data required time
        -237.47   data arrival time
---------------------------------------------------------
           8.37   slack (MET)



==========================================================================
global route report_checks -path_delay min reg to reg
--------------------------------------------------------------------------
Startpoint: s1_ff2[13]$_DFF_PN0_
            (rising edge-triggered flip-flop clocked by core_clock)
Endpoint: s1_ff3[13]$_DFF_PN0_
          (rising edge-triggered flip-flop clocked by core_clock)
Path Group: core_clock
Path Type: min

  Delay    Time   Description
---------------------------------------------------------
   0.00    0.00   clock core_clock (rise edge)
   0.00    0.00   clock source latency
   0.00    0.00 ^ clk (in)
  13.88   13.88 ^ clkbuf_0_clk/Y (BUFx8_ASAP7_75t_SL)
  19.85   33.73 ^ clkbuf_1_0__f_clk/Y (BUFx8_ASAP7_75t_SL)
  19.22   52.95 ^ clkbuf_leaf_4_clk/Y (BUFx16f_ASAP7_75t_SL)
   1.70   54.65 ^ s1_ff2[13]$_DFF_PN0_/CLK (DFFASRHQNx1_ASAP7_75t_SL)
  28.42   83.07 ^ s1_ff2[13]$_DFF_PN0_/QN (DFFASRHQNx1_ASAP7_75t_SL)
   4.06   87.14 v _1424_/Y (INVx1_ASAP7_75t_SL)
   0.04   87.18 v s1_ff3[13]$_DFF_PN0_/D (DFFASRHQNx1_ASAP7_75t_SL)
          87.18   data arrival time

   0.00    0.00   clock core_clock (rise edge)
   0.00    0.00   clock source latency
   0.00    0.00 ^ clk (in)
  14.10   14.10 ^ clkbuf_0_clk/Y (BUFx8_ASAP7_75t_SL)
  21.21   35.31 ^ clkbuf_1_1__f_clk/Y (BUFx8_ASAP7_75t_SL)
  19.26   54.57 ^ clkbuf_leaf_6_clk/Y (BUFx16f_ASAP7_75t_SL)
   4.70   59.27 ^ s1_ff3[13]$_DFF_PN0_/CLK (DFFASRHQNx1_ASAP7_75t_SL)
  -0.22   59.05   clock reconvergence pessimism
   9.64   68.69   library hold time
          68.69   data required time
---------------------------------------------------------
          68.69   data required time
         -87.18   data arrival time
---------------------------------------------------------
          18.49   slack (MET)



==========================================================================
global route critical path target clock latency max path
--------------------------------------------------------------------------
53.1995

==========================================================================
global route critical path target clock latency min path
--------------------------------------------------------------------------
57.4425

==========================================================================
global route critical path source clock latency min path
--------------------------------------------------------------------------
0.0000

==========================================================================
global route critical path delay
--------------------------------------------------------------------------
237.4742

==========================================================================
global route critical path slack
--------------------------------------------------------------------------
8.3723

==========================================================================
global route slack div critical path delay
--------------------------------------------------------------------------
3.525562

==========================================================================
global route report_power
--------------------------------------------------------------------------
Group                  Internal  Switching    Leakage      Total
                          Power      Power      Power      Power (Watts)
----------------------------------------------------------------
Sequential             2.79e-03   1.35e-04   2.81e-06   2.93e-03  40.2%
Combinational          8.55e-04   8.17e-04   5.45e-06   1.68e-03  23.1%
Clock                  1.57e-03   1.11e-03   7.18e-07   2.68e-03  36.8%
Macro                  0.00e+00   0.00e+00   0.00e+00   0.00e+00   0.0%
Pad                    0.00e+00   0.00e+00   0.00e+00   0.00e+00   0.0%
----------------------------------------------------------------
Total                  5.21e-03   2.06e-03   8.98e-06   7.28e-03 100.0%
                          71.6%      28.3%       0.1%
