
==========================================================================
global place report_tns
--------------------------------------------------------------------------
tns max -795.85

==========================================================================
global place report_wns
--------------------------------------------------------------------------
wns max -33.39

==========================================================================
global place report_worst_slack
--------------------------------------------------------------------------
worst slack max -33.39

==========================================================================
global place report_clock_min_period
--------------------------------------------------------------------------
core_clock period_min = 343.39 fmax = 2912.16

==========================================================================
global place report_checks -path_delay min
--------------------------------------------------------------------------
Startpoint: dpath.a_reg.out[13]$_DFFE_PP_
            (rising edge-triggered flip-flop clocked by core_clock)
Endpoint: dpath.a_reg.out[13]$_DFFE_PP_
          (rising edge-triggered flip-flop clocked by core_clock)
Path Group: core_clock
Path Type: min

Fanout     Cap    Slew   Delay    Time   Description
-----------------------------------------------------------------------------
                  0.00    0.00    0.00   clock core_clock (rise edge)
                          0.00    0.00   clock network delay (ideal)
                  0.00    0.00    0.00 ^ dpath.a_reg.out[13]$_DFFE_PP_/CLK (DFFHQNx1_ASAP7_75t_R)
     2    1.64   18.49   36.28   36.28 ^ dpath.a_reg.out[13]$_DFFE_PP_/QN (DFFHQNx1_ASAP7_75t_R)
                                         _015_ (net)
                 18.50    0.07   36.35 ^ _456_/A1 (AOI22x1_ASAP7_75t_R)
     1    0.60    8.81    7.27   43.63 v _456_/Y (AOI22x1_ASAP7_75t_R)
                                         _075_ (net)
                  8.81    0.02   43.65 v dpath.a_reg.out[13]$_DFFE_PP_/D (DFFHQNx1_ASAP7_75t_R)
                                 43.65   data arrival time

                  0.00    0.00    0.00   clock core_clock (rise edge)
                          0.00    0.00   clock network delay (ideal)
                          0.00    0.00   clock reconvergence pessimism
                                  0.00 ^ dpath.a_reg.out[13]$_DFFE_PP_/CLK (DFFHQNx1_ASAP7_75t_R)
                          8.39    8.39   library hold time
                                  8.39   data required time
-----------------------------------------------------------------------------
                                  8.39   data required time
                                -43.65   data arrival time
-----------------------------------------------------------------------------
                                 35.25   slack (MET)



==========================================================================
global place report_checks -path_delay max
--------------------------------------------------------------------------
Startpoint: dpath.a_reg.out[8]$_DFFE_PP_
            (rising edge-triggered flip-flop clocked by core_clock)
Endpoint: resp_msg[14] (output port clocked by core_clock)
Path Group: core_clock
Path Type: max

Fanout     Cap    Slew   Delay    Time   Description
-----------------------------------------------------------------------------
                  0.00    0.00    0.00   clock core_clock (rise edge)
                          0.00    0.00   clock network delay (ideal)
                  0.00    0.00    0.00 ^ dpath.a_reg.out[8]$_DFFE_PP_/CLK (DFFHQNx1_ASAP7_75t_R)
     1    0.76   12.56   32.35   32.35 ^ dpath.a_reg.out[8]$_DFFE_PP_/QN (DFFHQNx1_ASAP7_75t_R)
                                         _006_ (net)
                 12.56    0.03   32.38 ^ _408_/A (INVx1_ASAP7_75t_R)
     2    1.86   12.37    9.54   41.92 v _408_/Y (INVx1_ASAP7_75t_R)
                                         dpath.a_lt_b$in0[8] (net)
                 12.37    0.07   41.99 v _540_/B (HAxp5_ASAP7_75t_R)
     7    5.65  113.67   84.99  126.98 v _540_/SN (HAxp5_ASAP7_75t_R)
                                         _047_ (net)
                113.67    0.27  127.25 v _364_/B (OR3x1_ASAP7_75t_R)
     2    1.35   15.43   43.44  170.69 v _364_/Y (OR3x1_ASAP7_75t_R)
                                         _169_ (net)
                 15.44    0.06  170.75 v _371_/B (OR2x2_ASAP7_75t_R)
     2    1.50   11.78   22.23  192.98 v _371_/Y (OR2x2_ASAP7_75t_R)
                                         _175_ (net)
                 11.78    0.10  193.07 v _398_/A1 (OA211x2_ASAP7_75t_R)
     1    0.67    9.19   22.27  215.35 v _398_/Y (OA211x2_ASAP7_75t_R)
                                         _198_ (net)
                  9.19    0.03  215.38 v _399_/C (AO221x1_ASAP7_75t_R)
     1    1.16   10.95   23.48  238.85 v _399_/Y (AO221x1_ASAP7_75t_R)
                                         _199_ (net)
                 10.95    0.06  238.92 v _400_/A (XOR2x2_ASAP7_75t_R)
     2    1.70   11.23   29.44  268.35 ^ _400_/Y (XOR2x2_ASAP7_75t_R)
                                         net42 (net)
                 11.23    0.15  268.50 ^ output42/A (BUFx2_ASAP7_75t_R)
     1    0.29    4.41   12.87  281.38 ^ output42/Y (BUFx2_ASAP7_75t_R)
                                         resp_msg[14] (net)
                  4.41    0.01  281.39 ^ resp_msg[14] (out)
                                281.39   data arrival time

                  0.00  310.00  310.00   clock core_clock (rise edge)
                          0.00  310.00   clock network delay (ideal)
                          0.00  310.00   clock reconvergence pessimism
                        -62.00  248.00   output external delay
                                248.00   data required time
-----------------------------------------------------------------------------
                                248.00   data required time
                               -281.39   data arrival time
-----------------------------------------------------------------------------
                                -33.39   slack (VIOLATED)



==========================================================================
global place report_checks -unconstrained
--------------------------------------------------------------------------
Startpoint: dpath.a_reg.out[8]$_DFFE_PP_
            (rising edge-triggered flip-flop clocked by core_clock)
Endpoint: resp_msg[14] (output port clocked by core_clock)
Path Group: core_clock
Path Type: max

Fanout     Cap    Slew   Delay    Time   Description
-----------------------------------------------------------------------------
                  0.00    0.00    0.00   clock core_clock (rise edge)
                          0.00    0.00   clock network delay (ideal)
                  0.00    0.00    0.00 ^ dpath.a_reg.out[8]$_DFFE_PP_/CLK (DFFHQNx1_ASAP7_75t_R)
     1    0.76   12.56   32.35   32.35 ^ dpath.a_reg.out[8]$_DFFE_PP_/QN (DFFHQNx1_ASAP7_75t_R)
                                         _006_ (net)
                 12.56    0.03   32.38 ^ _408_/A (INVx1_ASAP7_75t_R)
     2    1.86   12.37    9.54   41.92 v _408_/Y (INVx1_ASAP7_75t_R)
                                         dpath.a_lt_b$in0[8] (net)
                 12.37    0.07   41.99 v _540_/B (HAxp5_ASAP7_75t_R)
     7    5.65  113.67   84.99  126.98 v _540_/SN (HAxp5_ASAP7_75t_R)
                                         _047_ (net)
                113.67    0.27  127.25 v _364_/B (OR3x1_ASAP7_75t_R)
     2    1.35   15.43   43.44  170.69 v _364_/Y (OR3x1_ASAP7_75t_R)
                                         _169_ (net)
                 15.44    0.06  170.75 v _371_/B (OR2x2_ASAP7_75t_R)
     2    1.50   11.78   22.23  192.98 v _371_/Y (OR2x2_ASAP7_75t_R)
                                         _175_ (net)
                 11.78    0.10  193.07 v _398_/A1 (OA211x2_ASAP7_75t_R)
     1    0.67    9.19   22.27  215.35 v _398_/Y (OA211x2_ASAP7_75t_R)
                                         _198_ (net)
                  9.19    0.03  215.38 v _399_/C (AO221x1_ASAP7_75t_R)
     1    1.16   10.95   23.48  238.85 v _399_/Y (AO221x1_ASAP7_75t_R)
                                         _199_ (net)
                 10.95    0.06  238.92 v _400_/A (XOR2x2_ASAP7_75t_R)
     2    1.70   11.23   29.44  268.35 ^ _400_/Y (XOR2x2_ASAP7_75t_R)
                                         net42 (net)
                 11.23    0.15  268.50 ^ output42/A (BUFx2_ASAP7_75t_R)
     1    0.29    4.41   12.87  281.38 ^ output42/Y (BUFx2_ASAP7_75t_R)
                                         resp_msg[14] (net)
                  4.41    0.01  281.39 ^ resp_msg[14] (out)
                                281.39   data arrival time

                  0.00  310.00  310.00   clock core_clock (rise edge)
                          0.00  310.00   clock network delay (ideal)
                          0.00  310.00   clock reconvergence pessimism
                        -62.00  248.00   output external delay
                                248.00   data required time
-----------------------------------------------------------------------------
                                248.00   data required time
                               -281.39   data arrival time
-----------------------------------------------------------------------------
                                -33.39   slack (VIOLATED)



==========================================================================
global place report_power
--------------------------------------------------------------------------
Group                  Internal  Switching    Leakage      Total
                          Power      Power      Power      Power (Watts)
----------------------------------------------------------------
Sequential             2.09e-04   1.70e-05   5.26e-09   2.26e-04  31.9%
Combinational          2.61e-04   2.21e-04   2.26e-08   4.81e-04  68.1%
Clock                  0.00e+00   0.00e+00   0.00e+00   0.00e+00   0.0%
Macro                  0.00e+00   0.00e+00   0.00e+00   0.00e+00   0.0%
Pad                    0.00e+00   0.00e+00   0.00e+00   0.00e+00   0.0%
----------------------------------------------------------------
Total                  4.69e-04   2.38e-04   2.79e-08   7.07e-04 100.0%
                          66.4%      33.6%       0.0%
