
==========================================================================
floorplan final report_tns
--------------------------------------------------------------------------
tns max -2171.86

==========================================================================
floorplan final report_wns
--------------------------------------------------------------------------
wns max -168.71

==========================================================================
floorplan final report_worst_slack
--------------------------------------------------------------------------
worst slack max -168.71

==========================================================================
floorplan final report_clock_min_period
--------------------------------------------------------------------------
virtual_clk period_min = 668.71 fmax = 1495.43

==========================================================================
floorplan final report_checks -path_delay min
--------------------------------------------------------------------------
Startpoint: B[32] (input port clocked by virtual_clk)
Endpoint: C32 (output port clocked by virtual_clk)
Path Group: virtual_clk
Path Type: min

Fanout     Cap    Slew   Delay    Time   Description
-----------------------------------------------------------------------------
                  0.00    0.00    0.00   clock virtual_clk (rise edge)
                          0.00    0.00   clock network delay (ideal)
                        100.00  100.00 v input external delay
     1    0.75    0.00    0.00  100.00 v B[32] (in)
                                         B[32] (net)
                  0.00    0.00  100.00 v _643_/B (HAxp5_ASAP7_75t_R)
     1    1.21   20.77   10.67  110.67 ^ _643_/CON (HAxp5_ASAP7_75t_R)
                                         _024_ (net)
                 20.77    0.00  110.67 ^ _567_/A (XNOR2x1_ASAP7_75t_R)
     1    0.00    5.54    6.91  117.59 v _567_/Y (XNOR2x1_ASAP7_75t_R)
                                         C32 (net)
                  5.54    0.00  117.59 v C32 (out)
                                117.59   data arrival time

                  0.00    0.00    0.00   clock virtual_clk (rise edge)
                          0.00    0.00   clock network delay (ideal)
                          0.00    0.00   clock reconvergence pessimism
                       -100.00 -100.00   output external delay
                               -100.00   data required time
-----------------------------------------------------------------------------
                               -100.00   data required time
                               -117.59   data arrival time
-----------------------------------------------------------------------------
                                217.59   slack (MET)



==========================================================================
floorplan final report_checks -path_delay max
--------------------------------------------------------------------------
Startpoint: B[11] (input port clocked by virtual_clk)
Endpoint: S[31] (output port clocked by virtual_clk)
Path Group: virtual_clk
Path Type: max

Fanout     Cap    Slew   Delay    Time   Description
-----------------------------------------------------------------------------
                  0.00    0.00    0.00   clock virtual_clk (rise edge)
                          0.00    0.00   clock network delay (ideal)
                        100.00  100.00 v input external delay
     1    1.06    0.00    0.00  100.00 v B[11] (in)
                                         B[11] (net)
                  0.00    0.00  100.00 v _664_/A (HAxp5_ASAP7_75t_R)
     7    5.10   65.15   74.70  174.70 v _664_/SN (HAxp5_ASAP7_75t_R)
                                         _067_ (net)
                 65.15    0.00  174.70 v _430_/B (OR4x1_ASAP7_75t_R)
     4    2.66   23.32   48.38  223.08 v _430_/Y (OR4x1_ASAP7_75t_R)
                                         _174_ (net)
                 23.32    0.00  223.08 v _455_/D (OR5x1_ASAP7_75t_R)
     2    1.87   20.44   46.17  269.25 v _455_/Y (OR5x1_ASAP7_75t_R)
                                         _199_ (net)
                 20.44    0.00  269.25 v _456_/B (AO21x1_ASAP7_75t_R)
     3    2.25   14.50   22.61  291.86 v _456_/Y (AO21x1_ASAP7_75t_R)
                                         _200_ (net)
                 14.50    0.00  291.86 v _493_/B2 (AOI22x1_ASAP7_75t_R)
     1    0.62   14.30   10.45  302.31 ^ _493_/Y (AOI22x1_ASAP7_75t_R)
                                         _235_ (net)
                 14.30    0.00  302.31 ^ _494_/D (AND4x1_ASAP7_75t_R)
     1    0.96   13.81   27.61  329.93 ^ _494_/Y (AND4x1_ASAP7_75t_R)
                                         _236_ (net)
                 13.81    0.00  329.93 ^ _503_/B (AOI211x1_ASAP7_75t_R)
     3    2.96   36.19   14.70  344.63 v _503_/Y (AOI211x1_ASAP7_75t_R)
                                         _245_ (net)
                 36.19    0.00  344.63 v _504_/B (XOR2x2_ASAP7_75t_R)
     3    2.39   12.80   31.72  376.35 v _504_/Y (XOR2x2_ASAP7_75t_R)
                                         _246_ (net)
                 12.80    0.00  376.35 v _526_/D (OR5x1_ASAP7_75t_R)
     1    0.69   13.87   38.63  414.98 v _526_/Y (OR5x1_ASAP7_75t_R)
                                         _267_ (net)
                 13.87    0.00  414.98 v _527_/A (BUFx3_ASAP7_75t_R)
     5    4.91   11.52   18.50  433.48 v _527_/Y (BUFx3_ASAP7_75t_R)
                                         _268_ (net)
                 11.52    0.00  433.48 v _532_/A (NAND3x1_ASAP7_75t_R)
     3    1.67   22.55   13.39  446.87 ^ _532_/Y (NAND3x1_ASAP7_75t_R)
                                         _273_ (net)
                 22.55    0.00  446.87 ^ _629_/C (AND4x1_ASAP7_75t_R)
     1    1.64   18.43   31.86  478.74 ^ _629_/Y (AND4x1_ASAP7_75t_R)
                                         _337_ (net)
                 18.43    0.00  478.74 ^ _630_/B (XNOR2x1_ASAP7_75t_R)
     1    1.09   17.17   20.23  498.96 ^ _630_/Y (XNOR2x1_ASAP7_75t_R)
                                         _338_ (net)
                 17.17    0.00  498.96 ^ _631_/B (NOR2x1_ASAP7_75t_R)
     1    1.65   25.54   12.63  511.59 v _631_/Y (NOR2x1_ASAP7_75t_R)
                                         _339_ (net)
                 25.54    0.00  511.59 v _632_/B (XNOR2x1_ASAP7_75t_R)
     1    1.65   18.54   23.80  535.39 v _632_/Y (XNOR2x1_ASAP7_75t_R)
                                         _340_ (net)
                 18.54    0.00  535.39 v _633_/B (XNOR2x1_ASAP7_75t_R)
     1    0.58   14.96   18.95  554.34 v _633_/Y (XNOR2x1_ASAP7_75t_R)
                                         CLA2.adder4.adder3.F (net)
                 14.96    0.00  554.34 v _705_/A (BUFx2_ASAP7_75t_R)
     1    0.00    3.79   14.37  568.71 v _705_/Y (BUFx2_ASAP7_75t_R)
                                         S[31] (net)
                  3.79    0.00  568.71 v S[31] (out)
                                568.71   data arrival time

                  0.00  500.00  500.00   clock virtual_clk (rise edge)
                          0.00  500.00   clock network delay (ideal)
                          0.00  500.00   clock reconvergence pessimism
                       -100.00  400.00   output external delay
                                400.00   data required time
-----------------------------------------------------------------------------
                                400.00   data required time
                               -568.71   data arrival time
-----------------------------------------------------------------------------
                               -168.71   slack (VIOLATED)



==========================================================================
floorplan final report_checks -unconstrained
--------------------------------------------------------------------------
Startpoint: B[11] (input port clocked by virtual_clk)
Endpoint: S[31] (output port clocked by virtual_clk)
Path Group: virtual_clk
Path Type: max

Fanout     Cap    Slew   Delay    Time   Description
-----------------------------------------------------------------------------
                  0.00    0.00    0.00   clock virtual_clk (rise edge)
                          0.00    0.00   clock network delay (ideal)
                        100.00  100.00 v input external delay
     1    1.06    0.00    0.00  100.00 v B[11] (in)
                                         B[11] (net)
                  0.00    0.00  100.00 v _664_/A (HAxp5_ASAP7_75t_R)
     7    5.10   65.15   74.70  174.70 v _664_/SN (HAxp5_ASAP7_75t_R)
                                         _067_ (net)
                 65.15    0.00  174.70 v _430_/B (OR4x1_ASAP7_75t_R)
     4    2.66   23.32   48.38  223.08 v _430_/Y (OR4x1_ASAP7_75t_R)
                                         _174_ (net)
                 23.32    0.00  223.08 v _455_/D (OR5x1_ASAP7_75t_R)
     2    1.87   20.44   46.17  269.25 v _455_/Y (OR5x1_ASAP7_75t_R)
                                         _199_ (net)
                 20.44    0.00  269.25 v _456_/B (AO21x1_ASAP7_75t_R)
     3    2.25   14.50   22.61  291.86 v _456_/Y (AO21x1_ASAP7_75t_R)
                                         _200_ (net)
                 14.50    0.00  291.86 v _493_/B2 (AOI22x1_ASAP7_75t_R)
     1    0.62   14.30   10.45  302.31 ^ _493_/Y (AOI22x1_ASAP7_75t_R)
                                         _235_ (net)
                 14.30    0.00  302.31 ^ _494_/D (AND4x1_ASAP7_75t_R)
     1    0.96   13.81   27.61  329.93 ^ _494_/Y (AND4x1_ASAP7_75t_R)
                                         _236_ (net)
                 13.81    0.00  329.93 ^ _503_/B (AOI211x1_ASAP7_75t_R)
     3    2.96   36.19   14.70  344.63 v _503_/Y (AOI211x1_ASAP7_75t_R)
                                         _245_ (net)
                 36.19    0.00  344.63 v _504_/B (XOR2x2_ASAP7_75t_R)
     3    2.39   12.80   31.72  376.35 v _504_/Y (XOR2x2_ASAP7_75t_R)
                                         _246_ (net)
                 12.80    0.00  376.35 v _526_/D (OR5x1_ASAP7_75t_R)
     1    0.69   13.87   38.63  414.98 v _526_/Y (OR5x1_ASAP7_75t_R)
                                         _267_ (net)
                 13.87    0.00  414.98 v _527_/A (BUFx3_ASAP7_75t_R)
     5    4.91   11.52   18.50  433.48 v _527_/Y (BUFx3_ASAP7_75t_R)
                                         _268_ (net)
                 11.52    0.00  433.48 v _532_/A (NAND3x1_ASAP7_75t_R)
     3    1.67   22.55   13.39  446.87 ^ _532_/Y (NAND3x1_ASAP7_75t_R)
                                         _273_ (net)
                 22.55    0.00  446.87 ^ _629_/C (AND4x1_ASAP7_75t_R)
     1    1.64   18.43   31.86  478.74 ^ _629_/Y (AND4x1_ASAP7_75t_R)
                                         _337_ (net)
                 18.43    0.00  478.74 ^ _630_/B (XNOR2x1_ASAP7_75t_R)
     1    1.09   17.17   20.23  498.96 ^ _630_/Y (XNOR2x1_ASAP7_75t_R)
                                         _338_ (net)
                 17.17    0.00  498.96 ^ _631_/B (NOR2x1_ASAP7_75t_R)
     1    1.65   25.54   12.63  511.59 v _631_/Y (NOR2x1_ASAP7_75t_R)
                                         _339_ (net)
                 25.54    0.00  511.59 v _632_/B (XNOR2x1_ASAP7_75t_R)
     1    1.65   18.54   23.80  535.39 v _632_/Y (XNOR2x1_ASAP7_75t_R)
                                         _340_ (net)
                 18.54    0.00  535.39 v _633_/B (XNOR2x1_ASAP7_75t_R)
     1    0.58   14.96   18.95  554.34 v _633_/Y (XNOR2x1_ASAP7_75t_R)
                                         CLA2.adder4.adder3.F (net)
                 14.96    0.00  554.34 v _705_/A (BUFx2_ASAP7_75t_R)
     1    0.00    3.79   14.37  568.71 v _705_/Y (BUFx2_ASAP7_75t_R)
                                         S[31] (net)
                  3.79    0.00  568.71 v S[31] (out)
                                568.71   data arrival time

                  0.00  500.00  500.00   clock virtual_clk (rise edge)
                          0.00  500.00   clock network delay (ideal)
                          0.00  500.00   clock reconvergence pessimism
                       -100.00  400.00   output external delay
                                400.00   data required time
-----------------------------------------------------------------------------
                                400.00   data required time
                               -568.71   data arrival time
-----------------------------------------------------------------------------
                               -168.71   slack (VIOLATED)



==========================================================================
floorplan final report_power
--------------------------------------------------------------------------
Group                  Internal  Switching    Leakage      Total
                          Power      Power      Power      Power (Watts)
----------------------------------------------------------------
Sequential             0.00e+00   0.00e+00   0.00e+00   0.00e+00   0.0%
Combinational          8.58e-05   5.49e-05   3.53e-08   1.41e-04 100.0%
Clock                  0.00e+00   0.00e+00   0.00e+00   0.00e+00   0.0%
Macro                  0.00e+00   0.00e+00   0.00e+00   0.00e+00   0.0%
Pad                    0.00e+00   0.00e+00   0.00e+00   0.00e+00   0.0%
----------------------------------------------------------------
Total                  8.58e-05   5.49e-05   3.53e-08   1.41e-04 100.0%
                          61.0%      39.0%       0.0%
