
==========================================================================
detailed place report_tns
--------------------------------------------------------------------------
tns max -2581.11

==========================================================================
detailed place report_wns
--------------------------------------------------------------------------
wns max -168.10

==========================================================================
detailed place report_worst_slack
--------------------------------------------------------------------------
worst slack max -168.10

==========================================================================
detailed place report_clock_min_period
--------------------------------------------------------------------------
virtual_clk period_min = 668.10 fmax = 1496.79

==========================================================================
detailed place report_checks -path_delay min
--------------------------------------------------------------------------
Startpoint: B[1] (input port clocked by virtual_clk)
Endpoint: S[1] (output port clocked by virtual_clk)
Path Group: virtual_clk
Path Type: min

Fanout     Cap    Slew   Delay    Time   Description
-----------------------------------------------------------------------------
                  0.00    0.00    0.00   clock virtual_clk (rise edge)
                          0.00    0.00   clock network delay (ideal)
                        100.00  100.00 ^ input external delay
     1    0.66    0.00    0.00  100.00 ^ B[1] (in)
                                         B[1] (net)
                  0.08    0.03  100.03 ^ input43/A (BUFx2_ASAP7_75t_R)
     1    0.84    5.77   10.35  110.37 ^ input43/Y (BUFx2_ASAP7_75t_R)
                                         net43 (net)
                  5.77    0.04  110.41 ^ _674_/B (HAxp5_ASAP7_75t_R)
     1    0.62   10.80    8.44  118.85 v _674_/SN (HAxp5_ASAP7_75t_R)
                                         _087_ (net)
                 10.80    0.03  118.87 v _537_/A (INVx1_ASAP7_75t_R)
     1    0.46    6.28    5.98  124.85 ^ _537_/Y (INVx1_ASAP7_75t_R)
                                         net76 (net)
                  6.28    0.01  124.87 ^ output76/A (BUFx2_ASAP7_75t_R)
     1    0.22    4.16   11.27  136.14 ^ output76/Y (BUFx2_ASAP7_75t_R)
                                         S[1] (net)
                  4.16    0.01  136.15 ^ S[1] (out)
                                136.15   data arrival time

                  0.00    0.00    0.00   clock virtual_clk (rise edge)
                          0.00    0.00   clock network delay (ideal)
                          0.00    0.00   clock reconvergence pessimism
                       -100.00 -100.00   output external delay
                               -100.00   data required time
-----------------------------------------------------------------------------
                               -100.00   data required time
                               -136.15   data arrival time
-----------------------------------------------------------------------------
                                236.15   slack (MET)



==========================================================================
detailed place report_checks -path_delay max
--------------------------------------------------------------------------
Startpoint: A[14] (input port clocked by virtual_clk)
Endpoint: S[31] (output port clocked by virtual_clk)
Path Group: virtual_clk
Path Type: max

Fanout     Cap    Slew   Delay    Time   Description
-----------------------------------------------------------------------------
                  0.00    0.00    0.00   clock virtual_clk (rise edge)
                          0.00    0.00   clock network delay (ideal)
                        100.00  100.00 v input external delay
     1    0.83    0.00    0.00  100.00 v A[14] (in)
                                         A[14] (net)
                  0.12    0.04  100.04 v input5/A (BUFx2_ASAP7_75t_R)
     1    1.10    6.04   11.26  111.29 v input5/Y (BUFx2_ASAP7_75t_R)
                                         net5 (net)
                  6.04    0.04  111.33 v _661_/A (HAxp5_ASAP7_75t_R)
     3    3.02   40.57   21.66  132.99 ^ _661_/CON (HAxp5_ASAP7_75t_R)
                                         _060_ (net)
     2    1.49   32.68   19.14  152.13 v _661_/SN (HAxp5_ASAP7_75t_R)
                                         _061_ (net)
                 32.68    0.06  152.18 v place284/A (BUFx3_ASAP7_75t_R)
     4    3.79   10.58   22.31  174.49 v place284/Y (BUFx3_ASAP7_75t_R)
                                         net284 (net)
                 10.58    0.09  174.58 v _426_/A1 (OA21x2_ASAP7_75t_R)
     1    0.62    7.12   16.77  191.36 v _426_/Y (OA21x2_ASAP7_75t_R)
                                         _170_ (net)
                  7.12    0.02  191.38 v _427_/E (OR5x1_ASAP7_75t_R)
     4    4.13   33.92   51.75  243.13 v _427_/Y (OR5x1_ASAP7_75t_R)
                                         _171_ (net)
                 33.93    0.29  243.41 v _428_/C (NAND3x1_ASAP7_75t_R)
     1    1.17   23.65   23.72  267.13 ^ _428_/Y (NAND3x1_ASAP7_75t_R)
                                         _172_ (net)
                 23.65    0.07  267.20 ^ _440_/A1 (AO211x2_ASAP7_75t_R)
     3    2.44   12.56   27.69  294.89 ^ _440_/Y (AO211x2_ASAP7_75t_R)
                                         _184_ (net)
                 12.57    0.13  295.01 ^ _494_/A (AND4x1_ASAP7_75t_R)
     1    1.13   14.89   25.94  320.96 ^ _494_/Y (AND4x1_ASAP7_75t_R)
                                         _236_ (net)
                 14.90    0.06  321.02 ^ _503_/B (AOI211x1_ASAP7_75t_R)
     2    1.88   26.52   12.30  333.32 v _503_/Y (AOI211x1_ASAP7_75t_R)
                                         _245_ (net)
                 26.52    0.06  333.38 v _504_/B (XOR2x2_ASAP7_75t_R)
     3    2.64   13.34   29.91  363.29 v _504_/Y (XOR2x2_ASAP7_75t_R)
                                         _246_ (net)
                 13.35    0.13  363.42 v _526_/D (OR5x1_ASAP7_75t_R)
     5    5.16   40.90   55.77  419.19 v _526_/Y (OR5x1_ASAP7_75t_R)
                                         _267_ (net)
                 40.92    0.48  419.67 v _532_/A (NAND3x1_ASAP7_75t_R)
     3    1.88   24.77   22.99  442.66 ^ _532_/Y (NAND3x1_ASAP7_75t_R)
                                         _273_ (net)
                 24.77    0.07  442.72 ^ _629_/C (AND4x1_ASAP7_75t_R)
     1    1.75   19.26   32.57  475.30 ^ _629_/Y (AND4x1_ASAP7_75t_R)
                                         _337_ (net)
                 19.26    0.08  475.37 ^ _630_/B (XNOR2x1_ASAP7_75t_R)
     1    1.16   17.69   20.56  495.93 ^ _630_/Y (XNOR2x1_ASAP7_75t_R)
                                         _338_ (net)
                 17.69    0.04  495.98 ^ _631_/B (NOR2x1_ASAP7_75t_R)
     1    1.70   27.34   12.89  508.87 v _631_/Y (NOR2x1_ASAP7_75t_R)
                                         _339_ (net)
                 27.34    0.06  508.92 v _632_/B (XNOR2x1_ASAP7_75t_R)
     1    1.76   19.45   24.52  533.44 v _632_/Y (XNOR2x1_ASAP7_75t_R)
                                         _340_ (net)
                 19.45    0.08  533.52 v _633_/B (XNOR2x1_ASAP7_75t_R)
     1    0.66   16.06   19.48  553.01 v _633_/Y (XNOR2x1_ASAP7_75t_R)
                                         net89 (net)
                 16.06    0.03  553.03 v output89/A (BUFx2_ASAP7_75t_R)
     1    0.23    4.36   15.06  568.09 v output89/Y (BUFx2_ASAP7_75t_R)
                                         S[31] (net)
                  4.36    0.01  568.10 v S[31] (out)
                                568.10   data arrival time

                  0.00  500.00  500.00   clock virtual_clk (rise edge)
                          0.00  500.00   clock network delay (ideal)
                          0.00  500.00   clock reconvergence pessimism
                       -100.00  400.00   output external delay
                                400.00   data required time
-----------------------------------------------------------------------------
                                400.00   data required time
                               -568.10   data arrival time
-----------------------------------------------------------------------------
                               -168.10   slack (VIOLATED)



==========================================================================
detailed place report_checks -unconstrained
--------------------------------------------------------------------------
Startpoint: A[14] (input port clocked by virtual_clk)
Endpoint: S[31] (output port clocked by virtual_clk)
Path Group: virtual_clk
Path Type: max

Fanout     Cap    Slew   Delay    Time   Description
-----------------------------------------------------------------------------
                  0.00    0.00    0.00   clock virtual_clk (rise edge)
                          0.00    0.00   clock network delay (ideal)
                        100.00  100.00 v input external delay
     1    0.83    0.00    0.00  100.00 v A[14] (in)
                                         A[14] (net)
                  0.12    0.04  100.04 v input5/A (BUFx2_ASAP7_75t_R)
     1    1.10    6.04   11.26  111.29 v input5/Y (BUFx2_ASAP7_75t_R)
                                         net5 (net)
                  6.04    0.04  111.33 v _661_/A (HAxp5_ASAP7_75t_R)
     3    3.02   40.57   21.66  132.99 ^ _661_/CON (HAxp5_ASAP7_75t_R)
                                         _060_ (net)
     2    1.49   32.68   19.14  152.13 v _661_/SN (HAxp5_ASAP7_75t_R)
                                         _061_ (net)
                 32.68    0.06  152.18 v place284/A (BUFx3_ASAP7_75t_R)
     4    3.79   10.58   22.31  174.49 v place284/Y (BUFx3_ASAP7_75t_R)
                                         net284 (net)
                 10.58    0.09  174.58 v _426_/A1 (OA21x2_ASAP7_75t_R)
     1    0.62    7.12   16.77  191.36 v _426_/Y (OA21x2_ASAP7_75t_R)
                                         _170_ (net)
                  7.12    0.02  191.38 v _427_/E (OR5x1_ASAP7_75t_R)
     4    4.13   33.92   51.75  243.13 v _427_/Y (OR5x1_ASAP7_75t_R)
                                         _171_ (net)
                 33.93    0.29  243.41 v _428_/C (NAND3x1_ASAP7_75t_R)
     1    1.17   23.65   23.72  267.13 ^ _428_/Y (NAND3x1_ASAP7_75t_R)
                                         _172_ (net)
                 23.65    0.07  267.20 ^ _440_/A1 (AO211x2_ASAP7_75t_R)
     3    2.44   12.56   27.69  294.89 ^ _440_/Y (AO211x2_ASAP7_75t_R)
                                         _184_ (net)
                 12.57    0.13  295.01 ^ _494_/A (AND4x1_ASAP7_75t_R)
     1    1.13   14.89   25.94  320.96 ^ _494_/Y (AND4x1_ASAP7_75t_R)
                                         _236_ (net)
                 14.90    0.06  321.02 ^ _503_/B (AOI211x1_ASAP7_75t_R)
     2    1.88   26.52   12.30  333.32 v _503_/Y (AOI211x1_ASAP7_75t_R)
                                         _245_ (net)
                 26.52    0.06  333.38 v _504_/B (XOR2x2_ASAP7_75t_R)
     3    2.64   13.34   29.91  363.29 v _504_/Y (XOR2x2_ASAP7_75t_R)
                                         _246_ (net)
                 13.35    0.13  363.42 v _526_/D (OR5x1_ASAP7_75t_R)
     5    5.16   40.90   55.77  419.19 v _526_/Y (OR5x1_ASAP7_75t_R)
                                         _267_ (net)
                 40.92    0.48  419.67 v _532_/A (NAND3x1_ASAP7_75t_R)
     3    1.88   24.77   22.99  442.66 ^ _532_/Y (NAND3x1_ASAP7_75t_R)
                                         _273_ (net)
                 24.77    0.07  442.72 ^ _629_/C (AND4x1_ASAP7_75t_R)
     1    1.75   19.26   32.57  475.30 ^ _629_/Y (AND4x1_ASAP7_75t_R)
                                         _337_ (net)
                 19.26    0.08  475.37 ^ _630_/B (XNOR2x1_ASAP7_75t_R)
     1    1.16   17.69   20.56  495.93 ^ _630_/Y (XNOR2x1_ASAP7_75t_R)
                                         _338_ (net)
                 17.69    0.04  495.98 ^ _631_/B (NOR2x1_ASAP7_75t_R)
     1    1.70   27.34   12.89  508.87 v _631_/Y (NOR2x1_ASAP7_75t_R)
                                         _339_ (net)
                 27.34    0.06  508.92 v _632_/B (XNOR2x1_ASAP7_75t_R)
     1    1.76   19.45   24.52  533.44 v _632_/Y (XNOR2x1_ASAP7_75t_R)
                                         _340_ (net)
                 19.45    0.08  533.52 v _633_/B (XNOR2x1_ASAP7_75t_R)
     1    0.66   16.06   19.48  553.01 v _633_/Y (XNOR2x1_ASAP7_75t_R)
                                         net89 (net)
                 16.06    0.03  553.03 v output89/A (BUFx2_ASAP7_75t_R)
     1    0.23    4.36   15.06  568.09 v output89/Y (BUFx2_ASAP7_75t_R)
                                         S[31] (net)
                  4.36    0.01  568.10 v S[31] (out)
                                568.10   data arrival time

                  0.00  500.00  500.00   clock virtual_clk (rise edge)
                          0.00  500.00   clock network delay (ideal)
                          0.00  500.00   clock reconvergence pessimism
                       -100.00  400.00   output external delay
                                400.00   data required time
-----------------------------------------------------------------------------
                                400.00   data required time
                               -568.10   data arrival time
-----------------------------------------------------------------------------
                               -168.10   slack (VIOLATED)



==========================================================================
detailed place report_check_types -max_slew -max_cap -max_fanout -violators
--------------------------------------------------------------------------

==========================================================================
detailed place max_slew_check_slack
--------------------------------------------------------------------------
218.9189453125

==========================================================================
detailed place max_slew_check_limit
--------------------------------------------------------------------------
320.0

==========================================================================
detailed place max_slew_check_slack_limit
--------------------------------------------------------------------------
0.6841

==========================================================================
detailed place max_fanout_check_slack
--------------------------------------------------------------------------
1.0000000150474662e+30

==========================================================================
detailed place max_fanout_check_limit
--------------------------------------------------------------------------
1.0000000150474662e+30

==========================================================================
detailed place max_capacitance_check_slack
--------------------------------------------------------------------------
18.025205612182617

==========================================================================
detailed place max_capacitance_check_limit
--------------------------------------------------------------------------
23.040000915527344

==========================================================================
detailed place max_capacitance_check_slack_limit
--------------------------------------------------------------------------
0.7823

==========================================================================
detailed place max_slew_violation_count
--------------------------------------------------------------------------
max slew violation count 0

==========================================================================
detailed place max_fanout_violation_count
--------------------------------------------------------------------------
max fanout violation count 0

==========================================================================
detailed place max_cap_violation_count
--------------------------------------------------------------------------
max cap violation count 0

==========================================================================
detailed place setup_violation_count
--------------------------------------------------------------------------
setup violation count 27

==========================================================================
detailed place hold_violation_count
--------------------------------------------------------------------------
hold violation count 0

==========================================================================
detailed place critical path delay
--------------------------------------------------------------------------
568.0953

==========================================================================
detailed place critical path slack
--------------------------------------------------------------------------
-168.0953

==========================================================================
detailed place slack div critical path delay
--------------------------------------------------------------------------
-29.589278

==========================================================================
detailed place report_power
--------------------------------------------------------------------------
Group                  Internal  Switching    Leakage      Total
                          Power      Power      Power      Power (Watts)
----------------------------------------------------------------
Sequential             0.00e+00   0.00e+00   0.00e+00   0.00e+00   0.0%
Combinational          1.26e-04   7.98e-05   4.79e-08   2.06e-04 100.0%
Clock                  0.00e+00   0.00e+00   0.00e+00   0.00e+00   0.0%
Macro                  0.00e+00   0.00e+00   0.00e+00   0.00e+00   0.0%
Pad                    0.00e+00   0.00e+00   0.00e+00   0.00e+00   0.0%
----------------------------------------------------------------
Total                  1.26e-04   7.98e-05   4.79e-08   2.06e-04 100.0%
                          61.2%      38.8%       0.0%
