
==========================================================================
resizer report_tns
--------------------------------------------------------------------------
tns max -2520.11

==========================================================================
resizer report_wns
--------------------------------------------------------------------------
wns max -163.94

==========================================================================
resizer report_worst_slack
--------------------------------------------------------------------------
worst slack max -163.94

==========================================================================
resizer report_clock_min_period
--------------------------------------------------------------------------
virtual_clk period_min = 663.94 fmax = 1506.17

==========================================================================
resizer report_checks -path_delay min
--------------------------------------------------------------------------
Startpoint: B[1] (input port clocked by virtual_clk)
Endpoint: S[1] (output port clocked by virtual_clk)
Path Group: virtual_clk
Path Type: min

Fanout     Cap    Slew   Delay    Time   Description
-----------------------------------------------------------------------------
                  0.00    0.00    0.00   clock virtual_clk (rise edge)
                          0.00    0.00   clock network delay (ideal)
                        100.00  100.00 ^ input external delay
     1    0.73    0.00    0.00  100.00 ^ B[1] (in)
                                         B[1] (net)
                  0.10    0.03  100.03 ^ input43/A (BUFx2_ASAP7_75t_R)
     1    0.79    5.63   10.27  110.30 ^ input43/Y (BUFx2_ASAP7_75t_R)
                                         net43 (net)
                  5.63    0.03  110.33 ^ _674_/B (HAxp5_ASAP7_75t_R)
     1    0.53   10.00    8.01  118.34 v _674_/SN (HAxp5_ASAP7_75t_R)
                                         _087_ (net)
                 10.00    0.02  118.36 v _537_/A (INVx1_ASAP7_75t_R)
     1    0.46    6.08    5.84  124.20 ^ _537_/Y (INVx1_ASAP7_75t_R)
                                         net76 (net)
                  6.08    0.01  124.21 ^ output76/A (BUFx2_ASAP7_75t_R)
     1    0.28    4.32   11.30  135.52 ^ output76/Y (BUFx2_ASAP7_75t_R)
                                         S[1] (net)
                  4.32    0.01  135.53 ^ S[1] (out)
                                135.53   data arrival time

                  0.00    0.00    0.00   clock virtual_clk (rise edge)
                          0.00    0.00   clock network delay (ideal)
                          0.00    0.00   clock reconvergence pessimism
                       -100.00 -100.00   output external delay
                               -100.00   data required time
-----------------------------------------------------------------------------
                               -100.00   data required time
                               -135.53   data arrival time
-----------------------------------------------------------------------------
                                235.53   slack (MET)



==========================================================================
resizer report_checks -path_delay max
--------------------------------------------------------------------------
Startpoint: A[14] (input port clocked by virtual_clk)
Endpoint: S[31] (output port clocked by virtual_clk)
Path Group: virtual_clk
Path Type: max

Fanout     Cap    Slew   Delay    Time   Description
-----------------------------------------------------------------------------
                  0.00    0.00    0.00   clock virtual_clk (rise edge)
                          0.00    0.00   clock network delay (ideal)
                        100.00  100.00 v input external delay
     1    0.84    0.00    0.00  100.00 v A[14] (in)
                                         A[14] (net)
                  0.12    0.04  100.04 v input5/A (BUFx2_ASAP7_75t_R)
     1    1.10    6.05   11.26  111.30 v input5/Y (BUFx2_ASAP7_75t_R)
                                         net5 (net)
                  6.05    0.04  111.34 v _661_/A (HAxp5_ASAP7_75t_R)
     3    2.93   39.59   21.25  132.59 ^ _661_/CON (HAxp5_ASAP7_75t_R)
                                         _060_ (net)
     2    1.48   32.47   18.91  151.51 v _661_/SN (HAxp5_ASAP7_75t_R)
                                         _061_ (net)
                 32.47    0.04  151.55 v place284/A (BUFx3_ASAP7_75t_R)
     4    3.52   10.10   21.99  173.54 v place284/Y (BUFx3_ASAP7_75t_R)
                                         net284 (net)
                 10.11    0.11  173.65 v _426_/A1 (OA21x2_ASAP7_75t_R)
     1    0.70    7.31   16.80  190.46 v _426_/Y (OA21x2_ASAP7_75t_R)
                                         _170_ (net)
                  7.31    0.03  190.49 v _427_/E (OR5x1_ASAP7_75t_R)
     4    3.98   33.00   51.31  241.80 v _427_/Y (OR5x1_ASAP7_75t_R)
                                         _171_ (net)
                 33.00    0.31  242.11 v _428_/C (NAND3x1_ASAP7_75t_R)
     1    1.12   23.13   23.21  265.32 ^ _428_/Y (NAND3x1_ASAP7_75t_R)
                                         _172_ (net)
                 23.13    0.05  265.37 ^ _440_/A1 (AO211x2_ASAP7_75t_R)
     3    2.47   12.63   27.61  292.98 ^ _440_/Y (AO211x2_ASAP7_75t_R)
                                         _184_ (net)
                 12.64    0.14  293.12 ^ _494_/A (AND4x1_ASAP7_75t_R)
     1    1.02   14.09   25.45  318.57 ^ _494_/Y (AND4x1_ASAP7_75t_R)
                                         _236_ (net)
                 14.09    0.04  318.60 ^ _503_/B (AOI211x1_ASAP7_75t_R)
     2    1.87   26.37   12.05  330.66 v _503_/Y (AOI211x1_ASAP7_75t_R)
                                         _245_ (net)
                 26.37    0.08  330.74 v _504_/B (XOR2x2_ASAP7_75t_R)
     3    2.53   13.00   29.66  360.39 v _504_/Y (XOR2x2_ASAP7_75t_R)
                                         _246_ (net)
                 13.00    0.08  360.47 v _526_/D (OR5x1_ASAP7_75t_R)
     5    5.10   40.64   55.52  416.00 v _526_/Y (OR5x1_ASAP7_75t_R)
                                         _267_ (net)
                 40.66    0.45  416.44 v _532_/A (NAND3x1_ASAP7_75t_R)
     3    1.81   24.25   22.63  439.08 ^ _532_/Y (NAND3x1_ASAP7_75t_R)
                                         _273_ (net)
                 24.25    0.06  439.13 ^ _629_/C (AND4x1_ASAP7_75t_R)
     1    1.76   19.38   32.56  471.69 ^ _629_/Y (AND4x1_ASAP7_75t_R)
                                         _337_ (net)
                 19.38    0.08  471.78 ^ _630_/B (XNOR2x1_ASAP7_75t_R)
     1    1.15   17.65   20.56  492.34 ^ _630_/Y (XNOR2x1_ASAP7_75t_R)
                                         _338_ (net)
                 17.65    0.04  492.38 ^ _631_/B (NOR2x1_ASAP7_75t_R)
     1    1.72   27.43   12.94  505.31 v _631_/Y (NOR2x1_ASAP7_75t_R)
                                         _339_ (net)
                 27.43    0.07  505.38 v _632_/B (XNOR2x1_ASAP7_75t_R)
     1    1.67   18.87   24.34  529.72 v _632_/Y (XNOR2x1_ASAP7_75t_R)
                                         _340_ (net)
                 18.87    0.05  529.77 v _633_/B (XNOR2x1_ASAP7_75t_R)
     1    0.62   15.69   19.18  548.95 v _633_/Y (XNOR2x1_ASAP7_75t_R)
                                         net89 (net)
                 15.69    0.02  548.97 v output89/A (BUFx2_ASAP7_75t_R)
     1    0.24    4.38   14.96  563.93 v output89/Y (BUFx2_ASAP7_75t_R)
                                         S[31] (net)
                  4.38    0.01  563.94 v S[31] (out)
                                563.94   data arrival time

                  0.00  500.00  500.00   clock virtual_clk (rise edge)
                          0.00  500.00   clock network delay (ideal)
                          0.00  500.00   clock reconvergence pessimism
                       -100.00  400.00   output external delay
                                400.00   data required time
-----------------------------------------------------------------------------
                                400.00   data required time
                               -563.94   data arrival time
-----------------------------------------------------------------------------
                               -163.94   slack (VIOLATED)



==========================================================================
resizer report_checks -unconstrained
--------------------------------------------------------------------------
Startpoint: A[14] (input port clocked by virtual_clk)
Endpoint: S[31] (output port clocked by virtual_clk)
Path Group: virtual_clk
Path Type: max

Fanout     Cap    Slew   Delay    Time   Description
-----------------------------------------------------------------------------
                  0.00    0.00    0.00   clock virtual_clk (rise edge)
                          0.00    0.00   clock network delay (ideal)
                        100.00  100.00 v input external delay
     1    0.84    0.00    0.00  100.00 v A[14] (in)
                                         A[14] (net)
                  0.12    0.04  100.04 v input5/A (BUFx2_ASAP7_75t_R)
     1    1.10    6.05   11.26  111.30 v input5/Y (BUFx2_ASAP7_75t_R)
                                         net5 (net)
                  6.05    0.04  111.34 v _661_/A (HAxp5_ASAP7_75t_R)
     3    2.93   39.59   21.25  132.59 ^ _661_/CON (HAxp5_ASAP7_75t_R)
                                         _060_ (net)
     2    1.48   32.47   18.91  151.51 v _661_/SN (HAxp5_ASAP7_75t_R)
                                         _061_ (net)
                 32.47    0.04  151.55 v place284/A (BUFx3_ASAP7_75t_R)
     4    3.52   10.10   21.99  173.54 v place284/Y (BUFx3_ASAP7_75t_R)
                                         net284 (net)
                 10.11    0.11  173.65 v _426_/A1 (OA21x2_ASAP7_75t_R)
     1    0.70    7.31   16.80  190.46 v _426_/Y (OA21x2_ASAP7_75t_R)
                                         _170_ (net)
                  7.31    0.03  190.49 v _427_/E (OR5x1_ASAP7_75t_R)
     4    3.98   33.00   51.31  241.80 v _427_/Y (OR5x1_ASAP7_75t_R)
                                         _171_ (net)
                 33.00    0.31  242.11 v _428_/C (NAND3x1_ASAP7_75t_R)
     1    1.12   23.13   23.21  265.32 ^ _428_/Y (NAND3x1_ASAP7_75t_R)
                                         _172_ (net)
                 23.13    0.05  265.37 ^ _440_/A1 (AO211x2_ASAP7_75t_R)
     3    2.47   12.63   27.61  292.98 ^ _440_/Y (AO211x2_ASAP7_75t_R)
                                         _184_ (net)
                 12.64    0.14  293.12 ^ _494_/A (AND4x1_ASAP7_75t_R)
     1    1.02   14.09   25.45  318.57 ^ _494_/Y (AND4x1_ASAP7_75t_R)
                                         _236_ (net)
                 14.09    0.04  318.60 ^ _503_/B (AOI211x1_ASAP7_75t_R)
     2    1.87   26.37   12.05  330.66 v _503_/Y (AOI211x1_ASAP7_75t_R)
                                         _245_ (net)
                 26.37    0.08  330.74 v _504_/B (XOR2x2_ASAP7_75t_R)
     3    2.53   13.00   29.66  360.39 v _504_/Y (XOR2x2_ASAP7_75t_R)
                                         _246_ (net)
                 13.00    0.08  360.47 v _526_/D (OR5x1_ASAP7_75t_R)
     5    5.10   40.64   55.52  416.00 v _526_/Y (OR5x1_ASAP7_75t_R)
                                         _267_ (net)
                 40.66    0.45  416.44 v _532_/A (NAND3x1_ASAP7_75t_R)
     3    1.81   24.25   22.63  439.08 ^ _532_/Y (NAND3x1_ASAP7_75t_R)
                                         _273_ (net)
                 24.25    0.06  439.13 ^ _629_/C (AND4x1_ASAP7_75t_R)
     1    1.76   19.38   32.56  471.69 ^ _629_/Y (AND4x1_ASAP7_75t_R)
                                         _337_ (net)
                 19.38    0.08  471.78 ^ _630_/B (XNOR2x1_ASAP7_75t_R)
     1    1.15   17.65   20.56  492.34 ^ _630_/Y (XNOR2x1_ASAP7_75t_R)
                                         _338_ (net)
                 17.65    0.04  492.38 ^ _631_/B (NOR2x1_ASAP7_75t_R)
     1    1.72   27.43   12.94  505.31 v _631_/Y (NOR2x1_ASAP7_75t_R)
                                         _339_ (net)
                 27.43    0.07  505.38 v _632_/B (XNOR2x1_ASAP7_75t_R)
     1    1.67   18.87   24.34  529.72 v _632_/Y (XNOR2x1_ASAP7_75t_R)
                                         _340_ (net)
                 18.87    0.05  529.77 v _633_/B (XNOR2x1_ASAP7_75t_R)
     1    0.62   15.69   19.18  548.95 v _633_/Y (XNOR2x1_ASAP7_75t_R)
                                         net89 (net)
                 15.69    0.02  548.97 v output89/A (BUFx2_ASAP7_75t_R)
     1    0.24    4.38   14.96  563.93 v output89/Y (BUFx2_ASAP7_75t_R)
                                         S[31] (net)
                  4.38    0.01  563.94 v S[31] (out)
                                563.94   data arrival time

                  0.00  500.00  500.00   clock virtual_clk (rise edge)
                          0.00  500.00   clock network delay (ideal)
                          0.00  500.00   clock reconvergence pessimism
                       -100.00  400.00   output external delay
                                400.00   data required time
-----------------------------------------------------------------------------
                                400.00   data required time
                               -563.94   data arrival time
-----------------------------------------------------------------------------
                               -163.94   slack (VIOLATED)



==========================================================================
resizer report_check_types -max_slew -max_cap -max_fanout -violators
--------------------------------------------------------------------------

==========================================================================
resizer max_slew_check_slack
--------------------------------------------------------------------------
219.32164001464844

==========================================================================
resizer max_slew_check_limit
--------------------------------------------------------------------------
320.0

==========================================================================
resizer max_slew_check_slack_limit
--------------------------------------------------------------------------
0.6854

==========================================================================
resizer max_fanout_check_slack
--------------------------------------------------------------------------
1.0000000150474662e+30

==========================================================================
resizer max_fanout_check_limit
--------------------------------------------------------------------------
1.0000000150474662e+30

==========================================================================
resizer max_capacitance_check_slack
--------------------------------------------------------------------------
18.046175003051758

==========================================================================
resizer max_capacitance_check_limit
--------------------------------------------------------------------------
23.040000915527344

==========================================================================
resizer max_capacitance_check_slack_limit
--------------------------------------------------------------------------
0.7833

==========================================================================
resizer max_slew_violation_count
--------------------------------------------------------------------------
max slew violation count 0

==========================================================================
resizer max_fanout_violation_count
--------------------------------------------------------------------------
max fanout violation count 0

==========================================================================
resizer max_cap_violation_count
--------------------------------------------------------------------------
max cap violation count 0

==========================================================================
resizer setup_violation_count
--------------------------------------------------------------------------
setup violation count 27

==========================================================================
resizer hold_violation_count
--------------------------------------------------------------------------
hold violation count 0

==========================================================================
resizer critical path delay
--------------------------------------------------------------------------
563.9370

==========================================================================
resizer critical path slack
--------------------------------------------------------------------------
-163.9370

==========================================================================
resizer slack div critical path delay
--------------------------------------------------------------------------
-29.070091

==========================================================================
resizer report_power
--------------------------------------------------------------------------
Group                  Internal  Switching    Leakage      Total
                          Power      Power      Power      Power (Watts)
----------------------------------------------------------------
Sequential             0.00e+00   0.00e+00   0.00e+00   0.00e+00   0.0%
Combinational          1.26e-04   7.95e-05   4.79e-08   2.06e-04 100.0%
Clock                  0.00e+00   0.00e+00   0.00e+00   0.00e+00   0.0%
Macro                  0.00e+00   0.00e+00   0.00e+00   0.00e+00   0.0%
Pad                    0.00e+00   0.00e+00   0.00e+00   0.00e+00   0.0%
----------------------------------------------------------------
Total                  1.26e-04   7.95e-05   4.79e-08   2.06e-04 100.0%
                          61.3%      38.7%       0.0%
