
==========================================================================
cts final report_tns
--------------------------------------------------------------------------
tns max -2290.72

==========================================================================
cts final report_wns
--------------------------------------------------------------------------
wns max -150.38

==========================================================================
cts final report_worst_slack
--------------------------------------------------------------------------
worst slack max -150.38

==========================================================================
cts final report_clock_min_period
--------------------------------------------------------------------------
virtual_clk period_min = 650.38 fmax = 1537.57

==========================================================================
cts final report_clock_skew
--------------------------------------------------------------------------
Clock virtual_clk
No launch/capture paths found.


==========================================================================
cts final report_checks -path_delay min
--------------------------------------------------------------------------
Startpoint: B[1] (input port clocked by virtual_clk)
Endpoint: S[1] (output port clocked by virtual_clk)
Path Group: virtual_clk
Path Type: min

Fanout     Cap    Slew   Delay    Time   Description
-----------------------------------------------------------------------------
                  0.00    0.00    0.00   clock virtual_clk (rise edge)
                          0.00    0.00   clock network delay (ideal)
                        100.00  100.00 ^ input external delay
     1    0.68    0.00    0.00  100.00 ^ B[1] (in)
                                         B[1] (net)
                  0.09    0.03  100.03 ^ input43/A (BUFx2_ASAP7_75t_R)
     1    0.86    5.83   10.38  110.41 ^ input43/Y (BUFx2_ASAP7_75t_R)
                                         net43 (net)
                  5.83    0.04  110.45 ^ _674_/B (HAxp5_ASAP7_75t_R)
     1    0.62   10.81    8.45  118.90 v _674_/SN (HAxp5_ASAP7_75t_R)
                                         _087_ (net)
                 10.81    0.03  118.93 v _537_/A (INVx1_ASAP7_75t_R)
     1    0.46    6.28    5.98  124.91 ^ _537_/Y (INVx1_ASAP7_75t_R)
                                         net76 (net)
                  6.28    0.01  124.92 ^ output76/A (BUFx2_ASAP7_75t_R)
     1    0.22    4.16   11.27  136.19 ^ output76/Y (BUFx2_ASAP7_75t_R)
                                         S[1] (net)
                  4.16    0.01  136.20 ^ S[1] (out)
                                136.20   data arrival time

                  0.00    0.00    0.00   clock virtual_clk (rise edge)
                          0.00    0.00   clock network delay (ideal)
                          0.00    0.00   clock reconvergence pessimism
                       -100.00 -100.00   output external delay
                               -100.00   data required time
-----------------------------------------------------------------------------
                               -100.00   data required time
                               -136.20   data arrival time
-----------------------------------------------------------------------------
                                236.20   slack (MET)



==========================================================================
cts final report_checks -path_delay max
--------------------------------------------------------------------------
Startpoint: B[14] (input port clocked by virtual_clk)
Endpoint: S[31] (output port clocked by virtual_clk)
Path Group: virtual_clk
Path Type: max

Fanout     Cap    Slew   Delay    Time   Description
-----------------------------------------------------------------------------
                  0.00    0.00    0.00   clock virtual_clk (rise edge)
                          0.00    0.00   clock network delay (ideal)
                        100.00  100.00 v input external delay
     1    1.62    0.00    0.00  100.00 v B[14] (in)
                                         B[14] (net)
                  0.26    0.08  100.08 v input37/A (BUFx6f_ASAP7_75t_R)
     1    1.11    4.23    9.03  109.11 v input37/Y (BUFx6f_ASAP7_75t_R)
                                         net37 (net)
                  4.23    0.04  109.15 v _661_/A (HAxp5_ASAP7_75t_R)
     3    3.02   40.55   20.99  130.15 ^ _661_/CON (HAxp5_ASAP7_75t_R)
                                         _060_ (net)
     2    1.54   33.57   19.37  149.51 v _661_/SN (HAxp5_ASAP7_75t_R)
                                         _061_ (net)
                 33.57    0.05  149.56 v place284/A (BUFx3_ASAP7_75t_R)
     4    3.72   10.50   22.45  172.01 v place284/Y (BUFx3_ASAP7_75t_R)
                                         net284 (net)
                 10.51    0.09  172.10 v _426_/A1 (OA21x2_ASAP7_75t_R)
     1    0.59    7.05   16.70  188.80 v _426_/Y (OA21x2_ASAP7_75t_R)
                                         _170_ (net)
                  7.05    0.02  188.82 v _427_/A (OR5x1_ASAP7_75t_R)
     4    3.72   31.38   42.53  231.35 v _427_/Y (OR5x1_ASAP7_75t_R)
                                         _171_ (net)
                 31.38    0.28  231.63 v _428_/B (NAND3x1_ASAP7_75t_R)
     1    1.14   20.35   20.31  251.94 ^ _428_/Y (NAND3x1_ASAP7_75t_R)
                                         _172_ (net)
                 20.35    0.07  252.00 ^ _440_/A2 (AO211x2_ASAP7_75t_R)
     3    2.38   12.35   24.88  276.88 ^ _440_/Y (AO211x2_ASAP7_75t_R)
                                         _184_ (net)
                 12.35    0.13  277.01 ^ _494_/D (AND4x1_ASAP7_75t_R)
     1    1.26   15.76   28.70  305.71 ^ _494_/Y (AND4x1_ASAP7_75t_R)
                                         _236_ (net)
                 15.76    0.07  305.78 ^ _503_/C (AOI211x1_ASAP7_75t_R)
     2    1.87   26.49   11.82  317.60 v _503_/Y (AOI211x1_ASAP7_75t_R)
                                         _245_ (net)
                 26.49    0.05  317.65 v place220/A (BUFx3_ASAP7_75t_R)
     2    2.06    7.48   19.05  336.69 v place220/Y (BUFx3_ASAP7_75t_R)
                                         net220 (net)
                  7.48    0.07  336.77 v _506_/C (OR4x2_ASAP7_75t_R)
     2    1.26   14.01   37.38  374.15 v _506_/Y (OR4x2_ASAP7_75t_R)
                                         _247_ (net)
                 14.01    0.06  374.20 v _517_/A3 (AO33x2_ASAP7_75t_R)
     2    2.19   13.17   34.25  408.45 v _517_/Y (AO33x2_ASAP7_75t_R)
                                         _258_ (net)
                 13.17    0.08  408.53 v _525_/B (OR3x1_ASAP7_75t_R)
     3    2.33   18.98   30.37  438.90 v _525_/Y (OR3x1_ASAP7_75t_R)
                                         _266_ (net)
                 18.99    0.22  439.12 v _629_/A (AND4x1_ASAP7_75t_R)
     1    1.76   12.73   19.30  458.42 v _629_/Y (AND4x1_ASAP7_75t_R)
                                         _337_ (net)
                 12.73    0.08  458.50 v _630_/B (XNOR2x1_ASAP7_75t_R)
     1    1.15   12.63   18.50  476.99 v _630_/Y (XNOR2x1_ASAP7_75t_R)
                                         _338_ (net)
                 12.63    0.04  477.04 v _631_/B (NOR2x1_ASAP7_75t_R)
     1    1.70   28.89   12.29  489.33 ^ _631_/Y (NOR2x1_ASAP7_75t_R)
                                         _339_ (net)
                 28.89    0.06  489.39 ^ _632_/B (XNOR2x1_ASAP7_75t_R)
     1    1.75   28.09   23.47  512.86 ^ _632_/Y (XNOR2x1_ASAP7_75t_R)
                                         _340_ (net)
                 28.09    0.08  512.94 ^ _633_/B (XNOR2x1_ASAP7_75t_R)
     1    0.66   27.28   20.91  533.84 ^ _633_/Y (XNOR2x1_ASAP7_75t_R)
                                         net89 (net)
                 27.28    0.03  533.87 ^ output89/A (BUFx2_ASAP7_75t_R)
     1    0.23    4.91   16.50  550.37 ^ output89/Y (BUFx2_ASAP7_75t_R)
                                         S[31] (net)
                  4.91    0.01  550.38 ^ S[31] (out)
                                550.38   data arrival time

                  0.00  500.00  500.00   clock virtual_clk (rise edge)
                          0.00  500.00   clock network delay (ideal)
                          0.00  500.00   clock reconvergence pessimism
                       -100.00  400.00   output external delay
                                400.00   data required time
-----------------------------------------------------------------------------
                                400.00   data required time
                               -550.38   data arrival time
-----------------------------------------------------------------------------
                               -150.38   slack (VIOLATED)



==========================================================================
cts final report_checks -unconstrained
--------------------------------------------------------------------------
Startpoint: B[14] (input port clocked by virtual_clk)
Endpoint: S[31] (output port clocked by virtual_clk)
Path Group: virtual_clk
Path Type: max

Fanout     Cap    Slew   Delay    Time   Description
-----------------------------------------------------------------------------
                  0.00    0.00    0.00   clock virtual_clk (rise edge)
                          0.00    0.00   clock network delay (ideal)
                        100.00  100.00 v input external delay
     1    1.62    0.00    0.00  100.00 v B[14] (in)
                                         B[14] (net)
                  0.26    0.08  100.08 v input37/A (BUFx6f_ASAP7_75t_R)
     1    1.11    4.23    9.03  109.11 v input37/Y (BUFx6f_ASAP7_75t_R)
                                         net37 (net)
                  4.23    0.04  109.15 v _661_/A (HAxp5_ASAP7_75t_R)
     3    3.02   40.55   20.99  130.15 ^ _661_/CON (HAxp5_ASAP7_75t_R)
                                         _060_ (net)
     2    1.54   33.57   19.37  149.51 v _661_/SN (HAxp5_ASAP7_75t_R)
                                         _061_ (net)
                 33.57    0.05  149.56 v place284/A (BUFx3_ASAP7_75t_R)
     4    3.72   10.50   22.45  172.01 v place284/Y (BUFx3_ASAP7_75t_R)
                                         net284 (net)
                 10.51    0.09  172.10 v _426_/A1 (OA21x2_ASAP7_75t_R)
     1    0.59    7.05   16.70  188.80 v _426_/Y (OA21x2_ASAP7_75t_R)
                                         _170_ (net)
                  7.05    0.02  188.82 v _427_/A (OR5x1_ASAP7_75t_R)
     4    3.72   31.38   42.53  231.35 v _427_/Y (OR5x1_ASAP7_75t_R)
                                         _171_ (net)
                 31.38    0.28  231.63 v _428_/B (NAND3x1_ASAP7_75t_R)
     1    1.14   20.35   20.31  251.94 ^ _428_/Y (NAND3x1_ASAP7_75t_R)
                                         _172_ (net)
                 20.35    0.07  252.00 ^ _440_/A2 (AO211x2_ASAP7_75t_R)
     3    2.38   12.35   24.88  276.88 ^ _440_/Y (AO211x2_ASAP7_75t_R)
                                         _184_ (net)
                 12.35    0.13  277.01 ^ _494_/D (AND4x1_ASAP7_75t_R)
     1    1.26   15.76   28.70  305.71 ^ _494_/Y (AND4x1_ASAP7_75t_R)
                                         _236_ (net)
                 15.76    0.07  305.78 ^ _503_/C (AOI211x1_ASAP7_75t_R)
     2    1.87   26.49   11.82  317.60 v _503_/Y (AOI211x1_ASAP7_75t_R)
                                         _245_ (net)
                 26.49    0.05  317.65 v place220/A (BUFx3_ASAP7_75t_R)
     2    2.06    7.48   19.05  336.69 v place220/Y (BUFx3_ASAP7_75t_R)
                                         net220 (net)
                  7.48    0.07  336.77 v _506_/C (OR4x2_ASAP7_75t_R)
     2    1.26   14.01   37.38  374.15 v _506_/Y (OR4x2_ASAP7_75t_R)
                                         _247_ (net)
                 14.01    0.06  374.20 v _517_/A3 (AO33x2_ASAP7_75t_R)
     2    2.19   13.17   34.25  408.45 v _517_/Y (AO33x2_ASAP7_75t_R)
                                         _258_ (net)
                 13.17    0.08  408.53 v _525_/B (OR3x1_ASAP7_75t_R)
     3    2.33   18.98   30.37  438.90 v _525_/Y (OR3x1_ASAP7_75t_R)
                                         _266_ (net)
                 18.99    0.22  439.12 v _629_/A (AND4x1_ASAP7_75t_R)
     1    1.76   12.73   19.30  458.42 v _629_/Y (AND4x1_ASAP7_75t_R)
                                         _337_ (net)
                 12.73    0.08  458.50 v _630_/B (XNOR2x1_ASAP7_75t_R)
     1    1.15   12.63   18.50  476.99 v _630_/Y (XNOR2x1_ASAP7_75t_R)
                                         _338_ (net)
                 12.63    0.04  477.04 v _631_/B (NOR2x1_ASAP7_75t_R)
     1    1.70   28.89   12.29  489.33 ^ _631_/Y (NOR2x1_ASAP7_75t_R)
                                         _339_ (net)
                 28.89    0.06  489.39 ^ _632_/B (XNOR2x1_ASAP7_75t_R)
     1    1.75   28.09   23.47  512.86 ^ _632_/Y (XNOR2x1_ASAP7_75t_R)
                                         _340_ (net)
                 28.09    0.08  512.94 ^ _633_/B (XNOR2x1_ASAP7_75t_R)
     1    0.66   27.28   20.91  533.84 ^ _633_/Y (XNOR2x1_ASAP7_75t_R)
                                         net89 (net)
                 27.28    0.03  533.87 ^ output89/A (BUFx2_ASAP7_75t_R)
     1    0.23    4.91   16.50  550.37 ^ output89/Y (BUFx2_ASAP7_75t_R)
                                         S[31] (net)
                  4.91    0.01  550.38 ^ S[31] (out)
                                550.38   data arrival time

                  0.00  500.00  500.00   clock virtual_clk (rise edge)
                          0.00  500.00   clock network delay (ideal)
                          0.00  500.00   clock reconvergence pessimism
                       -100.00  400.00   output external delay
                                400.00   data required time
-----------------------------------------------------------------------------
                                400.00   data required time
                               -550.38   data arrival time
-----------------------------------------------------------------------------
                               -150.38   slack (VIOLATED)



==========================================================================
cts final report_check_types -max_slew -max_cap -max_fanout -violators
--------------------------------------------------------------------------

==========================================================================
cts final max_slew_check_slack
--------------------------------------------------------------------------
218.90797424316406

==========================================================================
cts final max_slew_check_limit
--------------------------------------------------------------------------
320.0

==========================================================================
cts final max_slew_check_slack_limit
--------------------------------------------------------------------------
0.6841

==========================================================================
cts final max_fanout_check_slack
--------------------------------------------------------------------------
1.0000000150474662e+30

==========================================================================
cts final max_fanout_check_limit
--------------------------------------------------------------------------
1.0000000150474662e+30

==========================================================================
cts final max_capacitance_check_slack
--------------------------------------------------------------------------
18.025205612182617

==========================================================================
cts final max_capacitance_check_limit
--------------------------------------------------------------------------
23.040000915527344

==========================================================================
cts final max_capacitance_check_slack_limit
--------------------------------------------------------------------------
0.7823

==========================================================================
cts final max_slew_violation_count
--------------------------------------------------------------------------
max slew violation count 0

==========================================================================
cts final max_fanout_violation_count
--------------------------------------------------------------------------
max fanout violation count 0

==========================================================================
cts final max_cap_violation_count
--------------------------------------------------------------------------
max cap violation count 0

==========================================================================
cts final setup_violation_count
--------------------------------------------------------------------------
setup violation count 27

==========================================================================
cts final hold_violation_count
--------------------------------------------------------------------------
hold violation count 0

==========================================================================
cts final critical path delay
--------------------------------------------------------------------------
550.3782

==========================================================================
cts final critical path slack
--------------------------------------------------------------------------
-150.3782

==========================================================================
cts final slack div critical path delay
--------------------------------------------------------------------------
-27.322703

==========================================================================
cts final report_power
--------------------------------------------------------------------------
Group                  Internal  Switching    Leakage      Total
                          Power      Power      Power      Power (Watts)
----------------------------------------------------------------
Sequential             0.00e+00   0.00e+00   0.00e+00   0.00e+00   0.0%
Combinational          1.37e-04   8.23e-05   5.07e-08   2.20e-04 100.0%
Clock                  0.00e+00   0.00e+00   0.00e+00   0.00e+00   0.0%
Macro                  0.00e+00   0.00e+00   0.00e+00   0.00e+00   0.0%
Pad                    0.00e+00   0.00e+00   0.00e+00   0.00e+00   0.0%
----------------------------------------------------------------
Total                  1.37e-04   8.23e-05   5.07e-08   2.20e-04 100.0%
                          62.5%      37.4%       0.0%
