
==========================================================================
global route report_tns
--------------------------------------------------------------------------
tns max -2604.26

==========================================================================
global route report_wns
--------------------------------------------------------------------------
wns max -163.17

==========================================================================
global route report_worst_slack
--------------------------------------------------------------------------
worst slack max -163.17

==========================================================================
global route report_clock_min_period
--------------------------------------------------------------------------
virtual_clk period_min = 663.17 fmax = 1507.90

==========================================================================
global route report_clock_skew
--------------------------------------------------------------------------
Clock virtual_clk
No launch/capture paths found.


==========================================================================
global route report_checks -path_delay min
--------------------------------------------------------------------------
Startpoint: B[1] (input port clocked by virtual_clk)
Endpoint: S[1] (output port clocked by virtual_clk)
Path Group: virtual_clk
Path Type: min

Fanout     Cap    Slew   Delay    Time   Description
-----------------------------------------------------------------------------
                  0.00    0.00    0.00   clock virtual_clk (rise edge)
                          0.00    0.00   clock network delay (ideal)
                        100.00  100.00 ^ input external delay
     1    0.78    0.00    0.00  100.00 ^ B[1] (in)
                                         B[1] (net)
                  0.14    0.04  100.04 ^ input43/A (BUFx2_ASAP7_75t_R)
     1    0.95    6.09   10.52  110.56 ^ input43/Y (BUFx2_ASAP7_75t_R)
                                         net43 (net)
                  6.10    0.10  110.67 ^ _674_/B (HAxp5_ASAP7_75t_R)
     1    0.75   12.17    9.16  119.83 v _674_/SN (HAxp5_ASAP7_75t_R)
                                         _087_ (net)
                 12.17    0.06  119.89 v _537_/A (INVx1_ASAP7_75t_R)
     1    0.54    7.05    6.49  126.38 ^ _537_/Y (INVx1_ASAP7_75t_R)
                                         net76 (net)
                  7.05    0.03  126.41 ^ output76/A (BUFx2_ASAP7_75t_R)
     1    0.34    4.48   11.70  138.11 ^ output76/Y (BUFx2_ASAP7_75t_R)
                                         S[1] (net)
                  4.48    0.03  138.13 ^ S[1] (out)
                                138.13   data arrival time

                  0.00    0.00    0.00   clock virtual_clk (rise edge)
                          0.00    0.00   clock network delay (ideal)
                          0.00    0.00   clock reconvergence pessimism
                       -100.00 -100.00   output external delay
                               -100.00   data required time
-----------------------------------------------------------------------------
                               -100.00   data required time
                               -138.13   data arrival time
-----------------------------------------------------------------------------
                                238.13   slack (MET)



==========================================================================
global route report_checks -path_delay max
--------------------------------------------------------------------------
Startpoint: B[14] (input port clocked by virtual_clk)
Endpoint: S[31] (output port clocked by virtual_clk)
Path Group: virtual_clk
Path Type: max

Fanout     Cap    Slew   Delay    Time   Description
-----------------------------------------------------------------------------
                  0.00    0.00    0.00   clock virtual_clk (rise edge)
                          0.00    0.00   clock network delay (ideal)
                        100.00  100.00 v input external delay
     1    1.69    0.00    0.00  100.00 v B[14] (in)
                                         B[14] (net)
                  0.36    0.11  100.11 v input37/A (BUFx6f_ASAP7_75t_R)
     1    1.31    4.39    9.16  109.28 v input37/Y (BUFx6f_ASAP7_75t_R)
                                         net37 (net)
                  4.41    0.15  109.43 v _661_/A (HAxp5_ASAP7_75t_R)
     3    3.13   41.71   21.47  130.90 ^ _661_/CON (HAxp5_ASAP7_75t_R)
                                         _060_ (net)
     2    1.78   38.47   20.66  151.56 v _661_/SN (HAxp5_ASAP7_75t_R)
                                         _061_ (net)
                 38.47    0.21  151.77 v place284/A (BUFx3_ASAP7_75t_R)
     4    4.10   11.52   23.88  175.65 v place284/Y (BUFx3_ASAP7_75t_R)
                                         net284 (net)
                 11.55    0.35  176.00 v _426_/A1 (OA21x2_ASAP7_75t_R)
     1    0.75    7.43   17.19  193.19 v _426_/Y (OA21x2_ASAP7_75t_R)
                                         _170_ (net)
                  7.43    0.05  193.25 v _427_/A (OR5x1_ASAP7_75t_R)
     4    3.93   32.96   43.18  236.43 v _427_/Y (OR5x1_ASAP7_75t_R)
                                         _171_ (net)
                 32.97    0.52  236.95 v _428_/B (NAND3x1_ASAP7_75t_R)
     1    1.22   21.25   21.11  258.06 ^ _428_/Y (NAND3x1_ASAP7_75t_R)
                                         _172_ (net)
                 21.25    0.15  258.20 ^ _440_/A2 (AO211x2_ASAP7_75t_R)
     3    2.57   13.01   25.33  283.53 ^ _440_/Y (AO211x2_ASAP7_75t_R)
                                         _184_ (net)
                 13.03    0.30  283.84 ^ _494_/D (AND4x1_ASAP7_75t_R)
     1    1.33   16.33   29.08  312.92 ^ _494_/Y (AND4x1_ASAP7_75t_R)
                                         _236_ (net)
                 16.33    0.16  313.08 ^ _503_/C (AOI211x1_ASAP7_75t_R)
     2    2.00   27.74   12.28  325.36 v _503_/Y (AOI211x1_ASAP7_75t_R)
                                         _245_ (net)
                 27.74    0.11  325.47 v place220/A (BUFx3_ASAP7_75t_R)
     2    1.75    7.06   18.96  344.43 v place220/Y (BUFx3_ASAP7_75t_R)
                                         net220 (net)
                  7.07    0.13  344.55 v _506_/C (OR4x2_ASAP7_75t_R)
     2    1.38   14.53   37.60  382.15 v _506_/Y (OR4x2_ASAP7_75t_R)
                                         _247_ (net)
                 14.54    0.11  382.26 v _517_/A1 (AO33x2_ASAP7_75t_R)
     2    2.33   13.63   31.72  413.99 v _517_/Y (AO33x2_ASAP7_75t_R)
                                         _258_ (net)
                 13.64    0.19  414.18 v _525_/B (OR3x1_ASAP7_75t_R)
     3    2.68   20.93   31.51  445.69 v _525_/Y (OR3x1_ASAP7_75t_R)
                                         _266_ (net)
                 20.97    0.49  446.17 v _629_/C (AND4x1_ASAP7_75t_R)
     1    1.84   13.27   21.63  467.81 v _629_/Y (AND4x1_ASAP7_75t_R)
                                         _337_ (net)
                 13.28    0.20  468.01 v _630_/B (XNOR2x1_ASAP7_75t_R)
     1    1.23   13.12   18.90  486.91 v _630_/Y (XNOR2x1_ASAP7_75t_R)
                                         _338_ (net)
                 13.12    0.08  486.99 v _631_/B (NOR2x1_ASAP7_75t_R)
     1    1.99   32.46   13.26  500.25 ^ _631_/Y (NOR2x1_ASAP7_75t_R)
                                         _339_ (net)
                 32.47    0.28  500.53 ^ _632_/B (XNOR2x1_ASAP7_75t_R)
     1    1.80   29.03   24.14  524.68 ^ _632_/Y (XNOR2x1_ASAP7_75t_R)
                                         _340_ (net)
                 29.04    0.19  524.86 ^ _633_/B (XNOR2x1_ASAP7_75t_R)
     1    0.78   29.03   21.33  546.19 ^ _633_/Y (XNOR2x1_ASAP7_75t_R)
                                         net89 (net)
                 29.03    0.08  546.27 ^ output89/A (BUFx2_ASAP7_75t_R)
     1    0.27    5.09   16.89  563.16 ^ output89/Y (BUFx2_ASAP7_75t_R)
                                         S[31] (net)
                  5.09    0.02  563.17 ^ S[31] (out)
                                563.17   data arrival time

                  0.00  500.00  500.00   clock virtual_clk (rise edge)
                          0.00  500.00   clock network delay (ideal)
                          0.00  500.00   clock reconvergence pessimism
                       -100.00  400.00   output external delay
                                400.00   data required time
-----------------------------------------------------------------------------
                                400.00   data required time
                               -563.17   data arrival time
-----------------------------------------------------------------------------
                               -163.17   slack (VIOLATED)



==========================================================================
global route report_checks -unconstrained
--------------------------------------------------------------------------
Startpoint: B[14] (input port clocked by virtual_clk)
Endpoint: S[31] (output port clocked by virtual_clk)
Path Group: virtual_clk
Path Type: max

Fanout     Cap    Slew   Delay    Time   Description
-----------------------------------------------------------------------------
                  0.00    0.00    0.00   clock virtual_clk (rise edge)
                          0.00    0.00   clock network delay (ideal)
                        100.00  100.00 v input external delay
     1    1.69    0.00    0.00  100.00 v B[14] (in)
                                         B[14] (net)
                  0.36    0.11  100.11 v input37/A (BUFx6f_ASAP7_75t_R)
     1    1.31    4.39    9.16  109.28 v input37/Y (BUFx6f_ASAP7_75t_R)
                                         net37 (net)
                  4.41    0.15  109.43 v _661_/A (HAxp5_ASAP7_75t_R)
     3    3.13   41.71   21.47  130.90 ^ _661_/CON (HAxp5_ASAP7_75t_R)
                                         _060_ (net)
     2    1.78   38.47   20.66  151.56 v _661_/SN (HAxp5_ASAP7_75t_R)
                                         _061_ (net)
                 38.47    0.21  151.77 v place284/A (BUFx3_ASAP7_75t_R)
     4    4.10   11.52   23.88  175.65 v place284/Y (BUFx3_ASAP7_75t_R)
                                         net284 (net)
                 11.55    0.35  176.00 v _426_/A1 (OA21x2_ASAP7_75t_R)
     1    0.75    7.43   17.19  193.19 v _426_/Y (OA21x2_ASAP7_75t_R)
                                         _170_ (net)
                  7.43    0.05  193.25 v _427_/A (OR5x1_ASAP7_75t_R)
     4    3.93   32.96   43.18  236.43 v _427_/Y (OR5x1_ASAP7_75t_R)
                                         _171_ (net)
                 32.97    0.52  236.95 v _428_/B (NAND3x1_ASAP7_75t_R)
     1    1.22   21.25   21.11  258.06 ^ _428_/Y (NAND3x1_ASAP7_75t_R)
                                         _172_ (net)
                 21.25    0.15  258.20 ^ _440_/A2 (AO211x2_ASAP7_75t_R)
     3    2.57   13.01   25.33  283.53 ^ _440_/Y (AO211x2_ASAP7_75t_R)
                                         _184_ (net)
                 13.03    0.30  283.84 ^ _494_/D (AND4x1_ASAP7_75t_R)
     1    1.33   16.33   29.08  312.92 ^ _494_/Y (AND4x1_ASAP7_75t_R)
                                         _236_ (net)
                 16.33    0.16  313.08 ^ _503_/C (AOI211x1_ASAP7_75t_R)
     2    2.00   27.74   12.28  325.36 v _503_/Y (AOI211x1_ASAP7_75t_R)
                                         _245_ (net)
                 27.74    0.11  325.47 v place220/A (BUFx3_ASAP7_75t_R)
     2    1.75    7.06   18.96  344.43 v place220/Y (BUFx3_ASAP7_75t_R)
                                         net220 (net)
                  7.07    0.13  344.55 v _506_/C (OR4x2_ASAP7_75t_R)
     2    1.38   14.53   37.60  382.15 v _506_/Y (OR4x2_ASAP7_75t_R)
                                         _247_ (net)
                 14.54    0.11  382.26 v _517_/A1 (AO33x2_ASAP7_75t_R)
     2    2.33   13.63   31.72  413.99 v _517_/Y (AO33x2_ASAP7_75t_R)
                                         _258_ (net)
                 13.64    0.19  414.18 v _525_/B (OR3x1_ASAP7_75t_R)
     3    2.68   20.93   31.51  445.69 v _525_/Y (OR3x1_ASAP7_75t_R)
                                         _266_ (net)
                 20.97    0.49  446.17 v _629_/C (AND4x1_ASAP7_75t_R)
     1    1.84   13.27   21.63  467.81 v _629_/Y (AND4x1_ASAP7_75t_R)
                                         _337_ (net)
                 13.28    0.20  468.01 v _630_/B (XNOR2x1_ASAP7_75t_R)
     1    1.23   13.12   18.90  486.91 v _630_/Y (XNOR2x1_ASAP7_75t_R)
                                         _338_ (net)
                 13.12    0.08  486.99 v _631_/B (NOR2x1_ASAP7_75t_R)
     1    1.99   32.46   13.26  500.25 ^ _631_/Y (NOR2x1_ASAP7_75t_R)
                                         _339_ (net)
                 32.47    0.28  500.53 ^ _632_/B (XNOR2x1_ASAP7_75t_R)
     1    1.80   29.03   24.14  524.68 ^ _632_/Y (XNOR2x1_ASAP7_75t_R)
                                         _340_ (net)
                 29.04    0.19  524.86 ^ _633_/B (XNOR2x1_ASAP7_75t_R)
     1    0.78   29.03   21.33  546.19 ^ _633_/Y (XNOR2x1_ASAP7_75t_R)
                                         net89 (net)
                 29.03    0.08  546.27 ^ output89/A (BUFx2_ASAP7_75t_R)
     1    0.27    5.09   16.89  563.16 ^ output89/Y (BUFx2_ASAP7_75t_R)
                                         S[31] (net)
                  5.09    0.02  563.17 ^ S[31] (out)
                                563.17   data arrival time

                  0.00  500.00  500.00   clock virtual_clk (rise edge)
                          0.00  500.00   clock network delay (ideal)
                          0.00  500.00   clock reconvergence pessimism
                       -100.00  400.00   output external delay
                                400.00   data required time
-----------------------------------------------------------------------------
                                400.00   data required time
                               -563.17   data arrival time
-----------------------------------------------------------------------------
                               -163.17   slack (VIOLATED)



==========================================================================
global route report_check_types -max_slew -max_cap -max_fanout -violators
--------------------------------------------------------------------------

==========================================================================
global route max_slew_check_slack
--------------------------------------------------------------------------
210.83935546875

==========================================================================
global route max_slew_check_limit
--------------------------------------------------------------------------
320.0

==========================================================================
global route max_slew_check_slack_limit
--------------------------------------------------------------------------
0.6589

==========================================================================
global route max_fanout_check_slack
--------------------------------------------------------------------------
1.0000000150474662e+30

==========================================================================
global route max_fanout_check_limit
--------------------------------------------------------------------------
1.0000000150474662e+30

==========================================================================
global route max_capacitance_check_slack
--------------------------------------------------------------------------
17.625417709350586

==========================================================================
global route max_capacitance_check_limit
--------------------------------------------------------------------------
23.040000915527344

==========================================================================
global route max_capacitance_check_slack_limit
--------------------------------------------------------------------------
0.7650

==========================================================================
global route max_slew_violation_count
--------------------------------------------------------------------------
max slew violation count 0

==========================================================================
global route max_fanout_violation_count
--------------------------------------------------------------------------
max fanout violation count 0

==========================================================================
global route max_cap_violation_count
--------------------------------------------------------------------------
max cap violation count 0

==========================================================================
global route setup_violation_count
--------------------------------------------------------------------------
setup violation count 27

==========================================================================
global route hold_violation_count
--------------------------------------------------------------------------
hold violation count 0

==========================================================================
global route critical path delay
--------------------------------------------------------------------------
563.1725

==========================================================================
global route critical path slack
--------------------------------------------------------------------------
-163.1726

==========================================================================
global route slack div critical path delay
--------------------------------------------------------------------------
-28.973822

==========================================================================
global route report_power
--------------------------------------------------------------------------
Group                  Internal  Switching    Leakage      Total
                          Power      Power      Power      Power (Watts)
----------------------------------------------------------------
Sequential             0.00e+00   0.00e+00   0.00e+00   0.00e+00   0.0%
Combinational          1.40e-04   9.13e-05   5.15e-08   2.31e-04 100.0%
Clock                  0.00e+00   0.00e+00   0.00e+00   0.00e+00   0.0%
Macro                  0.00e+00   0.00e+00   0.00e+00   0.00e+00   0.0%
Pad                    0.00e+00   0.00e+00   0.00e+00   0.00e+00   0.0%
----------------------------------------------------------------
Total                  1.40e-04   9.13e-05   5.15e-08   2.31e-04 100.0%
                          60.5%      39.5%       0.0%
