
==========================================================================
finish report_tns
--------------------------------------------------------------------------
tns max -2211.53

==========================================================================
finish report_wns
--------------------------------------------------------------------------
wns max -146.68

==========================================================================
finish report_worst_slack
--------------------------------------------------------------------------
worst slack max -146.68

==========================================================================
finish report_clock_min_period
--------------------------------------------------------------------------
virtual_clk period_min = 646.68 fmax = 1546.36

==========================================================================
finish report_clock_skew
--------------------------------------------------------------------------
Clock virtual_clk
No launch/capture paths found.


==========================================================================
finish report_checks -path_delay min
--------------------------------------------------------------------------
Startpoint: B[1] (input port clocked by virtual_clk)
Endpoint: S[1] (output port clocked by virtual_clk)
Path Group: virtual_clk
Path Type: min

Fanout     Cap    Slew   Delay    Time   Description
-----------------------------------------------------------------------------
                  0.00    0.00    0.00   clock virtual_clk (rise edge)
                          0.00    0.00   clock network delay (ideal)
                        100.00  100.00 ^ input external delay
     1    0.58    0.00    0.00  100.00 ^ B[1] (in)
                                         B[1] (net)
                  0.10    0.03  100.03 ^ input43/A (BUFx2_ASAP7_75t_R)
     1    0.81    5.68   10.28  110.31 ^ input43/Y (BUFx2_ASAP7_75t_R)
                                         net43 (net)
                  5.68    0.06  110.38 ^ _674_/B (HAxp5_ASAP7_75t_R)
     1    0.66   11.23    8.62  119.00 v _674_/SN (HAxp5_ASAP7_75t_R)
                                         _087_ (net)
                 11.23    0.06  119.05 v _537_/A (INVx1_ASAP7_75t_R)
     1    0.49    6.54    6.15  125.20 ^ _537_/Y (INVx1_ASAP7_75t_R)
                                         net76 (net)
                  6.54    0.02  125.22 ^ output76/A (BUFx2_ASAP7_75t_R)
     1    0.15    3.97   11.23  136.46 ^ output76/Y (BUFx2_ASAP7_75t_R)
                                         S[1] (net)
                  3.97    0.01  136.47 ^ S[1] (out)
                                136.47   data arrival time

                  0.00    0.00    0.00   clock virtual_clk (rise edge)
                          0.00    0.00   clock network delay (ideal)
                          0.00    0.00   clock reconvergence pessimism
                       -100.00 -100.00   output external delay
                               -100.00   data required time
-----------------------------------------------------------------------------
                               -100.00   data required time
                               -136.47   data arrival time
-----------------------------------------------------------------------------
                                236.47   slack (MET)



==========================================================================
finish report_checks -path_delay max
--------------------------------------------------------------------------
Startpoint: B[16] (input port clocked by virtual_clk)
Endpoint: C32 (output port clocked by virtual_clk)
Path Group: virtual_clk
Path Type: max

Fanout     Cap    Slew   Delay    Time   Description
-----------------------------------------------------------------------------
                  0.00    0.00    0.00   clock virtual_clk (rise edge)
                          0.00    0.00   clock network delay (ideal)
                        100.00  100.00 v input external delay
     1    1.54    0.00    0.00  100.00 v B[16] (in)
                                         B[16] (net)
                  0.32    0.10  100.10 v input39/A (BUFx6f_ASAP7_75t_R)
     1    1.07    4.20    9.02  109.13 v input39/Y (BUFx6f_ASAP7_75t_R)
                                         net39 (net)
                  4.20    0.08  109.20 v _659_/A (HAxp5_ASAP7_75t_R)
     3    3.20   42.51   21.68  130.88 ^ _659_/CON (HAxp5_ASAP7_75t_R)
                                         _056_ (net)
     2    1.53   33.55   19.56  150.44 v _659_/SN (HAxp5_ASAP7_75t_R)
                                         _057_ (net)
                 33.55    0.16  150.60 v _409_/D (OR4x2_ASAP7_75t_R)
     3    3.29   20.59   47.12  197.72 v _409_/Y (OR4x2_ASAP7_75t_R)
                                         _153_ (net)
                 20.74    0.97  198.69 v _452_/D (OR5x1_ASAP7_75t_R)
     2    2.06   21.92   46.43  245.12 v _452_/Y (OR5x1_ASAP7_75t_R)
                                         _196_ (net)
                 21.93    0.12  245.25 v _453_/C (AO211x2_ASAP7_75t_R)
     3    2.39   10.58   22.03  267.28 v _453_/Y (AO211x2_ASAP7_75t_R)
                                         _197_ (net)
                 10.60    0.24  267.52 v _501_/B2 (AO32x1_ASAP7_75t_R)
     1    1.27   11.38   24.38  291.90 v _501_/Y (AO32x1_ASAP7_75t_R)
                                         _243_ (net)
                 11.39    0.19  292.09 v _502_/B1 (AOI221x1_ASAP7_75t_R)
     1    0.99   16.72   11.99  304.08 ^ _502_/Y (AOI221x1_ASAP7_75t_R)
                                         _244_ (net)
                 16.72    0.08  304.16 ^ _503_/B (AOI211x1_ASAP7_75t_R)
     2    1.83   26.12   12.70  316.86 v _503_/Y (AOI211x1_ASAP7_75t_R)
                                         _245_ (net)
                 26.12    0.12  316.97 v _504_/A (XOR2x2_ASAP7_75t_R)
     3    2.68   13.45   30.99  347.97 v _504_/Y (XOR2x2_ASAP7_75t_R)
                                         _246_ (net)
                 13.46    0.17  348.14 v _526_/B (OR5x1_ASAP7_75t_R)
     4    3.58   31.94   46.59  394.72 v _526_/Y (OR5x1_ASAP7_75t_R)
                                         _267_ (net)
                 31.97    0.54  395.27 v rebuffer336/A (BUFx3_ASAP7_75t_R)
     2    2.64    8.69   20.95  416.22 v rebuffer336/Y (BUFx3_ASAP7_75t_R)
                                         net336 (net)
                  8.71    0.17  416.39 v _554_/A1 (AOI21x1_ASAP7_75t_R)
     2    1.28   15.74    9.30  425.70 ^ _554_/Y (AOI21x1_ASAP7_75t_R)
                                         _284_ (net)
                 15.74    0.09  425.79 ^ _559_/C (OR4x2_ASAP7_75t_R)
     1    0.64    5.80   16.12  441.90 ^ _559_/Y (OR4x2_ASAP7_75t_R)
                                         _289_ (net)
                  5.80    0.05  441.95 ^ _564_/C (AND4x2_ASAP7_75t_R)
     1    1.66   14.58   30.95  472.90 ^ _564_/Y (AND4x2_ASAP7_75t_R)
                                         _294_ (net)
                 14.58    0.09  472.99 ^ _565_/B (XOR2x1_ASAP7_75t_R)
     2    2.22   24.00   22.53  495.52 ^ _565_/Y (XOR2x1_ASAP7_75t_R)
                                         _295_ (net)
                 24.01    0.25  495.77 ^ _566_/B (AND2x4_ASAP7_75t_R)
     1    1.66    7.71   20.09  515.86 ^ _566_/Y (AND2x4_ASAP7_75t_R)
                                         _296_ (net)
                  7.71    0.10  515.95 ^ _567_/B (XNOR2x1_ASAP7_75t_R)
     1    0.65   15.73   16.88  532.84 ^ _567_/Y (XNOR2x1_ASAP7_75t_R)
                                         net65 (net)
                 15.73    0.06  532.89 ^ output65/A (BUFx2_ASAP7_75t_R)
     1    0.09    4.07   13.78  546.68 ^ output65/Y (BUFx2_ASAP7_75t_R)
                                         C32 (net)
                  4.07    0.00  546.68 ^ C32 (out)
                                546.68   data arrival time

                  0.00  500.00  500.00   clock virtual_clk (rise edge)
                          0.00  500.00   clock network delay (ideal)
                          0.00  500.00   clock reconvergence pessimism
                       -100.00  400.00   output external delay
                                400.00   data required time
-----------------------------------------------------------------------------
                                400.00   data required time
                               -546.68   data arrival time
-----------------------------------------------------------------------------
                               -146.68   slack (VIOLATED)



==========================================================================
finish report_checks -unconstrained
--------------------------------------------------------------------------
Startpoint: B[16] (input port clocked by virtual_clk)
Endpoint: C32 (output port clocked by virtual_clk)
Path Group: virtual_clk
Path Type: max

Fanout     Cap    Slew   Delay    Time   Description
-----------------------------------------------------------------------------
                  0.00    0.00    0.00   clock virtual_clk (rise edge)
                          0.00    0.00   clock network delay (ideal)
                        100.00  100.00 v input external delay
     1    1.54    0.00    0.00  100.00 v B[16] (in)
                                         B[16] (net)
                  0.32    0.10  100.10 v input39/A (BUFx6f_ASAP7_75t_R)
     1    1.07    4.20    9.02  109.13 v input39/Y (BUFx6f_ASAP7_75t_R)
                                         net39 (net)
                  4.20    0.08  109.20 v _659_/A (HAxp5_ASAP7_75t_R)
     3    3.20   42.51   21.68  130.88 ^ _659_/CON (HAxp5_ASAP7_75t_R)
                                         _056_ (net)
     2    1.53   33.55   19.56  150.44 v _659_/SN (HAxp5_ASAP7_75t_R)
                                         _057_ (net)
                 33.55    0.16  150.60 v _409_/D (OR4x2_ASAP7_75t_R)
     3    3.29   20.59   47.12  197.72 v _409_/Y (OR4x2_ASAP7_75t_R)
                                         _153_ (net)
                 20.74    0.97  198.69 v _452_/D (OR5x1_ASAP7_75t_R)
     2    2.06   21.92   46.43  245.12 v _452_/Y (OR5x1_ASAP7_75t_R)
                                         _196_ (net)
                 21.93    0.12  245.25 v _453_/C (AO211x2_ASAP7_75t_R)
     3    2.39   10.58   22.03  267.28 v _453_/Y (AO211x2_ASAP7_75t_R)
                                         _197_ (net)
                 10.60    0.24  267.52 v _501_/B2 (AO32x1_ASAP7_75t_R)
     1    1.27   11.38   24.38  291.90 v _501_/Y (AO32x1_ASAP7_75t_R)
                                         _243_ (net)
                 11.39    0.19  292.09 v _502_/B1 (AOI221x1_ASAP7_75t_R)
     1    0.99   16.72   11.99  304.08 ^ _502_/Y (AOI221x1_ASAP7_75t_R)
                                         _244_ (net)
                 16.72    0.08  304.16 ^ _503_/B (AOI211x1_ASAP7_75t_R)
     2    1.83   26.12   12.70  316.86 v _503_/Y (AOI211x1_ASAP7_75t_R)
                                         _245_ (net)
                 26.12    0.12  316.97 v _504_/A (XOR2x2_ASAP7_75t_R)
     3    2.68   13.45   30.99  347.97 v _504_/Y (XOR2x2_ASAP7_75t_R)
                                         _246_ (net)
                 13.46    0.17  348.14 v _526_/B (OR5x1_ASAP7_75t_R)
     4    3.58   31.94   46.59  394.72 v _526_/Y (OR5x1_ASAP7_75t_R)
                                         _267_ (net)
                 31.97    0.54  395.27 v rebuffer336/A (BUFx3_ASAP7_75t_R)
     2    2.64    8.69   20.95  416.22 v rebuffer336/Y (BUFx3_ASAP7_75t_R)
                                         net336 (net)
                  8.71    0.17  416.39 v _554_/A1 (AOI21x1_ASAP7_75t_R)
     2    1.28   15.74    9.30  425.70 ^ _554_/Y (AOI21x1_ASAP7_75t_R)
                                         _284_ (net)
                 15.74    0.09  425.79 ^ _559_/C (OR4x2_ASAP7_75t_R)
     1    0.64    5.80   16.12  441.90 ^ _559_/Y (OR4x2_ASAP7_75t_R)
                                         _289_ (net)
                  5.80    0.05  441.95 ^ _564_/C (AND4x2_ASAP7_75t_R)
     1    1.66   14.58   30.95  472.90 ^ _564_/Y (AND4x2_ASAP7_75t_R)
                                         _294_ (net)
                 14.58    0.09  472.99 ^ _565_/B (XOR2x1_ASAP7_75t_R)
     2    2.22   24.00   22.53  495.52 ^ _565_/Y (XOR2x1_ASAP7_75t_R)
                                         _295_ (net)
                 24.01    0.25  495.77 ^ _566_/B (AND2x4_ASAP7_75t_R)
     1    1.66    7.71   20.09  515.86 ^ _566_/Y (AND2x4_ASAP7_75t_R)
                                         _296_ (net)
                  7.71    0.10  515.95 ^ _567_/B (XNOR2x1_ASAP7_75t_R)
     1    0.65   15.73   16.88  532.84 ^ _567_/Y (XNOR2x1_ASAP7_75t_R)
                                         net65 (net)
                 15.73    0.06  532.89 ^ output65/A (BUFx2_ASAP7_75t_R)
     1    0.09    4.07   13.78  546.68 ^ output65/Y (BUFx2_ASAP7_75t_R)
                                         C32 (net)
                  4.07    0.00  546.68 ^ C32 (out)
                                546.68   data arrival time

                  0.00  500.00  500.00   clock virtual_clk (rise edge)
                          0.00  500.00   clock network delay (ideal)
                          0.00  500.00   clock reconvergence pessimism
                       -100.00  400.00   output external delay
                                400.00   data required time
-----------------------------------------------------------------------------
                                400.00   data required time
                               -546.68   data arrival time
-----------------------------------------------------------------------------
                               -146.68   slack (VIOLATED)



==========================================================================
finish report_check_types -max_slew -max_cap -max_fanout -violators
--------------------------------------------------------------------------

==========================================================================
finish max_slew_check_slack
--------------------------------------------------------------------------
220.75949096679688

==========================================================================
finish max_slew_check_limit
--------------------------------------------------------------------------
320.0

==========================================================================
finish max_slew_check_slack_limit
--------------------------------------------------------------------------
0.6899

==========================================================================
finish max_fanout_check_slack
--------------------------------------------------------------------------
1.0000000150474662e+30

==========================================================================
finish max_fanout_check_limit
--------------------------------------------------------------------------
1.0000000150474662e+30

==========================================================================
finish max_capacitance_check_slack
--------------------------------------------------------------------------
18.1361026763916

==========================================================================
finish max_capacitance_check_limit
--------------------------------------------------------------------------
23.040000915527344

==========================================================================
finish max_capacitance_check_slack_limit
--------------------------------------------------------------------------
0.7872

==========================================================================
finish max_slew_violation_count
--------------------------------------------------------------------------
max slew violation count 0

==========================================================================
finish max_fanout_violation_count
--------------------------------------------------------------------------
max fanout violation count 0

==========================================================================
finish max_cap_violation_count
--------------------------------------------------------------------------
max cap violation count 0

==========================================================================
finish setup_violation_count
--------------------------------------------------------------------------
setup violation count 27

==========================================================================
finish hold_violation_count
--------------------------------------------------------------------------
hold violation count 0

==========================================================================
finish critical path delay
--------------------------------------------------------------------------
546.6805

==========================================================================
finish critical path slack
--------------------------------------------------------------------------
-146.6806

==========================================================================
finish slack div critical path delay
--------------------------------------------------------------------------
-26.831138

==========================================================================
finish report_power
--------------------------------------------------------------------------
Group                  Internal  Switching    Leakage      Total
                          Power      Power      Power      Power (Watts)
----------------------------------------------------------------
Sequential             0.00e+00   0.00e+00   0.00e+00   0.00e+00   0.0%
Combinational          1.40e-04   7.99e-05   5.15e-08   2.20e-04 100.0%
Clock                  0.00e+00   0.00e+00   0.00e+00   0.00e+00   0.0%
Macro                  0.00e+00   0.00e+00   0.00e+00   0.00e+00   0.0%
Pad                    0.00e+00   0.00e+00   0.00e+00   0.00e+00   0.0%
----------------------------------------------------------------
Total                  1.40e-04   7.99e-05   5.15e-08   2.20e-04 100.0%
                          63.6%      36.4%       0.0%
