
==========================================================================
floorplan final report_tns
--------------------------------------------------------------------------
tns max -77.14

==========================================================================
floorplan final report_wns
--------------------------------------------------------------------------
wns max -55.35

==========================================================================
floorplan final report_worst_slack
--------------------------------------------------------------------------
worst slack max -55.35

==========================================================================
floorplan final report_clock_min_period
--------------------------------------------------------------------------
clk_virtual period_min = 555.35 fmax = 1800.67

==========================================================================
floorplan final report_checks -path_delay min
--------------------------------------------------------------------------
Startpoint: aluc[3] (input port clocked by clk_virtual)
Endpoint: flag (output port clocked by clk_virtual)
Path Group: clk_virtual
Path Type: min

Fanout     Cap    Slew   Delay    Time   Description
-----------------------------------------------------------------------------
                  0.00    0.00    0.00   clock clk_virtual (rise edge)
                          0.00    0.00   clock network delay (ideal)
                          0.00    0.00 ^ input external delay
     5    4.08   15.11    6.34    6.34 ^ aluc[3] (in)
                                         aluc[3] (net)
                 15.11    0.00    6.34 ^ _3022_/A (INVx4_ASAP7_75t_R)
     6    3.88    8.58    7.29   13.63 v _3022_/Y (INVx4_ASAP7_75t_R)
                                         _2402_ (net)
                  8.58    0.00   13.63 v _5541_/B (NOR2x1_ASAP7_75t_R)
     3    1.55   14.64   10.63   24.25 ^ _5541_/Y (NOR2x1_ASAP7_75t_R)
                                         _2245_ (net)
                 14.64    0.00   24.25 ^ _5542_/A (NAND2x1_ASAP7_75t_R)
     1    0.38    6.19    7.35   31.60 v _5542_/Y (NAND2x1_ASAP7_75t_R)
                                         _2246_ (net)
                  6.19    0.00   31.60 v _5546_/A2 (AO21x1_ASAP7_75t_R)
     1    1.00    7.97   14.69   46.29 v _5546_/Y (AO21x1_ASAP7_75t_R)
                                         flag (net)
                  7.97    0.00   46.29 v flag (out)
                                 46.29   data arrival time

                  0.00    0.00    0.00   clock clk_virtual (rise edge)
                          0.00    0.00   clock network delay (ideal)
                          0.00    0.00   clock reconvergence pessimism
                          0.00    0.00   output external delay
                                  0.00   data required time
-----------------------------------------------------------------------------
                                  0.00   data required time
                                -46.29   data arrival time
-----------------------------------------------------------------------------
                                 46.29   slack (MET)



==========================================================================
floorplan final report_checks -path_delay max
--------------------------------------------------------------------------
Startpoint: b[1] (input port clocked by clk_virtual)
Endpoint: zero (output port clocked by clk_virtual)
Path Group: clk_virtual
Path Type: max

Fanout     Cap    Slew   Delay    Time   Description
-----------------------------------------------------------------------------
                  0.00    0.00    0.00   clock clk_virtual (rise edge)
                          0.00    0.00   clock network delay (ideal)
                          0.00    0.00 v input external delay
     7   10.50   28.69   13.98   13.98 v b[1] (in)
                                         b[1] (net)
                 28.69    0.00   13.98 v _2951_/A (INVx6_ASAP7_75t_R)
     7    6.93   14.26   11.78   25.76 ^ _2951_/Y (INVx6_ASAP7_75t_R)
                                         _0007_ (net)
                 14.26    0.00   25.76 ^ _5674_/A (HAxp5_ASAP7_75t_R)
     2    1.66   28.00   16.59   42.35 v _5674_/CON (HAxp5_ASAP7_75t_R)
                                         _0021_ (net)
                 28.00    0.00   42.35 v _3042_/A (OR3x1_ASAP7_75t_R)
     2    1.63   15.05   30.90   73.25 v _3042_/Y (OR3x1_ASAP7_75t_R)
                                         _2418_ (net)
                 15.05    0.00   73.25 v _3048_/C (OR3x1_ASAP7_75t_R)
     3    2.38   18.69   31.31  104.56 v _3048_/Y (OR3x1_ASAP7_75t_R)
                                         _2422_ (net)
                 18.69    0.00  104.56 v _3085_/A (INVx1_ASAP7_75t_R)
     1    0.64    9.44    8.11  112.67 ^ _3085_/Y (INVx1_ASAP7_75t_R)
                                         _2448_ (net)
                  9.44    0.00  112.67 ^ _3089_/A (AND4x1_ASAP7_75t_R)
     3    2.34   22.94   30.07  142.74 ^ _3089_/Y (AND4x1_ASAP7_75t_R)
                                         _2452_ (net)
                 22.94    0.00  142.74 ^ _3095_/A (AND3x1_ASAP7_75t_R)
     2    1.72   17.98   27.12  169.87 ^ _3095_/Y (AND3x1_ASAP7_75t_R)
                                         _2456_ (net)
                 17.98    0.00  169.87 ^ _3101_/A (AND3x1_ASAP7_75t_R)
     2    1.72   17.86   25.94  195.80 ^ _3101_/Y (AND3x1_ASAP7_75t_R)
                                         _2460_ (net)
                 17.86    0.00  195.80 ^ _3109_/A (AND3x1_ASAP7_75t_R)
     2    1.72   17.98   25.91  221.71 ^ _3109_/Y (AND3x1_ASAP7_75t_R)
                                         _2464_ (net)
                 17.98    0.00  221.71 ^ _3118_/A (AND3x1_ASAP7_75t_R)
     2    1.71   17.88   25.88  247.59 ^ _3118_/Y (AND3x1_ASAP7_75t_R)
                                         _2470_ (net)
                 17.88    0.00  247.59 ^ _3127_/A1 (AO21x1_ASAP7_75t_R)
     2    1.54   12.61   16.92  264.51 ^ _3127_/Y (AO21x1_ASAP7_75t_R)
                                         _2475_ (net)
                 12.61    0.00  264.51 ^ _3135_/B (OA21x2_ASAP7_75t_R)
     1    0.90    7.56   16.66  281.17 ^ _3135_/Y (OA21x2_ASAP7_75t_R)
                                         _2479_ (net)
                  7.56    0.00  281.17 ^ _3136_/A (XOR2x2_ASAP7_75t_R)
     1    1.06    8.74   22.10  303.27 v _3136_/Y (XOR2x2_ASAP7_75t_R)
                                         _0266_ (net)
                  8.74    0.00  303.27 v _5783_/A (HAxp5_ASAP7_75t_R)
     5    4.55   58.67   70.92  374.19 v _5783_/SN (HAxp5_ASAP7_75t_R)
                                         _0268_ (net)
                 58.67    0.00  374.19 v _5323_/B (NOR2x1_ASAP7_75t_R)
     3    1.83   27.86   21.95  396.14 ^ _5323_/Y (NOR2x1_ASAP7_75t_R)
                                         _2047_ (net)
                 27.86    0.00  396.14 ^ _5407_/C (AND3x1_ASAP7_75t_R)
     2    1.06   13.15   24.53  420.67 ^ _5407_/Y (AND3x1_ASAP7_75t_R)
                                         _2129_ (net)
                 13.15    0.00  420.67 ^ _5408_/A (AND2x2_ASAP7_75t_R)
     1    0.63    7.06   16.88  437.55 ^ _5408_/Y (AND2x2_ASAP7_75t_R)
                                         _2130_ (net)
                  7.06    0.00  437.55 ^ _5413_/A2 (AO21x1_ASAP7_75t_R)
     2    1.71   13.61   16.00  453.55 ^ _5413_/Y (AO21x1_ASAP7_75t_R)
                                         _2135_ (net)
                 13.61    0.00  453.55 ^ _5414_/A2 (OAI21x1_ASAP7_75t_R)
     1    0.63   12.41    7.32  460.87 v _5414_/Y (OAI21x1_ASAP7_75t_R)
                                         _2136_ (net)
                 12.41    0.00  460.87 v _5415_/B (AO21x1_ASAP7_75t_R)
     2    2.27   14.54   20.99  481.86 v _5415_/Y (AO21x1_ASAP7_75t_R)
                                         _2137_ (net)
                 14.54    0.00  481.86 v _5649_/C (NAND3x1_ASAP7_75t_R)
     1    1.09   19.27   16.73  498.59 ^ _5649_/Y (NAND3x1_ASAP7_75t_R)
                                         _2351_ (net)
                 19.27    0.00  498.59 ^ _5650_/B (NOR2x1_ASAP7_75t_R)
     1    1.03   12.90   11.08  509.67 v _5650_/Y (NOR2x1_ASAP7_75t_R)
                                         _2352_ (net)
                 12.90    0.00  509.67 v _5652_/A (NAND2x1_ASAP7_75t_R)
     1    1.04   13.96   12.49  522.16 ^ _5652_/Y (NAND2x1_ASAP7_75t_R)
                                         _2354_ (net)
                 13.96    0.00  522.16 ^ _5656_/A (NOR2x1_ASAP7_75t_R)
     1    1.03   11.79   11.25  533.41 v _5656_/Y (NOR2x1_ASAP7_75t_R)
                                         _2358_ (net)
                 11.79    0.00  533.41 v _5663_/A (NAND2x1_ASAP7_75t_R)
     1    1.09   14.03   12.26  545.67 ^ _5663_/Y (NAND2x1_ASAP7_75t_R)
                                         _2365_ (net)
                 14.03    0.00  545.67 ^ _5664_/B (NOR2x1_ASAP7_75t_R)
     1    1.00   11.60    9.68  555.35 v _5664_/Y (NOR2x1_ASAP7_75t_R)
                                         zero (net)
                 11.60    0.00  555.35 v zero (out)
                                555.35   data arrival time

                  0.00  500.00  500.00   clock clk_virtual (rise edge)
                          0.00  500.00   clock network delay (ideal)
                          0.00  500.00   clock reconvergence pessimism
                          0.00  500.00   output external delay
                                500.00   data required time
-----------------------------------------------------------------------------
                                500.00   data required time
                               -555.35   data arrival time
-----------------------------------------------------------------------------
                                -55.35   slack (VIOLATED)



==========================================================================
floorplan final report_checks -unconstrained
--------------------------------------------------------------------------
Startpoint: b[1] (input port clocked by clk_virtual)
Endpoint: zero (output port clocked by clk_virtual)
Path Group: clk_virtual
Path Type: max

Fanout     Cap    Slew   Delay    Time   Description
-----------------------------------------------------------------------------
                  0.00    0.00    0.00   clock clk_virtual (rise edge)
                          0.00    0.00   clock network delay (ideal)
                          0.00    0.00 v input external delay
     7   10.50   28.69   13.98   13.98 v b[1] (in)
                                         b[1] (net)
                 28.69    0.00   13.98 v _2951_/A (INVx6_ASAP7_75t_R)
     7    6.93   14.26   11.78   25.76 ^ _2951_/Y (INVx6_ASAP7_75t_R)
                                         _0007_ (net)
                 14.26    0.00   25.76 ^ _5674_/A (HAxp5_ASAP7_75t_R)
     2    1.66   28.00   16.59   42.35 v _5674_/CON (HAxp5_ASAP7_75t_R)
                                         _0021_ (net)
                 28.00    0.00   42.35 v _3042_/A (OR3x1_ASAP7_75t_R)
     2    1.63   15.05   30.90   73.25 v _3042_/Y (OR3x1_ASAP7_75t_R)
                                         _2418_ (net)
                 15.05    0.00   73.25 v _3048_/C (OR3x1_ASAP7_75t_R)
     3    2.38   18.69   31.31  104.56 v _3048_/Y (OR3x1_ASAP7_75t_R)
                                         _2422_ (net)
                 18.69    0.00  104.56 v _3085_/A (INVx1_ASAP7_75t_R)
     1    0.64    9.44    8.11  112.67 ^ _3085_/Y (INVx1_ASAP7_75t_R)
                                         _2448_ (net)
                  9.44    0.00  112.67 ^ _3089_/A (AND4x1_ASAP7_75t_R)
     3    2.34   22.94   30.07  142.74 ^ _3089_/Y (AND4x1_ASAP7_75t_R)
                                         _2452_ (net)
                 22.94    0.00  142.74 ^ _3095_/A (AND3x1_ASAP7_75t_R)
     2    1.72   17.98   27.12  169.87 ^ _3095_/Y (AND3x1_ASAP7_75t_R)
                                         _2456_ (net)
                 17.98    0.00  169.87 ^ _3101_/A (AND3x1_ASAP7_75t_R)
     2    1.72   17.86   25.94  195.80 ^ _3101_/Y (AND3x1_ASAP7_75t_R)
                                         _2460_ (net)
                 17.86    0.00  195.80 ^ _3109_/A (AND3x1_ASAP7_75t_R)
     2    1.72   17.98   25.91  221.71 ^ _3109_/Y (AND3x1_ASAP7_75t_R)
                                         _2464_ (net)
                 17.98    0.00  221.71 ^ _3118_/A (AND3x1_ASAP7_75t_R)
     2    1.71   17.88   25.88  247.59 ^ _3118_/Y (AND3x1_ASAP7_75t_R)
                                         _2470_ (net)
                 17.88    0.00  247.59 ^ _3127_/A1 (AO21x1_ASAP7_75t_R)
     2    1.54   12.61   16.92  264.51 ^ _3127_/Y (AO21x1_ASAP7_75t_R)
                                         _2475_ (net)
                 12.61    0.00  264.51 ^ _3135_/B (OA21x2_ASAP7_75t_R)
     1    0.90    7.56   16.66  281.17 ^ _3135_/Y (OA21x2_ASAP7_75t_R)
                                         _2479_ (net)
                  7.56    0.00  281.17 ^ _3136_/A (XOR2x2_ASAP7_75t_R)
     1    1.06    8.74   22.10  303.27 v _3136_/Y (XOR2x2_ASAP7_75t_R)
                                         _0266_ (net)
                  8.74    0.00  303.27 v _5783_/A (HAxp5_ASAP7_75t_R)
     5    4.55   58.67   70.92  374.19 v _5783_/SN (HAxp5_ASAP7_75t_R)
                                         _0268_ (net)
                 58.67    0.00  374.19 v _5323_/B (NOR2x1_ASAP7_75t_R)
     3    1.83   27.86   21.95  396.14 ^ _5323_/Y (NOR2x1_ASAP7_75t_R)
                                         _2047_ (net)
                 27.86    0.00  396.14 ^ _5407_/C (AND3x1_ASAP7_75t_R)
     2    1.06   13.15   24.53  420.67 ^ _5407_/Y (AND3x1_ASAP7_75t_R)
                                         _2129_ (net)
                 13.15    0.00  420.67 ^ _5408_/A (AND2x2_ASAP7_75t_R)
     1    0.63    7.06   16.88  437.55 ^ _5408_/Y (AND2x2_ASAP7_75t_R)
                                         _2130_ (net)
                  7.06    0.00  437.55 ^ _5413_/A2 (AO21x1_ASAP7_75t_R)
     2    1.71   13.61   16.00  453.55 ^ _5413_/Y (AO21x1_ASAP7_75t_R)
                                         _2135_ (net)
                 13.61    0.00  453.55 ^ _5414_/A2 (OAI21x1_ASAP7_75t_R)
     1    0.63   12.41    7.32  460.87 v _5414_/Y (OAI21x1_ASAP7_75t_R)
                                         _2136_ (net)
                 12.41    0.00  460.87 v _5415_/B (AO21x1_ASAP7_75t_R)
     2    2.27   14.54   20.99  481.86 v _5415_/Y (AO21x1_ASAP7_75t_R)
                                         _2137_ (net)
                 14.54    0.00  481.86 v _5649_/C (NAND3x1_ASAP7_75t_R)
     1    1.09   19.27   16.73  498.59 ^ _5649_/Y (NAND3x1_ASAP7_75t_R)
                                         _2351_ (net)
                 19.27    0.00  498.59 ^ _5650_/B (NOR2x1_ASAP7_75t_R)
     1    1.03   12.90   11.08  509.67 v _5650_/Y (NOR2x1_ASAP7_75t_R)
                                         _2352_ (net)
                 12.90    0.00  509.67 v _5652_/A (NAND2x1_ASAP7_75t_R)
     1    1.04   13.96   12.49  522.16 ^ _5652_/Y (NAND2x1_ASAP7_75t_R)
                                         _2354_ (net)
                 13.96    0.00  522.16 ^ _5656_/A (NOR2x1_ASAP7_75t_R)
     1    1.03   11.79   11.25  533.41 v _5656_/Y (NOR2x1_ASAP7_75t_R)
                                         _2358_ (net)
                 11.79    0.00  533.41 v _5663_/A (NAND2x1_ASAP7_75t_R)
     1    1.09   14.03   12.26  545.67 ^ _5663_/Y (NAND2x1_ASAP7_75t_R)
                                         _2365_ (net)
                 14.03    0.00  545.67 ^ _5664_/B (NOR2x1_ASAP7_75t_R)
     1    1.00   11.60    9.68  555.35 v _5664_/Y (NOR2x1_ASAP7_75t_R)
                                         zero (net)
                 11.60    0.00  555.35 v zero (out)
                                555.35   data arrival time

                  0.00  500.00  500.00   clock clk_virtual (rise edge)
                          0.00  500.00   clock network delay (ideal)
                          0.00  500.00   clock reconvergence pessimism
                          0.00  500.00   output external delay
                                500.00   data required time
-----------------------------------------------------------------------------
                                500.00   data required time
                               -555.35   data arrival time
-----------------------------------------------------------------------------
                                -55.35   slack (VIOLATED)



==========================================================================
floorplan final report_power
--------------------------------------------------------------------------
Group                  Internal  Switching    Leakage      Total
                          Power      Power      Power      Power (Watts)
----------------------------------------------------------------
Sequential             0.00e+00   0.00e+00   0.00e+00   0.00e+00   0.0%
Combinational          2.82e-04   4.05e-04   2.04e-07   6.87e-04 100.0%
Clock                  0.00e+00   0.00e+00   0.00e+00   0.00e+00   0.0%
Macro                  0.00e+00   0.00e+00   0.00e+00   0.00e+00   0.0%
Pad                    0.00e+00   0.00e+00   0.00e+00   0.00e+00   0.0%
----------------------------------------------------------------
Total                  2.82e-04   4.05e-04   2.04e-07   6.87e-04 100.0%
                          41.0%      59.0%       0.0%
