
==========================================================================
detailed place report_tns
--------------------------------------------------------------------------
tns max -413.36

==========================================================================
detailed place report_wns
--------------------------------------------------------------------------
wns max -83.36

==========================================================================
detailed place report_worst_slack
--------------------------------------------------------------------------
worst slack max -83.36

==========================================================================
detailed place report_clock_min_period
--------------------------------------------------------------------------
clk_virtual period_min = 583.36 fmax = 1714.20

==========================================================================
detailed place report_checks -path_delay min
--------------------------------------------------------------------------
Startpoint: a[3] (input port clocked by clk_virtual)
Endpoint: r[3] (output port clocked by clk_virtual)
Path Group: clk_virtual
Path Type: min

Fanout     Cap    Slew   Delay    Time   Description
-----------------------------------------------------------------------------
                  0.00    0.00    0.00   clock clk_virtual (rise edge)
                          0.00    0.00   clock network delay (ideal)
                          0.00    0.00 ^ input external delay
     1    0.80    5.67    1.34    1.34 ^ a[3] (in)
                                         a[3] (net)
                  5.67    0.00    1.34 ^ input29/A (BUFx3_ASAP7_75t_R)
    16   17.50   40.61   25.75   27.09 ^ input29/Y (BUFx3_ASAP7_75t_R)
                                         net28 (net)
                 41.10    2.50   29.59 ^ _3551_/B (AO21x1_ASAP7_75t_R)
     1    1.59   12.38   18.40   47.99 ^ _3551_/Y (AO21x1_ASAP7_75t_R)
                                         _0301_ (net)
                 12.39    0.20   48.19 ^ _3619_/A1 (AOI21x1_ASAP7_75t_R)
     1    1.94    9.82   10.81   59.00 v _3619_/Y (AOI21x1_ASAP7_75t_R)
                                         _0369_ (net)
                  9.86    0.32   59.32 v _3620_/B (OAI21x1_ASAP7_75t_R)
     2    1.69    8.33    7.24   66.56 ^ _3620_/Y (OAI21x1_ASAP7_75t_R)
                                         net99 (net)
                  8.33    0.08   66.64 ^ output100/A (BUFx2_ASAP7_75t_R)
     1    2.02    9.43   14.68   81.32 ^ output100/Y (BUFx2_ASAP7_75t_R)
                                         r[3] (net)
                  9.47    0.33   81.64 ^ r[3] (out)
                                 81.64   data arrival time

                  0.00    0.00    0.00   clock clk_virtual (rise edge)
                          0.00    0.00   clock network delay (ideal)
                          0.00    0.00   clock reconvergence pessimism
                          0.00    0.00   output external delay
                                  0.00   data required time
-----------------------------------------------------------------------------
                                  0.00   data required time
                                -81.64   data arrival time
-----------------------------------------------------------------------------
                                 81.64   slack (MET)



==========================================================================
detailed place report_checks -path_delay max
--------------------------------------------------------------------------
Startpoint: b[1] (input port clocked by clk_virtual)
Endpoint: zero (output port clocked by clk_virtual)
Path Group: clk_virtual
Path Type: max

Fanout     Cap    Slew   Delay    Time   Description
-----------------------------------------------------------------------------
                  0.00    0.00    0.00   clock clk_virtual (rise edge)
                          0.00    0.00   clock network delay (ideal)
                          0.00    0.00 v input external delay
     1    1.26    6.50    2.04    2.04 v b[1] (in)
                                         b[1] (net)
                  6.51    0.00    2.04 v input53/A (BUFx2_ASAP7_75t_R)
     2    5.72   18.51   19.20   21.24 v input53/Y (BUFx2_ASAP7_75t_R)
                                         net52 (net)
                 18.77    1.21   22.46 v _2951_/A (INVx6_ASAP7_75t_R)
     2    1.86    7.59    6.92   29.37 ^ _2951_/Y (INVx6_ASAP7_75t_R)
                                         _0007_ (net)
                  7.59    0.06   29.43 ^ _5674_/A (HAxp5_ASAP7_75t_R)
     2    1.47   24.83   14.14   43.57 v _5674_/CON (HAxp5_ASAP7_75t_R)
                                         _0021_ (net)
                 24.83    0.04   43.61 v _3042_/A (OR3x1_ASAP7_75t_R)
     2    1.48   14.22   29.58   73.19 v _3042_/Y (OR3x1_ASAP7_75t_R)
                                         _2418_ (net)
                 14.22    0.06   73.25 v _3048_/C (OR3x1_ASAP7_75t_R)
     2    1.66   15.12   28.71  101.97 v _3048_/Y (OR3x1_ASAP7_75t_R)
                                         _2422_ (net)
                 15.12    0.10  102.07 v _3085_/A (INVx1_ASAP7_75t_R)
     1    0.74    8.81    7.72  109.79 ^ _3085_/Y (INVx1_ASAP7_75t_R)
                                         _2448_ (net)
                  8.81    0.03  109.82 ^ _3089_/A (AND4x1_ASAP7_75t_R)
     2    2.60   25.03   30.71  140.53 ^ _3089_/Y (AND4x1_ASAP7_75t_R)
                                         _2452_ (net)
                 25.06    0.49  141.02 ^ _3095_/A (AND3x1_ASAP7_75t_R)
     2    1.87   18.47   28.07  169.08 ^ _3095_/Y (AND3x1_ASAP7_75t_R)
                                         _2456_ (net)
                 18.47    0.07  169.15 ^ _3101_/A (AND3x1_ASAP7_75t_R)
     2    2.23   20.84   27.78  196.93 ^ _3101_/Y (AND3x1_ASAP7_75t_R)
                                         _2460_ (net)
                 20.84    0.20  197.13 ^ _3109_/A (AND3x1_ASAP7_75t_R)
     2    1.46   16.00   25.73  222.86 ^ _3109_/Y (AND3x1_ASAP7_75t_R)
                                         _2464_ (net)
                 16.00    0.04  222.90 ^ _3118_/A (AND3x1_ASAP7_75t_R)
     2    2.02   20.22   26.41  249.30 ^ _3118_/Y (AND3x1_ASAP7_75t_R)
                                         _2470_ (net)
                 20.23    0.11  249.41 ^ _3127_/A1 (AO21x1_ASAP7_75t_R)
     2    1.69   13.64   17.66  267.07 ^ _3127_/Y (AO21x1_ASAP7_75t_R)
                                         _2475_ (net)
                 13.64    0.06  267.13 ^ _3135_/B (OA21x2_ASAP7_75t_R)
     1    1.00    7.89   17.00  284.13 ^ _3135_/Y (OA21x2_ASAP7_75t_R)
                                         _2479_ (net)
                  7.89    0.04  284.18 ^ _3136_/A (XOR2x2_ASAP7_75t_R)
     1    1.17    8.91   22.38  306.56 v _3136_/Y (XOR2x2_ASAP7_75t_R)
                                         _0266_ (net)
                  8.92    0.05  306.61 v _5783_/A (HAxp5_ASAP7_75t_R)
     4    4.09   83.17   64.83  371.44 v _5783_/SN (HAxp5_ASAP7_75t_R)
                                         _0268_ (net)
                 83.17    0.21  371.66 v _5323_/B (NOR2x1_ASAP7_75t_R)
     3    2.07   34.46   26.65  398.31 ^ _5323_/Y (NOR2x1_ASAP7_75t_R)
                                         _2047_ (net)
                 34.46    0.05  398.36 ^ _5407_/C (AND3x1_ASAP7_75t_R)
     2    1.33   14.82   26.47  424.83 ^ _5407_/Y (AND3x1_ASAP7_75t_R)
                                         _2129_ (net)
                 14.82    0.04  424.86 ^ _5412_/B2 (AO221x1_ASAP7_75t_R)
     1    0.93   10.77   19.24  444.11 ^ _5412_/Y (AO221x1_ASAP7_75t_R)
                                         _2134_ (net)
                 10.77    0.06  444.17 ^ _5413_/B (AO21x1_ASAP7_75t_R)
     2    1.96   15.35   15.49  459.66 ^ _5413_/Y (AO21x1_ASAP7_75t_R)
                                         _2135_ (net)
                 15.35    0.11  459.77 ^ _5414_/A2 (OAI21x1_ASAP7_75t_R)
     1    0.75   13.52    7.82  467.59 v _5414_/Y (OAI21x1_ASAP7_75t_R)
                                         _2136_ (net)
                 13.52    0.03  467.62 v _5415_/B (AO21x1_ASAP7_75t_R)
     2    2.05   13.81   20.60  488.23 v _5415_/Y (AO21x1_ASAP7_75t_R)
                                         _2137_ (net)
                 13.81    0.08  488.30 v _5649_/C (NAND3x1_ASAP7_75t_R)
     1    1.33   20.26   17.24  505.55 ^ _5649_/Y (NAND3x1_ASAP7_75t_R)
                                         _2351_ (net)
                 20.26    0.09  505.63 ^ _5650_/B (NOR2x1_ASAP7_75t_R)
     1    1.08   16.00   11.51  517.15 v _5650_/Y (NOR2x1_ASAP7_75t_R)
                                         _2352_ (net)
                 16.00    0.04  517.18 v _5652_/A (NAND2x1_ASAP7_75t_R)
     1    1.08   14.58   13.73  530.92 ^ _5652_/Y (NAND2x1_ASAP7_75t_R)
                                         _2354_ (net)
                 14.58    0.04  530.95 ^ _5656_/A (NOR2x1_ASAP7_75t_R)
     1    1.05   11.76   11.50  542.46 v _5656_/Y (NOR2x1_ASAP7_75t_R)
                                         _2358_ (net)
                 11.76    0.03  542.49 v _5663_/A (NAND2x1_ASAP7_75t_R)
     1    1.22   14.55   12.67  555.16 ^ _5663_/Y (NAND2x1_ASAP7_75t_R)
                                         _2365_ (net)
                 14.55    0.06  555.22 ^ _5664_/B (NOR2x1_ASAP7_75t_R)
     1    1.41   13.44   11.08  566.30 v _5664_/Y (NOR2x1_ASAP7_75t_R)
                                         net106 (net)
                 13.44    0.18  566.48 v output107/A (BUFx2_ASAP7_75t_R)
     1    1.83    8.22   16.63  583.10 v output107/Y (BUFx2_ASAP7_75t_R)
                                         zero (net)
                  8.24    0.26  583.36 v zero (out)
                                583.36   data arrival time

                  0.00  500.00  500.00   clock clk_virtual (rise edge)
                          0.00  500.00   clock network delay (ideal)
                          0.00  500.00   clock reconvergence pessimism
                          0.00  500.00   output external delay
                                500.00   data required time
-----------------------------------------------------------------------------
                                500.00   data required time
                               -583.36   data arrival time
-----------------------------------------------------------------------------
                                -83.36   slack (VIOLATED)



==========================================================================
detailed place report_checks -unconstrained
--------------------------------------------------------------------------
Startpoint: b[1] (input port clocked by clk_virtual)
Endpoint: zero (output port clocked by clk_virtual)
Path Group: clk_virtual
Path Type: max

Fanout     Cap    Slew   Delay    Time   Description
-----------------------------------------------------------------------------
                  0.00    0.00    0.00   clock clk_virtual (rise edge)
                          0.00    0.00   clock network delay (ideal)
                          0.00    0.00 v input external delay
     1    1.26    6.50    2.04    2.04 v b[1] (in)
                                         b[1] (net)
                  6.51    0.00    2.04 v input53/A (BUFx2_ASAP7_75t_R)
     2    5.72   18.51   19.20   21.24 v input53/Y (BUFx2_ASAP7_75t_R)
                                         net52 (net)
                 18.77    1.21   22.46 v _2951_/A (INVx6_ASAP7_75t_R)
     2    1.86    7.59    6.92   29.37 ^ _2951_/Y (INVx6_ASAP7_75t_R)
                                         _0007_ (net)
                  7.59    0.06   29.43 ^ _5674_/A (HAxp5_ASAP7_75t_R)
     2    1.47   24.83   14.14   43.57 v _5674_/CON (HAxp5_ASAP7_75t_R)
                                         _0021_ (net)
                 24.83    0.04   43.61 v _3042_/A (OR3x1_ASAP7_75t_R)
     2    1.48   14.22   29.58   73.19 v _3042_/Y (OR3x1_ASAP7_75t_R)
                                         _2418_ (net)
                 14.22    0.06   73.25 v _3048_/C (OR3x1_ASAP7_75t_R)
     2    1.66   15.12   28.71  101.97 v _3048_/Y (OR3x1_ASAP7_75t_R)
                                         _2422_ (net)
                 15.12    0.10  102.07 v _3085_/A (INVx1_ASAP7_75t_R)
     1    0.74    8.81    7.72  109.79 ^ _3085_/Y (INVx1_ASAP7_75t_R)
                                         _2448_ (net)
                  8.81    0.03  109.82 ^ _3089_/A (AND4x1_ASAP7_75t_R)
     2    2.60   25.03   30.71  140.53 ^ _3089_/Y (AND4x1_ASAP7_75t_R)
                                         _2452_ (net)
                 25.06    0.49  141.02 ^ _3095_/A (AND3x1_ASAP7_75t_R)
     2    1.87   18.47   28.07  169.08 ^ _3095_/Y (AND3x1_ASAP7_75t_R)
                                         _2456_ (net)
                 18.47    0.07  169.15 ^ _3101_/A (AND3x1_ASAP7_75t_R)
     2    2.23   20.84   27.78  196.93 ^ _3101_/Y (AND3x1_ASAP7_75t_R)
                                         _2460_ (net)
                 20.84    0.20  197.13 ^ _3109_/A (AND3x1_ASAP7_75t_R)
     2    1.46   16.00   25.73  222.86 ^ _3109_/Y (AND3x1_ASAP7_75t_R)
                                         _2464_ (net)
                 16.00    0.04  222.90 ^ _3118_/A (AND3x1_ASAP7_75t_R)
     2    2.02   20.22   26.41  249.30 ^ _3118_/Y (AND3x1_ASAP7_75t_R)
                                         _2470_ (net)
                 20.23    0.11  249.41 ^ _3127_/A1 (AO21x1_ASAP7_75t_R)
     2    1.69   13.64   17.66  267.07 ^ _3127_/Y (AO21x1_ASAP7_75t_R)
                                         _2475_ (net)
                 13.64    0.06  267.13 ^ _3135_/B (OA21x2_ASAP7_75t_R)
     1    1.00    7.89   17.00  284.13 ^ _3135_/Y (OA21x2_ASAP7_75t_R)
                                         _2479_ (net)
                  7.89    0.04  284.18 ^ _3136_/A (XOR2x2_ASAP7_75t_R)
     1    1.17    8.91   22.38  306.56 v _3136_/Y (XOR2x2_ASAP7_75t_R)
                                         _0266_ (net)
                  8.92    0.05  306.61 v _5783_/A (HAxp5_ASAP7_75t_R)
     4    4.09   83.17   64.83  371.44 v _5783_/SN (HAxp5_ASAP7_75t_R)
                                         _0268_ (net)
                 83.17    0.21  371.66 v _5323_/B (NOR2x1_ASAP7_75t_R)
     3    2.07   34.46   26.65  398.31 ^ _5323_/Y (NOR2x1_ASAP7_75t_R)
                                         _2047_ (net)
                 34.46    0.05  398.36 ^ _5407_/C (AND3x1_ASAP7_75t_R)
     2    1.33   14.82   26.47  424.83 ^ _5407_/Y (AND3x1_ASAP7_75t_R)
                                         _2129_ (net)
                 14.82    0.04  424.86 ^ _5412_/B2 (AO221x1_ASAP7_75t_R)
     1    0.93   10.77   19.24  444.11 ^ _5412_/Y (AO221x1_ASAP7_75t_R)
                                         _2134_ (net)
                 10.77    0.06  444.17 ^ _5413_/B (AO21x1_ASAP7_75t_R)
     2    1.96   15.35   15.49  459.66 ^ _5413_/Y (AO21x1_ASAP7_75t_R)
                                         _2135_ (net)
                 15.35    0.11  459.77 ^ _5414_/A2 (OAI21x1_ASAP7_75t_R)
     1    0.75   13.52    7.82  467.59 v _5414_/Y (OAI21x1_ASAP7_75t_R)
                                         _2136_ (net)
                 13.52    0.03  467.62 v _5415_/B (AO21x1_ASAP7_75t_R)
     2    2.05   13.81   20.60  488.23 v _5415_/Y (AO21x1_ASAP7_75t_R)
                                         _2137_ (net)
                 13.81    0.08  488.30 v _5649_/C (NAND3x1_ASAP7_75t_R)
     1    1.33   20.26   17.24  505.55 ^ _5649_/Y (NAND3x1_ASAP7_75t_R)
                                         _2351_ (net)
                 20.26    0.09  505.63 ^ _5650_/B (NOR2x1_ASAP7_75t_R)
     1    1.08   16.00   11.51  517.15 v _5650_/Y (NOR2x1_ASAP7_75t_R)
                                         _2352_ (net)
                 16.00    0.04  517.18 v _5652_/A (NAND2x1_ASAP7_75t_R)
     1    1.08   14.58   13.73  530.92 ^ _5652_/Y (NAND2x1_ASAP7_75t_R)
                                         _2354_ (net)
                 14.58    0.04  530.95 ^ _5656_/A (NOR2x1_ASAP7_75t_R)
     1    1.05   11.76   11.50  542.46 v _5656_/Y (NOR2x1_ASAP7_75t_R)
                                         _2358_ (net)
                 11.76    0.03  542.49 v _5663_/A (NAND2x1_ASAP7_75t_R)
     1    1.22   14.55   12.67  555.16 ^ _5663_/Y (NAND2x1_ASAP7_75t_R)
                                         _2365_ (net)
                 14.55    0.06  555.22 ^ _5664_/B (NOR2x1_ASAP7_75t_R)
     1    1.41   13.44   11.08  566.30 v _5664_/Y (NOR2x1_ASAP7_75t_R)
                                         net106 (net)
                 13.44    0.18  566.48 v output107/A (BUFx2_ASAP7_75t_R)
     1    1.83    8.22   16.63  583.10 v output107/Y (BUFx2_ASAP7_75t_R)
                                         zero (net)
                  8.24    0.26  583.36 v zero (out)
                                583.36   data arrival time

                  0.00  500.00  500.00   clock clk_virtual (rise edge)
                          0.00  500.00   clock network delay (ideal)
                          0.00  500.00   clock reconvergence pessimism
                          0.00  500.00   output external delay
                                500.00   data required time
-----------------------------------------------------------------------------
                                500.00   data required time
                               -583.36   data arrival time
-----------------------------------------------------------------------------
                                -83.36   slack (VIOLATED)



==========================================================================
detailed place report_check_types -max_slew -max_cap -max_fanout -violators
--------------------------------------------------------------------------

==========================================================================
detailed place max_slew_check_slack
--------------------------------------------------------------------------
112.7868881225586

==========================================================================
detailed place max_slew_check_limit
--------------------------------------------------------------------------
320.0

==========================================================================
detailed place max_slew_check_slack_limit
--------------------------------------------------------------------------
0.3525

==========================================================================
detailed place max_fanout_check_slack
--------------------------------------------------------------------------
1.0000000150474662e+30

==========================================================================
detailed place max_fanout_check_limit
--------------------------------------------------------------------------
1.0000000150474662e+30

==========================================================================
detailed place max_capacitance_check_slack
--------------------------------------------------------------------------
8.63216495513916

==========================================================================
detailed place max_capacitance_check_limit
--------------------------------------------------------------------------
23.040000915527344

==========================================================================
detailed place max_capacitance_check_slack_limit
--------------------------------------------------------------------------
0.3747

==========================================================================
detailed place max_slew_violation_count
--------------------------------------------------------------------------
max slew violation count 0

==========================================================================
detailed place max_fanout_violation_count
--------------------------------------------------------------------------
max fanout violation count 0

==========================================================================
detailed place max_cap_violation_count
--------------------------------------------------------------------------
max cap violation count 0

==========================================================================
detailed place setup_violation_count
--------------------------------------------------------------------------
setup violation count 16

==========================================================================
detailed place hold_violation_count
--------------------------------------------------------------------------
hold violation count 0

==========================================================================
detailed place critical path delay
--------------------------------------------------------------------------
583.3614

==========================================================================
detailed place critical path slack
--------------------------------------------------------------------------
-83.3614

==========================================================================
detailed place slack div critical path delay
--------------------------------------------------------------------------
-14.289838

==========================================================================
detailed place report_power
--------------------------------------------------------------------------
Group                  Internal  Switching    Leakage      Total
                          Power      Power      Power      Power (Watts)
----------------------------------------------------------------
Sequential             0.00e+00   0.00e+00   0.00e+00   0.00e+00   0.0%
Combinational          3.39e-04   5.33e-04   2.15e-07   8.72e-04 100.0%
Clock                  0.00e+00   0.00e+00   0.00e+00   0.00e+00   0.0%
Macro                  0.00e+00   0.00e+00   0.00e+00   0.00e+00   0.0%
Pad                    0.00e+00   0.00e+00   0.00e+00   0.00e+00   0.0%
----------------------------------------------------------------
Total                  3.39e-04   5.33e-04   2.15e-07   8.72e-04 100.0%
                          38.8%      61.1%       0.0%
