
==========================================================================
cts final report_tns
--------------------------------------------------------------------------
tns max -112.82

==========================================================================
cts final report_wns
--------------------------------------------------------------------------
wns max -51.55

==========================================================================
cts final report_worst_slack
--------------------------------------------------------------------------
worst slack max -51.55

==========================================================================
cts final report_clock_min_period
--------------------------------------------------------------------------
clk_virtual period_min = 551.55 fmax = 1813.09

==========================================================================
cts final report_clock_skew
--------------------------------------------------------------------------
Clock clk_virtual
No launch/capture paths found.


==========================================================================
cts final report_checks -path_delay min
--------------------------------------------------------------------------
Startpoint: a[3] (input port clocked by clk_virtual)
Endpoint: r[3] (output port clocked by clk_virtual)
Path Group: clk_virtual
Path Type: min

Fanout     Cap    Slew   Delay    Time   Description
-----------------------------------------------------------------------------
                  0.00    0.00    0.00   clock clk_virtual (rise edge)
                          0.00    0.00   clock network delay (ideal)
                          0.00    0.00 ^ input external delay
     1    0.80    5.67    1.34    1.34 ^ a[3] (in)
                                         a[3] (net)
                  5.67    0.00    1.34 ^ input29/A (BUFx3_ASAP7_75t_R)
    16   17.49   40.61   25.75   27.08 ^ input29/Y (BUFx3_ASAP7_75t_R)
                                         net28 (net)
                 41.09    2.50   29.58 ^ _3551_/B (AO21x1_ASAP7_75t_R)
     1    1.59   12.38   18.40   47.99 ^ _3551_/Y (AO21x1_ASAP7_75t_R)
                                         _0301_ (net)
                 12.39    0.20   48.18 ^ _3619_/A1 (AOI21x1_ASAP7_75t_R)
     1    1.94    9.82   10.81   59.00 v _3619_/Y (AOI21x1_ASAP7_75t_R)
                                         _0369_ (net)
                  9.86    0.32   59.32 v _3620_/B (OAI21x1_ASAP7_75t_R)
     2    1.69    8.33    7.24   66.55 ^ _3620_/Y (OAI21x1_ASAP7_75t_R)
                                         net99 (net)
                  8.33    0.08   66.63 ^ output100/A (BUFx2_ASAP7_75t_R)
     1    2.02    9.43   14.68   81.31 ^ output100/Y (BUFx2_ASAP7_75t_R)
                                         r[3] (net)
                  9.47    0.33   81.64 ^ r[3] (out)
                                 81.64   data arrival time

                  0.00    0.00    0.00   clock clk_virtual (rise edge)
                          0.00    0.00   clock network delay (ideal)
                          0.00    0.00   clock reconvergence pessimism
                          0.00    0.00   output external delay
                                  0.00   data required time
-----------------------------------------------------------------------------
                                  0.00   data required time
                                -81.64   data arrival time
-----------------------------------------------------------------------------
                                 81.64   slack (MET)



==========================================================================
cts final report_checks -path_delay max
--------------------------------------------------------------------------
Startpoint: b[1] (input port clocked by clk_virtual)
Endpoint: zero (output port clocked by clk_virtual)
Path Group: clk_virtual
Path Type: max

Fanout     Cap    Slew   Delay    Time   Description
-----------------------------------------------------------------------------
                  0.00    0.00    0.00   clock clk_virtual (rise edge)
                          0.00    0.00   clock network delay (ideal)
                          0.00    0.00 v input external delay
     1    2.01    8.55    3.25    3.25 v b[1] (in)
                                         b[1] (net)
                  8.58    0.00    3.25 v input53/A (BUFx6f_ASAP7_75t_R)
     2    5.80    9.03   13.98   17.22 v input53/Y (BUFx6f_ASAP7_75t_R)
                                         net52 (net)
                  9.64    1.24   18.46 v _2951_/A (INVx6_ASAP7_75t_R)
     2    1.72    4.65    5.30   23.76 ^ _2951_/Y (INVx6_ASAP7_75t_R)
                                         _0007_ (net)
                  4.65    0.05   23.82 ^ _5674_/B (HAxp5_ASAP7_75t_R)
     2    1.40   23.51   12.95   36.77 v _5674_/CON (HAxp5_ASAP7_75t_R)
                                         _0021_ (net)
                 23.51    0.04   36.81 v _3042_/C (OR3x1_ASAP7_75t_R)
     2    1.50   14.25   29.95   66.76 v _3042_/Y (OR3x1_ASAP7_75t_R)
                                         _2418_ (net)
                 14.25    0.06   66.82 v _3048_/A (OR3x1_ASAP7_75t_R)
     2    1.66   15.12   27.20   94.02 v _3048_/Y (OR3x1_ASAP7_75t_R)
                                         _2422_ (net)
                 15.13    0.10   94.12 v _3085_/A (INVx1_ASAP7_75t_R)
     1    0.74    8.81    7.72  101.84 ^ _3085_/Y (INVx1_ASAP7_75t_R)
                                         _2448_ (net)
                  8.81    0.03  101.87 ^ _3089_/A (AND4x1_ASAP7_75t_R)
     2    2.58   24.92   30.64  132.52 ^ _3089_/Y (AND4x1_ASAP7_75t_R)
                                         _2452_ (net)
                 24.95    0.48  133.00 ^ _3095_/C (AND3x1_ASAP7_75t_R)
     2    1.85   18.24   27.19  160.19 ^ _3095_/Y (AND3x1_ASAP7_75t_R)
                                         _2456_ (net)
                 18.25    0.07  160.26 ^ _3101_/C (AND3x1_ASAP7_75t_R)
     2    1.76   17.56   25.93  186.19 ^ _3101_/Y (AND3x1_ASAP7_75t_R)
                                         _2460_ (net)
                 17.56    0.16  186.35 ^ _3109_/B (AND3x1_ASAP7_75t_R)
     2    1.46   16.00   25.15  211.50 ^ _3109_/Y (AND3x1_ASAP7_75t_R)
                                         _2464_ (net)
                 16.00    0.04  211.54 ^ place508/A (BUFx3_ASAP7_75t_R)
     1    1.12    5.89   14.37  225.91 ^ place508/Y (BUFx3_ASAP7_75t_R)
                                         net507 (net)
                  5.89    0.04  225.95 ^ _3110_/B (NOR2x1_ASAP7_75t_R)
     1    1.12   16.43    7.70  233.64 v _3110_/Y (NOR2x1_ASAP7_75t_R)
                                         _2465_ (net)
                 16.43    0.04  233.69 v _3111_/B (XOR2x2_ASAP7_75t_R)
     1    0.98    8.75   30.30  263.99 ^ _3111_/Y (XOR2x2_ASAP7_75t_R)
                                         _0218_ (net)
                  8.75    0.04  264.02 ^ _5762_/B (HAxp5_ASAP7_75t_R)
     2    2.04   30.83   17.16  281.18 v _5762_/CON (HAxp5_ASAP7_75t_R)
                                         _0219_ (net)
     2    1.84   33.12   18.36  299.54 ^ _5762_/SN (HAxp5_ASAP7_75t_R)
                                         _0220_ (net)
                 33.12    0.05  299.59 ^ _5171_/B (NOR2x1_ASAP7_75t_R)
     3    2.17   26.33   18.15  317.74 v _5171_/Y (NOR2x1_ASAP7_75t_R)
                                         _1898_ (net)
                 26.33    0.09  317.83 v _5172_/A (AND2x2_ASAP7_75t_R)
     2    1.46    8.50   24.20  342.04 v _5172_/Y (AND2x2_ASAP7_75t_R)
                                         _1899_ (net)
                  8.50    0.06  342.09 v _5177_/A2 (AO21x1_ASAP7_75t_R)
     1    0.72    7.08   14.47  356.56 v _5177_/Y (AO21x1_ASAP7_75t_R)
                                         _1904_ (net)
                  7.08    0.03  356.59 v _5178_/B (AO21x1_ASAP7_75t_R)
     1    1.34   10.25   17.29  373.88 v _5178_/Y (AO21x1_ASAP7_75t_R)
                                         _1905_ (net)
                 10.25    0.06  373.94 v _5179_/B (AOI21x1_ASAP7_75t_R)
     3    4.67   37.31   19.07  393.01 ^ _5179_/Y (AOI21x1_ASAP7_75t_R)
                                         _1906_ (net)
                 37.35    0.75  393.76 ^ _5627_/A1 (OAI21x1_ASAP7_75t_R)
     2    2.59   19.23   14.28  408.04 v _5627_/Y (OAI21x1_ASAP7_75t_R)
                                         _2329_ (net)
                 19.23    0.08  408.13 v _5633_/A1 (AOI21x1_ASAP7_75t_R)
     1    1.46   29.78   11.79  419.92 ^ _5633_/Y (AOI21x1_ASAP7_75t_R)
                                         _2335_ (net)
                 29.78    0.06  419.98 ^ _5634_/B (OAI21x1_ASAP7_75t_R)
     1    1.32   15.12   12.83  432.81 v _5634_/Y (OAI21x1_ASAP7_75t_R)
                                         _2336_ (net)
                 15.12    0.05  432.86 v _5647_/C (NAND3x1_ASAP7_75t_R)
     1    1.47   21.37   18.20  451.06 ^ _5647_/Y (NAND3x1_ASAP7_75t_R)
                                         _2349_ (net)
                 21.37    0.09  451.15 ^ _5648_/B (AOI21x1_ASAP7_75t_R)
     1    1.38   12.97   10.30  461.45 v _5648_/Y (AOI21x1_ASAP7_75t_R)
                                         _2350_ (net)
                 12.97    0.07  461.52 v _5649_/C (NAND3x1_ASAP7_75t_R)
     1    1.38   20.47   17.11  478.63 ^ _5649_/Y (NAND3x1_ASAP7_75t_R)
                                         _2351_ (net)
                 20.48    0.10  478.73 ^ _5650_/B (NOR2x1_ASAP7_75t_R)
     1    1.13   16.27   11.74  490.47 v _5650_/Y (NOR2x1_ASAP7_75t_R)
                                         _2352_ (net)
                 16.27    0.04  490.51 v _5652_/B (NAND2x1_ASAP7_75t_R)
     1    1.15   15.37   12.10  502.61 ^ _5652_/Y (NAND2x1_ASAP7_75t_R)
                                         _2354_ (net)
                 15.37    0.04  502.65 ^ _5656_/B (NOR2x1_ASAP7_75t_R)
     1    1.12   12.71   10.40  513.05 v _5656_/Y (NOR2x1_ASAP7_75t_R)
                                         _2358_ (net)
                 12.71    0.04  513.10 v _5663_/B (NAND2x1_ASAP7_75t_R)
     1    1.22   14.75   11.18  524.28 ^ _5663_/Y (NAND2x1_ASAP7_75t_R)
                                         _2365_ (net)
                 14.75    0.06  524.34 ^ _5664_/B (NOR2x1_ASAP7_75t_R)
     1    1.49   13.94   11.40  535.73 v _5664_/Y (NOR2x1_ASAP7_75t_R)
                                         net106 (net)
                 13.94    0.19  535.92 v output107/A (BUFx3_ASAP7_75t_R)
     1    1.83    6.71   15.37  551.29 v output107/Y (BUFx3_ASAP7_75t_R)
                                         zero (net)
                  6.74    0.25  551.55 v zero (out)
                                551.55   data arrival time

                  0.00  500.00  500.00   clock clk_virtual (rise edge)
                          0.00  500.00   clock network delay (ideal)
                          0.00  500.00   clock reconvergence pessimism
                          0.00  500.00   output external delay
                                500.00   data required time
-----------------------------------------------------------------------------
                                500.00   data required time
                               -551.55   data arrival time
-----------------------------------------------------------------------------
                                -51.55   slack (VIOLATED)



==========================================================================
cts final report_checks -unconstrained
--------------------------------------------------------------------------
Startpoint: b[1] (input port clocked by clk_virtual)
Endpoint: zero (output port clocked by clk_virtual)
Path Group: clk_virtual
Path Type: max

Fanout     Cap    Slew   Delay    Time   Description
-----------------------------------------------------------------------------
                  0.00    0.00    0.00   clock clk_virtual (rise edge)
                          0.00    0.00   clock network delay (ideal)
                          0.00    0.00 v input external delay
     1    2.01    8.55    3.25    3.25 v b[1] (in)
                                         b[1] (net)
                  8.58    0.00    3.25 v input53/A (BUFx6f_ASAP7_75t_R)
     2    5.80    9.03   13.98   17.22 v input53/Y (BUFx6f_ASAP7_75t_R)
                                         net52 (net)
                  9.64    1.24   18.46 v _2951_/A (INVx6_ASAP7_75t_R)
     2    1.72    4.65    5.30   23.76 ^ _2951_/Y (INVx6_ASAP7_75t_R)
                                         _0007_ (net)
                  4.65    0.05   23.82 ^ _5674_/B (HAxp5_ASAP7_75t_R)
     2    1.40   23.51   12.95   36.77 v _5674_/CON (HAxp5_ASAP7_75t_R)
                                         _0021_ (net)
                 23.51    0.04   36.81 v _3042_/C (OR3x1_ASAP7_75t_R)
     2    1.50   14.25   29.95   66.76 v _3042_/Y (OR3x1_ASAP7_75t_R)
                                         _2418_ (net)
                 14.25    0.06   66.82 v _3048_/A (OR3x1_ASAP7_75t_R)
     2    1.66   15.12   27.20   94.02 v _3048_/Y (OR3x1_ASAP7_75t_R)
                                         _2422_ (net)
                 15.13    0.10   94.12 v _3085_/A (INVx1_ASAP7_75t_R)
     1    0.74    8.81    7.72  101.84 ^ _3085_/Y (INVx1_ASAP7_75t_R)
                                         _2448_ (net)
                  8.81    0.03  101.87 ^ _3089_/A (AND4x1_ASAP7_75t_R)
     2    2.58   24.92   30.64  132.52 ^ _3089_/Y (AND4x1_ASAP7_75t_R)
                                         _2452_ (net)
                 24.95    0.48  133.00 ^ _3095_/C (AND3x1_ASAP7_75t_R)
     2    1.85   18.24   27.19  160.19 ^ _3095_/Y (AND3x1_ASAP7_75t_R)
                                         _2456_ (net)
                 18.25    0.07  160.26 ^ _3101_/C (AND3x1_ASAP7_75t_R)
     2    1.76   17.56   25.93  186.19 ^ _3101_/Y (AND3x1_ASAP7_75t_R)
                                         _2460_ (net)
                 17.56    0.16  186.35 ^ _3109_/B (AND3x1_ASAP7_75t_R)
     2    1.46   16.00   25.15  211.50 ^ _3109_/Y (AND3x1_ASAP7_75t_R)
                                         _2464_ (net)
                 16.00    0.04  211.54 ^ place508/A (BUFx3_ASAP7_75t_R)
     1    1.12    5.89   14.37  225.91 ^ place508/Y (BUFx3_ASAP7_75t_R)
                                         net507 (net)
                  5.89    0.04  225.95 ^ _3110_/B (NOR2x1_ASAP7_75t_R)
     1    1.12   16.43    7.70  233.64 v _3110_/Y (NOR2x1_ASAP7_75t_R)
                                         _2465_ (net)
                 16.43    0.04  233.69 v _3111_/B (XOR2x2_ASAP7_75t_R)
     1    0.98    8.75   30.30  263.99 ^ _3111_/Y (XOR2x2_ASAP7_75t_R)
                                         _0218_ (net)
                  8.75    0.04  264.02 ^ _5762_/B (HAxp5_ASAP7_75t_R)
     2    2.04   30.83   17.16  281.18 v _5762_/CON (HAxp5_ASAP7_75t_R)
                                         _0219_ (net)
     2    1.84   33.12   18.36  299.54 ^ _5762_/SN (HAxp5_ASAP7_75t_R)
                                         _0220_ (net)
                 33.12    0.05  299.59 ^ _5171_/B (NOR2x1_ASAP7_75t_R)
     3    2.17   26.33   18.15  317.74 v _5171_/Y (NOR2x1_ASAP7_75t_R)
                                         _1898_ (net)
                 26.33    0.09  317.83 v _5172_/A (AND2x2_ASAP7_75t_R)
     2    1.46    8.50   24.20  342.04 v _5172_/Y (AND2x2_ASAP7_75t_R)
                                         _1899_ (net)
                  8.50    0.06  342.09 v _5177_/A2 (AO21x1_ASAP7_75t_R)
     1    0.72    7.08   14.47  356.56 v _5177_/Y (AO21x1_ASAP7_75t_R)
                                         _1904_ (net)
                  7.08    0.03  356.59 v _5178_/B (AO21x1_ASAP7_75t_R)
     1    1.34   10.25   17.29  373.88 v _5178_/Y (AO21x1_ASAP7_75t_R)
                                         _1905_ (net)
                 10.25    0.06  373.94 v _5179_/B (AOI21x1_ASAP7_75t_R)
     3    4.67   37.31   19.07  393.01 ^ _5179_/Y (AOI21x1_ASAP7_75t_R)
                                         _1906_ (net)
                 37.35    0.75  393.76 ^ _5627_/A1 (OAI21x1_ASAP7_75t_R)
     2    2.59   19.23   14.28  408.04 v _5627_/Y (OAI21x1_ASAP7_75t_R)
                                         _2329_ (net)
                 19.23    0.08  408.13 v _5633_/A1 (AOI21x1_ASAP7_75t_R)
     1    1.46   29.78   11.79  419.92 ^ _5633_/Y (AOI21x1_ASAP7_75t_R)
                                         _2335_ (net)
                 29.78    0.06  419.98 ^ _5634_/B (OAI21x1_ASAP7_75t_R)
     1    1.32   15.12   12.83  432.81 v _5634_/Y (OAI21x1_ASAP7_75t_R)
                                         _2336_ (net)
                 15.12    0.05  432.86 v _5647_/C (NAND3x1_ASAP7_75t_R)
     1    1.47   21.37   18.20  451.06 ^ _5647_/Y (NAND3x1_ASAP7_75t_R)
                                         _2349_ (net)
                 21.37    0.09  451.15 ^ _5648_/B (AOI21x1_ASAP7_75t_R)
     1    1.38   12.97   10.30  461.45 v _5648_/Y (AOI21x1_ASAP7_75t_R)
                                         _2350_ (net)
                 12.97    0.07  461.52 v _5649_/C (NAND3x1_ASAP7_75t_R)
     1    1.38   20.47   17.11  478.63 ^ _5649_/Y (NAND3x1_ASAP7_75t_R)
                                         _2351_ (net)
                 20.48    0.10  478.73 ^ _5650_/B (NOR2x1_ASAP7_75t_R)
     1    1.13   16.27   11.74  490.47 v _5650_/Y (NOR2x1_ASAP7_75t_R)
                                         _2352_ (net)
                 16.27    0.04  490.51 v _5652_/B (NAND2x1_ASAP7_75t_R)
     1    1.15   15.37   12.10  502.61 ^ _5652_/Y (NAND2x1_ASAP7_75t_R)
                                         _2354_ (net)
                 15.37    0.04  502.65 ^ _5656_/B (NOR2x1_ASAP7_75t_R)
     1    1.12   12.71   10.40  513.05 v _5656_/Y (NOR2x1_ASAP7_75t_R)
                                         _2358_ (net)
                 12.71    0.04  513.10 v _5663_/B (NAND2x1_ASAP7_75t_R)
     1    1.22   14.75   11.18  524.28 ^ _5663_/Y (NAND2x1_ASAP7_75t_R)
                                         _2365_ (net)
                 14.75    0.06  524.34 ^ _5664_/B (NOR2x1_ASAP7_75t_R)
     1    1.49   13.94   11.40  535.73 v _5664_/Y (NOR2x1_ASAP7_75t_R)
                                         net106 (net)
                 13.94    0.19  535.92 v output107/A (BUFx3_ASAP7_75t_R)
     1    1.83    6.71   15.37  551.29 v output107/Y (BUFx3_ASAP7_75t_R)
                                         zero (net)
                  6.74    0.25  551.55 v zero (out)
                                551.55   data arrival time

                  0.00  500.00  500.00   clock clk_virtual (rise edge)
                          0.00  500.00   clock network delay (ideal)
                          0.00  500.00   clock reconvergence pessimism
                          0.00  500.00   output external delay
                                500.00   data required time
-----------------------------------------------------------------------------
                                500.00   data required time
                               -551.55   data arrival time
-----------------------------------------------------------------------------
                                -51.55   slack (VIOLATED)



==========================================================================
cts final report_check_types -max_slew -max_cap -max_fanout -violators
--------------------------------------------------------------------------

==========================================================================
cts final max_slew_check_slack
--------------------------------------------------------------------------
114.13916015625

==========================================================================
cts final max_slew_check_limit
--------------------------------------------------------------------------
320.0

==========================================================================
cts final max_slew_check_slack_limit
--------------------------------------------------------------------------
0.3567

==========================================================================
cts final max_fanout_check_slack
--------------------------------------------------------------------------
1.0000000150474662e+30

==========================================================================
cts final max_fanout_check_limit
--------------------------------------------------------------------------
1.0000000150474662e+30

==========================================================================
cts final max_capacitance_check_slack
--------------------------------------------------------------------------
8.632164001464844

==========================================================================
cts final max_capacitance_check_limit
--------------------------------------------------------------------------
23.040000915527344

==========================================================================
cts final max_capacitance_check_slack_limit
--------------------------------------------------------------------------
0.3747

==========================================================================
cts final max_slew_violation_count
--------------------------------------------------------------------------
max slew violation count 0

==========================================================================
cts final max_fanout_violation_count
--------------------------------------------------------------------------
max fanout violation count 0

==========================================================================
cts final max_cap_violation_count
--------------------------------------------------------------------------
max cap violation count 0

==========================================================================
cts final setup_violation_count
--------------------------------------------------------------------------
setup violation count 5

==========================================================================
cts final hold_violation_count
--------------------------------------------------------------------------
hold violation count 0

==========================================================================
cts final critical path delay
--------------------------------------------------------------------------
551.5454

==========================================================================
cts final critical path slack
--------------------------------------------------------------------------
-51.5454

==========================================================================
cts final slack div critical path delay
--------------------------------------------------------------------------
-9.345631

==========================================================================
cts final report_power
--------------------------------------------------------------------------
Group                  Internal  Switching    Leakage      Total
                          Power      Power      Power      Power (Watts)
----------------------------------------------------------------
Sequential             0.00e+00   0.00e+00   0.00e+00   0.00e+00   0.0%
Combinational          3.47e-04   5.37e-04   2.17e-07   8.84e-04 100.0%
Clock                  0.00e+00   0.00e+00   0.00e+00   0.00e+00   0.0%
Macro                  0.00e+00   0.00e+00   0.00e+00   0.00e+00   0.0%
Pad                    0.00e+00   0.00e+00   0.00e+00   0.00e+00   0.0%
----------------------------------------------------------------
Total                  3.47e-04   5.37e-04   2.17e-07   8.84e-04 100.0%
                          39.2%      60.7%       0.0%
