
==========================================================================
global route report_tns
--------------------------------------------------------------------------
tns max -605.13

==========================================================================
global route report_wns
--------------------------------------------------------------------------
wns max -83.39

==========================================================================
global route report_worst_slack
--------------------------------------------------------------------------
worst slack max -83.39

==========================================================================
global route report_clock_min_period
--------------------------------------------------------------------------
clk_virtual period_min = 583.39 fmax = 1714.11

==========================================================================
global route report_clock_skew
--------------------------------------------------------------------------
Clock clk_virtual
No launch/capture paths found.


==========================================================================
global route report_checks -path_delay min
--------------------------------------------------------------------------
Startpoint: a[3] (input port clocked by clk_virtual)
Endpoint: r[3] (output port clocked by clk_virtual)
Path Group: clk_virtual
Path Type: min

Fanout     Cap    Slew   Delay    Time   Description
-----------------------------------------------------------------------------
                  0.00    0.00    0.00   clock clk_virtual (rise edge)
                          0.00    0.00   clock network delay (ideal)
                          0.00    0.00 ^ input external delay
     1    1.09    6.48    1.84    1.84 ^ a[3] (in)
                                         a[3] (net)
                  6.49    0.00    1.84 ^ input29/A (BUFx3_ASAP7_75t_R)
    16   18.63   43.73   26.13   27.98 ^ input29/Y (BUFx3_ASAP7_75t_R)
                                         net28 (net)
                 44.64    3.53   31.50 ^ _3551_/B (AO21x1_ASAP7_75t_R)
     1    1.73   13.26   19.02   50.53 ^ _3551_/Y (AO21x1_ASAP7_75t_R)
                                         _0301_ (net)
                 13.28    0.31   50.84 ^ _3619_/A1 (AOI21x1_ASAP7_75t_R)
     1    2.25   11.11   11.68   62.52 v _3619_/Y (AOI21x1_ASAP7_75t_R)
                                         _0369_ (net)
                 11.15    0.41   62.93 v _3620_/B (OAI21x1_ASAP7_75t_R)
     2    2.11    9.88    8.14   71.07 ^ _3620_/Y (OAI21x1_ASAP7_75t_R)
                                         net99 (net)
                  9.89    0.17   71.24 ^ output100/A (BUFx2_ASAP7_75t_R)
     1    2.37   10.51   15.66   86.90 ^ output100/Y (BUFx2_ASAP7_75t_R)
                                         r[3] (net)
                 10.57    0.43   87.32 ^ r[3] (out)
                                 87.32   data arrival time

                  0.00    0.00    0.00   clock clk_virtual (rise edge)
                          0.00    0.00   clock network delay (ideal)
                          0.00    0.00   clock reconvergence pessimism
                          0.00    0.00   output external delay
                                  0.00   data required time
-----------------------------------------------------------------------------
                                  0.00   data required time
                                -87.32   data arrival time
-----------------------------------------------------------------------------
                                 87.32   slack (MET)



==========================================================================
global route report_checks -path_delay max
--------------------------------------------------------------------------
Startpoint: b[0] (input port clocked by clk_virtual)
Endpoint: zero (output port clocked by clk_virtual)
Path Group: clk_virtual
Path Type: max

Fanout     Cap    Slew   Delay    Time   Description
-----------------------------------------------------------------------------
                  0.00    0.00    0.00   clock clk_virtual (rise edge)
                          0.00    0.00   clock network delay (ideal)
                          0.00    0.00 v input external delay
     1    2.28    9.23    3.70    3.70 v b[0] (in)
                                         b[0] (net)
                  9.27    0.00    3.70 v input42/A (BUFx6f_ASAP7_75t_R)
     2    3.10    6.27   13.05   16.76 v input42/Y (BUFx6f_ASAP7_75t_R)
                                         net41 (net)
                  6.56    0.71   17.47 v _2950_/A (INVx2_ASAP7_75t_R)
     2    2.45    9.28    6.64   24.11 ^ _2950_/Y (INVx2_ASAP7_75t_R)
                                         _0014_ (net)
                  9.29    0.20   24.31 ^ _5674_/A (HAxp5_ASAP7_75t_R)
     2    1.65   25.98   15.33   39.64 v _5674_/CON (HAxp5_ASAP7_75t_R)
                                         _0021_ (net)
                 25.98    0.10   39.74 v rebuffer684/A (BUFx3_ASAP7_75t_R)
     1    0.96    5.72   17.68   57.42 v rebuffer684/Y (BUFx3_ASAP7_75t_R)
                                         net683 (net)
                  5.73    0.11   57.53 v rebuffer656/A (BUFx3_ASAP7_75t_R)
     1    0.99    5.07   11.89   69.42 v rebuffer656/Y (BUFx3_ASAP7_75t_R)
                                         net655 (net)
                  5.08    0.12   69.54 v rebuffer655/A (BUFx3_ASAP7_75t_R)
     1    1.09    5.23   11.77   81.31 v rebuffer655/Y (BUFx3_ASAP7_75t_R)
                                         net654 (net)
                  5.24    0.15   81.46 v rebuffer654/A (BUFx3_ASAP7_75t_R)
     1    0.82    4.78   11.55   93.01 v rebuffer654/Y (BUFx3_ASAP7_75t_R)
                                         net653 (net)
                  4.79    0.05   93.06 v rebuffer653/A (BUFx3_ASAP7_75t_R)
     1    1.00    5.08   11.59  104.65 v rebuffer653/Y (BUFx3_ASAP7_75t_R)
                                         net652 (net)
                  5.09    0.12  104.77 v rebuffer652/A (BUFx3_ASAP7_75t_R)
     1    1.05    5.16   11.74  116.52 v rebuffer652/Y (BUFx3_ASAP7_75t_R)
                                         net651 (net)
                  5.18    0.13  116.65 v rebuffer651/A (BUFx3_ASAP7_75t_R)
     1    1.11    5.26   11.83  128.48 v rebuffer651/Y (BUFx3_ASAP7_75t_R)
                                         net650 (net)
                  5.28    0.15  128.63 v rebuffer650/A (BUFx3_ASAP7_75t_R)
     1    0.94    4.98   11.70  140.33 v rebuffer650/Y (BUFx3_ASAP7_75t_R)
                                         net649 (net)
                  4.99    0.08  140.41 v rebuffer649/A (BUFx3_ASAP7_75t_R)
     1    1.00    5.08   11.66  152.07 v rebuffer649/Y (BUFx3_ASAP7_75t_R)
                                         net648 (net)
                  5.10    0.12  152.19 v rebuffer648/A (BUFx3_ASAP7_75t_R)
     1    0.78    4.73   11.46  163.65 v rebuffer648/Y (BUFx3_ASAP7_75t_R)
                                         net647 (net)
                  4.73    0.04  163.69 v place571/A (BUFx3_ASAP7_75t_R)
     1    2.22    7.20   12.88  176.57 v place571/Y (BUFx3_ASAP7_75t_R)
                                         net570 (net)
                  7.22    0.19  176.76 v _3036_/A (NAND2x2_ASAP7_75t_R)
     1    1.09   15.52    8.83  185.59 ^ _3036_/Y (NAND2x2_ASAP7_75t_R)
                                         _2414_ (net)
                 15.52    0.12  185.71 ^ _3037_/A (XOR2x2_ASAP7_75t_R)
     1    1.61   10.31   25.11  210.82 v _3037_/Y (XOR2x2_ASAP7_75t_R)
                                         _0032_ (net)
                 10.34    0.28  211.10 v _5679_/B (HAxp5_ASAP7_75t_R)
     2    2.30   56.20   19.34  230.44 ^ _5679_/CON (HAxp5_ASAP7_75t_R)
                                         _0033_ (net)
     2    2.50   58.30   26.80  257.25 v _5679_/SN (HAxp5_ASAP7_75t_R)
                                         _0034_ (net)
                 58.32    0.56  257.80 v _3744_/A (INVx1_ASAP7_75t_R)
     2    2.53   29.10   22.90  280.70 ^ _3744_/Y (INVx1_ASAP7_75t_R)
                                         _0493_ (net)
                 29.13    0.51  281.22 ^ _3745_/B (NAND2x1_ASAP7_75t_R)
     2    2.21   21.70   15.20  296.42 v _3745_/Y (NAND2x1_ASAP7_75t_R)
                                         _0494_ (net)
                 21.72    0.42  296.84 v _3934_/A (INVx1_ASAP7_75t_R)
     1    1.67   15.72   12.52  309.36 ^ _3934_/Y (INVx1_ASAP7_75t_R)
                                         _0681_ (net)
                 15.73    0.29  309.64 ^ _3936_/A2 (AOI21x1_ASAP7_75t_R)
     2    2.05   22.31   10.66  320.30 v _3936_/Y (AOI21x1_ASAP7_75t_R)
                                         _0683_ (net)
                 22.32    0.21  320.51 v _4102_/A (INVx1_ASAP7_75t_R)
     1    1.31   13.76   11.40  331.91 ^ _4102_/Y (INVx1_ASAP7_75t_R)
                                         _0847_ (net)
                 13.77    0.15  332.06 ^ _4104_/A2 (AOI21x1_ASAP7_75t_R)
     3    2.99   27.74   12.26  344.32 v _4104_/Y (AOI21x1_ASAP7_75t_R)
                                         _0849_ (net)
                 27.76    0.37  344.68 v _4242_/A1 (OAI21x1_ASAP7_75t_R)
     5    7.60   53.79   31.16  375.84 ^ _4242_/Y (OAI21x1_ASAP7_75t_R)
                                         _0985_ (net)
                 53.81    0.54  376.38 ^ rebuffer695/A (BUFx3_ASAP7_75t_R)
     1    1.23    7.44   20.71  397.09 ^ rebuffer695/Y (BUFx3_ASAP7_75t_R)
                                         net694 (net)
                  7.45    0.12  397.22 ^ _4243_/A2 (OAI21x1_ASAP7_75t_R)
     1    1.61   18.78    8.38  405.60 v _4243_/Y (OAI21x1_ASAP7_75t_R)
                                         _0986_ (net)
                 18.79    0.35  405.95 v _4244_/B (AO21x1_ASAP7_75t_R)
     1    0.98    9.20   18.69  424.64 v _4244_/Y (AO21x1_ASAP7_75t_R)
                                         _0987_ (net)
                  9.20    0.13  424.77 v _4245_/D (AND4x1_ASAP7_75t_R)
     1    2.96   19.72   21.08  445.85 v _4245_/Y (AND4x1_ASAP7_75t_R)
                                         _0988_ (net)
                 19.80    0.69  446.54 v _4246_/B (OAI21x1_ASAP7_75t_R)
     1    1.72   32.99    9.71  456.25 ^ _4246_/Y (OAI21x1_ASAP7_75t_R)
                                         _0989_ (net)
                 33.00    0.34  456.58 ^ _4250_/B (AOI211x1_ASAP7_75t_R)
     1    2.98   39.05   19.83  476.42 v _4250_/Y (AOI211x1_ASAP7_75t_R)
                                         _0993_ (net)
                 39.08    0.66  477.08 v _4251_/B (OAI21x1_ASAP7_75t_R)
     2    4.20   43.53   18.38  495.46 ^ _4251_/Y (OAI21x1_ASAP7_75t_R)
                                         net104 (net)
                 43.56    0.67  496.13 ^ _5587_/A (NOR2x1_ASAP7_75t_R)
     1    1.16   18.46   18.54  514.67 v _5587_/Y (NOR2x1_ASAP7_75t_R)
                                         _2289_ (net)
                 18.46    0.07  514.74 v _5588_/B (NAND2x1_ASAP7_75t_R)
     1    1.38   16.71   13.67  528.41 ^ _5588_/Y (NAND2x1_ASAP7_75t_R)
                                         _2290_ (net)
                 16.72    0.18  528.59 ^ _5592_/A (NOR2x1_ASAP7_75t_R)
     1    1.31   13.54   12.93  541.52 v _5592_/Y (NOR2x1_ASAP7_75t_R)
                                         _2294_ (net)
                 13.55    0.16  541.68 v _5599_/A (NAND2x1_ASAP7_75t_R)
     1    1.14   14.40   13.04  554.72 ^ _5599_/Y (NAND2x1_ASAP7_75t_R)
                                         _2301_ (net)
                 14.40    0.07  554.79 ^ _5664_/A (NOR2x1_ASAP7_75t_R)
     1    1.41   13.59   12.47  567.25 v _5664_/Y (NOR2x1_ASAP7_75t_R)
                                         net106 (net)
                 13.60    0.25  567.51 v output107/A (BUFx3_ASAP7_75t_R)
     1    2.05    7.20   15.44  582.94 v output107/Y (BUFx3_ASAP7_75t_R)
                                         zero (net)
                  7.30    0.45  583.39 v zero (out)
                                583.39   data arrival time

                  0.00  500.00  500.00   clock clk_virtual (rise edge)
                          0.00  500.00   clock network delay (ideal)
                          0.00  500.00   clock reconvergence pessimism
                          0.00  500.00   output external delay
                                500.00   data required time
-----------------------------------------------------------------------------
                                500.00   data required time
                               -583.39   data arrival time
-----------------------------------------------------------------------------
                                -83.39   slack (VIOLATED)



==========================================================================
global route report_checks -unconstrained
--------------------------------------------------------------------------
Startpoint: b[0] (input port clocked by clk_virtual)
Endpoint: zero (output port clocked by clk_virtual)
Path Group: clk_virtual
Path Type: max

Fanout     Cap    Slew   Delay    Time   Description
-----------------------------------------------------------------------------
                  0.00    0.00    0.00   clock clk_virtual (rise edge)
                          0.00    0.00   clock network delay (ideal)
                          0.00    0.00 v input external delay
     1    2.28    9.23    3.70    3.70 v b[0] (in)
                                         b[0] (net)
                  9.27    0.00    3.70 v input42/A (BUFx6f_ASAP7_75t_R)
     2    3.10    6.27   13.05   16.76 v input42/Y (BUFx6f_ASAP7_75t_R)
                                         net41 (net)
                  6.56    0.71   17.47 v _2950_/A (INVx2_ASAP7_75t_R)
     2    2.45    9.28    6.64   24.11 ^ _2950_/Y (INVx2_ASAP7_75t_R)
                                         _0014_ (net)
                  9.29    0.20   24.31 ^ _5674_/A (HAxp5_ASAP7_75t_R)
     2    1.65   25.98   15.33   39.64 v _5674_/CON (HAxp5_ASAP7_75t_R)
                                         _0021_ (net)
                 25.98    0.10   39.74 v rebuffer684/A (BUFx3_ASAP7_75t_R)
     1    0.96    5.72   17.68   57.42 v rebuffer684/Y (BUFx3_ASAP7_75t_R)
                                         net683 (net)
                  5.73    0.11   57.53 v rebuffer656/A (BUFx3_ASAP7_75t_R)
     1    0.99    5.07   11.89   69.42 v rebuffer656/Y (BUFx3_ASAP7_75t_R)
                                         net655 (net)
                  5.08    0.12   69.54 v rebuffer655/A (BUFx3_ASAP7_75t_R)
     1    1.09    5.23   11.77   81.31 v rebuffer655/Y (BUFx3_ASAP7_75t_R)
                                         net654 (net)
                  5.24    0.15   81.46 v rebuffer654/A (BUFx3_ASAP7_75t_R)
     1    0.82    4.78   11.55   93.01 v rebuffer654/Y (BUFx3_ASAP7_75t_R)
                                         net653 (net)
                  4.79    0.05   93.06 v rebuffer653/A (BUFx3_ASAP7_75t_R)
     1    1.00    5.08   11.59  104.65 v rebuffer653/Y (BUFx3_ASAP7_75t_R)
                                         net652 (net)
                  5.09    0.12  104.77 v rebuffer652/A (BUFx3_ASAP7_75t_R)
     1    1.05    5.16   11.74  116.52 v rebuffer652/Y (BUFx3_ASAP7_75t_R)
                                         net651 (net)
                  5.18    0.13  116.65 v rebuffer651/A (BUFx3_ASAP7_75t_R)
     1    1.11    5.26   11.83  128.48 v rebuffer651/Y (BUFx3_ASAP7_75t_R)
                                         net650 (net)
                  5.28    0.15  128.63 v rebuffer650/A (BUFx3_ASAP7_75t_R)
     1    0.94    4.98   11.70  140.33 v rebuffer650/Y (BUFx3_ASAP7_75t_R)
                                         net649 (net)
                  4.99    0.08  140.41 v rebuffer649/A (BUFx3_ASAP7_75t_R)
     1    1.00    5.08   11.66  152.07 v rebuffer649/Y (BUFx3_ASAP7_75t_R)
                                         net648 (net)
                  5.10    0.12  152.19 v rebuffer648/A (BUFx3_ASAP7_75t_R)
     1    0.78    4.73   11.46  163.65 v rebuffer648/Y (BUFx3_ASAP7_75t_R)
                                         net647 (net)
                  4.73    0.04  163.69 v place571/A (BUFx3_ASAP7_75t_R)
     1    2.22    7.20   12.88  176.57 v place571/Y (BUFx3_ASAP7_75t_R)
                                         net570 (net)
                  7.22    0.19  176.76 v _3036_/A (NAND2x2_ASAP7_75t_R)
     1    1.09   15.52    8.83  185.59 ^ _3036_/Y (NAND2x2_ASAP7_75t_R)
                                         _2414_ (net)
                 15.52    0.12  185.71 ^ _3037_/A (XOR2x2_ASAP7_75t_R)
     1    1.61   10.31   25.11  210.82 v _3037_/Y (XOR2x2_ASAP7_75t_R)
                                         _0032_ (net)
                 10.34    0.28  211.10 v _5679_/B (HAxp5_ASAP7_75t_R)
     2    2.30   56.20   19.34  230.44 ^ _5679_/CON (HAxp5_ASAP7_75t_R)
                                         _0033_ (net)
     2    2.50   58.30   26.80  257.25 v _5679_/SN (HAxp5_ASAP7_75t_R)
                                         _0034_ (net)
                 58.32    0.56  257.80 v _3744_/A (INVx1_ASAP7_75t_R)
     2    2.53   29.10   22.90  280.70 ^ _3744_/Y (INVx1_ASAP7_75t_R)
                                         _0493_ (net)
                 29.13    0.51  281.22 ^ _3745_/B (NAND2x1_ASAP7_75t_R)
     2    2.21   21.70   15.20  296.42 v _3745_/Y (NAND2x1_ASAP7_75t_R)
                                         _0494_ (net)
                 21.72    0.42  296.84 v _3934_/A (INVx1_ASAP7_75t_R)
     1    1.67   15.72   12.52  309.36 ^ _3934_/Y (INVx1_ASAP7_75t_R)
                                         _0681_ (net)
                 15.73    0.29  309.64 ^ _3936_/A2 (AOI21x1_ASAP7_75t_R)
     2    2.05   22.31   10.66  320.30 v _3936_/Y (AOI21x1_ASAP7_75t_R)
                                         _0683_ (net)
                 22.32    0.21  320.51 v _4102_/A (INVx1_ASAP7_75t_R)
     1    1.31   13.76   11.40  331.91 ^ _4102_/Y (INVx1_ASAP7_75t_R)
                                         _0847_ (net)
                 13.77    0.15  332.06 ^ _4104_/A2 (AOI21x1_ASAP7_75t_R)
     3    2.99   27.74   12.26  344.32 v _4104_/Y (AOI21x1_ASAP7_75t_R)
                                         _0849_ (net)
                 27.76    0.37  344.68 v _4242_/A1 (OAI21x1_ASAP7_75t_R)
     5    7.60   53.79   31.16  375.84 ^ _4242_/Y (OAI21x1_ASAP7_75t_R)
                                         _0985_ (net)
                 53.81    0.54  376.38 ^ rebuffer695/A (BUFx3_ASAP7_75t_R)
     1    1.23    7.44   20.71  397.09 ^ rebuffer695/Y (BUFx3_ASAP7_75t_R)
                                         net694 (net)
                  7.45    0.12  397.22 ^ _4243_/A2 (OAI21x1_ASAP7_75t_R)
     1    1.61   18.78    8.38  405.60 v _4243_/Y (OAI21x1_ASAP7_75t_R)
                                         _0986_ (net)
                 18.79    0.35  405.95 v _4244_/B (AO21x1_ASAP7_75t_R)
     1    0.98    9.20   18.69  424.64 v _4244_/Y (AO21x1_ASAP7_75t_R)
                                         _0987_ (net)
                  9.20    0.13  424.77 v _4245_/D (AND4x1_ASAP7_75t_R)
     1    2.96   19.72   21.08  445.85 v _4245_/Y (AND4x1_ASAP7_75t_R)
                                         _0988_ (net)
                 19.80    0.69  446.54 v _4246_/B (OAI21x1_ASAP7_75t_R)
     1    1.72   32.99    9.71  456.25 ^ _4246_/Y (OAI21x1_ASAP7_75t_R)
                                         _0989_ (net)
                 33.00    0.34  456.58 ^ _4250_/B (AOI211x1_ASAP7_75t_R)
     1    2.98   39.05   19.83  476.42 v _4250_/Y (AOI211x1_ASAP7_75t_R)
                                         _0993_ (net)
                 39.08    0.66  477.08 v _4251_/B (OAI21x1_ASAP7_75t_R)
     2    4.20   43.53   18.38  495.46 ^ _4251_/Y (OAI21x1_ASAP7_75t_R)
                                         net104 (net)
                 43.56    0.67  496.13 ^ _5587_/A (NOR2x1_ASAP7_75t_R)
     1    1.16   18.46   18.54  514.67 v _5587_/Y (NOR2x1_ASAP7_75t_R)
                                         _2289_ (net)
                 18.46    0.07  514.74 v _5588_/B (NAND2x1_ASAP7_75t_R)
     1    1.38   16.71   13.67  528.41 ^ _5588_/Y (NAND2x1_ASAP7_75t_R)
                                         _2290_ (net)
                 16.72    0.18  528.59 ^ _5592_/A (NOR2x1_ASAP7_75t_R)
     1    1.31   13.54   12.93  541.52 v _5592_/Y (NOR2x1_ASAP7_75t_R)
                                         _2294_ (net)
                 13.55    0.16  541.68 v _5599_/A (NAND2x1_ASAP7_75t_R)
     1    1.14   14.40   13.04  554.72 ^ _5599_/Y (NAND2x1_ASAP7_75t_R)
                                         _2301_ (net)
                 14.40    0.07  554.79 ^ _5664_/A (NOR2x1_ASAP7_75t_R)
     1    1.41   13.59   12.47  567.25 v _5664_/Y (NOR2x1_ASAP7_75t_R)
                                         net106 (net)
                 13.60    0.25  567.51 v output107/A (BUFx3_ASAP7_75t_R)
     1    2.05    7.20   15.44  582.94 v output107/Y (BUFx3_ASAP7_75t_R)
                                         zero (net)
                  7.30    0.45  583.39 v zero (out)
                                583.39   data arrival time

                  0.00  500.00  500.00   clock clk_virtual (rise edge)
                          0.00  500.00   clock network delay (ideal)
                          0.00  500.00   clock reconvergence pessimism
                          0.00  500.00   output external delay
                                500.00   data required time
-----------------------------------------------------------------------------
                                500.00   data required time
                               -583.39   data arrival time
-----------------------------------------------------------------------------
                                -83.39   slack (VIOLATED)



==========================================================================
global route report_check_types -max_slew -max_cap -max_fanout -violators
--------------------------------------------------------------------------

==========================================================================
global route max_slew_check_slack
--------------------------------------------------------------------------
93.48770141601562

==========================================================================
global route max_slew_check_limit
--------------------------------------------------------------------------
320.0

==========================================================================
global route max_slew_check_slack_limit
--------------------------------------------------------------------------
0.2921

==========================================================================
global route max_fanout_check_slack
--------------------------------------------------------------------------
1.0000000150474662e+30

==========================================================================
global route max_fanout_check_limit
--------------------------------------------------------------------------
1.0000000150474662e+30

==========================================================================
global route max_capacitance_check_slack
--------------------------------------------------------------------------
7.530185699462891

==========================================================================
global route max_capacitance_check_limit
--------------------------------------------------------------------------
23.040000915527344

==========================================================================
global route max_capacitance_check_slack_limit
--------------------------------------------------------------------------
0.3268

==========================================================================
global route max_slew_violation_count
--------------------------------------------------------------------------
max slew violation count 0

==========================================================================
global route max_fanout_violation_count
--------------------------------------------------------------------------
max fanout violation count 0

==========================================================================
global route max_cap_violation_count
--------------------------------------------------------------------------
max cap violation count 0

==========================================================================
global route setup_violation_count
--------------------------------------------------------------------------
setup violation count 25

==========================================================================
global route hold_violation_count
--------------------------------------------------------------------------
hold violation count 0

==========================================================================
global route critical path delay
--------------------------------------------------------------------------
583.3939

==========================================================================
global route critical path slack
--------------------------------------------------------------------------
-83.3938

==========================================================================
global route slack div critical path delay
--------------------------------------------------------------------------
-14.294596

==========================================================================
global route report_power
--------------------------------------------------------------------------
Group                  Internal  Switching    Leakage      Total
                          Power      Power      Power      Power (Watts)
----------------------------------------------------------------
Sequential             0.00e+00   0.00e+00   0.00e+00   0.00e+00   0.0%
Combinational          3.63e-04   5.87e-04   2.20e-07   9.50e-04 100.0%
Clock                  0.00e+00   0.00e+00   0.00e+00   0.00e+00   0.0%
Macro                  0.00e+00   0.00e+00   0.00e+00   0.00e+00   0.0%
Pad                    0.00e+00   0.00e+00   0.00e+00   0.00e+00   0.0%
----------------------------------------------------------------
Total                  3.63e-04   5.87e-04   2.20e-07   9.50e-04 100.0%
                          38.2%      61.8%       0.0%
