
==========================================================================
finish report_tns
--------------------------------------------------------------------------
tns max -471.90

==========================================================================
finish report_wns
--------------------------------------------------------------------------
wns max -82.02

==========================================================================
finish report_worst_slack
--------------------------------------------------------------------------
worst slack max -82.02

==========================================================================
finish report_clock_min_period
--------------------------------------------------------------------------
clk_virtual period_min = 582.02 fmax = 1718.17

==========================================================================
finish report_clock_skew
--------------------------------------------------------------------------
Clock clk_virtual
No launch/capture paths found.


==========================================================================
finish report_checks -path_delay min
--------------------------------------------------------------------------
Startpoint: a[3] (input port clocked by clk_virtual)
Endpoint: r[3] (output port clocked by clk_virtual)
Path Group: clk_virtual
Path Type: min

Fanout     Cap    Slew   Delay    Time   Description
-----------------------------------------------------------------------------
                  0.00    0.00    0.00   clock clk_virtual (rise edge)
                          0.00    0.00   clock network delay (ideal)
                          0.00    0.00 ^ input external delay
     1    0.81    5.69    1.36    1.36 ^ a[3] (in)
                                         a[3] (net)
                  5.69    0.00    1.36 ^ input29/A (BUFx3_ASAP7_75t_R)
    16   18.60   44.12   25.27   26.63 ^ input29/Y (BUFx3_ASAP7_75t_R)
                                         net28 (net)
                 45.74    4.62   31.24 ^ _3551_/B (AO21x1_ASAP7_75t_R)
     1    1.59   12.48   18.76   50.00 ^ _3551_/Y (AO21x1_ASAP7_75t_R)
                                         _0301_ (net)
                 12.50    0.29   50.29 ^ _3619_/A1 (AOI21x1_ASAP7_75t_R)
     1    2.30   11.28   11.55   61.84 v _3619_/Y (AOI21x1_ASAP7_75t_R)
                                         _0369_ (net)
                 11.32    0.41   62.25 v _3620_/B (OAI21x1_ASAP7_75t_R)
     2    2.32   10.49    8.48   70.73 ^ _3620_/Y (OAI21x1_ASAP7_75t_R)
                                         net99 (net)
                 10.50    0.18   70.91 ^ output100/A (BUFx2_ASAP7_75t_R)
     1    2.38   10.64   15.82   86.72 ^ output100/Y (BUFx2_ASAP7_75t_R)
                                         r[3] (net)
                 10.72    0.49   87.22 ^ r[3] (out)
                                 87.22   data arrival time

                  0.00    0.00    0.00   clock clk_virtual (rise edge)
                          0.00    0.00   clock network delay (ideal)
                          0.00    0.00   clock reconvergence pessimism
                          0.00    0.00   output external delay
                                  0.00   data required time
-----------------------------------------------------------------------------
                                  0.00   data required time
                                -87.22   data arrival time
-----------------------------------------------------------------------------
                                 87.22   slack (MET)



==========================================================================
finish report_checks -path_delay max
--------------------------------------------------------------------------
Startpoint: b[1] (input port clocked by clk_virtual)
Endpoint: zero (output port clocked by clk_virtual)
Path Group: clk_virtual
Path Type: max

Fanout     Cap    Slew   Delay    Time   Description
-----------------------------------------------------------------------------
                  0.00    0.00    0.00   clock clk_virtual (rise edge)
                          0.00    0.00   clock network delay (ideal)
                          0.00    0.00 v input external delay
     1    2.08    8.81    3.39    3.39 v b[1] (in)
                                         b[1] (net)
                  8.86    0.00    3.39 v input53/A (BUFx6f_ASAP7_75t_R)
     2    5.92    9.34   13.94   17.32 v input53/Y (BUFx6f_ASAP7_75t_R)
                                         net52 (net)
                 10.41    1.66   18.99 v _2951_/A (INVx6_ASAP7_75t_R)
     2    1.75    4.91    5.49   24.47 ^ _2951_/Y (INVx6_ASAP7_75t_R)
                                         _0007_ (net)
                  4.92    0.10   24.57 ^ _5674_/B (HAxp5_ASAP7_75t_R)
     2    1.53   24.80   13.62   38.19 v _5674_/CON (HAxp5_ASAP7_75t_R)
                                         _0021_ (net)
                 24.80    0.06   38.25 v rebuffer684/A (BUFx3_ASAP7_75t_R)
     1    0.77    5.39   17.20   55.45 v rebuffer684/Y (BUFx3_ASAP7_75t_R)
                                         net683 (net)
                  5.39    0.07   55.52 v rebuffer656/A (BUFx3_ASAP7_75t_R)
     1    0.74    4.67   11.51   67.03 v rebuffer656/Y (BUFx3_ASAP7_75t_R)
                                         net655 (net)
                  4.67    0.05   67.09 v rebuffer655/A (BUFx3_ASAP7_75t_R)
     1    1.03    5.14   11.58   78.67 v rebuffer655/Y (BUFx3_ASAP7_75t_R)
                                         net654 (net)
                  5.15    0.15   78.81 v rebuffer654/A (BUFx3_ASAP7_75t_R)
     1    0.72    4.64   11.41   90.22 v rebuffer654/Y (BUFx3_ASAP7_75t_R)
                                         net653 (net)
                  4.64    0.05   90.28 v rebuffer653/A (BUFx3_ASAP7_75t_R)
     1    0.89    4.90   11.43  101.71 v rebuffer653/Y (BUFx3_ASAP7_75t_R)
                                         net652 (net)
                  4.91    0.09  101.79 v rebuffer652/A (BUFx3_ASAP7_75t_R)
     1    0.95    4.99   11.58  113.37 v rebuffer652/Y (BUFx3_ASAP7_75t_R)
                                         net651 (net)
                  5.00    0.09  113.46 v rebuffer651/A (BUFx3_ASAP7_75t_R)
     1    1.03    5.12   11.69  125.15 v rebuffer651/Y (BUFx3_ASAP7_75t_R)
                                         net650 (net)
                  5.13    0.11  125.26 v rebuffer650/A (BUFx3_ASAP7_75t_R)
     1    0.88    4.89   11.58  136.84 v rebuffer650/Y (BUFx3_ASAP7_75t_R)
                                         net649 (net)
                  4.89    0.08  136.92 v rebuffer649/A (BUFx3_ASAP7_75t_R)
     1    0.88    4.88   11.50  148.42 v rebuffer649/Y (BUFx3_ASAP7_75t_R)
                                         net648 (net)
                  4.89    0.08  148.50 v rebuffer648/A (BUFx3_ASAP7_75t_R)
     1    0.72    4.65   11.33  159.83 v rebuffer648/Y (BUFx3_ASAP7_75t_R)
                                         net647 (net)
                  4.65    0.05  159.88 v place571/A (BUFx3_ASAP7_75t_R)
     1    2.07    6.95   12.70  172.58 v place571/Y (BUFx3_ASAP7_75t_R)
                                         net570 (net)
                  6.96    0.17  172.75 v _3036_/A (NAND2x2_ASAP7_75t_R)
     1    0.95   14.96    8.51  181.26 ^ _3036_/Y (NAND2x2_ASAP7_75t_R)
                                         _2414_ (net)
                 14.96    0.07  181.33 ^ _3037_/A (XOR2x2_ASAP7_75t_R)
     1    1.75   10.79   25.19  206.53 v _3037_/Y (XOR2x2_ASAP7_75t_R)
                                         _0032_ (net)
                 10.82    0.29  206.82 v _5679_/B (HAxp5_ASAP7_75t_R)
     2    2.27   55.61   19.41  226.23 ^ _5679_/CON (HAxp5_ASAP7_75t_R)
                                         _0033_ (net)
     2    2.45   57.45   26.44  252.67 v _5679_/SN (HAxp5_ASAP7_75t_R)
                                         _0034_ (net)
                 57.47    0.61  253.28 v _3744_/A (INVx1_ASAP7_75t_R)
     2    2.55   29.15   22.82  276.10 ^ _3744_/Y (INVx1_ASAP7_75t_R)
                                         _0493_ (net)
                 29.19    0.64  276.74 ^ _3745_/B (NAND2x1_ASAP7_75t_R)
     2    2.33   22.32   15.57  292.31 v _3745_/Y (NAND2x1_ASAP7_75t_R)
                                         _0494_ (net)
                 22.35    0.51  292.82 v _3934_/A (INVx1_ASAP7_75t_R)
     1    1.71   16.15   12.77  305.59 ^ _3934_/Y (INVx1_ASAP7_75t_R)
                                         _0681_ (net)
                 16.16    0.30  305.89 ^ _3936_/A2 (AOI21x1_ASAP7_75t_R)
     2    2.09   22.67   10.83  316.72 v _3936_/Y (AOI21x1_ASAP7_75t_R)
                                         _0683_ (net)
                 22.67    0.17  316.89 v _4102_/A (INVx1_ASAP7_75t_R)
     1    1.33   13.91   11.53  328.42 ^ _4102_/Y (INVx1_ASAP7_75t_R)
                                         _0847_ (net)
                 13.92    0.13  328.55 ^ _4104_/A2 (AOI21x1_ASAP7_75t_R)
     3    2.94   27.48   12.19  340.74 v _4104_/Y (AOI21x1_ASAP7_75t_R)
                                         _0849_ (net)
                 27.49    0.33  341.08 v _4242_/A1 (OAI21x1_ASAP7_75t_R)
     5    8.02   56.65   31.75  372.83 ^ _4242_/Y (OAI21x1_ASAP7_75t_R)
                                         _0985_ (net)
                 56.65    0.38  373.21 ^ rebuffer695/A (BUFx3_ASAP7_75t_R)
     1    1.20    7.48   21.01  394.21 ^ rebuffer695/Y (BUFx3_ASAP7_75t_R)
                                         net694 (net)
                  7.48    0.10  394.31 ^ _4243_/A2 (OAI21x1_ASAP7_75t_R)
     1    1.71   19.67    8.58  402.90 v _4243_/Y (OAI21x1_ASAP7_75t_R)
                                         _0986_ (net)
                 19.68    0.30  403.19 v _4244_/B (AO21x1_ASAP7_75t_R)
     1    1.00    9.39   18.94  422.13 v _4244_/Y (AO21x1_ASAP7_75t_R)
                                         _0987_ (net)
                  9.40    0.16  422.29 v _4245_/D (AND4x1_ASAP7_75t_R)
     1    3.14   20.86   21.56  443.85 v _4245_/Y (AND4x1_ASAP7_75t_R)
                                         _0988_ (net)
                 20.93    0.74  444.59 v _4246_/B (OAI21x1_ASAP7_75t_R)
     1    1.95   34.68   10.31  454.91 ^ _4246_/Y (OAI21x1_ASAP7_75t_R)
                                         _0989_ (net)
                 34.70    0.48  455.39 ^ _4250_/B (AOI211x1_ASAP7_75t_R)
     1    2.90   38.13   20.03  475.42 v _4250_/Y (AOI211x1_ASAP7_75t_R)
                                         _0993_ (net)
                 38.16    0.57  475.99 v _4251_/B (OAI21x1_ASAP7_75t_R)
     2    4.27   46.63   18.26  494.25 ^ _4251_/Y (OAI21x1_ASAP7_75t_R)
                                         net104 (net)
                 46.66    0.68  494.93 ^ _5587_/A (NOR2x1_ASAP7_75t_R)
     1    1.20   19.26   19.20  514.13 v _5587_/Y (NOR2x1_ASAP7_75t_R)
                                         _2289_ (net)
                 19.26    0.11  514.24 v _5588_/B (NAND2x1_ASAP7_75t_R)
     1    1.44   16.97   14.17  528.40 ^ _5588_/Y (NAND2x1_ASAP7_75t_R)
                                         _2290_ (net)
                 16.98    0.18  528.58 ^ _5592_/A (NOR2x1_ASAP7_75t_R)
     1    1.28   13.45   12.92  541.50 v _5592_/Y (NOR2x1_ASAP7_75t_R)
                                         _2294_ (net)
                 13.46    0.14  541.65 v _5599_/A (NAND2x1_ASAP7_75t_R)
     1    1.09   14.06   12.83  554.48 ^ _5599_/Y (NAND2x1_ASAP7_75t_R)
                                         _2301_ (net)
                 14.06    0.08  554.56 ^ _5664_/A (NOR2x1_ASAP7_75t_R)
     1    1.33   13.11   12.11  566.67 v _5664_/Y (NOR2x1_ASAP7_75t_R)
                                         net106 (net)
                 13.12    0.24  566.92 v output107/A (BUFx3_ASAP7_75t_R)
     1    1.56    6.26   14.80  581.71 v output107/Y (BUFx3_ASAP7_75t_R)
                                         zero (net)
                  6.31    0.30  582.02 v zero (out)
                                582.02   data arrival time

                  0.00  500.00  500.00   clock clk_virtual (rise edge)
                          0.00  500.00   clock network delay (ideal)
                          0.00  500.00   clock reconvergence pessimism
                          0.00  500.00   output external delay
                                500.00   data required time
-----------------------------------------------------------------------------
                                500.00   data required time
                               -582.02   data arrival time
-----------------------------------------------------------------------------
                                -82.02   slack (VIOLATED)



==========================================================================
finish report_checks -unconstrained
--------------------------------------------------------------------------
Startpoint: b[1] (input port clocked by clk_virtual)
Endpoint: zero (output port clocked by clk_virtual)
Path Group: clk_virtual
Path Type: max

Fanout     Cap    Slew   Delay    Time   Description
-----------------------------------------------------------------------------
                  0.00    0.00    0.00   clock clk_virtual (rise edge)
                          0.00    0.00   clock network delay (ideal)
                          0.00    0.00 v input external delay
     1    2.08    8.81    3.39    3.39 v b[1] (in)
                                         b[1] (net)
                  8.86    0.00    3.39 v input53/A (BUFx6f_ASAP7_75t_R)
     2    5.92    9.34   13.94   17.32 v input53/Y (BUFx6f_ASAP7_75t_R)
                                         net52 (net)
                 10.41    1.66   18.99 v _2951_/A (INVx6_ASAP7_75t_R)
     2    1.75    4.91    5.49   24.47 ^ _2951_/Y (INVx6_ASAP7_75t_R)
                                         _0007_ (net)
                  4.92    0.10   24.57 ^ _5674_/B (HAxp5_ASAP7_75t_R)
     2    1.53   24.80   13.62   38.19 v _5674_/CON (HAxp5_ASAP7_75t_R)
                                         _0021_ (net)
                 24.80    0.06   38.25 v rebuffer684/A (BUFx3_ASAP7_75t_R)
     1    0.77    5.39   17.20   55.45 v rebuffer684/Y (BUFx3_ASAP7_75t_R)
                                         net683 (net)
                  5.39    0.07   55.52 v rebuffer656/A (BUFx3_ASAP7_75t_R)
     1    0.74    4.67   11.51   67.03 v rebuffer656/Y (BUFx3_ASAP7_75t_R)
                                         net655 (net)
                  4.67    0.05   67.09 v rebuffer655/A (BUFx3_ASAP7_75t_R)
     1    1.03    5.14   11.58   78.67 v rebuffer655/Y (BUFx3_ASAP7_75t_R)
                                         net654 (net)
                  5.15    0.15   78.81 v rebuffer654/A (BUFx3_ASAP7_75t_R)
     1    0.72    4.64   11.41   90.22 v rebuffer654/Y (BUFx3_ASAP7_75t_R)
                                         net653 (net)
                  4.64    0.05   90.28 v rebuffer653/A (BUFx3_ASAP7_75t_R)
     1    0.89    4.90   11.43  101.71 v rebuffer653/Y (BUFx3_ASAP7_75t_R)
                                         net652 (net)
                  4.91    0.09  101.79 v rebuffer652/A (BUFx3_ASAP7_75t_R)
     1    0.95    4.99   11.58  113.37 v rebuffer652/Y (BUFx3_ASAP7_75t_R)
                                         net651 (net)
                  5.00    0.09  113.46 v rebuffer651/A (BUFx3_ASAP7_75t_R)
     1    1.03    5.12   11.69  125.15 v rebuffer651/Y (BUFx3_ASAP7_75t_R)
                                         net650 (net)
                  5.13    0.11  125.26 v rebuffer650/A (BUFx3_ASAP7_75t_R)
     1    0.88    4.89   11.58  136.84 v rebuffer650/Y (BUFx3_ASAP7_75t_R)
                                         net649 (net)
                  4.89    0.08  136.92 v rebuffer649/A (BUFx3_ASAP7_75t_R)
     1    0.88    4.88   11.50  148.42 v rebuffer649/Y (BUFx3_ASAP7_75t_R)
                                         net648 (net)
                  4.89    0.08  148.50 v rebuffer648/A (BUFx3_ASAP7_75t_R)
     1    0.72    4.65   11.33  159.83 v rebuffer648/Y (BUFx3_ASAP7_75t_R)
                                         net647 (net)
                  4.65    0.05  159.88 v place571/A (BUFx3_ASAP7_75t_R)
     1    2.07    6.95   12.70  172.58 v place571/Y (BUFx3_ASAP7_75t_R)
                                         net570 (net)
                  6.96    0.17  172.75 v _3036_/A (NAND2x2_ASAP7_75t_R)
     1    0.95   14.96    8.51  181.26 ^ _3036_/Y (NAND2x2_ASAP7_75t_R)
                                         _2414_ (net)
                 14.96    0.07  181.33 ^ _3037_/A (XOR2x2_ASAP7_75t_R)
     1    1.75   10.79   25.19  206.53 v _3037_/Y (XOR2x2_ASAP7_75t_R)
                                         _0032_ (net)
                 10.82    0.29  206.82 v _5679_/B (HAxp5_ASAP7_75t_R)
     2    2.27   55.61   19.41  226.23 ^ _5679_/CON (HAxp5_ASAP7_75t_R)
                                         _0033_ (net)
     2    2.45   57.45   26.44  252.67 v _5679_/SN (HAxp5_ASAP7_75t_R)
                                         _0034_ (net)
                 57.47    0.61  253.28 v _3744_/A (INVx1_ASAP7_75t_R)
     2    2.55   29.15   22.82  276.10 ^ _3744_/Y (INVx1_ASAP7_75t_R)
                                         _0493_ (net)
                 29.19    0.64  276.74 ^ _3745_/B (NAND2x1_ASAP7_75t_R)
     2    2.33   22.32   15.57  292.31 v _3745_/Y (NAND2x1_ASAP7_75t_R)
                                         _0494_ (net)
                 22.35    0.51  292.82 v _3934_/A (INVx1_ASAP7_75t_R)
     1    1.71   16.15   12.77  305.59 ^ _3934_/Y (INVx1_ASAP7_75t_R)
                                         _0681_ (net)
                 16.16    0.30  305.89 ^ _3936_/A2 (AOI21x1_ASAP7_75t_R)
     2    2.09   22.67   10.83  316.72 v _3936_/Y (AOI21x1_ASAP7_75t_R)
                                         _0683_ (net)
                 22.67    0.17  316.89 v _4102_/A (INVx1_ASAP7_75t_R)
     1    1.33   13.91   11.53  328.42 ^ _4102_/Y (INVx1_ASAP7_75t_R)
                                         _0847_ (net)
                 13.92    0.13  328.55 ^ _4104_/A2 (AOI21x1_ASAP7_75t_R)
     3    2.94   27.48   12.19  340.74 v _4104_/Y (AOI21x1_ASAP7_75t_R)
                                         _0849_ (net)
                 27.49    0.33  341.08 v _4242_/A1 (OAI21x1_ASAP7_75t_R)
     5    8.02   56.65   31.75  372.83 ^ _4242_/Y (OAI21x1_ASAP7_75t_R)
                                         _0985_ (net)
                 56.65    0.38  373.21 ^ rebuffer695/A (BUFx3_ASAP7_75t_R)
     1    1.20    7.48   21.01  394.21 ^ rebuffer695/Y (BUFx3_ASAP7_75t_R)
                                         net694 (net)
                  7.48    0.10  394.31 ^ _4243_/A2 (OAI21x1_ASAP7_75t_R)
     1    1.71   19.67    8.58  402.90 v _4243_/Y (OAI21x1_ASAP7_75t_R)
                                         _0986_ (net)
                 19.68    0.30  403.19 v _4244_/B (AO21x1_ASAP7_75t_R)
     1    1.00    9.39   18.94  422.13 v _4244_/Y (AO21x1_ASAP7_75t_R)
                                         _0987_ (net)
                  9.40    0.16  422.29 v _4245_/D (AND4x1_ASAP7_75t_R)
     1    3.14   20.86   21.56  443.85 v _4245_/Y (AND4x1_ASAP7_75t_R)
                                         _0988_ (net)
                 20.93    0.74  444.59 v _4246_/B (OAI21x1_ASAP7_75t_R)
     1    1.95   34.68   10.31  454.91 ^ _4246_/Y (OAI21x1_ASAP7_75t_R)
                                         _0989_ (net)
                 34.70    0.48  455.39 ^ _4250_/B (AOI211x1_ASAP7_75t_R)
     1    2.90   38.13   20.03  475.42 v _4250_/Y (AOI211x1_ASAP7_75t_R)
                                         _0993_ (net)
                 38.16    0.57  475.99 v _4251_/B (OAI21x1_ASAP7_75t_R)
     2    4.27   46.63   18.26  494.25 ^ _4251_/Y (OAI21x1_ASAP7_75t_R)
                                         net104 (net)
                 46.66    0.68  494.93 ^ _5587_/A (NOR2x1_ASAP7_75t_R)
     1    1.20   19.26   19.20  514.13 v _5587_/Y (NOR2x1_ASAP7_75t_R)
                                         _2289_ (net)
                 19.26    0.11  514.24 v _5588_/B (NAND2x1_ASAP7_75t_R)
     1    1.44   16.97   14.17  528.40 ^ _5588_/Y (NAND2x1_ASAP7_75t_R)
                                         _2290_ (net)
                 16.98    0.18  528.58 ^ _5592_/A (NOR2x1_ASAP7_75t_R)
     1    1.28   13.45   12.92  541.50 v _5592_/Y (NOR2x1_ASAP7_75t_R)
                                         _2294_ (net)
                 13.46    0.14  541.65 v _5599_/A (NAND2x1_ASAP7_75t_R)
     1    1.09   14.06   12.83  554.48 ^ _5599_/Y (NAND2x1_ASAP7_75t_R)
                                         _2301_ (net)
                 14.06    0.08  554.56 ^ _5664_/A (NOR2x1_ASAP7_75t_R)
     1    1.33   13.11   12.11  566.67 v _5664_/Y (NOR2x1_ASAP7_75t_R)
                                         net106 (net)
                 13.12    0.24  566.92 v output107/A (BUFx3_ASAP7_75t_R)
     1    1.56    6.26   14.80  581.71 v output107/Y (BUFx3_ASAP7_75t_R)
                                         zero (net)
                  6.31    0.30  582.02 v zero (out)
                                582.02   data arrival time

                  0.00  500.00  500.00   clock clk_virtual (rise edge)
                          0.00  500.00   clock network delay (ideal)
                          0.00  500.00   clock reconvergence pessimism
                          0.00  500.00   output external delay
                                500.00   data required time
-----------------------------------------------------------------------------
                                500.00   data required time
                               -582.02   data arrival time
-----------------------------------------------------------------------------
                                -82.02   slack (VIOLATED)



==========================================================================
finish report_check_types -max_slew -max_cap -max_fanout -violators
--------------------------------------------------------------------------

==========================================================================
finish max_slew_check_slack
--------------------------------------------------------------------------
42.9893913269043

==========================================================================
finish max_slew_check_limit
--------------------------------------------------------------------------
320.0

==========================================================================
finish max_slew_check_slack_limit
--------------------------------------------------------------------------
0.1343

==========================================================================
finish max_fanout_check_slack
--------------------------------------------------------------------------
1.0000000150474662e+30

==========================================================================
finish max_fanout_check_limit
--------------------------------------------------------------------------
1.0000000150474662e+30

==========================================================================
finish max_capacitance_check_slack
--------------------------------------------------------------------------
8.160483360290527

==========================================================================
finish max_capacitance_check_limit
--------------------------------------------------------------------------
23.040000915527344

==========================================================================
finish max_capacitance_check_slack_limit
--------------------------------------------------------------------------
0.3542

==========================================================================
finish max_slew_violation_count
--------------------------------------------------------------------------
max slew violation count 0

==========================================================================
finish max_fanout_violation_count
--------------------------------------------------------------------------
max fanout violation count 0

==========================================================================
finish max_cap_violation_count
--------------------------------------------------------------------------
max cap violation count 0

==========================================================================
finish setup_violation_count
--------------------------------------------------------------------------
setup violation count 20

==========================================================================
finish hold_violation_count
--------------------------------------------------------------------------
hold violation count 0

==========================================================================
finish critical path delay
--------------------------------------------------------------------------
582.0162

==========================================================================
finish critical path slack
--------------------------------------------------------------------------
-82.0162

==========================================================================
finish slack div critical path delay
--------------------------------------------------------------------------
-14.091738

==========================================================================
finish report_power
--------------------------------------------------------------------------
Group                  Internal  Switching    Leakage      Total
                          Power      Power      Power      Power (Watts)
----------------------------------------------------------------
Sequential             0.00e+00   0.00e+00   0.00e+00   0.00e+00   0.0%
Combinational          3.68e-04   5.80e-04   2.20e-07   9.48e-04 100.0%
Clock                  0.00e+00   0.00e+00   0.00e+00   0.00e+00   0.0%
Macro                  0.00e+00   0.00e+00   0.00e+00   0.00e+00   0.0%
Pad                    0.00e+00   0.00e+00   0.00e+00   0.00e+00   0.0%
----------------------------------------------------------------
Total                  3.68e-04   5.80e-04   2.20e-07   9.48e-04 100.0%
                          38.8%      61.2%       0.0%
