
==========================================================================
finish report_tns
--------------------------------------------------------------------------
tns max 0.00

==========================================================================
finish report_wns
--------------------------------------------------------------------------
wns max 0.00

==========================================================================
finish report_worst_slack
--------------------------------------------------------------------------
worst slack max 15.11

==========================================================================
finish report_clock_min_period
--------------------------------------------------------------------------
core_clock period_min = 304.89 fmax = 3279.89

==========================================================================
finish report_clock_skew
--------------------------------------------------------------------------
Clock core_clock
  32.91 source latency dpath.a_reg.out[11]$_DFFE_PP_/CLK ^
 -30.91 target latency dpath.a_reg.out[12]$_DFFE_PP_/CLK ^
  -0.34 CRPR
--------------
   1.65 setup skew


==========================================================================
finish report_checks -path_delay min
--------------------------------------------------------------------------
Startpoint: dpath.a_reg.out[11]$_DFFE_PP_
            (rising edge-triggered flip-flop clocked by core_clock)
Endpoint: dpath.a_reg.out[11]$_DFFE_PP_
          (rising edge-triggered flip-flop clocked by core_clock)
Path Group: core_clock
Path Type: min

Fanout     Cap    Slew   Delay    Time   Description
-----------------------------------------------------------------------------
                          0.00    0.00   clock core_clock (rise edge)
                          0.00    0.00   clock source latency
     1    1.52    0.00    0.00    0.00 ^ clk (in)
                                         clk (net)
                  0.55    0.17    0.17 ^ clkbuf_0_clk/A (BUFx4_ASAP7_75t_SL)
     4    2.80    8.85   13.27   13.44 ^ clkbuf_0_clk/Y (BUFx4_ASAP7_75t_SL)
                                         clknet_0_clk (net)
                  8.88    0.25   13.69 ^ clkbuf_2_3__f_clk/A (BUFx4_ASAP7_75t_SL)
    10    6.10   12.84   16.78   30.48 ^ clkbuf_2_3__f_clk/Y (BUFx4_ASAP7_75t_SL)
                                         clknet_2_3__leaf_clk (net)
                 13.30    1.26   31.74 ^ dpath.a_reg.out[11]$_DFFE_PP_/CLK (DFFHQNx1_ASAP7_75t_SL)
     2    1.79   16.12   29.08   60.82 ^ dpath.a_reg.out[11]$_DFFE_PP_/QN (DFFHQNx1_ASAP7_75t_SL)
                                         _017_ (net)
                 16.13    0.14   60.96 ^ _445_/A1 (AOI22x1_ASAP7_75t_SL)
     1    0.68    8.61    4.27   65.22 v _445_/Y (AOI22x1_ASAP7_75t_SL)
                                         _073_ (net)
                  8.61    0.05   65.28 v dpath.a_reg.out[11]$_DFFE_PP_/D (DFFHQNx1_ASAP7_75t_SL)
                                 65.28   data arrival time

                          0.00    0.00   clock core_clock (rise edge)
                          0.00    0.00   clock source latency
     1    1.64    0.00    0.00    0.00 ^ clk (in)
                                         clk (net)
                  0.62    0.20    0.20 ^ clkbuf_0_clk/A (BUFx4_ASAP7_75t_SL)
     4    3.30    9.40   13.59   13.78 ^ clkbuf_0_clk/Y (BUFx4_ASAP7_75t_SL)
                                         clknet_0_clk (net)
                  9.44    0.30   14.08 ^ clkbuf_2_3__f_clk/A (BUFx4_ASAP7_75t_SL)
    10    7.03   14.11   17.37   31.46 ^ clkbuf_2_3__f_clk/Y (BUFx4_ASAP7_75t_SL)
                                         clknet_2_3__leaf_clk (net)
                 14.65    1.45   32.91 ^ dpath.a_reg.out[11]$_DFFE_PP_/CLK (DFFHQNx1_ASAP7_75t_SL)
                         -1.17   31.74   clock reconvergence pessimism
                          7.99   39.73   library hold time
                                 39.73   data required time
-----------------------------------------------------------------------------
                                 39.73   data required time
                                -65.28   data arrival time
-----------------------------------------------------------------------------
                                 25.55   slack (MET)



==========================================================================
finish report_checks -path_delay max
--------------------------------------------------------------------------
Startpoint: dpath.b_reg.out[8]$_DFFE_PP_
            (rising edge-triggered flip-flop clocked by core_clock)
Endpoint: resp_msg[14] (output port clocked by core_clock)
Path Group: core_clock
Path Type: max

Fanout     Cap    Slew   Delay    Time   Description
-----------------------------------------------------------------------------
                          0.00    0.00   clock core_clock (rise edge)
                          0.00    0.00   clock source latency
     1    1.64    0.00    0.00    0.00 ^ clk (in)
                                         clk (net)
                  0.62    0.20    0.20 ^ clkbuf_0_clk/A (BUFx4_ASAP7_75t_SL)
     4    3.30    9.40   13.59   13.78 ^ clkbuf_0_clk/Y (BUFx4_ASAP7_75t_SL)
                                         clknet_0_clk (net)
                  9.45    0.32   14.10 ^ clkbuf_2_1__f_clk/A (BUFx4_ASAP7_75t_SL)
     9    7.01   13.83   17.52   31.62 ^ clkbuf_2_1__f_clk/Y (BUFx4_ASAP7_75t_SL)
                                         clknet_2_1__leaf_clk (net)
                 13.92    0.61   32.23 ^ dpath.b_reg.out[8]$_DFFE_PP_/CLK (DFFHQNx1_ASAP7_75t_SL)
     5    4.90   29.11   34.69   66.92 v dpath.b_reg.out[8]$_DFFE_PP_/QN (DFFHQNx1_ASAP7_75t_SL)
                                         _045_ (net)
                 29.12    0.28   67.20 v _544_/B (HAxp5_ASAP7_75t_SL)
     8    6.30   82.84   60.69  127.89 v _544_/SN (HAxp5_ASAP7_75t_SL)
                                         _047_ (net)
                 82.86    0.77  128.66 v _368_/A (OR3x1_ASAP7_75t_SL)
     2    1.37   11.99   31.42  160.08 v _368_/Y (OR3x1_ASAP7_75t_SL)
                                         _171_ (net)
                 11.99    0.08  160.16 v _375_/B (OR2x4_ASAP7_75t_SL)
     2    1.56   12.96   17.27  177.43 v _375_/Y (OR2x4_ASAP7_75t_SL)
                                         _177_ (net)
                 12.96    0.14  177.57 v _402_/A2 (OA211x2_ASAP7_75t_SL)
     1    0.81   10.50   17.04  194.61 v _402_/Y (OA211x2_ASAP7_75t_SL)
                                         _200_ (net)
                 10.50    0.05  194.67 v _403_/C (AO221x1_ASAP7_75t_SL)
     1    1.37   11.32   17.13  211.80 v _403_/Y (AO221x1_ASAP7_75t_SL)
                                         _201_ (net)
                 11.33    0.13  211.93 v _404_/B (XOR2x2_ASAP7_75t_SL)
     2    1.64    9.85   19.42  231.35 ^ _404_/Y (XOR2x2_ASAP7_75t_SL)
                                         net42 (net)
                  9.88    0.28  231.63 ^ output42/A (BUFx2_ASAP7_75t_SL)
     1    0.17    3.92    9.24  240.87 ^ output42/Y (BUFx2_ASAP7_75t_SL)
                                         resp_msg[14] (net)
                  3.92    0.02  240.89 ^ resp_msg[14] (out)
                                240.89   data arrival time

                        320.00  320.00   clock core_clock (rise edge)
                          0.00  320.00   clock network delay (propagated)
                          0.00  320.00   clock reconvergence pessimism
                        -64.00  256.00   output external delay
                                256.00   data required time
-----------------------------------------------------------------------------
                                256.00   data required time
                               -240.89   data arrival time
-----------------------------------------------------------------------------
                                 15.11   slack (MET)



==========================================================================
finish report_checks -unconstrained
--------------------------------------------------------------------------
Startpoint: dpath.b_reg.out[8]$_DFFE_PP_
            (rising edge-triggered flip-flop clocked by core_clock)
Endpoint: resp_msg[14] (output port clocked by core_clock)
Path Group: core_clock
Path Type: max

Fanout     Cap    Slew   Delay    Time   Description
-----------------------------------------------------------------------------
                          0.00    0.00   clock core_clock (rise edge)
                          0.00    0.00   clock source latency
     1    1.64    0.00    0.00    0.00 ^ clk (in)
                                         clk (net)
                  0.62    0.20    0.20 ^ clkbuf_0_clk/A (BUFx4_ASAP7_75t_SL)
     4    3.30    9.40   13.59   13.78 ^ clkbuf_0_clk/Y (BUFx4_ASAP7_75t_SL)
                                         clknet_0_clk (net)
                  9.45    0.32   14.10 ^ clkbuf_2_1__f_clk/A (BUFx4_ASAP7_75t_SL)
     9    7.01   13.83   17.52   31.62 ^ clkbuf_2_1__f_clk/Y (BUFx4_ASAP7_75t_SL)
                                         clknet_2_1__leaf_clk (net)
                 13.92    0.61   32.23 ^ dpath.b_reg.out[8]$_DFFE_PP_/CLK (DFFHQNx1_ASAP7_75t_SL)
     5    4.90   29.11   34.69   66.92 v dpath.b_reg.out[8]$_DFFE_PP_/QN (DFFHQNx1_ASAP7_75t_SL)
                                         _045_ (net)
                 29.12    0.28   67.20 v _544_/B (HAxp5_ASAP7_75t_SL)
     8    6.30   82.84   60.69  127.89 v _544_/SN (HAxp5_ASAP7_75t_SL)
                                         _047_ (net)
                 82.86    0.77  128.66 v _368_/A (OR3x1_ASAP7_75t_SL)
     2    1.37   11.99   31.42  160.08 v _368_/Y (OR3x1_ASAP7_75t_SL)
                                         _171_ (net)
                 11.99    0.08  160.16 v _375_/B (OR2x4_ASAP7_75t_SL)
     2    1.56   12.96   17.27  177.43 v _375_/Y (OR2x4_ASAP7_75t_SL)
                                         _177_ (net)
                 12.96    0.14  177.57 v _402_/A2 (OA211x2_ASAP7_75t_SL)
     1    0.81   10.50   17.04  194.61 v _402_/Y (OA211x2_ASAP7_75t_SL)
                                         _200_ (net)
                 10.50    0.05  194.67 v _403_/C (AO221x1_ASAP7_75t_SL)
     1    1.37   11.32   17.13  211.80 v _403_/Y (AO221x1_ASAP7_75t_SL)
                                         _201_ (net)
                 11.33    0.13  211.93 v _404_/B (XOR2x2_ASAP7_75t_SL)
     2    1.64    9.85   19.42  231.35 ^ _404_/Y (XOR2x2_ASAP7_75t_SL)
                                         net42 (net)
                  9.88    0.28  231.63 ^ output42/A (BUFx2_ASAP7_75t_SL)
     1    0.17    3.92    9.24  240.87 ^ output42/Y (BUFx2_ASAP7_75t_SL)
                                         resp_msg[14] (net)
                  3.92    0.02  240.89 ^ resp_msg[14] (out)
                                240.89   data arrival time

                        320.00  320.00   clock core_clock (rise edge)
                          0.00  320.00   clock network delay (propagated)
                          0.00  320.00   clock reconvergence pessimism
                        -64.00  256.00   output external delay
                                256.00   data required time
-----------------------------------------------------------------------------
                                256.00   data required time
                               -240.89   data arrival time
-----------------------------------------------------------------------------
                                 15.11   slack (MET)



==========================================================================
finish report_check_types -max_slew -max_cap -max_fanout -violators
--------------------------------------------------------------------------

==========================================================================
finish max_slew_check_slack
--------------------------------------------------------------------------
208.79904174804688

==========================================================================
finish max_slew_check_limit
--------------------------------------------------------------------------
320.0

==========================================================================
finish max_slew_check_slack_limit
--------------------------------------------------------------------------
0.6525

==========================================================================
finish max_fanout_check_slack
--------------------------------------------------------------------------
1.0000000150474662e+30

==========================================================================
finish max_fanout_check_limit
--------------------------------------------------------------------------
1.0000000150474662e+30

==========================================================================
finish max_capacitance_check_slack
--------------------------------------------------------------------------
13.031841278076172

==========================================================================
finish max_capacitance_check_limit
--------------------------------------------------------------------------
23.040000915527344

==========================================================================
finish max_capacitance_check_slack_limit
--------------------------------------------------------------------------
0.5656

==========================================================================
finish max_slew_violation_count
--------------------------------------------------------------------------
max slew violation count 0

==========================================================================
finish max_fanout_violation_count
--------------------------------------------------------------------------
max fanout violation count 0

==========================================================================
finish max_cap_violation_count
--------------------------------------------------------------------------
max cap violation count 0

==========================================================================
finish setup_violation_count
--------------------------------------------------------------------------
setup violation count 0

==========================================================================
finish hold_violation_count
--------------------------------------------------------------------------
hold violation count 0

==========================================================================
finish report_checks -path_delay max reg to reg
--------------------------------------------------------------------------
Startpoint: dpath.b_reg.out[9]$_DFFE_PP_
            (rising edge-triggered flip-flop clocked by core_clock)
Endpoint: dpath.a_reg.out[4]$_DFFE_PP_
          (rising edge-triggered flip-flop clocked by core_clock)
Path Group: core_clock
Path Type: max

  Delay    Time   Description
---------------------------------------------------------
   0.00    0.00   clock core_clock (rise edge)
   0.00    0.00   clock source latency
   0.00    0.00 ^ clk (in)
  13.78   13.78 ^ clkbuf_0_clk/Y (BUFx4_ASAP7_75t_SL)
  17.84   31.62 ^ clkbuf_2_1__f_clk/Y (BUFx4_ASAP7_75t_SL)
   0.75   32.37 ^ dpath.b_reg.out[9]$_DFFE_PP_/CLK (DFFHQNx1_ASAP7_75t_SL)
  35.15   67.51 v dpath.b_reg.out[9]$_DFFE_PP_/QN (DFFHQNx1_ASAP7_75t_SL)
  59.39  126.91 v _543_/SN (HAxp5_ASAP7_75t_SL)
  24.49  151.39 v _310_/Y (OA21x2_ASAP7_75t_SL)
  20.59  171.98 v _311_/Y (OA211x2_ASAP7_75t_SL)
  11.30  183.28 ^ _312_/Y (AOI221x1_ASAP7_75t_SL)
  25.60  208.88 ^ _317_/Y (AO211x2_ASAP7_75t_SL)
  24.07  232.95 ^ _431_/Y (AND3x4_ASAP7_75t_SL)
  23.16  256.11 ^ _485_/Y (AO221x2_ASAP7_75t_SL)
  11.58  267.69 ^ _486_/Y (OA21x2_ASAP7_75t_SL)
   0.05  267.74 ^ dpath.a_reg.out[4]$_DFFE_PP_/D (DFFHQNx1_ASAP7_75t_SL)
         267.74   data arrival time

 320.00  320.00   clock core_clock (rise edge)
   0.00  320.00   clock source latency
   0.00  320.00 ^ clk (in)
  13.44  333.44 ^ clkbuf_0_clk/Y (BUFx4_ASAP7_75t_SL)
  17.14  350.58 ^ clkbuf_2_0__f_clk/Y (BUFx4_ASAP7_75t_SL)
   0.63  351.21 ^ dpath.a_reg.out[4]$_DFFE_PP_/CLK (DFFHQNx1_ASAP7_75t_SL)
   0.34  351.56   clock reconvergence pessimism
  -5.25  346.30   library setup time
         346.30   data required time
---------------------------------------------------------
         346.30   data required time
        -267.74   data arrival time
---------------------------------------------------------
          78.56   slack (MET)



==========================================================================
finish report_checks -path_delay min reg to reg
--------------------------------------------------------------------------
Startpoint: dpath.a_reg.out[11]$_DFFE_PP_
            (rising edge-triggered flip-flop clocked by core_clock)
Endpoint: dpath.a_reg.out[11]$_DFFE_PP_
          (rising edge-triggered flip-flop clocked by core_clock)
Path Group: core_clock
Path Type: min

  Delay    Time   Description
---------------------------------------------------------
   0.00    0.00   clock core_clock (rise edge)
   0.00    0.00   clock source latency
   0.00    0.00 ^ clk (in)
  13.44   13.44 ^ clkbuf_0_clk/Y (BUFx4_ASAP7_75t_SL)
  17.04   30.48 ^ clkbuf_2_3__f_clk/Y (BUFx4_ASAP7_75t_SL)
   1.26   31.74 ^ dpath.a_reg.out[11]$_DFFE_PP_/CLK (DFFHQNx1_ASAP7_75t_SL)
  29.08   60.82 ^ dpath.a_reg.out[11]$_DFFE_PP_/QN (DFFHQNx1_ASAP7_75t_SL)
   4.41   65.22 v _445_/Y (AOI22x1_ASAP7_75t_SL)
   0.05   65.28 v dpath.a_reg.out[11]$_DFFE_PP_/D (DFFHQNx1_ASAP7_75t_SL)
          65.28   data arrival time

   0.00    0.00   clock core_clock (rise edge)
   0.00    0.00   clock source latency
   0.00    0.00 ^ clk (in)
  13.78   13.78 ^ clkbuf_0_clk/Y (BUFx4_ASAP7_75t_SL)
  17.68   31.46 ^ clkbuf_2_3__f_clk/Y (BUFx4_ASAP7_75t_SL)
   1.45   32.91 ^ dpath.a_reg.out[11]$_DFFE_PP_/CLK (DFFHQNx1_ASAP7_75t_SL)
  -1.17   31.74   clock reconvergence pessimism
   7.99   39.73   library hold time
          39.73   data required time
---------------------------------------------------------
          39.73   data required time
         -65.28   data arrival time
---------------------------------------------------------
          25.55   slack (MET)



==========================================================================
finish critical path target clock latency max path
--------------------------------------------------------------------------
31.3383

==========================================================================
finish critical path target clock latency min path
--------------------------------------------------------------------------
32.3153

==========================================================================
finish critical path source clock latency min path
--------------------------------------------------------------------------
0.0000

==========================================================================
finish critical path delay
--------------------------------------------------------------------------
240.8885

==========================================================================
finish critical path slack
--------------------------------------------------------------------------
15.1115

==========================================================================
finish slack div critical path delay
--------------------------------------------------------------------------
6.273234

==========================================================================
finish report_power
--------------------------------------------------------------------------
Group                  Internal  Switching    Leakage      Total
                          Power      Power      Power      Power (Watts)
----------------------------------------------------------------
Sequential             2.35e-04   2.06e-05   5.04e-07   2.56e-04  25.7%
Combinational          3.77e-04   2.20e-04   1.45e-06   5.99e-04  60.2%
Clock                  8.20e-05   5.79e-05   6.05e-08   1.40e-04  14.1%
Macro                  0.00e+00   0.00e+00   0.00e+00   0.00e+00   0.0%
Pad                    0.00e+00   0.00e+00   0.00e+00   0.00e+00   0.0%
----------------------------------------------------------------
Total                  6.94e-04   2.99e-04   2.01e-06   9.95e-04 100.0%
                          69.8%      30.0%       0.2%
