
==========================================================================
finish report_tns
--------------------------------------------------------------------------
tns max 0.00

==========================================================================
finish report_wns
--------------------------------------------------------------------------
wns max 0.00

==========================================================================
finish report_worst_slack
--------------------------------------------------------------------------
worst slack max 12.28

==========================================================================
finish report_clock_min_period
--------------------------------------------------------------------------
core_clock period_min = 297.72 fmax = 3358.89

==========================================================================
finish report_clock_skew
--------------------------------------------------------------------------
Clock core_clock
  33.86 source latency dpath.a_reg.out[2]$_DFFE_PP_/CLK ^
 -31.29 target latency dpath.b_reg.out[8]$_DFFE_PP_/CLK ^
  -0.35 CRPR
--------------
   2.23 setup skew


==========================================================================
finish report_checks -path_delay min
--------------------------------------------------------------------------
Startpoint: dpath.a_reg.out[13]$_DFFE_PP_
            (rising edge-triggered flip-flop clocked by core_clock)
Endpoint: dpath.a_reg.out[13]$_DFFE_PP_
          (rising edge-triggered flip-flop clocked by core_clock)
Path Group: core_clock
Path Type: min

Fanout     Cap    Slew   Delay    Time   Description
-----------------------------------------------------------------------------
                          0.00    0.00   clock core_clock (rise edge)
                          0.00    0.00   clock source latency
     1    1.57    0.00    0.00    0.00 ^ clk (in)
                                         clk (net)
                  0.65    0.21    0.21 ^ clkbuf_0_clk/A (BUFx4_ASAP7_75t_SL)
     4    2.93    8.99   13.37   13.57 ^ clkbuf_0_clk/Y (BUFx4_ASAP7_75t_SL)
                                         clknet_0_clk (net)
                  9.01    0.23   13.80 ^ clkbuf_2_3__f_clk/A (BUFx4_ASAP7_75t_SL)
     9    6.50   13.47   16.95   30.76 ^ clkbuf_2_3__f_clk/Y (BUFx4_ASAP7_75t_SL)
                                         clknet_2_3__leaf_clk (net)
                 14.28    1.73   32.49 ^ dpath.a_reg.out[13]$_DFFE_PP_/CLK (DFFHQNx1_ASAP7_75t_SL)
     2    1.79   16.12   29.17   61.66 ^ dpath.a_reg.out[13]$_DFFE_PP_/QN (DFFHQNx1_ASAP7_75t_SL)
                                         _015_ (net)
                 16.13    0.18   61.84 ^ _460_/A1 (AOI22x1_ASAP7_75t_SL)
     1    0.73    8.49    4.36   66.20 v _460_/Y (AOI22x1_ASAP7_75t_SL)
                                         _075_ (net)
                  8.49    0.06   66.26 v dpath.a_reg.out[13]$_DFFE_PP_/D (DFFHQNx1_ASAP7_75t_SL)
                                 66.26   data arrival time

                          0.00    0.00   clock core_clock (rise edge)
                          0.00    0.00   clock source latency
     1    1.69    0.00    0.00    0.00 ^ clk (in)
                                         clk (net)
                  0.73    0.23    0.23 ^ clkbuf_0_clk/A (BUFx4_ASAP7_75t_SL)
     4    3.43    9.54   13.69   13.92 ^ clkbuf_0_clk/Y (BUFx4_ASAP7_75t_SL)
                                         clknet_0_clk (net)
                  9.58    0.27   14.19 ^ clkbuf_2_3__f_clk/A (BUFx4_ASAP7_75t_SL)
     9    7.44   14.75   17.52   31.71 ^ clkbuf_2_3__f_clk/Y (BUFx4_ASAP7_75t_SL)
                                         clknet_2_3__leaf_clk (net)
                 15.69    1.96   33.67 ^ dpath.a_reg.out[13]$_DFFE_PP_/CLK (DFFHQNx1_ASAP7_75t_SL)
                         -1.19   32.49   clock reconvergence pessimism
                          8.06   40.55   library hold time
                                 40.55   data required time
-----------------------------------------------------------------------------
                                 40.55   data required time
                                -66.26   data arrival time
-----------------------------------------------------------------------------
                                 25.72   slack (MET)



==========================================================================
finish report_checks -path_delay max
--------------------------------------------------------------------------
Startpoint: dpath.b_reg.out[9]$_DFFE_PP_
            (rising edge-triggered flip-flop clocked by core_clock)
Endpoint: resp_msg[14] (output port clocked by core_clock)
Path Group: core_clock
Path Type: max

Fanout     Cap    Slew   Delay    Time   Description
-----------------------------------------------------------------------------
                          0.00    0.00   clock core_clock (rise edge)
                          0.00    0.00   clock source latency
     1    1.69    0.00    0.00    0.00 ^ clk (in)
                                         clk (net)
                  0.73    0.23    0.23 ^ clkbuf_0_clk/A (BUFx4_ASAP7_75t_SL)
     4    3.43    9.54   13.69   13.92 ^ clkbuf_0_clk/Y (BUFx4_ASAP7_75t_SL)
                                         clknet_0_clk (net)
                  9.60    0.36   14.28 ^ clkbuf_2_1__f_clk/A (BUFx4_ASAP7_75t_SL)
    10    7.02   13.85   17.56   31.83 ^ clkbuf_2_1__f_clk/Y (BUFx4_ASAP7_75t_SL)
                                         clknet_2_1__leaf_clk (net)
                 14.00    0.78   32.62 ^ dpath.b_reg.out[9]$_DFFE_PP_/CLK (DFFHQNx1_ASAP7_75t_SL)
     5    5.23   30.41   35.35   67.97 v dpath.b_reg.out[9]$_DFFE_PP_/QN (DFFHQNx1_ASAP7_75t_SL)
                                         _042_ (net)
                 30.46    0.78   68.75 v _543_/B (HAxp5_ASAP7_75t_SL)
     7    6.50   85.69   62.01  130.76 v _543_/SN (HAxp5_ASAP7_75t_SL)
                                         _044_ (net)
                 85.74    1.16  131.92 v _308_/B (OR2x2_ASAP7_75t_SL)
     2    1.41   10.94   24.27  156.19 v _308_/Y (OR2x2_ASAP7_75t_SL)
                                         _123_ (net)
                 10.94    0.05  156.24 v _376_/A1 (OA21x2_ASAP7_75t_SL)
     2    1.62    7.65   13.00  169.25 v _376_/Y (OA21x2_ASAP7_75t_SL)
                                         _178_ (net)
                  7.67    0.20  169.44 v _402_/C (OA211x2_ASAP7_75t_SL)
     1    0.78   10.44   20.31  189.75 v _402_/Y (OA211x2_ASAP7_75t_SL)
                                         _200_ (net)
                 10.44    0.08  189.83 v _403_/C (AO221x1_ASAP7_75t_SL)
     1    1.36   11.36   17.11  206.94 v _403_/Y (AO221x1_ASAP7_75t_SL)
                                         _201_ (net)
                 11.36    0.13  207.07 v _404_/B (XOR2x2_ASAP7_75t_SL)
     2    1.52    9.62   19.31  226.38 ^ _404_/Y (XOR2x2_ASAP7_75t_SL)
                                         net42 (net)
                  9.63    0.13  226.51 ^ output42/A (BUFx2_ASAP7_75t_SL)
     1    0.17    3.91    9.20  235.71 ^ output42/Y (BUFx2_ASAP7_75t_SL)
                                         resp_msg[14] (net)
                  3.91    0.01  235.72 ^ resp_msg[14] (out)
                                235.72   data arrival time

                        310.00  310.00   clock core_clock (rise edge)
                          0.00  310.00   clock network delay (propagated)
                          0.00  310.00   clock reconvergence pessimism
                        -62.00  248.00   output external delay
                                248.00   data required time
-----------------------------------------------------------------------------
                                248.00   data required time
                               -235.72   data arrival time
-----------------------------------------------------------------------------
                                 12.28   slack (MET)



==========================================================================
finish report_checks -unconstrained
--------------------------------------------------------------------------
Startpoint: dpath.b_reg.out[9]$_DFFE_PP_
            (rising edge-triggered flip-flop clocked by core_clock)
Endpoint: resp_msg[14] (output port clocked by core_clock)
Path Group: core_clock
Path Type: max

Fanout     Cap    Slew   Delay    Time   Description
-----------------------------------------------------------------------------
                          0.00    0.00   clock core_clock (rise edge)
                          0.00    0.00   clock source latency
     1    1.69    0.00    0.00    0.00 ^ clk (in)
                                         clk (net)
                  0.73    0.23    0.23 ^ clkbuf_0_clk/A (BUFx4_ASAP7_75t_SL)
     4    3.43    9.54   13.69   13.92 ^ clkbuf_0_clk/Y (BUFx4_ASAP7_75t_SL)
                                         clknet_0_clk (net)
                  9.60    0.36   14.28 ^ clkbuf_2_1__f_clk/A (BUFx4_ASAP7_75t_SL)
    10    7.02   13.85   17.56   31.83 ^ clkbuf_2_1__f_clk/Y (BUFx4_ASAP7_75t_SL)
                                         clknet_2_1__leaf_clk (net)
                 14.00    0.78   32.62 ^ dpath.b_reg.out[9]$_DFFE_PP_/CLK (DFFHQNx1_ASAP7_75t_SL)
     5    5.23   30.41   35.35   67.97 v dpath.b_reg.out[9]$_DFFE_PP_/QN (DFFHQNx1_ASAP7_75t_SL)
                                         _042_ (net)
                 30.46    0.78   68.75 v _543_/B (HAxp5_ASAP7_75t_SL)
     7    6.50   85.69   62.01  130.76 v _543_/SN (HAxp5_ASAP7_75t_SL)
                                         _044_ (net)
                 85.74    1.16  131.92 v _308_/B (OR2x2_ASAP7_75t_SL)
     2    1.41   10.94   24.27  156.19 v _308_/Y (OR2x2_ASAP7_75t_SL)
                                         _123_ (net)
                 10.94    0.05  156.24 v _376_/A1 (OA21x2_ASAP7_75t_SL)
     2    1.62    7.65   13.00  169.25 v _376_/Y (OA21x2_ASAP7_75t_SL)
                                         _178_ (net)
                  7.67    0.20  169.44 v _402_/C (OA211x2_ASAP7_75t_SL)
     1    0.78   10.44   20.31  189.75 v _402_/Y (OA211x2_ASAP7_75t_SL)
                                         _200_ (net)
                 10.44    0.08  189.83 v _403_/C (AO221x1_ASAP7_75t_SL)
     1    1.36   11.36   17.11  206.94 v _403_/Y (AO221x1_ASAP7_75t_SL)
                                         _201_ (net)
                 11.36    0.13  207.07 v _404_/B (XOR2x2_ASAP7_75t_SL)
     2    1.52    9.62   19.31  226.38 ^ _404_/Y (XOR2x2_ASAP7_75t_SL)
                                         net42 (net)
                  9.63    0.13  226.51 ^ output42/A (BUFx2_ASAP7_75t_SL)
     1    0.17    3.91    9.20  235.71 ^ output42/Y (BUFx2_ASAP7_75t_SL)
                                         resp_msg[14] (net)
                  3.91    0.01  235.72 ^ resp_msg[14] (out)
                                235.72   data arrival time

                        310.00  310.00   clock core_clock (rise edge)
                          0.00  310.00   clock network delay (propagated)
                          0.00  310.00   clock reconvergence pessimism
                        -62.00  248.00   output external delay
                                248.00   data required time
-----------------------------------------------------------------------------
                                248.00   data required time
                               -235.72   data arrival time
-----------------------------------------------------------------------------
                                 12.28   slack (MET)



==========================================================================
finish report_check_types -max_slew -max_cap -max_fanout -violators
--------------------------------------------------------------------------

==========================================================================
finish max_slew_check_slack
--------------------------------------------------------------------------
234.26211547851562

==========================================================================
finish max_slew_check_limit
--------------------------------------------------------------------------
320.0

==========================================================================
finish max_slew_check_slack_limit
--------------------------------------------------------------------------
0.7321

==========================================================================
finish max_fanout_check_slack
--------------------------------------------------------------------------
1.0000000150474662e+30

==========================================================================
finish max_fanout_check_limit
--------------------------------------------------------------------------
1.0000000150474662e+30

==========================================================================
finish max_capacitance_check_slack
--------------------------------------------------------------------------
12.70063304901123

==========================================================================
finish max_capacitance_check_limit
--------------------------------------------------------------------------
23.040000915527344

==========================================================================
finish max_capacitance_check_slack_limit
--------------------------------------------------------------------------
0.5512

==========================================================================
finish max_slew_violation_count
--------------------------------------------------------------------------
max slew violation count 0

==========================================================================
finish max_fanout_violation_count
--------------------------------------------------------------------------
max fanout violation count 0

==========================================================================
finish max_cap_violation_count
--------------------------------------------------------------------------
max cap violation count 0

==========================================================================
finish setup_violation_count
--------------------------------------------------------------------------
setup violation count 0

==========================================================================
finish hold_violation_count
--------------------------------------------------------------------------
hold violation count 0

==========================================================================
finish report_checks -path_delay max reg to reg
--------------------------------------------------------------------------
Startpoint: dpath.b_reg.out[9]$_DFFE_PP_
            (rising edge-triggered flip-flop clocked by core_clock)
Endpoint: dpath.a_reg.out[7]$_DFFE_PP_
          (rising edge-triggered flip-flop clocked by core_clock)
Path Group: core_clock
Path Type: max

  Delay    Time   Description
---------------------------------------------------------
   0.00    0.00   clock core_clock (rise edge)
   0.00    0.00   clock source latency
   0.00    0.00 ^ clk (in)
  13.92   13.92 ^ clkbuf_0_clk/Y (BUFx4_ASAP7_75t_SL)
  17.91   31.83 ^ clkbuf_2_1__f_clk/Y (BUFx4_ASAP7_75t_SL)
   0.78   32.62 ^ dpath.b_reg.out[9]$_DFFE_PP_/CLK (DFFHQNx1_ASAP7_75t_SL)
  35.35   67.97 v dpath.b_reg.out[9]$_DFFE_PP_/QN (DFFHQNx1_ASAP7_75t_SL)
  62.80  130.76 v _543_/SN (HAxp5_ASAP7_75t_SL)
  26.21  156.98 v _310_/Y (OA21x2_ASAP7_75t_SL)
  20.71  177.69 v _311_/Y (OA211x2_ASAP7_75t_SL)
  10.79  188.47 ^ _312_/Y (AOI221x1_ASAP7_75t_SL)
  24.67  213.14 ^ _317_/Y (AO211x2_ASAP7_75t_SL)
  24.69  237.83 ^ _431_/Y (AND3x4_ASAP7_75t_SL)
  23.17  261.00 ^ _497_/Y (AO221x2_ASAP7_75t_SL)
  11.63  272.63 ^ _498_/Y (OA21x2_ASAP7_75t_SL)
   0.05  272.68 ^ dpath.a_reg.out[7]$_DFFE_PP_/D (DFFHQNx1_ASAP7_75t_SL)
         272.68   data arrival time

 310.00  310.00   clock core_clock (rise edge)
   0.00  310.00   clock source latency
   0.00  310.00 ^ clk (in)
  13.57  323.57 ^ clkbuf_0_clk/Y (BUFx4_ASAP7_75t_SL)
  17.25  340.82 ^ clkbuf_2_1__f_clk/Y (BUFx4_ASAP7_75t_SL)
   0.65  341.47 ^ dpath.a_reg.out[7]$_DFFE_PP_/CLK (DFFHQNx1_ASAP7_75t_SL)
   1.01  342.49   clock reconvergence pessimism
  -5.27  337.22   library setup time
         337.22   data required time
---------------------------------------------------------
         337.22   data required time
        -272.68   data arrival time
---------------------------------------------------------
          64.54   slack (MET)



==========================================================================
finish report_checks -path_delay min reg to reg
--------------------------------------------------------------------------
Startpoint: dpath.a_reg.out[13]$_DFFE_PP_
            (rising edge-triggered flip-flop clocked by core_clock)
Endpoint: dpath.a_reg.out[13]$_DFFE_PP_
          (rising edge-triggered flip-flop clocked by core_clock)
Path Group: core_clock
Path Type: min

  Delay    Time   Description
---------------------------------------------------------
   0.00    0.00   clock core_clock (rise edge)
   0.00    0.00   clock source latency
   0.00    0.00 ^ clk (in)
  13.57   13.57 ^ clkbuf_0_clk/Y (BUFx4_ASAP7_75t_SL)
  17.18   30.76 ^ clkbuf_2_3__f_clk/Y (BUFx4_ASAP7_75t_SL)
   1.73   32.49 ^ dpath.a_reg.out[13]$_DFFE_PP_/CLK (DFFHQNx1_ASAP7_75t_SL)
  29.17   61.66 ^ dpath.a_reg.out[13]$_DFFE_PP_/QN (DFFHQNx1_ASAP7_75t_SL)
   4.54   66.20 v _460_/Y (AOI22x1_ASAP7_75t_SL)
   0.06   66.26 v dpath.a_reg.out[13]$_DFFE_PP_/D (DFFHQNx1_ASAP7_75t_SL)
          66.26   data arrival time

   0.00    0.00   clock core_clock (rise edge)
   0.00    0.00   clock source latency
   0.00    0.00 ^ clk (in)
  13.92   13.92 ^ clkbuf_0_clk/Y (BUFx4_ASAP7_75t_SL)
  17.79   31.71 ^ clkbuf_2_3__f_clk/Y (BUFx4_ASAP7_75t_SL)
   1.96   33.67 ^ dpath.a_reg.out[13]$_DFFE_PP_/CLK (DFFHQNx1_ASAP7_75t_SL)
  -1.19   32.49   clock reconvergence pessimism
   8.06   40.55   library hold time
          40.55   data required time
---------------------------------------------------------
          40.55   data required time
         -66.26   data arrival time
---------------------------------------------------------
          25.72   slack (MET)



==========================================================================
finish critical path target clock latency max path
--------------------------------------------------------------------------
31.4741

==========================================================================
finish critical path target clock latency min path
--------------------------------------------------------------------------
32.9579

==========================================================================
finish critical path source clock latency min path
--------------------------------------------------------------------------
0.0000

==========================================================================
finish critical path delay
--------------------------------------------------------------------------
235.7173

==========================================================================
finish critical path slack
--------------------------------------------------------------------------
12.2827

==========================================================================
finish slack div critical path delay
--------------------------------------------------------------------------
5.210776

==========================================================================
finish report_power
--------------------------------------------------------------------------
Group                  Internal  Switching    Leakage      Total
                          Power      Power      Power      Power (Watts)
----------------------------------------------------------------
Sequential             2.43e-04   2.22e-05   5.04e-07   2.66e-04  25.5%
Combinational          3.95e-04   2.32e-04   1.49e-06   6.28e-04  60.3%
Clock                  8.46e-05   6.29e-05   6.05e-08   1.48e-04  14.2%
Macro                  0.00e+00   0.00e+00   0.00e+00   0.00e+00   0.0%
Pad                    0.00e+00   0.00e+00   0.00e+00   0.00e+00   0.0%
----------------------------------------------------------------
Total                  7.22e-04   3.17e-04   2.05e-06   1.04e-03 100.0%
                          69.4%      30.4%       0.2%
