
==========================================================================
global route report_tns
--------------------------------------------------------------------------
tns max -2773.80

==========================================================================
global route report_wns
--------------------------------------------------------------------------
wns max -171.70

==========================================================================
global route report_worst_slack
--------------------------------------------------------------------------
worst slack max -171.70

==========================================================================
global route report_clock_min_period
--------------------------------------------------------------------------
virtual_clk period_min = 671.70 fmax = 1488.75

==========================================================================
global route report_clock_skew
--------------------------------------------------------------------------
Clock virtual_clk
No launch/capture paths found.


==========================================================================
global route report_checks -path_delay min
--------------------------------------------------------------------------
Startpoint: B[1] (input port clocked by virtual_clk)
Endpoint: S[1] (output port clocked by virtual_clk)
Path Group: virtual_clk
Path Type: min

Fanout     Cap    Slew   Delay    Time   Description
-----------------------------------------------------------------------------
                  0.00    0.00    0.00   clock virtual_clk (rise edge)
                          0.00    0.00   clock network delay (ideal)
                        100.00  100.00 ^ input external delay
     1    0.89    0.00    0.00  100.00 ^ B[1] (in)
                                         B[1] (net)
                  0.21    0.07  100.07 ^ input43/A (BUFx2_ASAP7_75t_R)
     1    0.81    5.68   10.33  110.40 ^ input43/Y (BUFx2_ASAP7_75t_R)
                                         net43 (net)
                  5.68    0.04  110.44 ^ _674_/B (HAxp5_ASAP7_75t_R)
     1    0.60   10.62    8.33  118.77 v _674_/SN (HAxp5_ASAP7_75t_R)
                                         _087_ (net)
                 10.62    0.03  118.80 v _537_/A (INVx1_ASAP7_75t_R)
     1    0.70    7.51    6.67  125.47 ^ _537_/Y (INVx1_ASAP7_75t_R)
                                         net76 (net)
                  7.51    0.08  125.55 ^ output76/A (BUFx2_ASAP7_75t_R)
     1    0.55    5.01   12.17  137.72 ^ output76/Y (BUFx2_ASAP7_75t_R)
                                         S[1] (net)
                  5.01    0.05  137.77 ^ S[1] (out)
                                137.77   data arrival time

                  0.00    0.00    0.00   clock virtual_clk (rise edge)
                          0.00    0.00   clock network delay (ideal)
                          0.00    0.00   clock reconvergence pessimism
                       -100.00 -100.00   output external delay
                               -100.00   data required time
-----------------------------------------------------------------------------
                               -100.00   data required time
                               -137.77   data arrival time
-----------------------------------------------------------------------------
                                237.77   slack (MET)



==========================================================================
global route report_checks -path_delay max
--------------------------------------------------------------------------
Startpoint: A[16] (input port clocked by virtual_clk)
Endpoint: C32 (output port clocked by virtual_clk)
Path Group: virtual_clk
Path Type: max

Fanout     Cap    Slew   Delay    Time   Description
-----------------------------------------------------------------------------
                  0.00    0.00    0.00   clock virtual_clk (rise edge)
                          0.00    0.00   clock network delay (ideal)
                        100.00  100.00 v input external delay
     1    1.69    0.00    0.00  100.00 v A[16] (in)
                                         A[16] (net)
                  0.30    0.10  100.10 v input7/A (BUFx6f_ASAP7_75t_R)
     1    1.30    4.38    9.14  109.23 v input7/Y (BUFx6f_ASAP7_75t_R)
                                         net7 (net)
                  4.40    0.15  109.38 v _659_/A (HAxp5_ASAP7_75t_R)
     3    3.84   49.37   24.51  133.90 ^ _659_/CON (HAxp5_ASAP7_75t_R)
                                         _056_ (net)
     1    0.89   21.16   16.42  150.32 v _659_/SN (HAxp5_ASAP7_75t_R)
                                         _057_ (net)
                 21.17    0.09  150.41 v rebuffer329/A (BUFx3_ASAP7_75t_R)
     2    2.20    7.68   17.86  168.27 v rebuffer329/Y (BUFx3_ASAP7_75t_R)
                                         net329 (net)
                  7.75    0.38  168.65 v _409_/C (OR4x2_ASAP7_75t_R)
     4    3.96   22.82   43.71  212.36 v _409_/Y (OR4x2_ASAP7_75t_R)
                                         _153_ (net)
                 22.86    0.53  212.89 v _452_/A (OR5x1_ASAP7_75t_R)
     2    2.33   23.37   41.09  253.98 v _452_/Y (OR5x1_ASAP7_75t_R)
                                         _196_ (net)
                 23.38    0.19  254.17 v _453_/C (AO211x2_ASAP7_75t_R)
     3    2.84   11.70   23.05  277.22 v _453_/Y (AO211x2_ASAP7_75t_R)
                                         _197_ (net)
                 11.73    0.31  277.53 v _493_/B2 (AOI22x1_ASAP7_75t_R)
     1    0.89   15.72   10.72  288.24 ^ _493_/Y (AOI22x1_ASAP7_75t_R)
                                         _235_ (net)
                 15.72    0.08  288.32 ^ _494_/D (AND4x1_ASAP7_75t_R)
     1    1.18   15.40   28.82  317.14 ^ _494_/Y (AND4x1_ASAP7_75t_R)
                                         _236_ (net)
                 15.41    0.10  317.24 ^ _503_/B (AOI211x1_ASAP7_75t_R)
     2    2.89   35.63   14.80  332.04 v _503_/Y (AOI211x1_ASAP7_75t_R)
                                         _245_ (net)
                 35.68    0.70  332.74 v _504_/B (XOR2x2_ASAP7_75t_R)
     2    1.62   10.64   29.97  362.71 v _504_/Y (XOR2x2_ASAP7_75t_R)
                                         _246_ (net)
                 10.65    0.16  362.87 v _526_/D (OR5x1_ASAP7_75t_R)
     4    4.11   35.08   51.69  414.56 v _526_/Y (OR5x1_ASAP7_75t_R)
                                         _267_ (net)
                 35.12    0.67  415.22 v _532_/B (NAND3x1_ASAP7_75t_R)
     3    2.14   27.04   25.22  440.44 ^ _532_/Y (NAND3x1_ASAP7_75t_R)
                                         _273_ (net)
                 27.04    0.21  440.66 ^ _551_/A2 (AO32x1_ASAP7_75t_R)
     1    0.94   11.22   21.60  462.25 ^ _551_/Y (AO32x1_ASAP7_75t_R)
                                         _281_ (net)
                 11.22    0.12  462.37 ^ _564_/C (AND4x2_ASAP7_75t_R)
     1    2.13   16.55   33.14  495.51 ^ _564_/Y (AND4x2_ASAP7_75t_R)
                                         _294_ (net)
                 16.56    0.29  495.80 ^ _565_/B (XOR2x1_ASAP7_75t_R)
     2    2.33   25.18   23.36  519.16 ^ _565_/Y (XOR2x1_ASAP7_75t_R)
                                         _295_ (net)
                 25.19    0.23  519.39 ^ _566_/B (AND2x4_ASAP7_75t_R)
     1    1.86    8.11   20.51  539.90 ^ _566_/Y (AND2x4_ASAP7_75t_R)
                                         _296_ (net)
                  8.14    0.21  540.12 ^ _567_/B (XNOR2x1_ASAP7_75t_R)
     1    0.93   17.38   17.62  557.73 ^ _567_/Y (XNOR2x1_ASAP7_75t_R)
                                         net65 (net)
                 17.38    0.10  557.84 ^ output65/A (BUFx3_ASAP7_75t_R)
     1    0.34    4.60   13.84  571.68 ^ output65/Y (BUFx3_ASAP7_75t_R)
                                         C32 (net)
                  4.60    0.02  571.70 ^ C32 (out)
                                571.70   data arrival time

                  0.00  500.00  500.00   clock virtual_clk (rise edge)
                          0.00  500.00   clock network delay (ideal)
                          0.00  500.00   clock reconvergence pessimism
                       -100.00  400.00   output external delay
                                400.00   data required time
-----------------------------------------------------------------------------
                                400.00   data required time
                               -571.70   data arrival time
-----------------------------------------------------------------------------
                               -171.70   slack (VIOLATED)



==========================================================================
global route report_checks -unconstrained
--------------------------------------------------------------------------
Startpoint: A[16] (input port clocked by virtual_clk)
Endpoint: C32 (output port clocked by virtual_clk)
Path Group: virtual_clk
Path Type: max

Fanout     Cap    Slew   Delay    Time   Description
-----------------------------------------------------------------------------
                  0.00    0.00    0.00   clock virtual_clk (rise edge)
                          0.00    0.00   clock network delay (ideal)
                        100.00  100.00 v input external delay
     1    1.69    0.00    0.00  100.00 v A[16] (in)
                                         A[16] (net)
                  0.30    0.10  100.10 v input7/A (BUFx6f_ASAP7_75t_R)
     1    1.30    4.38    9.14  109.23 v input7/Y (BUFx6f_ASAP7_75t_R)
                                         net7 (net)
                  4.40    0.15  109.38 v _659_/A (HAxp5_ASAP7_75t_R)
     3    3.84   49.37   24.51  133.90 ^ _659_/CON (HAxp5_ASAP7_75t_R)
                                         _056_ (net)
     1    0.89   21.16   16.42  150.32 v _659_/SN (HAxp5_ASAP7_75t_R)
                                         _057_ (net)
                 21.17    0.09  150.41 v rebuffer329/A (BUFx3_ASAP7_75t_R)
     2    2.20    7.68   17.86  168.27 v rebuffer329/Y (BUFx3_ASAP7_75t_R)
                                         net329 (net)
                  7.75    0.38  168.65 v _409_/C (OR4x2_ASAP7_75t_R)
     4    3.96   22.82   43.71  212.36 v _409_/Y (OR4x2_ASAP7_75t_R)
                                         _153_ (net)
                 22.86    0.53  212.89 v _452_/A (OR5x1_ASAP7_75t_R)
     2    2.33   23.37   41.09  253.98 v _452_/Y (OR5x1_ASAP7_75t_R)
                                         _196_ (net)
                 23.38    0.19  254.17 v _453_/C (AO211x2_ASAP7_75t_R)
     3    2.84   11.70   23.05  277.22 v _453_/Y (AO211x2_ASAP7_75t_R)
                                         _197_ (net)
                 11.73    0.31  277.53 v _493_/B2 (AOI22x1_ASAP7_75t_R)
     1    0.89   15.72   10.72  288.24 ^ _493_/Y (AOI22x1_ASAP7_75t_R)
                                         _235_ (net)
                 15.72    0.08  288.32 ^ _494_/D (AND4x1_ASAP7_75t_R)
     1    1.18   15.40   28.82  317.14 ^ _494_/Y (AND4x1_ASAP7_75t_R)
                                         _236_ (net)
                 15.41    0.10  317.24 ^ _503_/B (AOI211x1_ASAP7_75t_R)
     2    2.89   35.63   14.80  332.04 v _503_/Y (AOI211x1_ASAP7_75t_R)
                                         _245_ (net)
                 35.68    0.70  332.74 v _504_/B (XOR2x2_ASAP7_75t_R)
     2    1.62   10.64   29.97  362.71 v _504_/Y (XOR2x2_ASAP7_75t_R)
                                         _246_ (net)
                 10.65    0.16  362.87 v _526_/D (OR5x1_ASAP7_75t_R)
     4    4.11   35.08   51.69  414.56 v _526_/Y (OR5x1_ASAP7_75t_R)
                                         _267_ (net)
                 35.12    0.67  415.22 v _532_/B (NAND3x1_ASAP7_75t_R)
     3    2.14   27.04   25.22  440.44 ^ _532_/Y (NAND3x1_ASAP7_75t_R)
                                         _273_ (net)
                 27.04    0.21  440.66 ^ _551_/A2 (AO32x1_ASAP7_75t_R)
     1    0.94   11.22   21.60  462.25 ^ _551_/Y (AO32x1_ASAP7_75t_R)
                                         _281_ (net)
                 11.22    0.12  462.37 ^ _564_/C (AND4x2_ASAP7_75t_R)
     1    2.13   16.55   33.14  495.51 ^ _564_/Y (AND4x2_ASAP7_75t_R)
                                         _294_ (net)
                 16.56    0.29  495.80 ^ _565_/B (XOR2x1_ASAP7_75t_R)
     2    2.33   25.18   23.36  519.16 ^ _565_/Y (XOR2x1_ASAP7_75t_R)
                                         _295_ (net)
                 25.19    0.23  519.39 ^ _566_/B (AND2x4_ASAP7_75t_R)
     1    1.86    8.11   20.51  539.90 ^ _566_/Y (AND2x4_ASAP7_75t_R)
                                         _296_ (net)
                  8.14    0.21  540.12 ^ _567_/B (XNOR2x1_ASAP7_75t_R)
     1    0.93   17.38   17.62  557.73 ^ _567_/Y (XNOR2x1_ASAP7_75t_R)
                                         net65 (net)
                 17.38    0.10  557.84 ^ output65/A (BUFx3_ASAP7_75t_R)
     1    0.34    4.60   13.84  571.68 ^ output65/Y (BUFx3_ASAP7_75t_R)
                                         C32 (net)
                  4.60    0.02  571.70 ^ C32 (out)
                                571.70   data arrival time

                  0.00  500.00  500.00   clock virtual_clk (rise edge)
                          0.00  500.00   clock network delay (ideal)
                          0.00  500.00   clock reconvergence pessimism
                       -100.00  400.00   output external delay
                                400.00   data required time
-----------------------------------------------------------------------------
                                400.00   data required time
                               -571.70   data arrival time
-----------------------------------------------------------------------------
                               -171.70   slack (VIOLATED)



==========================================================================
global route report_check_types -max_slew -max_cap -max_fanout -violators
--------------------------------------------------------------------------

==========================================================================
global route max_slew_check_slack
--------------------------------------------------------------------------
187.2093505859375

==========================================================================
global route max_slew_check_limit
--------------------------------------------------------------------------
320.0

==========================================================================
global route max_slew_check_slack_limit
--------------------------------------------------------------------------
0.5850

==========================================================================
global route max_fanout_check_slack
--------------------------------------------------------------------------
1.0000000150474662e+30

==========================================================================
global route max_fanout_check_limit
--------------------------------------------------------------------------
1.0000000150474662e+30

==========================================================================
global route max_capacitance_check_slack
--------------------------------------------------------------------------
16.42108154296875

==========================================================================
global route max_capacitance_check_limit
--------------------------------------------------------------------------
23.040000915527344

==========================================================================
global route max_capacitance_check_slack_limit
--------------------------------------------------------------------------
0.7127

==========================================================================
global route max_slew_violation_count
--------------------------------------------------------------------------
max slew violation count 0

==========================================================================
global route max_fanout_violation_count
--------------------------------------------------------------------------
max fanout violation count 0

==========================================================================
global route max_cap_violation_count
--------------------------------------------------------------------------
max cap violation count 0

==========================================================================
global route setup_violation_count
--------------------------------------------------------------------------
setup violation count 27

==========================================================================
global route hold_violation_count
--------------------------------------------------------------------------
hold violation count 0

==========================================================================
global route critical path delay
--------------------------------------------------------------------------
571.7035

==========================================================================
global route critical path slack
--------------------------------------------------------------------------
-171.7035

==========================================================================
global route slack div critical path delay
--------------------------------------------------------------------------
-30.033663

==========================================================================
global route report_power
--------------------------------------------------------------------------
Group                  Internal  Switching    Leakage      Total
                          Power      Power      Power      Power (Watts)
----------------------------------------------------------------
Sequential             0.00e+00   0.00e+00   0.00e+00   0.00e+00   0.0%
Combinational          1.42e-04   9.52e-05   5.16e-08   2.38e-04 100.0%
Clock                  0.00e+00   0.00e+00   0.00e+00   0.00e+00   0.0%
Macro                  0.00e+00   0.00e+00   0.00e+00   0.00e+00   0.0%
Pad                    0.00e+00   0.00e+00   0.00e+00   0.00e+00   0.0%
----------------------------------------------------------------
Total                  1.42e-04   9.52e-05   5.16e-08   2.38e-04 100.0%
                          59.9%      40.1%       0.0%
