
==========================================================================
finish report_tns
--------------------------------------------------------------------------
tns max 0.00

==========================================================================
finish report_wns
--------------------------------------------------------------------------
wns max 0.00

==========================================================================
finish report_worst_slack
--------------------------------------------------------------------------
worst slack max 10.66

==========================================================================
finish report_clock_min_period
--------------------------------------------------------------------------
core_clock period_min = 189.34 fmax = 5281.56

==========================================================================
finish report_clock_skew
--------------------------------------------------------------------------
Clock core_clock
  56.72 source latency c2$_DFFE_PN0P_/CLK ^
 -48.48 target latency s3[1]$_DFFE_PN0P_/CLK ^
  -0.23 CRPR
--------------
   8.01 setup skew


==========================================================================
finish report_checks -path_delay min
--------------------------------------------------------------------------
Startpoint: rst_n (input port clocked by core_clock)
Endpoint: s2_ff2[4]$_DFF_PN0_
          (removal check against rising-edge clock core_clock)
Path Group: asynchronous
Path Type: min

Fanout     Cap    Slew   Delay    Time   Description
-----------------------------------------------------------------------------
                          0.00    0.00   clock core_clock (rise edge)
                          0.00    0.00   clock network delay (propagated)
                         40.00   40.00 ^ input external delay
     1    0.70    0.00    0.00   40.00 ^ rst_n (in)
                                         rst_n (net)
                  0.15    0.05   40.05 ^ hold666/A (BUFx2_ASAP7_75t_SL)
     1    0.79    4.83    8.16   48.21 ^ hold666/Y (BUFx2_ASAP7_75t_SL)
                                         net665 (net)
                  4.84    0.12   48.33 ^ hold664/A (BUFx2_ASAP7_75t_SL)
     1    1.31    6.17    9.65   57.98 ^ hold664/Y (BUFx2_ASAP7_75t_SL)
                                         net663 (net)
                  6.18    0.11   58.09 ^ input490/A (BUFx6f_ASAP7_75t_SL)
    40   39.56   38.27   10.53   68.62 ^ input490/Y (BUFx6f_ASAP7_75t_SL)
                                         net489 (net)
                 75.78   21.13   89.75 ^ s2_ff2[4]$_DFF_PN0_/RESETN (DFFASRHQNx1_ASAP7_75t_SL)
                                 89.75   data arrival time

                          0.00    0.00   clock core_clock (rise edge)
                          0.00    0.00   clock source latency
     1    3.09    0.00    0.00    0.00 ^ clk (in)
                                         clk (net)
                  2.58    0.81    0.81 ^ clkbuf_0_clk/A (BUFx8_ASAP7_75t_SL)
     2    3.14    7.82   12.46   13.27 ^ clkbuf_0_clk/Y (BUFx8_ASAP7_75t_SL)
                                         clknet_0_clk (net)
                  7.84    0.36   13.63 ^ clkbuf_1_0__f_clk/A (BUFx8_ASAP7_75t_SL)
     8   26.80   24.55   19.24   32.87 ^ clkbuf_1_0__f_clk/Y (BUFx8_ASAP7_75t_SL)
                                         clknet_1_0__leaf_clk (net)
                 26.04    3.24   36.11 ^ clkbuf_leaf_14_clk/A (BUFx16f_ASAP7_75t_SL)
    25   17.81   13.03   15.41   51.52 ^ clkbuf_leaf_14_clk/Y (BUFx16f_ASAP7_75t_SL)
                                         clknet_leaf_14_clk (net)
                 14.94    2.58   54.10 ^ s2_ff2[4]$_DFF_PN0_/CLK (DFFASRHQNx1_ASAP7_75t_SL)
                          0.00   54.10   clock reconvergence pessimism
                         25.46   79.57   library removal time
                                 79.57   data required time
-----------------------------------------------------------------------------
                                 79.57   data required time
                                -89.75   data arrival time
-----------------------------------------------------------------------------
                                 10.19   slack (MET)


Startpoint: adda[63] (input port clocked by core_clock)
Endpoint: a4_ff1[15]$_DFF_PN0_
          (rising edge-triggered flip-flop clocked by core_clock)
Path Group: core_clock
Path Type: min

Fanout     Cap    Slew   Delay    Time   Description
-----------------------------------------------------------------------------
                          0.00    0.00   clock core_clock (rise edge)
                          0.00    0.00   clock network delay (propagated)
                         40.00   40.00 v input external delay
     1    0.64    0.00    0.00   40.00 v adda[63] (in)
                                         adda[63] (net)
                  0.10    0.03   40.03 v hold769/A (BUFx2_ASAP7_75t_SL)
     1    0.54    4.22    7.87   47.90 v hold769/Y (BUFx2_ASAP7_75t_SL)
                                         net768 (net)
                  4.22    0.04   47.94 v input420/A (BUFx2_ASAP7_75t_SL)
     1    0.81    4.92    9.09   57.03 v input420/Y (BUFx2_ASAP7_75t_SL)
                                         net419 (net)
                  4.94    0.14   57.18 v hold770/A (BUFx2_ASAP7_75t_SL)
     1    0.93    5.19    9.39   66.57 v hold770/Y (BUFx2_ASAP7_75t_SL)
                                         net769 (net)
                  5.20    0.15   66.71 v a4_ff1[15]$_DFF_PN0_/D (DFFASRHQNx1_ASAP7_75t_SL)
                                 66.71   data arrival time

                          0.00    0.00   clock core_clock (rise edge)
                          0.00    0.00   clock source latency
     1    3.09    0.00    0.00    0.00 ^ clk (in)
                                         clk (net)
                  2.58    0.81    0.81 ^ clkbuf_0_clk/A (BUFx8_ASAP7_75t_SL)
     2    3.14    7.82   12.46   13.27 ^ clkbuf_0_clk/Y (BUFx8_ASAP7_75t_SL)
                                         clknet_0_clk (net)
                  7.84    0.36   13.63 ^ clkbuf_1_0__f_clk/A (BUFx8_ASAP7_75t_SL)
     8   26.80   24.55   19.24   32.87 ^ clkbuf_1_0__f_clk/Y (BUFx8_ASAP7_75t_SL)
                                         clknet_1_0__leaf_clk (net)
                 26.39    3.57   36.44 ^ clkbuf_leaf_10_clk/A (BUFx16f_ASAP7_75t_SL)
    20   17.35   12.79   15.36   51.80 ^ clkbuf_leaf_10_clk/Y (BUFx16f_ASAP7_75t_SL)
                                         clknet_leaf_10_clk (net)
                 15.50    3.07   54.88 ^ a4_ff1[15]$_DFF_PN0_/CLK (DFFASRHQNx1_ASAP7_75t_SL)
                          0.00   54.88   clock reconvergence pessimism
                          9.18   64.06   library hold time
                                 64.06   data required time
-----------------------------------------------------------------------------
                                 64.06   data required time
                                -66.71   data arrival time
-----------------------------------------------------------------------------
                                  2.66   slack (MET)



==========================================================================
finish report_checks -path_delay max
--------------------------------------------------------------------------
Startpoint: rst_n (input port clocked by core_clock)
Endpoint: s3[4]$_DFFE_PN0P_
          (recovery check against rising-edge clock core_clock)
Path Group: asynchronous
Path Type: max

Fanout     Cap    Slew   Delay    Time   Description
-----------------------------------------------------------------------------
                          0.00    0.00   clock core_clock (rise edge)
                          0.00    0.00   clock network delay (propagated)
                         40.00   40.00 ^ input external delay
     1    0.81    0.00    0.00   40.00 ^ rst_n (in)
                                         rst_n (net)
                  0.18    0.06   40.06 ^ hold666/A (BUFx2_ASAP7_75t_SL)
     1    0.90    5.07    8.30   48.35 ^ hold666/Y (BUFx2_ASAP7_75t_SL)
                                         net665 (net)
                  5.09    0.13   48.48 ^ hold664/A (BUFx2_ASAP7_75t_SL)
     1    1.54    6.72    9.96   58.45 ^ hold664/Y (BUFx2_ASAP7_75t_SL)
                                         net663 (net)
                  6.73    0.13   58.58 ^ input490/A (BUFx6f_ASAP7_75t_SL)
    40   44.13   42.35   10.81   69.39 ^ input490/Y (BUFx6f_ASAP7_75t_SL)
                                         net489 (net)
                100.57   30.19   99.57 ^ place655/A (BUFx6f_ASAP7_75t_SL)
    45   45.97   47.11   19.01  118.59 ^ place655/Y (BUFx6f_ASAP7_75t_SL)
                                         net654 (net)
                110.35   33.44  152.03 ^ s3[4]$_DFFE_PN0P_/RESETN (DFFASRHQNx1_ASAP7_75t_SL)
                                152.03   data arrival time

                        200.00  200.00   clock core_clock (rise edge)
                          0.00  200.00   clock source latency
     1    2.91    0.00    0.00  200.00 ^ clk (in)
                                         clk (net)
                  2.36    0.74  200.74 ^ clkbuf_0_clk/A (BUFx8_ASAP7_75t_SL)
     2    2.77    7.61   12.30  213.04 ^ clkbuf_0_clk/Y (BUFx8_ASAP7_75t_SL)
                                         clknet_0_clk (net)
                  7.62    0.31  213.35 ^ clkbuf_1_1__f_clk/A (BUFx8_ASAP7_75t_SL)
     8   21.49   20.43   18.49  231.84 ^ clkbuf_1_1__f_clk/Y (BUFx8_ASAP7_75t_SL)
                                         clknet_1_1__leaf_clk (net)
                 21.25    2.20  234.04 ^ clkbuf_leaf_7_clk/A (BUFx16f_ASAP7_75t_SL)
    22   14.27   11.02   14.46  248.50 ^ clkbuf_leaf_7_clk/Y (BUFx16f_ASAP7_75t_SL)
                                         clknet_leaf_7_clk (net)
                 11.26    0.73  249.23 ^ s3[4]$_DFFE_PN0P_/CLK (DFFASRHQNx1_ASAP7_75t_SL)
                          0.00  249.23   clock reconvergence pessimism
                         -0.81  248.42   library recovery time
                                248.42   data required time
-----------------------------------------------------------------------------
                                248.42   data required time
                               -152.03   data arrival time
-----------------------------------------------------------------------------
                                 96.39   slack (MET)


Startpoint: b2_ff1[6]$_DFF_PN0_
            (rising edge-triggered flip-flop clocked by core_clock)
Endpoint: s2[8]$_DFFE_PN0P_
          (rising edge-triggered flip-flop clocked by core_clock)
Path Group: core_clock
Path Type: max

Fanout     Cap    Slew   Delay    Time   Description
-----------------------------------------------------------------------------
                          0.00    0.00   clock core_clock (rise edge)
                          0.00    0.00   clock source latency
     1    3.09    0.00    0.00    0.00 ^ clk (in)
                                         clk (net)
                  2.58    0.81    0.81 ^ clkbuf_0_clk/A (BUFx8_ASAP7_75t_SL)
     2    3.14    7.82   12.46   13.27 ^ clkbuf_0_clk/Y (BUFx8_ASAP7_75t_SL)
                                         clknet_0_clk (net)
                  7.84    0.36   13.63 ^ clkbuf_1_0__f_clk/A (BUFx8_ASAP7_75t_SL)
     8   26.80   24.55   19.24   32.87 ^ clkbuf_1_0__f_clk/Y (BUFx8_ASAP7_75t_SL)
                                         clknet_1_0__leaf_clk (net)
                 27.21    4.26   37.13 ^ clkbuf_leaf_0_clk/A (BUFx16f_ASAP7_75t_SL)
    20   16.88   12.61   15.38   52.51 ^ clkbuf_leaf_0_clk/Y (BUFx16f_ASAP7_75t_SL)
                                         clknet_leaf_0_clk (net)
                 14.83    2.73   55.23 ^ b2_ff1[6]$_DFF_PN0_/CLK (DFFASRHQNx1_ASAP7_75t_SL)
     1    0.75   12.00   28.65   83.88 ^ b2_ff1[6]$_DFF_PN0_/QN (DFFASRHQNx1_ASAP7_75t_SL)
                                         _0177_ (net)
                 12.00    0.03   83.91 ^ _1242_/A (INVx1_ASAP7_75t_SL)
     1    1.24    8.58    5.26   89.17 v _1242_/Y (INVx1_ASAP7_75t_SL)
                                         b2_ff1[6] (net)
                  8.58    0.09   89.27 v _2008_/A (HAxp5_ASAP7_75t_SL)
     7    5.58   73.56   50.98  140.25 v _2008_/SN (HAxp5_ASAP7_75t_SL)
                                         _0419_ (net)
                 73.56    0.19  140.43 v _1663_/B (OR3x1_ASAP7_75t_SL)
     3    2.33   15.82   29.34  169.77 v _1663_/Y (OR3x1_ASAP7_75t_SL)
                                         _0785_ (net)
                 15.82    0.12  169.89 v _1664_/C (OR3x1_ASAP7_75t_SL)
     3    3.57   19.76   20.59  190.48 v _1664_/Y (OR3x1_ASAP7_75t_SL)
                                         _0786_ (net)
                 19.85    0.80  191.28 v _1705_/B (AND3x1_ASAP7_75t_SL)
     2    2.04   11.14   12.90  204.18 v _1705_/Y (AND3x1_ASAP7_75t_SL)
                                         _0823_ (net)
                 11.14    0.14  204.32 v _1763_/B (XOR2x2_ASAP7_75t_SL)
     1    0.89    6.79   18.46  222.78 ^ _1763_/Y (XOR2x2_ASAP7_75t_SL)
                                         _0872_ (net)
                  6.80    0.08  222.86 ^ _1765_/A2 (AO21x1_ASAP7_75t_SL)
     1    0.73    8.15    9.49  232.35 ^ _1765_/Y (AO21x1_ASAP7_75t_SL)
                                         _0534_ (net)
                  8.16    0.05  232.40 ^ s2[8]$_DFFE_PN0P_/D (DFFASRHQNx1_ASAP7_75t_SL)
                                232.40   data arrival time

                        200.00  200.00   clock core_clock (rise edge)
                          0.00  200.00   clock source latency
     1    2.91    0.00    0.00  200.00 ^ clk (in)
                                         clk (net)
                  2.36    0.74  200.74 ^ clkbuf_0_clk/A (BUFx8_ASAP7_75t_SL)
     2    2.77    7.61   12.30  213.04 ^ clkbuf_0_clk/Y (BUFx8_ASAP7_75t_SL)
                                         clknet_0_clk (net)
                  7.62    0.31  213.35 ^ clkbuf_1_0__f_clk/A (BUFx8_ASAP7_75t_SL)
     8   22.05   21.33   18.15  231.50 ^ clkbuf_1_0__f_clk/Y (BUFx8_ASAP7_75t_SL)
                                         clknet_1_0__leaf_clk (net)
                 22.48    2.67  234.16 ^ clkbuf_leaf_14_clk/A (BUFx16f_ASAP7_75t_SL)
    25   15.05   11.63   14.71  248.87 ^ clkbuf_leaf_14_clk/Y (BUFx16f_ASAP7_75t_SL)
                                         clknet_leaf_14_clk (net)
                 12.39    1.48  250.35 ^ s2[8]$_DFFE_PN0P_/CLK (DFFASRHQNx1_ASAP7_75t_SL)
                          1.37  251.72   clock reconvergence pessimism
                         -8.66  243.06   library setup time
                                243.06   data required time
-----------------------------------------------------------------------------
                                243.06   data required time
                               -232.40   data arrival time
-----------------------------------------------------------------------------
                                 10.66   slack (MET)



==========================================================================
finish report_checks -unconstrained
--------------------------------------------------------------------------
Startpoint: rst_n (input port clocked by core_clock)
Endpoint: s3[4]$_DFFE_PN0P_
          (recovery check against rising-edge clock core_clock)
Path Group: asynchronous
Path Type: max

Fanout     Cap    Slew   Delay    Time   Description
-----------------------------------------------------------------------------
                          0.00    0.00   clock core_clock (rise edge)
                          0.00    0.00   clock network delay (propagated)
                         40.00   40.00 ^ input external delay
     1    0.81    0.00    0.00   40.00 ^ rst_n (in)
                                         rst_n (net)
                  0.18    0.06   40.06 ^ hold666/A (BUFx2_ASAP7_75t_SL)
     1    0.90    5.07    8.30   48.35 ^ hold666/Y (BUFx2_ASAP7_75t_SL)
                                         net665 (net)
                  5.09    0.13   48.48 ^ hold664/A (BUFx2_ASAP7_75t_SL)
     1    1.54    6.72    9.96   58.45 ^ hold664/Y (BUFx2_ASAP7_75t_SL)
                                         net663 (net)
                  6.73    0.13   58.58 ^ input490/A (BUFx6f_ASAP7_75t_SL)
    40   44.13   42.35   10.81   69.39 ^ input490/Y (BUFx6f_ASAP7_75t_SL)
                                         net489 (net)
                100.57   30.19   99.57 ^ place655/A (BUFx6f_ASAP7_75t_SL)
    45   45.97   47.11   19.01  118.59 ^ place655/Y (BUFx6f_ASAP7_75t_SL)
                                         net654 (net)
                110.35   33.44  152.03 ^ s3[4]$_DFFE_PN0P_/RESETN (DFFASRHQNx1_ASAP7_75t_SL)
                                152.03   data arrival time

                        200.00  200.00   clock core_clock (rise edge)
                          0.00  200.00   clock source latency
     1    2.91    0.00    0.00  200.00 ^ clk (in)
                                         clk (net)
                  2.36    0.74  200.74 ^ clkbuf_0_clk/A (BUFx8_ASAP7_75t_SL)
     2    2.77    7.61   12.30  213.04 ^ clkbuf_0_clk/Y (BUFx8_ASAP7_75t_SL)
                                         clknet_0_clk (net)
                  7.62    0.31  213.35 ^ clkbuf_1_1__f_clk/A (BUFx8_ASAP7_75t_SL)
     8   21.49   20.43   18.49  231.84 ^ clkbuf_1_1__f_clk/Y (BUFx8_ASAP7_75t_SL)
                                         clknet_1_1__leaf_clk (net)
                 21.25    2.20  234.04 ^ clkbuf_leaf_7_clk/A (BUFx16f_ASAP7_75t_SL)
    22   14.27   11.02   14.46  248.50 ^ clkbuf_leaf_7_clk/Y (BUFx16f_ASAP7_75t_SL)
                                         clknet_leaf_7_clk (net)
                 11.26    0.73  249.23 ^ s3[4]$_DFFE_PN0P_/CLK (DFFASRHQNx1_ASAP7_75t_SL)
                          0.00  249.23   clock reconvergence pessimism
                         -0.81  248.42   library recovery time
                                248.42   data required time
-----------------------------------------------------------------------------
                                248.42   data required time
                               -152.03   data arrival time
-----------------------------------------------------------------------------
                                 96.39   slack (MET)


Startpoint: b2_ff1[6]$_DFF_PN0_
            (rising edge-triggered flip-flop clocked by core_clock)
Endpoint: s2[8]$_DFFE_PN0P_
          (rising edge-triggered flip-flop clocked by core_clock)
Path Group: core_clock
Path Type: max

Fanout     Cap    Slew   Delay    Time   Description
-----------------------------------------------------------------------------
                          0.00    0.00   clock core_clock (rise edge)
                          0.00    0.00   clock source latency
     1    3.09    0.00    0.00    0.00 ^ clk (in)
                                         clk (net)
                  2.58    0.81    0.81 ^ clkbuf_0_clk/A (BUFx8_ASAP7_75t_SL)
     2    3.14    7.82   12.46   13.27 ^ clkbuf_0_clk/Y (BUFx8_ASAP7_75t_SL)
                                         clknet_0_clk (net)
                  7.84    0.36   13.63 ^ clkbuf_1_0__f_clk/A (BUFx8_ASAP7_75t_SL)
     8   26.80   24.55   19.24   32.87 ^ clkbuf_1_0__f_clk/Y (BUFx8_ASAP7_75t_SL)
                                         clknet_1_0__leaf_clk (net)
                 27.21    4.26   37.13 ^ clkbuf_leaf_0_clk/A (BUFx16f_ASAP7_75t_SL)
    20   16.88   12.61   15.38   52.51 ^ clkbuf_leaf_0_clk/Y (BUFx16f_ASAP7_75t_SL)
                                         clknet_leaf_0_clk (net)
                 14.83    2.73   55.23 ^ b2_ff1[6]$_DFF_PN0_/CLK (DFFASRHQNx1_ASAP7_75t_SL)
     1    0.75   12.00   28.65   83.88 ^ b2_ff1[6]$_DFF_PN0_/QN (DFFASRHQNx1_ASAP7_75t_SL)
                                         _0177_ (net)
                 12.00    0.03   83.91 ^ _1242_/A (INVx1_ASAP7_75t_SL)
     1    1.24    8.58    5.26   89.17 v _1242_/Y (INVx1_ASAP7_75t_SL)
                                         b2_ff1[6] (net)
                  8.58    0.09   89.27 v _2008_/A (HAxp5_ASAP7_75t_SL)
     7    5.58   73.56   50.98  140.25 v _2008_/SN (HAxp5_ASAP7_75t_SL)
                                         _0419_ (net)
                 73.56    0.19  140.43 v _1663_/B (OR3x1_ASAP7_75t_SL)
     3    2.33   15.82   29.34  169.77 v _1663_/Y (OR3x1_ASAP7_75t_SL)
                                         _0785_ (net)
                 15.82    0.12  169.89 v _1664_/C (OR3x1_ASAP7_75t_SL)
     3    3.57   19.76   20.59  190.48 v _1664_/Y (OR3x1_ASAP7_75t_SL)
                                         _0786_ (net)
                 19.85    0.80  191.28 v _1705_/B (AND3x1_ASAP7_75t_SL)
     2    2.04   11.14   12.90  204.18 v _1705_/Y (AND3x1_ASAP7_75t_SL)
                                         _0823_ (net)
                 11.14    0.14  204.32 v _1763_/B (XOR2x2_ASAP7_75t_SL)
     1    0.89    6.79   18.46  222.78 ^ _1763_/Y (XOR2x2_ASAP7_75t_SL)
                                         _0872_ (net)
                  6.80    0.08  222.86 ^ _1765_/A2 (AO21x1_ASAP7_75t_SL)
     1    0.73    8.15    9.49  232.35 ^ _1765_/Y (AO21x1_ASAP7_75t_SL)
                                         _0534_ (net)
                  8.16    0.05  232.40 ^ s2[8]$_DFFE_PN0P_/D (DFFASRHQNx1_ASAP7_75t_SL)
                                232.40   data arrival time

                        200.00  200.00   clock core_clock (rise edge)
                          0.00  200.00   clock source latency
     1    2.91    0.00    0.00  200.00 ^ clk (in)
                                         clk (net)
                  2.36    0.74  200.74 ^ clkbuf_0_clk/A (BUFx8_ASAP7_75t_SL)
     2    2.77    7.61   12.30  213.04 ^ clkbuf_0_clk/Y (BUFx8_ASAP7_75t_SL)
                                         clknet_0_clk (net)
                  7.62    0.31  213.35 ^ clkbuf_1_0__f_clk/A (BUFx8_ASAP7_75t_SL)
     8   22.05   21.33   18.15  231.50 ^ clkbuf_1_0__f_clk/Y (BUFx8_ASAP7_75t_SL)
                                         clknet_1_0__leaf_clk (net)
                 22.48    2.67  234.16 ^ clkbuf_leaf_14_clk/A (BUFx16f_ASAP7_75t_SL)
    25   15.05   11.63   14.71  248.87 ^ clkbuf_leaf_14_clk/Y (BUFx16f_ASAP7_75t_SL)
                                         clknet_leaf_14_clk (net)
                 12.39    1.48  250.35 ^ s2[8]$_DFFE_PN0P_/CLK (DFFASRHQNx1_ASAP7_75t_SL)
                          1.37  251.72   clock reconvergence pessimism
                         -8.66  243.06   library setup time
                                243.06   data required time
-----------------------------------------------------------------------------
                                243.06   data required time
                               -232.40   data arrival time
-----------------------------------------------------------------------------
                                 10.66   slack (MET)



==========================================================================
finish report_check_types -max_slew -max_cap -max_fanout -violators
--------------------------------------------------------------------------

==========================================================================
finish max_slew_check_slack
--------------------------------------------------------------------------
205.85983276367188

==========================================================================
finish max_slew_check_limit
--------------------------------------------------------------------------
320.0

==========================================================================
finish max_slew_check_slack_limit
--------------------------------------------------------------------------
0.6433

==========================================================================
finish max_fanout_check_slack
--------------------------------------------------------------------------
1.0000000150474662e+30

==========================================================================
finish max_fanout_check_limit
--------------------------------------------------------------------------
1.0000000150474662e+30

==========================================================================
finish max_capacitance_check_slack
--------------------------------------------------------------------------
14.557948112487793

==========================================================================
finish max_capacitance_check_limit
--------------------------------------------------------------------------
23.040000915527344

==========================================================================
finish max_capacitance_check_slack_limit
--------------------------------------------------------------------------
0.6319

==========================================================================
finish max_slew_violation_count
--------------------------------------------------------------------------
max slew violation count 0

==========================================================================
finish max_fanout_violation_count
--------------------------------------------------------------------------
max fanout violation count 0

==========================================================================
finish max_cap_violation_count
--------------------------------------------------------------------------
max cap violation count 0

==========================================================================
finish setup_violation_count
--------------------------------------------------------------------------
setup violation count 0

==========================================================================
finish hold_violation_count
--------------------------------------------------------------------------
hold violation count 0

==========================================================================
finish report_checks -path_delay max reg to reg
--------------------------------------------------------------------------
Startpoint: b2_ff1[6]$_DFF_PN0_
            (rising edge-triggered flip-flop clocked by core_clock)
Endpoint: s2[8]$_DFFE_PN0P_
          (rising edge-triggered flip-flop clocked by core_clock)
Path Group: core_clock
Path Type: max

  Delay    Time   Description
---------------------------------------------------------
   0.00    0.00   clock core_clock (rise edge)
   0.00    0.00   clock source latency
   0.00    0.00 ^ clk (in)
  13.27   13.27 ^ clkbuf_0_clk/Y (BUFx8_ASAP7_75t_SL)
  19.60   32.87 ^ clkbuf_1_0__f_clk/Y (BUFx8_ASAP7_75t_SL)
  19.64   52.51 ^ clkbuf_leaf_0_clk/Y (BUFx16f_ASAP7_75t_SL)
   2.73   55.23 ^ b2_ff1[6]$_DFF_PN0_/CLK (DFFASRHQNx1_ASAP7_75t_SL)
  28.65   83.88 ^ b2_ff1[6]$_DFF_PN0_/QN (DFFASRHQNx1_ASAP7_75t_SL)
   5.29   89.17 v _1242_/Y (INVx1_ASAP7_75t_SL)
  51.07  140.25 v _2008_/SN (HAxp5_ASAP7_75t_SL)
  29.53  169.77 v _1663_/Y (OR3x1_ASAP7_75t_SL)
  20.71  190.48 v _1664_/Y (OR3x1_ASAP7_75t_SL)
  13.70  204.18 v _1705_/Y (AND3x1_ASAP7_75t_SL)
  18.60  222.78 ^ _1763_/Y (XOR2x2_ASAP7_75t_SL)
   9.57  232.35 ^ _1765_/Y (AO21x1_ASAP7_75t_SL)
   0.05  232.40 ^ s2[8]$_DFFE_PN0P_/D (DFFASRHQNx1_ASAP7_75t_SL)
         232.40   data arrival time

 200.00  200.00   clock core_clock (rise edge)
   0.00  200.00   clock source latency
   0.00  200.00 ^ clk (in)
  13.04  213.04 ^ clkbuf_0_clk/Y (BUFx8_ASAP7_75t_SL)
  18.46  231.50 ^ clkbuf_1_0__f_clk/Y (BUFx8_ASAP7_75t_SL)
  17.37  248.87 ^ clkbuf_leaf_14_clk/Y (BUFx16f_ASAP7_75t_SL)
   1.48  250.35 ^ s2[8]$_DFFE_PN0P_/CLK (DFFASRHQNx1_ASAP7_75t_SL)
   1.37  251.72   clock reconvergence pessimism
  -8.66  243.06   library setup time
         243.06   data required time
---------------------------------------------------------
         243.06   data required time
        -232.40   data arrival time
---------------------------------------------------------
          10.66   slack (MET)



==========================================================================
finish report_checks -path_delay min reg to reg
--------------------------------------------------------------------------
Startpoint: a4_ff2[9]$_DFF_PN0_
            (rising edge-triggered flip-flop clocked by core_clock)
Endpoint: a4_ff3[9]$_DFF_PN0_
          (rising edge-triggered flip-flop clocked by core_clock)
Path Group: core_clock
Path Type: min

  Delay    Time   Description
---------------------------------------------------------
   0.00    0.00   clock core_clock (rise edge)
   0.00    0.00   clock source latency
   0.00    0.00 ^ clk (in)
  13.04   13.04 ^ clkbuf_0_clk/Y (BUFx8_ASAP7_75t_SL)
  18.46   31.50 ^ clkbuf_1_0__f_clk/Y (BUFx8_ASAP7_75t_SL)
  17.44   48.94 ^ clkbuf_leaf_12_clk/Y (BUFx16f_ASAP7_75t_SL)
   0.75   49.69 ^ a4_ff2[9]$_DFF_PN0_/CLK (DFFASRHQNx1_ASAP7_75t_SL)
  27.74   77.43 ^ a4_ff2[9]$_DFF_PN0_/QN (DFFASRHQNx1_ASAP7_75t_SL)
   3.84   81.28 v _1213_/Y (INVx1_ASAP7_75t_SL)
   0.03   81.30 v a4_ff3[9]$_DFF_PN0_/D (DFFASRHQNx1_ASAP7_75t_SL)
          81.30   data arrival time

   0.00    0.00   clock core_clock (rise edge)
   0.00    0.00   clock source latency
   0.00    0.00 ^ clk (in)
  13.27   13.27 ^ clkbuf_0_clk/Y (BUFx8_ASAP7_75t_SL)
  19.60   32.87 ^ clkbuf_1_0__f_clk/Y (BUFx8_ASAP7_75t_SL)
  19.04   51.91 ^ clkbuf_leaf_11_clk/Y (BUFx16f_ASAP7_75t_SL)
   3.72   55.63 ^ a4_ff3[9]$_DFF_PN0_/CLK (DFFASRHQNx1_ASAP7_75t_SL)
  -1.37   54.26   clock reconvergence pessimism
   9.35   63.61   library hold time
          63.61   data required time
---------------------------------------------------------
          63.61   data required time
         -81.30   data arrival time
---------------------------------------------------------
          17.70   slack (MET)



==========================================================================
finish critical path target clock latency max path
--------------------------------------------------------------------------
49.2300

==========================================================================
finish critical path target clock latency min path
--------------------------------------------------------------------------
54.1050

==========================================================================
finish critical path source clock latency min path
--------------------------------------------------------------------------
0.0000

==========================================================================
finish critical path delay
--------------------------------------------------------------------------
232.4010

==========================================================================
finish critical path slack
--------------------------------------------------------------------------
10.6619

==========================================================================
finish slack div critical path delay
--------------------------------------------------------------------------
4.587717

==========================================================================
finish report_power
--------------------------------------------------------------------------
Group                  Internal  Switching    Leakage      Total
                          Power      Power      Power      Power (Watts)
----------------------------------------------------------------
Sequential             2.93e-03   1.16e-04   2.99e-06   3.05e-03  42.6%
Combinational          9.81e-04   6.13e-04   5.71e-06   1.60e-03  22.4%
Clock                  1.52e-03   9.83e-04   7.17e-07   2.50e-03  35.0%
Macro                  0.00e+00   0.00e+00   0.00e+00   0.00e+00   0.0%
Pad                    0.00e+00   0.00e+00   0.00e+00   0.00e+00   0.0%
----------------------------------------------------------------
Total                  5.43e-03   1.71e-03   9.42e-06   7.15e-03 100.0%
                          75.9%      23.9%       0.1%
